Java HotSpot(TM) 64-Bit Server VM (25.181-b13) for linux-amd64 JRE (1.8.0_181-b13), built on Jul  7 2018 00:56:38 by "java_re" with gcc 4.3.0 20080428 (Red Hat 4.3.0-8)
Memory: 4k page, physical 3895740k(118848k free), swap 4050940k(3268152k free)
CommandLine flags: -XX:CMSInitiatingOccupancyFraction=50 -XX:CMSMaxAbortablePrecleanTime=6000 -XX:+CMSParallelRemarkEnabled -XX:+CMSScavengeBeforeRemark -XX:ConcGCThreads=4 -XX:GCLogFileSize=20971520 -XX:InitialHeapSize=536870912 -XX:MaxHeapSize=536870912 -XX:MaxTenuringThreshold=8 -XX:NewRatio=3 -XX:NumberOfGCLogFiles=9 -XX:OldPLABSize=16 -XX:-OmitStackTraceInFastThrow -XX:OnOutOfMemoryError=/media/rajesh/New Volume/5th sem/Knowledge Modeling/solr-7.4.0/bin/oom_solr.sh 7574 /media/rajesh/New Volume/5th sem/Knowledge Modeling/solr-7.4.0/example/cloud/node2/solr/../logs -XX:ParallelGCThreads=4 -XX:+ParallelRefProcEnabled -XX:PretenureSizeThreshold=67108864 -XX:+PrintGC -XX:+PrintGCApplicationStoppedTime -XX:+PrintGCDateStamps -XX:+PrintGCDetails -XX:+PrintGCTimeStamps -XX:+PrintHeapAtGC -XX:+PrintTenuringDistribution -XX:SurvivorRatio=4 -XX:TargetSurvivorRatio=90 -XX:ThreadStackSize=256 -XX:+UseCMSInitiatingOccupancyOnly -XX:+UseCompressedClassPointers -XX:+UseCompressedOops -XX:+UseConcMarkSweepGC -XX:+UseGCLogFileRotation -XX:+UseParNewGC 
2018-09-07T19:00:47.285+0530: 2.080: Total time for which application threads were stopped: 0.0003377 seconds, Stopping threads took: 0.0000540 seconds
2018-09-07T19:00:48.013+0530: 2.808: Total time for which application threads were stopped: 0.0001793 seconds, Stopping threads took: 0.0000429 seconds
2018-09-07T19:00:49.014+0530: 3.809: Total time for which application threads were stopped: 0.0001296 seconds, Stopping threads took: 0.0000233 seconds
2018-09-07T19:00:49.365+0530: 4.160: Total time for which application threads were stopped: 0.0005046 seconds, Stopping threads took: 0.0000478 seconds
2018-09-07T19:00:50.016+0530: 4.811: Total time for which application threads were stopped: 0.0001312 seconds, Stopping threads took: 0.0000140 seconds
2018-09-07T19:00:50.986+0530: 5.781: Total time for which application threads were stopped: 0.0006872 seconds, Stopping threads took: 0.0000447 seconds
2018-09-07T19:00:51.987+0530: 6.782: Total time for which application threads were stopped: 0.0002147 seconds, Stopping threads took: 0.0000527 seconds
2018-09-07T19:00:52.435+0530: 7.230: Total time for which application threads were stopped: 0.0001978 seconds, Stopping threads took: 0.0000118 seconds
2018-09-07T19:00:53.435+0530: 8.230: Total time for which application threads were stopped: 0.0001389 seconds, Stopping threads took: 0.0000286 seconds
2018-09-07T19:00:54.435+0530: 9.230: Total time for which application threads were stopped: 0.0002331 seconds, Stopping threads took: 0.0000517 seconds
2018-09-07T19:00:54.779+0530: 9.574: Total time for which application threads were stopped: 0.0000694 seconds, Stopping threads took: 0.0000290 seconds
2018-09-07T19:00:54.780+0530: 9.575: Total time for which application threads were stopped: 0.0000430 seconds, Stopping threads took: 0.0000178 seconds
2018-09-07T19:00:54.780+0530: 9.575: Total time for which application threads were stopped: 0.0001579 seconds, Stopping threads took: 0.0001029 seconds
2018-09-07T19:00:54.881+0530: 9.676: Total time for which application threads were stopped: 0.0001923 seconds, Stopping threads took: 0.0000140 seconds
2018-09-07T19:00:55.081+0530: 9.876: Total time for which application threads were stopped: 0.0005410 seconds, Stopping threads took: 0.0000505 seconds
2018-09-07T19:00:56.082+0530: 10.877: Total time for which application threads were stopped: 0.0007539 seconds, Stopping threads took: 0.0006063 seconds
2018-09-07T19:00:56.368+0530: 11.163: Total time for which application threads were stopped: 0.0006819 seconds, Stopping threads took: 0.0000517 seconds
2018-09-07T19:00:56.703+0530: 11.498: Total time for which application threads were stopped: 0.0002184 seconds, Stopping threads took: 0.0000175 seconds
2018-09-07T19:00:57.704+0530: 12.499: Total time for which application threads were stopped: 0.0002372 seconds, Stopping threads took: 0.0000570 seconds
2018-09-07T19:00:58.921+0530: 13.717: Total time for which application threads were stopped: 0.0001915 seconds, Stopping threads took: 0.0000514 seconds
2018-09-07T19:01:01.355+0530: 16.150: Total time for which application threads were stopped: 0.4331769 seconds, Stopping threads took: 0.4330143 seconds
2018-09-07T19:01:02.355+0530: 17.150: Total time for which application threads were stopped: 0.0000512 seconds, Stopping threads took: 0.0000156 seconds
2018-09-07T19:01:03.355+0530: 18.150: Total time for which application threads were stopped: 0.0000560 seconds, Stopping threads took: 0.0000150 seconds
2018-09-07T19:01:04.356+0530: 19.151: Total time for which application threads were stopped: 0.0002227 seconds, Stopping threads took: 0.0000526 seconds
2018-09-07T19:01:04.595+0530: 19.390: Total time for which application threads were stopped: 0.0006825 seconds, Stopping threads took: 0.0000488 seconds
2018-09-07T19:01:05.698+0530: 20.493: Total time for which application threads were stopped: 0.0002021 seconds, Stopping threads took: 0.0001175 seconds
2018-09-07T19:01:06.698+0530: 21.493: Total time for which application threads were stopped: 0.0002074 seconds, Stopping threads took: 0.0000517 seconds
2018-09-07T19:01:08.163+0530: 22.958: Total time for which application threads were stopped: 0.4639544 seconds, Stopping threads took: 0.4638753 seconds
{Heap before GC invocations=0 (full 0):
 par new generation   total 109248K, used 87424K [0x00000000e0000000, 0x00000000e8000000, 0x00000000e8000000)
  eden space 87424K, 100% used [0x00000000e0000000, 0x00000000e5560000, 0x00000000e5560000)
  from space 21824K,   0% used [0x00000000e5560000, 0x00000000e5560000, 0x00000000e6ab0000)
  to   space 21824K,   0% used [0x00000000e6ab0000, 0x00000000e6ab0000, 0x00000000e8000000)
 concurrent mark-sweep generation total 393216K, used 0K [0x00000000e8000000, 0x0000000100000000, 0x0000000100000000)
 Metaspace       used 18386K, capacity 18682K, committed 19072K, reserved 1067008K
  class space    used 2226K, capacity 2350K, committed 2432K, reserved 1048576K
2018-09-07T19:01:08.287+0530: 23.082: [GC (Allocation Failure) 2018-09-07T19:01:08.294+0530: 23.089: [ParNew
Desired survivor size 20112992 bytes, new threshold 8 (max 8)
- age   1:   11839248 bytes,   11839248 total
: 87424K->11693K(109248K), 1.1637766 secs] 87424K->11693K(502464K), 1.2061547 secs] [Times: user=0.10 sys=0.02, real=1.20 secs] 
Heap after GC invocations=1 (full 0):
 par new generation   total 109248K, used 11693K [0x00000000e0000000, 0x00000000e8000000, 0x00000000e8000000)
  eden space 87424K,   0% used [0x00000000e0000000, 0x00000000e0000000, 0x00000000e5560000)
  from space 21824K,  53% used [0x00000000e6ab0000, 0x00000000e761b680, 0x00000000e8000000)
  to   space 21824K,   0% used [0x00000000e5560000, 0x00000000e5560000, 0x00000000e6ab0000)
 concurrent mark-sweep generation total 393216K, used 0K [0x00000000e8000000, 0x0000000100000000, 0x0000000100000000)
 Metaspace       used 18386K, capacity 18682K, committed 19072K, reserved 1067008K
  class space    used 2226K, capacity 2350K, committed 2432K, reserved 1048576K
}
2018-09-07T19:01:09.538+0530: 24.333: Total time for which application threads were stopped: 1.3755201 seconds, Stopping threads took: 0.0000074 seconds
2018-09-07T19:01:09.539+0530: 24.334: Total time for which application threads were stopped: 0.0003739 seconds, Stopping threads took: 0.0001067 seconds
2018-09-07T19:01:09.540+0530: 24.335: Total time for which application threads were stopped: 0.0003634 seconds, Stopping threads took: 0.0001340 seconds
2018-09-07T19:01:09.541+0530: 24.336: Total time for which application threads were stopped: 0.0004474 seconds, Stopping threads took: 0.0001539 seconds
2018-09-07T19:01:09.541+0530: 24.336: Total time for which application threads were stopped: 0.0004043 seconds, Stopping threads took: 0.0001090 seconds
2018-09-07T19:01:09.548+0530: 24.343: Total time for which application threads were stopped: 0.0006853 seconds, Stopping threads took: 0.0001973 seconds
2018-09-07T19:01:09.550+0530: 24.345: Total time for which application threads were stopped: 0.0005353 seconds, Stopping threads took: 0.0002379 seconds
2018-09-07T19:01:09.561+0530: 24.356: Total time for which application threads were stopped: 0.0005010 seconds, Stopping threads took: 0.0002806 seconds
2018-09-07T19:01:09.562+0530: 24.357: Total time for which application threads were stopped: 0.0003066 seconds, Stopping threads took: 0.0001065 seconds
2018-09-07T19:01:09.570+0530: 24.365: Total time for which application threads were stopped: 0.0008200 seconds, Stopping threads took: 0.0006869 seconds
2018-09-07T19:01:09.570+0530: 24.365: Total time for which application threads were stopped: 0.0001441 seconds, Stopping threads took: 0.0000355 seconds
2018-09-07T19:01:09.570+0530: 24.365: Total time for which application threads were stopped: 0.0001388 seconds, Stopping threads took: 0.0000509 seconds
2018-09-07T19:01:09.572+0530: 24.367: Total time for which application threads were stopped: 0.0007386 seconds, Stopping threads took: 0.0006306 seconds
2018-09-07T19:01:09.572+0530: 24.367: Total time for which application threads were stopped: 0.0001242 seconds, Stopping threads took: 0.0000506 seconds
2018-09-07T19:01:09.572+0530: 24.367: Total time for which application threads were stopped: 0.0001432 seconds, Stopping threads took: 0.0000487 seconds
2018-09-07T19:01:09.572+0530: 24.367: Total time for which application threads were stopped: 0.0000977 seconds, Stopping threads took: 0.0000268 seconds
2018-09-07T19:01:09.572+0530: 24.368: Total time for which application threads were stopped: 0.0001014 seconds, Stopping threads took: 0.0000279 seconds
2018-09-07T19:01:09.573+0530: 24.368: Total time for which application threads were stopped: 0.0000931 seconds, Stopping threads took: 0.0000262 seconds
2018-09-07T19:01:09.573+0530: 24.368: Total time for which application threads were stopped: 0.0000964 seconds, Stopping threads took: 0.0000262 seconds
2018-09-07T19:01:09.573+0530: 24.368: Total time for which application threads were stopped: 0.0000952 seconds, Stopping threads took: 0.0000246 seconds
2018-09-07T19:01:09.573+0530: 24.368: Total time for which application threads were stopped: 0.0000950 seconds, Stopping threads took: 0.0000245 seconds
2018-09-07T19:01:09.573+0530: 24.368: Total time for which application threads were stopped: 0.0000622 seconds, Stopping threads took: 0.0000169 seconds
2018-09-07T19:01:09.573+0530: 24.447: Total time for which application threads were stopped: 0.0789727 seconds, Stopping threads took: 0.0000172 seconds
2018-09-07T19:01:09.653+0530: 24.448: Total time for which application threads were stopped: 0.0004409 seconds, Stopping threads took: 0.0002452 seconds
2018-09-07T19:01:09.653+0530: 24.448: Total time for which application threads were stopped: 0.0002415 seconds, Stopping threads took: 0.0000978 seconds
2018-09-07T19:01:09.654+0530: 24.449: Total time for which application threads were stopped: 0.0002295 seconds, Stopping threads took: 0.0000841 seconds
2018-09-07T19:01:09.654+0530: 24.449: Total time for which application threads were stopped: 0.0003540 seconds, Stopping threads took: 0.0000873 seconds
2018-09-07T19:01:10.655+0530: 25.450: Total time for which application threads were stopped: 0.0002602 seconds, Stopping threads took: 0.0000608 seconds
2018-09-07T19:01:11.655+0530: 26.450: Total time for which application threads were stopped: 0.0000779 seconds, Stopping threads took: 0.0000319 seconds
2018-09-07T19:01:12.655+0530: 27.450: Total time for which application threads were stopped: 0.0001545 seconds, Stopping threads took: 0.0000372 seconds
2018-09-07T19:01:13.655+0530: 28.451: Total time for which application threads were stopped: 0.0002131 seconds, Stopping threads took: 0.0000530 seconds
2018-09-07T19:01:14.656+0530: 29.451: Total time for which application threads were stopped: 0.0002336 seconds, Stopping threads took: 0.0000549 seconds
2018-09-07T19:01:16.680+0530: 31.475: Total time for which application threads were stopped: 0.0001346 seconds, Stopping threads took: 0.0000423 seconds
2018-09-07T19:01:16.680+0530: 31.475: Total time for which application threads were stopped: 0.0000617 seconds, Stopping threads took: 0.0000101 seconds
2018-09-07T19:01:16.680+0530: 31.475: Total time for which application threads were stopped: 0.0000750 seconds, Stopping threads took: 0.0000227 seconds
2018-09-07T19:01:16.680+0530: 31.475: Total time for which application threads were stopped: 0.0000872 seconds, Stopping threads took: 0.0000268 seconds
2018-09-07T19:01:16.680+0530: 31.475: Total time for which application threads were stopped: 0.0000698 seconds, Stopping threads took: 0.0000197 seconds
2018-09-07T19:01:16.680+0530: 31.475: Total time for which application threads were stopped: 0.0000802 seconds, Stopping threads took: 0.0000206 seconds
2018-09-07T19:01:16.681+0530: 31.476: Total time for which application threads were stopped: 0.0000311 seconds, Stopping threads took: 0.0000047 seconds
2018-09-07T19:01:16.681+0530: 31.476: Total time for which application threads were stopped: 0.0000307 seconds, Stopping threads took: 0.0000046 seconds
2018-09-07T19:01:16.681+0530: 31.476: Total time for which application threads were stopped: 0.0000311 seconds, Stopping threads took: 0.0000055 seconds
2018-09-07T19:01:16.681+0530: 31.476: Total time for which application threads were stopped: 0.0000300 seconds, Stopping threads took: 0.0000046 seconds
2018-09-07T19:01:16.681+0530: 31.476: Total time for which application threads were stopped: 0.0000424 seconds, Stopping threads took: 0.0000178 seconds
2018-09-07T19:01:16.681+0530: 31.476: Total time for which application threads were stopped: 0.0000429 seconds, Stopping threads took: 0.0000046 seconds
2018-09-07T19:01:16.681+0530: 31.476: Total time for which application threads were stopped: 0.0000294 seconds, Stopping threads took: 0.0000044 seconds
2018-09-07T19:01:16.681+0530: 31.476: Total time for which application threads were stopped: 0.0000296 seconds, Stopping threads took: 0.0000046 seconds
2018-09-07T19:01:16.681+0530: 31.476: Total time for which application threads were stopped: 0.0000294 seconds, Stopping threads took: 0.0000045 seconds
2018-09-07T19:01:16.681+0530: 31.476: Total time for which application threads were stopped: 0.0000293 seconds, Stopping threads took: 0.0000044 seconds
2018-09-07T19:01:16.681+0530: 31.476: Total time for which application threads were stopped: 0.0000373 seconds, Stopping threads took: 0.0000044 seconds
2018-09-07T19:01:16.681+0530: 31.476: Total time for which application threads were stopped: 0.0000512 seconds, Stopping threads took: 0.0000062 seconds
2018-09-07T19:01:16.681+0530: 31.476: Total time for which application threads were stopped: 0.0000309 seconds, Stopping threads took: 0.0000048 seconds
2018-09-07T19:01:16.681+0530: 31.477: Total time for which application threads were stopped: 0.0000303 seconds, Stopping threads took: 0.0000047 seconds
2018-09-07T19:01:16.682+0530: 31.477: Total time for which application threads were stopped: 0.0001108 seconds, Stopping threads took: 0.0000046 seconds
2018-09-07T19:01:16.682+0530: 31.477: Total time for which application threads were stopped: 0.0000667 seconds, Stopping threads took: 0.0000076 seconds
2018-09-07T19:01:16.682+0530: 31.477: Total time for which application threads were stopped: 0.0000496 seconds, Stopping threads took: 0.0000056 seconds
2018-09-07T19:01:16.682+0530: 31.477: Total time for which application threads were stopped: 0.0000586 seconds, Stopping threads took: 0.0000047 seconds
2018-09-07T19:01:16.682+0530: 31.477: Total time for which application threads were stopped: 0.0000308 seconds, Stopping threads took: 0.0000045 seconds
2018-09-07T19:01:16.683+0530: 31.478: Total time for which application threads were stopped: 0.0000667 seconds, Stopping threads took: 0.0000123 seconds
2018-09-07T19:01:16.683+0530: 31.478: Total time for which application threads were stopped: 0.0000367 seconds, Stopping threads took: 0.0000057 seconds
2018-09-07T19:01:16.683+0530: 31.478: Total time for which application threads were stopped: 0.0000651 seconds, Stopping threads took: 0.0000049 seconds
2018-09-07T19:01:16.683+0530: 31.478: Total time for which application threads were stopped: 0.0000354 seconds, Stopping threads took: 0.0000059 seconds
2018-09-07T19:01:16.684+0530: 31.479: Total time for which application threads were stopped: 0.0000526 seconds, Stopping threads took: 0.0000195 seconds
2018-09-07T19:01:16.684+0530: 31.479: Total time for which application threads were stopped: 0.0001189 seconds, Stopping threads took: 0.0000221 seconds
2018-09-07T19:01:16.685+0530: 31.480: Total time for which application threads were stopped: 0.0001239 seconds, Stopping threads took: 0.0000325 seconds
2018-09-07T19:01:16.685+0530: 31.480: Total time for which application threads were stopped: 0.0000593 seconds, Stopping threads took: 0.0000203 seconds
2018-09-07T19:01:16.685+0530: 31.480: Total time for which application threads were stopped: 0.0000460 seconds, Stopping threads took: 0.0000159 seconds
2018-09-07T19:01:16.685+0530: 31.480: Total time for which application threads were stopped: 0.0000692 seconds, Stopping threads took: 0.0000416 seconds
2018-09-07T19:01:16.747+0530: 31.542: Total time for which application threads were stopped: 0.0001002 seconds, Stopping threads took: 0.0000187 seconds
2018-09-07T19:01:16.748+0530: 31.543: Total time for which application threads were stopped: 0.0000646 seconds, Stopping threads took: 0.0000224 seconds
2018-09-07T19:01:16.748+0530: 31.543: Total time for which application threads were stopped: 0.0000378 seconds, Stopping threads took: 0.0000090 seconds
2018-09-07T19:01:16.748+0530: 31.543: Total time for which application threads were stopped: 0.0000493 seconds, Stopping threads took: 0.0000175 seconds
2018-09-07T19:01:16.748+0530: 31.543: Total time for which application threads were stopped: 0.0000352 seconds, Stopping threads took: 0.0000085 seconds
2018-09-07T19:01:16.748+0530: 31.543: Total time for which application threads were stopped: 0.0000412 seconds, Stopping threads took: 0.0000115 seconds
2018-09-07T19:01:16.748+0530: 31.543: Total time for which application threads were stopped: 0.0000370 seconds, Stopping threads took: 0.0000092 seconds
2018-09-07T19:01:16.748+0530: 31.543: Total time for which application threads were stopped: 0.0000425 seconds, Stopping threads took: 0.0000154 seconds
2018-09-07T19:01:16.748+0530: 31.543: Total time for which application threads were stopped: 0.0000712 seconds, Stopping threads took: 0.0000201 seconds
2018-09-07T19:01:16.749+0530: 31.544: Total time for which application threads were stopped: 0.0000677 seconds, Stopping threads took: 0.0000140 seconds
2018-09-07T19:01:16.750+0530: 31.545: Total time for which application threads were stopped: 0.0000551 seconds, Stopping threads took: 0.0000101 seconds
2018-09-07T19:01:16.766+0530: 31.561: Total time for which application threads were stopped: 0.0000707 seconds, Stopping threads took: 0.0000149 seconds
2018-09-07T19:01:16.766+0530: 31.561: Total time for which application threads were stopped: 0.0000605 seconds, Stopping threads took: 0.0000240 seconds
2018-09-07T19:01:16.766+0530: 31.561: Total time for which application threads were stopped: 0.0000592 seconds, Stopping threads took: 0.0000241 seconds
2018-09-07T19:01:16.848+0530: 31.643: Total time for which application threads were stopped: 0.0003241 seconds, Stopping threads took: 0.0000608 seconds
2018-09-07T19:01:16.851+0530: 31.646: Total time for which application threads were stopped: 0.0002711 seconds, Stopping threads took: 0.0000483 seconds
2018-09-07T19:01:16.853+0530: 31.648: Total time for which application threads were stopped: 0.0002433 seconds, Stopping threads took: 0.0000432 seconds
2018-09-07T19:01:16.853+0530: 31.648: Total time for which application threads were stopped: 0.0001829 seconds, Stopping threads took: 0.0000301 seconds
2018-09-07T19:01:16.854+0530: 31.649: Total time for which application threads were stopped: 0.0001928 seconds, Stopping threads took: 0.0000345 seconds
2018-09-07T19:01:16.856+0530: 31.651: Total time for which application threads were stopped: 0.0003104 seconds, Stopping threads took: 0.0000492 seconds
2018-09-07T19:01:16.859+0530: 31.655: Total time for which application threads were stopped: 0.0004153 seconds, Stopping threads took: 0.0001152 seconds
2018-09-07T19:01:16.877+0530: 31.672: Total time for which application threads were stopped: 0.0002316 seconds, Stopping threads took: 0.0000347 seconds
2018-09-07T19:01:16.878+0530: 31.673: Total time for which application threads were stopped: 0.0001687 seconds, Stopping threads took: 0.0000266 seconds
2018-09-07T19:01:16.878+0530: 31.673: Total time for which application threads were stopped: 0.0002593 seconds, Stopping threads took: 0.0000248 seconds
2018-09-07T19:01:17.068+0530: 31.863: Total time for which application threads were stopped: 0.0002660 seconds, Stopping threads took: 0.0000482 seconds
2018-09-07T19:01:17.072+0530: 31.867: Total time for which application threads were stopped: 0.0002726 seconds, Stopping threads took: 0.0000477 seconds
2018-09-07T19:01:17.083+0530: 31.878: Total time for which application threads were stopped: 0.0003259 seconds, Stopping threads took: 0.0000768 seconds
2018-09-07T19:01:17.083+0530: 31.878: Total time for which application threads were stopped: 0.0001763 seconds, Stopping threads took: 0.0000531 seconds
2018-09-07T19:01:17.084+0530: 31.879: Total time for which application threads were stopped: 0.0003033 seconds, Stopping threads took: 0.0000497 seconds
2018-09-07T19:01:17.084+0530: 31.879: Total time for which application threads were stopped: 0.0003248 seconds, Stopping threads took: 0.0001120 seconds
2018-09-07T19:01:17.085+0530: 31.880: Total time for which application threads were stopped: 0.0002030 seconds, Stopping threads took: 0.0000557 seconds
2018-09-07T19:01:17.085+0530: 31.880: Total time for which application threads were stopped: 0.0002125 seconds, Stopping threads took: 0.0000494 seconds
2018-09-07T19:01:17.085+0530: 31.880: Total time for which application threads were stopped: 0.0002142 seconds, Stopping threads took: 0.0000548 seconds
2018-09-07T19:01:17.086+0530: 31.881: Total time for which application threads were stopped: 0.0002215 seconds, Stopping threads took: 0.0000490 seconds
2018-09-07T19:01:17.086+0530: 31.881: Total time for which application threads were stopped: 0.0003441 seconds, Stopping threads took: 0.0000743 seconds
2018-09-07T19:01:17.087+0530: 31.882: Total time for which application threads were stopped: 0.0001765 seconds, Stopping threads took: 0.0000540 seconds
2018-09-07T19:01:17.088+0530: 31.883: Total time for which application threads were stopped: 0.0002238 seconds, Stopping threads took: 0.0000565 seconds
2018-09-07T19:01:17.088+0530: 31.883: Total time for which application threads were stopped: 0.0001529 seconds, Stopping threads took: 0.0000467 seconds
2018-09-07T19:01:17.088+0530: 31.883: Total time for which application threads were stopped: 0.0001892 seconds, Stopping threads took: 0.0000444 seconds
2018-09-07T19:01:17.088+0530: 31.883: Total time for which application threads were stopped: 0.0001377 seconds, Stopping threads took: 0.0000437 seconds
2018-09-07T19:01:17.089+0530: 31.884: Total time for which application threads were stopped: 0.0001387 seconds, Stopping threads took: 0.0000434 seconds
2018-09-07T19:01:17.089+0530: 31.884: Total time for which application threads were stopped: 0.0001772 seconds, Stopping threads took: 0.0000438 seconds
2018-09-07T19:01:17.089+0530: 31.884: Total time for which application threads were stopped: 0.0001387 seconds, Stopping threads took: 0.0000431 seconds
2018-09-07T19:01:17.089+0530: 31.884: Total time for which application threads were stopped: 0.0001363 seconds, Stopping threads took: 0.0000430 seconds
2018-09-07T19:01:17.090+0530: 31.885: Total time for which application threads were stopped: 0.0001610 seconds, Stopping threads took: 0.0000494 seconds
2018-09-07T19:01:17.091+0530: 31.886: Total time for which application threads were stopped: 0.0007270 seconds, Stopping threads took: 0.0000430 seconds
2018-09-07T19:01:17.160+0530: 31.955: Total time for which application threads were stopped: 0.0003095 seconds, Stopping threads took: 0.0000477 seconds
2018-09-07T19:01:17.162+0530: 31.957: Total time for which application threads were stopped: 0.0001925 seconds, Stopping threads took: 0.0000599 seconds
2018-09-07T19:01:17.165+0530: 31.960: Total time for which application threads were stopped: 0.0001913 seconds, Stopping threads took: 0.0000454 seconds
2018-09-07T19:01:17.167+0530: 31.963: Total time for which application threads were stopped: 0.0002006 seconds, Stopping threads took: 0.0000449 seconds
2018-09-07T19:01:17.176+0530: 31.971: Total time for which application threads were stopped: 0.0002339 seconds, Stopping threads took: 0.0000733 seconds
2018-09-07T19:01:17.179+0530: 31.974: Total time for which application threads were stopped: 0.0003020 seconds, Stopping threads took: 0.0001216 seconds
2018-09-07T19:01:17.181+0530: 31.976: Total time for which application threads were stopped: 0.0002707 seconds, Stopping threads took: 0.0000730 seconds
2018-09-07T19:01:17.182+0530: 31.977: Total time for which application threads were stopped: 0.0002832 seconds, Stopping threads took: 0.0000739 seconds
2018-09-07T19:01:17.333+0530: 32.128: Total time for which application threads were stopped: 0.0005016 seconds, Stopping threads took: 0.0002196 seconds
2018-09-07T19:01:17.444+0530: 32.240: Total time for which application threads were stopped: 0.0002143 seconds, Stopping threads took: 0.0000665 seconds
2018-09-07T19:01:17.496+0530: 32.291: Total time for which application threads were stopped: 0.0002041 seconds, Stopping threads took: 0.0000591 seconds
2018-09-07T19:01:17.566+0530: 32.361: Total time for which application threads were stopped: 0.0001825 seconds, Stopping threads took: 0.0000482 seconds
2018-09-07T19:01:17.600+0530: 32.395: Total time for which application threads were stopped: 0.0002508 seconds, Stopping threads took: 0.0001116 seconds
2018-09-07T19:01:17.684+0530: 32.479: Total time for which application threads were stopped: 0.0002159 seconds, Stopping threads took: 0.0000685 seconds
2018-09-07T19:01:17.994+0530: 32.789: Total time for which application threads were stopped: 0.0002224 seconds, Stopping threads took: 0.0000487 seconds
2018-09-07T19:01:18.106+0530: 32.901: Total time for which application threads were stopped: 0.0002480 seconds, Stopping threads took: 0.0000761 seconds
2018-09-07T19:01:18.237+0530: 33.033: Total time for which application threads were stopped: 0.0013550 seconds, Stopping threads took: 0.0000519 seconds
2018-09-07T19:01:18.356+0530: 33.151: Total time for which application threads were stopped: 0.0001607 seconds, Stopping threads took: 0.0000316 seconds
2018-09-07T19:01:18.396+0530: 33.191: Total time for which application threads were stopped: 0.0001160 seconds, Stopping threads took: 0.0000386 seconds
2018-09-07T19:01:18.434+0530: 33.229: Total time for which application threads were stopped: 0.0003029 seconds, Stopping threads took: 0.0000530 seconds
2018-09-07T19:01:18.449+0530: 33.244: Total time for which application threads were stopped: 0.0002585 seconds, Stopping threads took: 0.0000749 seconds
2018-09-07T19:01:18.451+0530: 33.246: Total time for which application threads were stopped: 0.0001091 seconds, Stopping threads took: 0.0000269 seconds
2018-09-07T19:01:18.461+0530: 33.256: Total time for which application threads were stopped: 0.0000767 seconds, Stopping threads took: 0.0000268 seconds
2018-09-07T19:01:18.509+0530: 33.304: Total time for which application threads were stopped: 0.0002648 seconds, Stopping threads took: 0.0000586 seconds
2018-09-07T19:01:18.512+0530: 33.308: Total time for which application threads were stopped: 0.0002233 seconds, Stopping threads took: 0.0000514 seconds
2018-09-07T19:01:18.544+0530: 33.339: Total time for which application threads were stopped: 0.0001896 seconds, Stopping threads took: 0.0001073 seconds
2018-09-07T19:01:18.568+0530: 33.363: Total time for which application threads were stopped: 0.0000587 seconds, Stopping threads took: 0.0000160 seconds
2018-09-07T19:01:18.569+0530: 33.364: Total time for which application threads were stopped: 0.0001561 seconds, Stopping threads took: 0.0000251 seconds
2018-09-07T19:01:18.766+0530: 33.561: Total time for which application threads were stopped: 0.0002806 seconds, Stopping threads took: 0.0000511 seconds
2018-09-07T19:01:19.570+0530: 34.365: [GC (CMS Initial Mark) [1 CMS-initial-mark: 0K(393216K)] 48295K(502464K), 0.1483171 secs] [Times: user=0.07 sys=0.00, real=0.15 secs] 
2018-09-07T19:01:19.718+0530: 34.513: Total time for which application threads were stopped: 0.1489509 seconds, Stopping threads took: 0.0000694 seconds
2018-09-07T19:01:19.718+0530: 34.513: [CMS-concurrent-mark-start]
2018-09-07T19:01:19.859+0530: 34.654: [CMS-concurrent-mark: 0.140/0.140 secs] [Times: user=0.01 sys=0.00, real=0.14 secs] 
2018-09-07T19:01:19.893+0530: 34.688: [CMS-concurrent-preclean-start]
2018-09-07T19:01:19.897+0530: 34.692: [CMS-concurrent-preclean: 0.004/0.004 secs] [Times: user=0.00 sys=0.00, real=0.01 secs] 
2018-09-07T19:01:19.904+0530: 34.699: [CMS-concurrent-abortable-preclean-start]
2018-09-07T19:01:19.907+0530: 34.702: Total time for which application threads were stopped: 0.0002796 seconds, Stopping threads took: 0.0000503 seconds
2018-09-07T19:01:20.731+0530: 35.526: Total time for which application threads were stopped: 0.0003762 seconds, Stopping threads took: 0.0000278 seconds
2018-09-07T19:01:20.822+0530: 35.617: Total time for which application threads were stopped: 0.0000892 seconds, Stopping threads took: 0.0000200 seconds
2018-09-07T19:01:20.824+0530: 35.619: Total time for which application threads were stopped: 0.0002644 seconds, Stopping threads took: 0.0000158 seconds
2018-09-07T19:01:20.825+0530: 35.620: Total time for which application threads were stopped: 0.0002456 seconds, Stopping threads took: 0.0000126 seconds
2018-09-07T19:01:21.047+0530: 35.842: Total time for which application threads were stopped: 0.0000786 seconds, Stopping threads took: 0.0000158 seconds
2018-09-07T19:01:21.085+0530: 35.880: Total time for which application threads were stopped: 0.0000856 seconds, Stopping threads took: 0.0000167 seconds
2018-09-07T19:01:21.085+0530: 35.880: Total time for which application threads were stopped: 0.0000988 seconds, Stopping threads took: 0.0000159 seconds
2018-09-07T19:01:21.504+0530: 36.299: Total time for which application threads were stopped: 0.0000781 seconds, Stopping threads took: 0.0000171 seconds
2018-09-07T19:01:21.829+0530: 36.624: Total time for which application threads were stopped: 0.0002588 seconds, Stopping threads took: 0.0000148 seconds
2018-09-07T19:01:21.847+0530: 36.642: Total time for which application threads were stopped: 0.0000771 seconds, Stopping threads took: 0.0000161 seconds
2018-09-07T19:01:21.918+0530: 36.713: Total time for which application threads were stopped: 0.0002641 seconds, Stopping threads took: 0.0000173 seconds
2018-09-07T19:01:21.920+0530: 36.715: Total time for which application threads were stopped: 0.0000730 seconds, Stopping threads took: 0.0000132 seconds
2018-09-07T19:01:22.135+0530: 36.930: Total time for which application threads were stopped: 0.0001087 seconds, Stopping threads took: 0.0000156 seconds
2018-09-07T19:01:22.217+0530: 37.012: Total time for which application threads were stopped: 0.0003517 seconds, Stopping threads took: 0.0000497 seconds
2018-09-07T19:01:22.365+0530: 37.160: Total time for which application threads were stopped: 0.0003313 seconds, Stopping threads took: 0.0000496 seconds
2018-09-07T19:01:22.426+0530: 37.221: Total time for which application threads were stopped: 0.0002588 seconds, Stopping threads took: 0.0000205 seconds
2018-09-07T19:01:22.663+0530: 37.458: Total time for which application threads were stopped: 0.0001546 seconds, Stopping threads took: 0.0000587 seconds
2018-09-07T19:01:22.764+0530: 37.559: Total time for which application threads were stopped: 0.0001110 seconds, Stopping threads took: 0.0000330 seconds
2018-09-07T19:01:22.933+0530: 37.728: Total time for which application threads were stopped: 0.0001023 seconds, Stopping threads took: 0.0000183 seconds
2018-09-07T19:01:22.994+0530: 37.789: Total time for which application threads were stopped: 0.0000757 seconds, Stopping threads took: 0.0000160 seconds
2018-09-07T19:01:23.171+0530: 37.966: Total time for which application threads were stopped: 0.0001289 seconds, Stopping threads took: 0.0000231 seconds
2018-09-07T19:01:23.171+0530: 37.966: Total time for which application threads were stopped: 0.0000415 seconds, Stopping threads took: 0.0000128 seconds
2018-09-07T19:01:23.171+0530: 37.966: Total time for which application threads were stopped: 0.0000375 seconds, Stopping threads took: 0.0000114 seconds
2018-09-07T19:01:23.254+0530: 38.049: Total time for which application threads were stopped: 0.0003277 seconds, Stopping threads took: 0.0001490 seconds
2018-09-07T19:01:23.279+0530: 38.074: Total time for which application threads were stopped: 0.0001573 seconds, Stopping threads took: 0.0000316 seconds
2018-09-07T19:01:23.306+0530: 38.102: Total time for which application threads were stopped: 0.0001122 seconds, Stopping threads took: 0.0000229 seconds
2018-09-07T19:01:23.307+0530: 38.102: Total time for which application threads were stopped: 0.0000571 seconds, Stopping threads took: 0.0000148 seconds
2018-09-07T19:01:23.307+0530: 38.102: Total time for which application threads were stopped: 0.0000990 seconds, Stopping threads took: 0.0000071 seconds
2018-09-07T19:01:23.374+0530: 38.169: Total time for which application threads were stopped: 0.0001111 seconds, Stopping threads took: 0.0000210 seconds
2018-09-07T19:01:23.383+0530: 38.178: Total time for which application threads were stopped: 0.0001006 seconds, Stopping threads took: 0.0000320 seconds
2018-09-07T19:01:23.655+0530: 38.451: Total time for which application threads were stopped: 0.0007229 seconds, Stopping threads took: 0.0002007 seconds
{Heap before GC invocations=1 (full 1):
 par new generation   total 109248K, used 99117K [0x00000000e0000000, 0x00000000e8000000, 0x00000000e8000000)
  eden space 87424K, 100% used [0x00000000e0000000, 0x00000000e5560000, 0x00000000e5560000)
  from space 21824K,  53% used [0x00000000e6ab0000, 0x00000000e761b680, 0x00000000e8000000)
  to   space 21824K,   0% used [0x00000000e5560000, 0x00000000e5560000, 0x00000000e6ab0000)
 concurrent mark-sweep generation total 393216K, used 0K [0x00000000e8000000, 0x0000000100000000, 0x0000000100000000)
 Metaspace       used 25456K, capacity 25960K, committed 26276K, reserved 1073152K
  class space    used 3074K, capacity 3240K, committed 3324K, reserved 1048576K
2018-09-07T19:01:23.758+0530: 38.553: [GC (Allocation Failure) 2018-09-07T19:01:23.759+0530: 38.554: [ParNew
Desired survivor size 20112992 bytes, new threshold 8 (max 8)
- age   1:    6283800 bytes,    6283800 total
- age   2:    5124664 bytes,   11408464 total
: 99117K->12450K(109248K), 0.0224250 secs] 99117K->12450K(502464K), 0.0228264 secs] [Times: user=0.07 sys=0.00, real=0.02 secs] 
Heap after GC invocations=2 (full 1):
 par new generation   total 109248K, used 12450K [0x00000000e0000000, 0x00000000e8000000, 0x00000000e8000000)
  eden space 87424K,   0% used [0x00000000e0000000, 0x00000000e0000000, 0x00000000e5560000)
  from space 21824K,  57% used [0x00000000e5560000, 0x00000000e6188be8, 0x00000000e6ab0000)
  to   space 21824K,   0% used [0x00000000e6ab0000, 0x00000000e6ab0000, 0x00000000e8000000)
 concurrent mark-sweep generation total 393216K, used 0K [0x00000000e8000000, 0x0000000100000000, 0x0000000100000000)
 Metaspace       used 25456K, capacity 25960K, committed 26276K, reserved 1073152K
  class space    used 3074K, capacity 3240K, committed 3324K, reserved 1048576K
}
2018-09-07T19:01:23.781+0530: 38.576: Total time for which application threads were stopped: 0.0230444 seconds, Stopping threads took: 0.0000344 seconds
2018-09-07T19:01:23.785+0530: 38.580: Total time for which application threads were stopped: 0.0001384 seconds, Stopping threads took: 0.0000160 seconds
2018-09-07T19:01:23.786+0530: 38.581: Total time for which application threads were stopped: 0.0001228 seconds, Stopping threads took: 0.0000642 seconds
2018-09-07T19:01:23.787+0530: 38.582: Total time for which application threads were stopped: 0.0001222 seconds, Stopping threads took: 0.0000329 seconds
2018-09-07T19:01:23.788+0530: 38.583: Total time for which application threads were stopped: 0.0000682 seconds, Stopping threads took: 0.0000153 seconds
2018-09-07T19:01:23.788+0530: 38.583: Total time for which application threads were stopped: 0.0000480 seconds, Stopping threads took: 0.0000097 seconds
2018-09-07T19:01:23.904+0530: 38.699: Total time for which application threads were stopped: 0.0001126 seconds, Stopping threads took: 0.0000249 seconds
2018-09-07T19:01:24.249+0530: 39.044: Total time for which application threads were stopped: 0.0001670 seconds, Stopping threads took: 0.0000212 seconds
2018-09-07T19:01:24.250+0530: 39.045: Total time for which application threads were stopped: 0.0001180 seconds, Stopping threads took: 0.0000134 seconds
2018-09-07T19:01:24.277+0530: 39.072: Total time for which application threads were stopped: 0.0001326 seconds, Stopping threads took: 0.0000643 seconds
2018-09-07T19:01:24.336+0530: 39.132: Total time for which application threads were stopped: 0.0001300 seconds, Stopping threads took: 0.0000313 seconds
2018-09-07T19:01:24.399+0530: 39.194: Total time for which application threads were stopped: 0.0001034 seconds, Stopping threads took: 0.0000259 seconds
2018-09-07T19:01:24.405+0530: 39.200: Total time for which application threads were stopped: 0.0003781 seconds, Stopping threads took: 0.0000311 seconds
2018-09-07T19:01:24.548+0530: 39.343: Total time for which application threads were stopped: 0.0002222 seconds, Stopping threads took: 0.0000319 seconds
2018-09-07T19:01:24.615+0530: 39.410: Total time for which application threads were stopped: 0.0003814 seconds, Stopping threads took: 0.0000186 seconds
2018-09-07T19:01:24.652+0530: 39.447: Total time for which application threads were stopped: 0.0000820 seconds, Stopping threads took: 0.0000226 seconds
2018-09-07T19:01:24.711+0530: 39.506: Total time for which application threads were stopped: 0.0001031 seconds, Stopping threads took: 0.0000289 seconds
2018-09-07T19:01:24.712+0530: 39.507: Total time for which application threads were stopped: 0.0000564 seconds, Stopping threads took: 0.0000249 seconds
2018-09-07T19:01:24.712+0530: 39.507: Total time for which application threads were stopped: 0.0000557 seconds, Stopping threads took: 0.0000055 seconds
2018-09-07T19:01:24.756+0530: 39.551: Total time for which application threads were stopped: 0.0001219 seconds, Stopping threads took: 0.0000443 seconds
2018-09-07T19:01:25.181+0530: 39.976: Total time for which application threads were stopped: 0.0001338 seconds, Stopping threads took: 0.0000676 seconds
2018-09-07T19:01:25.375+0530: 40.170: Total time for which application threads were stopped: 0.0005164 seconds, Stopping threads took: 0.0000925 seconds
2018-09-07T19:01:25.528+0530: 40.323: Total time for which application threads were stopped: 0.0012550 seconds, Stopping threads took: 0.0001864 seconds
2018-09-07T19:01:25.529+0530: 40.324: Total time for which application threads were stopped: 0.0004054 seconds, Stopping threads took: 0.0001413 seconds
2018-09-07T19:01:25.530+0530: 40.325: Total time for which application threads were stopped: 0.0002720 seconds, Stopping threads took: 0.0001148 seconds
2018-09-07T19:01:25.534+0530: 40.329: Total time for which application threads were stopped: 0.0003886 seconds, Stopping threads took: 0.0001321 seconds
2018-09-07T19:01:25.537+0530: 40.332: Total time for which application threads were stopped: 0.0004815 seconds, Stopping threads took: 0.0002022 seconds
2018-09-07T19:01:25.538+0530: 40.333: Total time for which application threads were stopped: 0.0002996 seconds, Stopping threads took: 0.0000743 seconds
2018-09-07T19:01:25.538+0530: 40.333: Total time for which application threads were stopped: 0.0002597 seconds, Stopping threads took: 0.0000573 seconds
2018-09-07T19:01:25.540+0530: 40.335: Total time for which application threads were stopped: 0.0004366 seconds, Stopping threads took: 0.0001746 seconds
2018-09-07T19:01:25.541+0530: 40.336: Total time for which application threads were stopped: 0.0003403 seconds, Stopping threads took: 0.0001083 seconds
2018-09-07T19:01:25.544+0530: 40.339: Total time for which application threads were stopped: 0.0004101 seconds, Stopping threads took: 0.0000607 seconds
2018-09-07T19:01:25.572+0530: 40.367: Total time for which application threads were stopped: 0.0005950 seconds, Stopping threads took: 0.0001859 seconds
2018-09-07T19:01:25.575+0530: 40.370: Total time for which application threads were stopped: 0.0003847 seconds, Stopping threads took: 0.0001963 seconds
2018-09-07T19:01:25.576+0530: 40.371: Total time for which application threads were stopped: 0.0003428 seconds, Stopping threads took: 0.0001843 seconds
2018-09-07T19:01:25.576+0530: 40.371: Total time for which application threads were stopped: 0.0001566 seconds, Stopping threads took: 0.0000308 seconds
2018-09-07T19:01:25.577+0530: 40.372: Total time for which application threads were stopped: 0.0002540 seconds, Stopping threads took: 0.0000926 seconds
2018-09-07T19:01:25.580+0530: 40.375: Total time for which application threads were stopped: 0.0002414 seconds, Stopping threads took: 0.0000427 seconds
2018-09-07T19:01:25.592+0530: 40.387: Total time for which application threads were stopped: 0.0002215 seconds, Stopping threads took: 0.0000916 seconds
2018-09-07T19:01:25.592+0530: 40.387: Total time for which application threads were stopped: 0.0001198 seconds, Stopping threads took: 0.0000358 seconds
2018-09-07T19:01:25.593+0530: 40.388: Total time for which application threads were stopped: 0.0001630 seconds, Stopping threads took: 0.0000283 seconds
2018-09-07T19:01:25.594+0530: 40.389: Total time for which application threads were stopped: 0.0001111 seconds, Stopping threads took: 0.0000158 seconds
2018-09-07T19:01:25.594+0530: 40.389: [CMS-concurrent-abortable-preclean: 2.738/5.689 secs] [Times: user=6.35 sys=0.12, real=5.68 secs] 
2018-09-07T19:01:25.602+0530: 40.397: [GC (CMS Final Remark) [YG occupancy: 57368 K (109248 K)]{Heap before GC invocations=2 (full 1):
 par new generation   total 109248K, used 57368K [0x00000000e0000000, 0x00000000e8000000, 0x00000000e8000000)
  eden space 87424K,  51% used [0x00000000e0000000, 0x00000000e2bdd620, 0x00000000e5560000)
  from space 21824K,  57% used [0x00000000e5560000, 0x00000000e6188be8, 0x00000000e6ab0000)
  to   space 21824K,   0% used [0x00000000e6ab0000, 0x00000000e6ab0000, 0x00000000e8000000)
 concurrent mark-sweep generation total 393216K, used 0K [0x00000000e8000000, 0x0000000100000000, 0x0000000100000000)
 Metaspace       used 27691K, capacity 28449K, committed 28600K, reserved 1075200K
  class space    used 3364K, capacity 3585K, committed 3656K, reserved 1048576K
2018-09-07T19:01:25.602+0530: 40.397: [GC (CMS Final Remark) 2018-09-07T19:01:25.602+0530: 40.397: [ParNew
Desired survivor size 20112992 bytes, new threshold 8 (max 8)
- age   1:    2667984 bytes,    2667984 total
- age   2:    2895912 bytes,    5563896 total
- age   3:    5078960 bytes,   10642856 total
: 57368K->17733K(109248K), 0.0175381 secs] 57368K->17733K(502464K), 0.0177468 secs] [Times: user=0.06 sys=0.00, real=0.02 secs] 
Heap after GC invocations=3 (full 1):
 par new generation   total 109248K, used 17733K [0x00000000e0000000, 0x00000000e8000000, 0x00000000e8000000)
  eden space 87424K,   0% used [0x00000000e0000000, 0x00000000e0000000, 0x00000000e5560000)
  from space 21824K,  81% used [0x00000000e6ab0000, 0x00000000e7c01450, 0x00000000e8000000)
  to   space 21824K,   0% used [0x00000000e5560000, 0x00000000e5560000, 0x00000000e6ab0000)
 concurrent mark-sweep generation total 393216K, used 0K [0x00000000e8000000, 0x0000000100000000, 0x0000000100000000)
 Metaspace       used 27691K, capacity 28449K, committed 28600K, reserved 1075200K
  class space    used 3364K, capacity 3585K, committed 3656K, reserved 1048576K
}
2018-09-07T19:01:25.620+0530: 40.415: [Rescan (parallel) , 0.0065061 secs]2018-09-07T19:01:25.626+0530: 40.421: [weak refs processing, 0.0030392 secs]2018-09-07T19:01:25.629+0530: 40.424: [class unloading, 0.0043378 secs]2018-09-07T19:01:25.634+0530: 40.429: [scrub symbol table, 0.0166742 secs]2018-09-07T19:01:25.651+0530: 40.446: [scrub string table, 0.0005021 secs][1 CMS-remark: 0K(393216K)] 17733K(502464K), 0.0506595 secs] [Times: user=0.10 sys=0.00, real=0.05 secs] 
2018-09-07T19:01:25.652+0530: 40.447: Total time for which application threads were stopped: 0.0510090 seconds, Stopping threads took: 0.0000747 seconds
2018-09-07T19:01:25.653+0530: 40.448: Total time for which application threads were stopped: 0.0001171 seconds, Stopping threads took: 0.0000318 seconds
2018-09-07T19:01:25.653+0530: 40.448: [CMS-concurrent-sweep-start]
2018-09-07T19:01:25.653+0530: 40.448: [CMS-concurrent-sweep: 0.000/0.000 secs] [Times: user=0.00 sys=0.00, real=0.00 secs] 
2018-09-07T19:01:25.653+0530: 40.448: [CMS-concurrent-reset-start]
2018-09-07T19:01:25.658+0530: 40.453: [CMS-concurrent-reset: 0.005/0.005 secs] [Times: user=0.01 sys=0.00, real=0.01 secs] 
2018-09-07T19:01:25.692+0530: 40.487: Total time for which application threads were stopped: 0.0002413 seconds, Stopping threads took: 0.0001045 seconds
2018-09-07T19:01:25.696+0530: 40.491: Total time for which application threads were stopped: 0.0001509 seconds, Stopping threads took: 0.0000308 seconds
2018-09-07T19:01:25.720+0530: 40.515: Total time for which application threads were stopped: 0.0016848 seconds, Stopping threads took: 0.0015147 seconds
2018-09-07T19:01:25.726+0530: 40.521: Total time for which application threads were stopped: 0.0002314 seconds, Stopping threads took: 0.0000681 seconds
2018-09-07T19:01:25.726+0530: 40.521: Total time for which application threads were stopped: 0.0001900 seconds, Stopping threads took: 0.0000402 seconds
2018-09-07T19:01:25.726+0530: 40.521: Total time for which application threads were stopped: 0.0001416 seconds, Stopping threads took: 0.0000370 seconds
2018-09-07T19:01:25.727+0530: 40.522: Total time for which application threads were stopped: 0.0002398 seconds, Stopping threads took: 0.0000755 seconds
2018-09-07T19:01:25.865+0530: 40.660: Total time for which application threads were stopped: 0.0001377 seconds, Stopping threads took: 0.0000254 seconds
2018-09-07T19:01:25.866+0530: 40.661: Total time for which application threads were stopped: 0.0001679 seconds, Stopping threads took: 0.0000604 seconds
2018-09-07T19:01:25.872+0530: 40.667: Total time for which application threads were stopped: 0.0030493 seconds, Stopping threads took: 0.0029722 seconds
2018-09-07T19:01:25.883+0530: 40.678: Total time for which application threads were stopped: 0.0001675 seconds, Stopping threads took: 0.0000313 seconds
2018-09-07T19:01:25.891+0530: 40.686: Total time for which application threads were stopped: 0.0001865 seconds, Stopping threads took: 0.0000791 seconds
2018-09-07T19:01:25.926+0530: 40.721: Total time for which application threads were stopped: 0.0001834 seconds, Stopping threads took: 0.0000833 seconds
2018-09-07T19:01:26.028+0530: 40.823: Total time for which application threads were stopped: 0.0001372 seconds, Stopping threads took: 0.0000442 seconds
2018-09-07T19:01:26.482+0530: 41.277: Total time for which application threads were stopped: 0.0001972 seconds, Stopping threads took: 0.0000583 seconds
2018-09-07T19:01:26.482+0530: 41.277: Total time for which application threads were stopped: 0.0001051 seconds, Stopping threads took: 0.0000249 seconds
2018-09-07T19:01:26.483+0530: 41.278: Total time for which application threads were stopped: 0.0000812 seconds, Stopping threads took: 0.0000126 seconds
2018-09-07T19:01:26.483+0530: 41.278: Total time for which application threads were stopped: 0.0001034 seconds, Stopping threads took: 0.0000256 seconds
2018-09-07T19:01:26.508+0530: 41.303: Total time for which application threads were stopped: 0.0001798 seconds, Stopping threads took: 0.0000439 seconds
2018-09-07T19:01:26.680+0530: 41.475: Total time for which application threads were stopped: 0.0001174 seconds, Stopping threads took: 0.0000182 seconds
2018-09-07T19:01:26.681+0530: 41.476: Total time for which application threads were stopped: 0.0000777 seconds, Stopping threads took: 0.0000234 seconds
2018-09-07T19:01:26.681+0530: 41.476: Total time for which application threads were stopped: 0.0000551 seconds, Stopping threads took: 0.0000076 seconds
2018-09-07T19:01:26.681+0530: 41.476: Total time for which application threads were stopped: 0.0000755 seconds, Stopping threads took: 0.0000082 seconds
2018-09-07T19:01:26.835+0530: 41.630: Total time for which application threads were stopped: 0.0009938 seconds, Stopping threads took: 0.0000759 seconds
2018-09-07T19:01:27.154+0530: 41.949: Total time for which application threads were stopped: 0.0003442 seconds, Stopping threads took: 0.0000557 seconds
2018-09-07T19:01:27.155+0530: 41.950: Total time for which application threads were stopped: 0.0002458 seconds, Stopping threads took: 0.0000348 seconds
2018-09-07T19:01:27.155+0530: 41.950: Total time for which application threads were stopped: 0.0002101 seconds, Stopping threads took: 0.0000298 seconds
2018-09-07T19:01:27.169+0530: 41.964: Total time for which application threads were stopped: 0.0005145 seconds, Stopping threads took: 0.0002781 seconds
2018-09-07T19:01:27.170+0530: 41.965: Total time for which application threads were stopped: 0.0006014 seconds, Stopping threads took: 0.0003415 seconds
2018-09-07T19:01:27.174+0530: 41.969: Total time for which application threads were stopped: 0.0004757 seconds, Stopping threads took: 0.0002055 seconds
2018-09-07T19:01:27.174+0530: 41.969: Total time for which application threads were stopped: 0.0003714 seconds, Stopping threads took: 0.0001960 seconds
2018-09-07T19:01:27.326+0530: 42.121: Total time for which application threads were stopped: 0.0004266 seconds, Stopping threads took: 0.0000601 seconds
2018-09-07T19:01:27.327+0530: 42.122: Total time for which application threads were stopped: 0.0004470 seconds, Stopping threads took: 0.0001189 seconds
2018-09-07T19:01:27.327+0530: 42.122: Total time for which application threads were stopped: 0.0002976 seconds, Stopping threads took: 0.0000422 seconds
2018-09-07T19:01:27.329+0530: 42.124: Total time for which application threads were stopped: 0.0002861 seconds, Stopping threads took: 0.0000590 seconds
2018-09-07T19:01:27.339+0530: 42.134: Total time for which application threads were stopped: 0.0004204 seconds, Stopping threads took: 0.0001377 seconds
2018-09-07T19:01:27.339+0530: 42.134: Total time for which application threads were stopped: 0.0002114 seconds, Stopping threads took: 0.0000308 seconds
2018-09-07T19:01:27.340+0530: 42.135: Total time for which application threads were stopped: 0.0003046 seconds, Stopping threads took: 0.0000528 seconds
2018-09-07T19:01:27.341+0530: 42.136: Total time for which application threads were stopped: 0.0003225 seconds, Stopping threads took: 0.0000369 seconds
2018-09-07T19:01:27.341+0530: 42.137: Total time for which application threads were stopped: 0.0002575 seconds, Stopping threads took: 0.0000692 seconds
2018-09-07T19:01:27.342+0530: 42.137: Total time for which application threads were stopped: 0.0003050 seconds, Stopping threads took: 0.0001014 seconds
2018-09-07T19:01:27.343+0530: 42.138: Total time for which application threads were stopped: 0.0006289 seconds, Stopping threads took: 0.0000931 seconds
2018-09-07T19:01:27.344+0530: 42.139: Total time for which application threads were stopped: 0.0003149 seconds, Stopping threads took: 0.0001342 seconds
2018-09-07T19:01:27.344+0530: 42.139: Total time for which application threads were stopped: 0.0002426 seconds, Stopping threads took: 0.0000503 seconds
2018-09-07T19:01:27.345+0530: 42.140: Total time for which application threads were stopped: 0.0003216 seconds, Stopping threads took: 0.0000782 seconds
2018-09-07T19:01:27.346+0530: 42.141: Total time for which application threads were stopped: 0.0002412 seconds, Stopping threads took: 0.0000621 seconds
2018-09-07T19:01:27.347+0530: 42.142: Total time for which application threads were stopped: 0.0003929 seconds, Stopping threads took: 0.0001833 seconds
2018-09-07T19:01:27.347+0530: 42.142: Total time for which application threads were stopped: 0.0004401 seconds, Stopping threads took: 0.0001760 seconds
2018-09-07T19:01:27.348+0530: 42.143: Total time for which application threads were stopped: 0.0003206 seconds, Stopping threads took: 0.0001087 seconds
2018-09-07T19:01:29.265+0530: 44.060: Total time for which application threads were stopped: 0.0000988 seconds, Stopping threads took: 0.0000188 seconds
2018-09-07T19:01:29.265+0530: 44.060: Total time for which application threads were stopped: 0.0000342 seconds, Stopping threads took: 0.0000065 seconds
2018-09-07T19:01:29.265+0530: 44.060: Total time for which application threads were stopped: 0.0000278 seconds, Stopping threads took: 0.0000055 seconds
2018-09-07T19:01:29.265+0530: 44.060: Total time for which application threads were stopped: 0.0000340 seconds, Stopping threads took: 0.0000068 seconds
2018-09-07T19:01:29.307+0530: 44.102: Total time for which application threads were stopped: 0.0001217 seconds, Stopping threads took: 0.0000540 seconds
2018-09-07T19:01:29.307+0530: 44.102: Total time for which application threads were stopped: 0.0000981 seconds, Stopping threads took: 0.0000495 seconds
2018-09-07T19:01:29.524+0530: 44.319: Total time for which application threads were stopped: 0.0003937 seconds, Stopping threads took: 0.0001193 seconds
2018-09-07T19:01:29.524+0530: 44.319: Total time for which application threads were stopped: 0.0003319 seconds, Stopping threads took: 0.0000709 seconds
2018-09-07T19:01:29.683+0530: 44.478: Total time for which application threads were stopped: 0.0000828 seconds, Stopping threads took: 0.0000210 seconds
2018-09-07T19:01:30.045+0530: 44.840: Total time for which application threads were stopped: 0.0003377 seconds, Stopping threads took: 0.0000585 seconds
2018-09-07T19:01:30.045+0530: 44.840: Total time for which application threads were stopped: 0.0002643 seconds, Stopping threads took: 0.0000605 seconds
2018-09-07T19:01:30.046+0530: 44.841: Total time for which application threads were stopped: 0.0003614 seconds, Stopping threads took: 0.0001245 seconds
2018-09-07T19:01:30.067+0530: 44.862: Total time for which application threads were stopped: 0.0001732 seconds, Stopping threads took: 0.0000368 seconds
2018-09-07T19:01:30.068+0530: 44.863: Total time for which application threads were stopped: 0.0004330 seconds, Stopping threads took: 0.0000317 seconds
2018-09-07T19:01:30.068+0530: 44.863: Total time for which application threads were stopped: 0.0001146 seconds, Stopping threads took: 0.0000220 seconds
2018-09-07T19:01:30.110+0530: 44.905: Total time for which application threads were stopped: 0.0001382 seconds, Stopping threads took: 0.0000544 seconds
2018-09-07T19:01:30.157+0530: 44.952: Total time for which application threads were stopped: 0.0003202 seconds, Stopping threads took: 0.0000807 seconds
2018-09-07T19:01:30.157+0530: 44.952: Total time for which application threads were stopped: 0.0006498 seconds, Stopping threads took: 0.0000907 seconds
2018-09-07T19:01:30.158+0530: 44.953: Total time for which application threads were stopped: 0.0002187 seconds, Stopping threads took: 0.0000582 seconds
2018-09-07T19:01:30.160+0530: 44.955: Total time for which application threads were stopped: 0.0003970 seconds, Stopping threads took: 0.0001786 seconds
2018-09-07T19:01:30.186+0530: 44.981: Total time for which application threads were stopped: 0.0014421 seconds, Stopping threads took: 0.0011712 seconds
2018-09-07T19:01:30.186+0530: 44.981: Total time for which application threads were stopped: 0.0003487 seconds, Stopping threads took: 0.0001086 seconds
2018-09-07T19:01:30.187+0530: 44.982: Total time for which application threads were stopped: 0.0003382 seconds, Stopping threads took: 0.0001434 seconds
2018-09-07T19:01:30.189+0530: 44.984: Total time for which application threads were stopped: 0.0004615 seconds, Stopping threads took: 0.0001105 seconds
2018-09-07T19:01:30.189+0530: 44.984: Total time for which application threads were stopped: 0.0004814 seconds, Stopping threads took: 0.0001808 seconds
2018-09-07T19:01:30.190+0530: 44.985: Total time for which application threads were stopped: 0.0003603 seconds, Stopping threads took: 0.0001443 seconds
2018-09-07T19:01:30.435+0530: 45.230: Total time for which application threads were stopped: 0.0014922 seconds, Stopping threads took: 0.0012457 seconds
2018-09-07T19:01:30.437+0530: 45.232: Total time for which application threads were stopped: 0.0009620 seconds, Stopping threads took: 0.0007105 seconds
2018-09-07T19:01:30.471+0530: 45.266: Total time for which application threads were stopped: 0.0003833 seconds, Stopping threads took: 0.0001540 seconds
2018-09-07T19:01:30.605+0530: 45.400: Total time for which application threads were stopped: 0.0066339 seconds, Stopping threads took: 0.0062720 seconds
2018-09-07T19:01:30.605+0530: 45.400: Total time for which application threads were stopped: 0.0006261 seconds, Stopping threads took: 0.0003496 seconds
2018-09-07T19:01:30.606+0530: 45.401: Total time for which application threads were stopped: 0.0003226 seconds, Stopping threads took: 0.0000896 seconds
2018-09-07T19:01:30.642+0530: 45.437: Total time for which application threads were stopped: 0.0004949 seconds, Stopping threads took: 0.0000973 seconds
2018-09-07T19:01:30.862+0530: 45.657: Total time for which application threads were stopped: 0.0017134 seconds, Stopping threads took: 0.0003860 seconds
2018-09-07T19:01:31.143+0530: 45.938: Total time for which application threads were stopped: 0.0007848 seconds, Stopping threads took: 0.0004130 seconds
{Heap before GC invocations=3 (full 1):
 par new generation   total 109248K, used 105157K [0x00000000e0000000, 0x00000000e8000000, 0x00000000e8000000)
  eden space 87424K, 100% used [0x00000000e0000000, 0x00000000e5560000, 0x00000000e5560000)
  from space 21824K,  81% used [0x00000000e6ab0000, 0x00000000e7c01450, 0x00000000e8000000)
  to   space 21824K,   0% used [0x00000000e5560000, 0x00000000e5560000, 0x00000000e6ab0000)
 concurrent mark-sweep generation total 393216K, used 0K [0x00000000e8000000, 0x0000000100000000, 0x0000000100000000)
 Metaspace       used 30637K, capacity 31429K, committed 31688K, reserved 1077248K
  class space    used 3762K, capacity 4017K, committed 4040K, reserved 1048576K
2018-09-07T19:01:31.200+0530: 45.995: [GC (Allocation Failure) 2018-09-07T19:01:31.212+0530: 46.007: [ParNew
Desired survivor size 20112992 bytes, new threshold 8 (max 8)
- age   1:    5341648 bytes,    5341648 total
- age   2:     901496 bytes,    6243144 total
- age   3:    2865720 bytes,    9108864 total
- age   4:    4960616 bytes,   14069480 total
: 105157K->16676K(109248K), 0.0146397 secs] 105157K->16676K(502464K), 0.0270391 secs] [Times: user=0.05 sys=0.00, real=0.03 secs] 
Heap after GC invocations=4 (full 1):
 par new generation   total 109248K, used 16676K [0x00000000e0000000, 0x00000000e8000000, 0x00000000e8000000)
  eden space 87424K,   0% used [0x00000000e0000000, 0x00000000e0000000, 0x00000000e5560000)
  from space 21824K,  76% used [0x00000000e5560000, 0x00000000e65a93e0, 0x00000000e6ab0000)
  to   space 21824K,   0% used [0x00000000e6ab0000, 0x00000000e6ab0000, 0x00000000e8000000)
 concurrent mark-sweep generation total 393216K, used 0K [0x00000000e8000000, 0x0000000100000000, 0x0000000100000000)
 Metaspace       used 30637K, capacity 31429K, committed 31688K, reserved 1077248K
  class space    used 3762K, capacity 4017K, committed 4040K, reserved 1048576K
}
2018-09-07T19:01:31.227+0530: 46.022: Total time for which application threads were stopped: 0.0274721 seconds, Stopping threads took: 0.0001766 seconds
2018-09-07T19:01:31.266+0530: 46.061: Total time for which application threads were stopped: 0.0005056 seconds, Stopping threads took: 0.0000572 seconds
2018-09-07T19:01:31.292+0530: 46.087: Total time for which application threads were stopped: 0.0027614 seconds, Stopping threads took: 0.0025306 seconds
2018-09-07T19:01:31.357+0530: 46.152: Total time for which application threads were stopped: 0.0001050 seconds, Stopping threads took: 0.0000446 seconds
2018-09-07T19:01:31.375+0530: 46.170: Total time for which application threads were stopped: 0.0002783 seconds, Stopping threads took: 0.0001967 seconds
2018-09-07T19:01:31.386+0530: 46.181: Total time for which application threads were stopped: 0.0000913 seconds, Stopping threads took: 0.0000309 seconds
2018-09-07T19:01:31.546+0530: 46.341: Total time for which application threads were stopped: 0.0007565 seconds, Stopping threads took: 0.0003370 seconds
2018-09-07T19:01:31.558+0530: 46.353: Total time for which application threads were stopped: 0.0007350 seconds, Stopping threads took: 0.0003575 seconds
2018-09-07T19:01:31.581+0530: 46.376: Total time for which application threads were stopped: 0.0021684 seconds, Stopping threads took: 0.0018523 seconds
2018-09-07T19:01:31.583+0530: 46.378: Total time for which application threads were stopped: 0.0008158 seconds, Stopping threads took: 0.0005589 seconds
2018-09-07T19:01:31.583+0530: 46.378: Total time for which application threads were stopped: 0.0003981 seconds, Stopping threads took: 0.0001612 seconds
2018-09-07T19:01:31.584+0530: 46.379: Total time for which application threads were stopped: 0.0004720 seconds, Stopping threads took: 0.0002159 seconds
2018-09-07T19:01:31.585+0530: 46.380: Total time for which application threads were stopped: 0.0003475 seconds, Stopping threads took: 0.0001350 seconds
2018-09-07T19:01:31.586+0530: 46.381: Total time for which application threads were stopped: 0.0003793 seconds, Stopping threads took: 0.0001868 seconds
2018-09-07T19:01:31.591+0530: 46.386: Total time for which application threads were stopped: 0.0006980 seconds, Stopping threads took: 0.0004887 seconds
2018-09-07T19:01:31.592+0530: 46.387: Total time for which application threads were stopped: 0.0003323 seconds, Stopping threads took: 0.0000867 seconds
2018-09-07T19:01:31.593+0530: 46.388: Total time for which application threads were stopped: 0.0003194 seconds, Stopping threads took: 0.0001195 seconds
2018-09-07T19:01:31.594+0530: 46.389: Total time for which application threads were stopped: 0.0003026 seconds, Stopping threads took: 0.0001184 seconds
2018-09-07T19:01:31.594+0530: 46.389: Total time for which application threads were stopped: 0.0003103 seconds, Stopping threads took: 0.0001335 seconds
2018-09-07T19:01:31.596+0530: 46.391: Total time for which application threads were stopped: 0.0019711 seconds, Stopping threads took: 0.0017961 seconds
2018-09-07T19:01:31.600+0530: 46.395: Total time for which application threads were stopped: 0.0005450 seconds, Stopping threads took: 0.0003309 seconds
2018-09-07T19:01:31.601+0530: 46.396: Total time for which application threads were stopped: 0.0003415 seconds, Stopping threads took: 0.0000864 seconds
2018-09-07T19:01:31.605+0530: 46.400: Total time for which application threads were stopped: 0.0009356 seconds, Stopping threads took: 0.0001708 seconds
2018-09-07T19:01:31.626+0530: 46.421: Total time for which application threads were stopped: 0.0007590 seconds, Stopping threads took: 0.0004461 seconds
2018-09-07T19:01:31.627+0530: 46.422: Total time for which application threads were stopped: 0.0002754 seconds, Stopping threads took: 0.0000850 seconds
2018-09-07T19:01:31.681+0530: 46.476: Total time for which application threads were stopped: 0.0001076 seconds, Stopping threads took: 0.0000213 seconds
2018-09-07T19:01:31.891+0530: 46.686: Total time for which application threads were stopped: 0.0014869 seconds, Stopping threads took: 0.0009898 seconds
2018-09-07T19:01:31.893+0530: 46.688: Total time for which application threads were stopped: 0.0002875 seconds, Stopping threads took: 0.0001179 seconds
2018-09-07T19:01:31.893+0530: 46.689: Total time for which application threads were stopped: 0.0001405 seconds, Stopping threads took: 0.0000316 seconds
2018-09-07T19:01:31.920+0530: 46.715: Total time for which application threads were stopped: 0.0001959 seconds, Stopping threads took: 0.0000334 seconds
2018-09-07T19:01:31.920+0530: 46.715: Total time for which application threads were stopped: 0.0001314 seconds, Stopping threads took: 0.0000441 seconds
2018-09-07T19:01:31.921+0530: 46.716: Total time for which application threads were stopped: 0.0001511 seconds, Stopping threads took: 0.0000494 seconds
2018-09-07T19:01:31.921+0530: 46.716: Total time for which application threads were stopped: 0.0001413 seconds, Stopping threads took: 0.0000427 seconds
2018-09-07T19:01:31.922+0530: 46.717: Total time for which application threads were stopped: 0.0008095 seconds, Stopping threads took: 0.0007093 seconds
2018-09-07T19:01:31.931+0530: 46.726: Total time for which application threads were stopped: 0.0031546 seconds, Stopping threads took: 0.0030429 seconds
{Heap before GC invocations=4 (full 1):
 par new generation   total 109248K, used 104100K [0x00000000e0000000, 0x00000000e8000000, 0x00000000e8000000)
  eden space 87424K, 100% used [0x00000000e0000000, 0x00000000e5560000, 0x00000000e5560000)
  from space 21824K,  76% used [0x00000000e5560000, 0x00000000e65a93e0, 0x00000000e6ab0000)
  to   space 21824K,   0% used [0x00000000e6ab0000, 0x00000000e6ab0000, 0x00000000e8000000)
 concurrent mark-sweep generation total 393216K, used 0K [0x00000000e8000000, 0x0000000100000000, 0x0000000100000000)
 Metaspace       used 32094K, capacity 32929K, committed 33224K, reserved 1079296K
  class space    used 3944K, capacity 4173K, committed 4296K, reserved 1048576K
2018-09-07T19:01:31.994+0530: 46.789: [GC (Allocation Failure) 2018-09-07T19:01:32.002+0530: 46.797: [ParNew
Desired survivor size 20112992 bytes, new threshold 8 (max 8)
- age   1:    3146200 bytes,    3146200 total
- age   2:    2132352 bytes,    5278552 total
- age   3:     901352 bytes,    6179904 total
- age   4:    2865240 bytes,    9045144 total
- age   5:    4954328 bytes,   13999472 total
: 104100K->21824K(109248K), 0.0631546 secs] 104100K->21824K(502464K), 0.0708684 secs] [Times: user=0.20 sys=0.01, real=0.08 secs] 
Heap after GC invocations=5 (full 1):
 par new generation   total 109248K, used 21824K [0x00000000e0000000, 0x00000000e8000000, 0x00000000e8000000)
  eden space 87424K,   0% used [0x00000000e0000000, 0x00000000e0000000, 0x00000000e5560000)
  from space 21824K, 100% used [0x00000000e6ab0000, 0x00000000e8000000, 0x00000000e8000000)
  to   space 21824K,   0% used [0x00000000e5560000, 0x00000000e5560000, 0x00000000e6ab0000)
 concurrent mark-sweep generation total 393216K, used 0K [0x00000000e8000000, 0x0000000100000000, 0x0000000100000000)
 Metaspace       used 32094K, capacity 32929K, committed 33224K, reserved 1079296K
  class space    used 3944K, capacity 4173K, committed 4296K, reserved 1048576K
}
2018-09-07T19:01:32.065+0530: 46.860: Total time for which application threads were stopped: 0.0717181 seconds, Stopping threads took: 0.0001858 seconds
2018-09-07T19:01:32.152+0530: 46.947: Total time for which application threads were stopped: 0.0005482 seconds, Stopping threads took: 0.0002307 seconds
2018-09-07T19:01:32.154+0530: 46.949: Total time for which application threads were stopped: 0.0007895 seconds, Stopping threads took: 0.0004718 seconds
2018-09-07T19:01:32.159+0530: 46.954: Total time for which application threads were stopped: 0.0010022 seconds, Stopping threads took: 0.0005425 seconds
2018-09-07T19:01:32.160+0530: 46.955: Total time for which application threads were stopped: 0.0005362 seconds, Stopping threads took: 0.0001442 seconds
2018-09-07T19:01:32.161+0530: 46.956: Total time for which application threads were stopped: 0.0010537 seconds, Stopping threads took: 0.0006496 seconds
2018-09-07T19:01:32.199+0530: 46.994: Total time for which application threads were stopped: 0.0002388 seconds, Stopping threads took: 0.0000844 seconds
2018-09-07T19:01:32.215+0530: 47.010: Total time for which application threads were stopped: 0.0001799 seconds, Stopping threads took: 0.0000683 seconds
2018-09-07T19:01:32.391+0530: 47.186: Total time for which application threads were stopped: 0.0004066 seconds, Stopping threads took: 0.0000715 seconds
2018-09-07T19:01:32.429+0530: 47.224: Total time for which application threads were stopped: 0.0003157 seconds, Stopping threads took: 0.0000903 seconds
2018-09-07T19:01:32.429+0530: 47.224: Total time for which application threads were stopped: 0.0002177 seconds, Stopping threads took: 0.0000596 seconds
2018-09-07T19:01:32.430+0530: 47.225: Total time for which application threads were stopped: 0.0002337 seconds, Stopping threads took: 0.0000626 seconds
2018-09-07T19:01:32.438+0530: 47.233: Total time for which application threads were stopped: 0.0004526 seconds, Stopping threads took: 0.0001074 seconds
2018-09-07T19:01:32.449+0530: 47.244: Total time for which application threads were stopped: 0.0024022 seconds, Stopping threads took: 0.0019035 seconds
2018-09-07T19:01:32.479+0530: 47.274: Total time for which application threads were stopped: 0.0006447 seconds, Stopping threads took: 0.0003280 seconds
2018-09-07T19:01:32.481+0530: 47.276: Total time for which application threads were stopped: 0.0004282 seconds, Stopping threads took: 0.0001469 seconds
2018-09-07T19:01:32.482+0530: 47.277: Total time for which application threads were stopped: 0.0003742 seconds, Stopping threads took: 0.0001296 seconds
2018-09-07T19:01:32.482+0530: 47.277: Total time for which application threads were stopped: 0.0003636 seconds, Stopping threads took: 0.0001382 seconds
2018-09-07T19:01:32.484+0530: 47.279: Total time for which application threads were stopped: 0.0004047 seconds, Stopping threads took: 0.0001492 seconds
2018-09-07T19:01:32.486+0530: 47.281: Total time for which application threads were stopped: 0.0016403 seconds, Stopping threads took: 0.0013565 seconds
2018-09-07T19:01:32.489+0530: 47.284: Total time for which application threads were stopped: 0.0004334 seconds, Stopping threads took: 0.0001451 seconds
2018-09-07T19:01:32.489+0530: 47.285: Total time for which application threads were stopped: 0.0003575 seconds, Stopping threads took: 0.0001219 seconds
2018-09-07T19:01:32.499+0530: 47.294: Total time for which application threads were stopped: 0.0011441 seconds, Stopping threads took: 0.0001619 seconds
2018-09-07T19:01:32.501+0530: 47.296: Total time for which application threads were stopped: 0.0004819 seconds, Stopping threads took: 0.0001685 seconds
2018-09-07T19:01:32.543+0530: 47.338: Total time for which application threads were stopped: 0.0001048 seconds, Stopping threads took: 0.0000237 seconds
2018-09-07T19:01:32.548+0530: 47.343: Total time for which application threads were stopped: 0.0000926 seconds, Stopping threads took: 0.0000224 seconds
2018-09-07T19:01:32.549+0530: 47.344: Total time for which application threads were stopped: 0.0000672 seconds, Stopping threads took: 0.0000137 seconds
2018-09-07T19:01:32.549+0530: 47.344: Total time for which application threads were stopped: 0.0000874 seconds, Stopping threads took: 0.0000347 seconds
2018-09-07T19:01:32.549+0530: 47.344: Total time for which application threads were stopped: 0.0000978 seconds, Stopping threads took: 0.0000137 seconds
2018-09-07T19:01:32.550+0530: 47.345: Total time for which application threads were stopped: 0.0000908 seconds, Stopping threads took: 0.0000278 seconds
2018-09-07T19:01:32.550+0530: 47.345: Total time for which application threads were stopped: 0.0000687 seconds, Stopping threads took: 0.0000110 seconds
{Heap before GC invocations=5 (full 1):
 par new generation   total 109248K, used 109248K [0x00000000e0000000, 0x00000000e8000000, 0x00000000e8000000)
  eden space 87424K, 100% used [0x00000000e0000000, 0x00000000e5560000, 0x00000000e5560000)
  from space 21824K, 100% used [0x00000000e6ab0000, 0x00000000e8000000, 0x00000000e8000000)
  to   space 21824K,   0% used [0x00000000e5560000, 0x00000000e5560000, 0x00000000e6ab0000)
 concurrent mark-sweep generation total 393216K, used 0K [0x00000000e8000000, 0x0000000100000000, 0x0000000100000000)
 Metaspace       used 32755K, capacity 33561K, committed 33864K, reserved 1079296K
  class space    used 4039K, capacity 4317K, committed 4424K, reserved 1048576K
2018-09-07T19:01:32.812+0530: 47.607: [GC (Allocation Failure) 2018-09-07T19:01:32.813+0530: 47.608: [ParNew
Desired survivor size 20112992 bytes, new threshold 8 (max 8)
- age   1:     937528 bytes,     937528 total
- age   2:    2118800 bytes,    3056328 total
- age   3:    2109824 bytes,    5166152 total
- age   4:     901040 bytes,    6067192 total
- age   5:    2865000 bytes,    8932192 total
- age   6:    4952496 bytes,   13884688 total
: 109248K->15786K(109248K), 0.0957729 secs] 109248K->15786K(502464K), 0.1600986 secs] [Times: user=0.23 sys=0.02, real=0.16 secs] 
Heap after GC invocations=6 (full 1):
 par new generation   total 109248K, used 15786K [0x00000000e0000000, 0x00000000e8000000, 0x00000000e8000000)
  eden space 87424K,   0% used [0x00000000e0000000, 0x00000000e0000000, 0x00000000e5560000)
  from space 21824K,  72% used [0x00000000e5560000, 0x00000000e64cab30, 0x00000000e6ab0000)
  to   space 21824K,   0% used [0x00000000e6ab0000, 0x00000000e6ab0000, 0x00000000e8000000)
 concurrent mark-sweep generation total 393216K, used 0K [0x00000000e8000000, 0x0000000100000000, 0x0000000100000000)
 Metaspace       used 32755K, capacity 33561K, committed 33864K, reserved 1079296K
  class space    used 4039K, capacity 4317K, committed 4424K, reserved 1048576K
}
2018-09-07T19:01:32.973+0530: 47.768: Total time for which application threads were stopped: 0.1614930 seconds, Stopping threads took: 0.0000645 seconds
{Heap before GC invocations=6 (full 1):
 par new generation   total 109248K, used 103210K [0x00000000e0000000, 0x00000000e8000000, 0x00000000e8000000)
  eden space 87424K, 100% used [0x00000000e0000000, 0x00000000e5560000, 0x00000000e5560000)
  from space 21824K,  72% used [0x00000000e5560000, 0x00000000e64cab30, 0x00000000e6ab0000)
  to   space 21824K,   0% used [0x00000000e6ab0000, 0x00000000e6ab0000, 0x00000000e8000000)
 concurrent mark-sweep generation total 393216K, used 0K [0x00000000e8000000, 0x0000000100000000, 0x0000000100000000)
 Metaspace       used 32864K, capacity 33625K, committed 33864K, reserved 1079296K
  class space    used 4053K, capacity 4317K, committed 4424K, reserved 1048576K
2018-09-07T19:01:33.138+0530: 47.933: [GC (Allocation Failure) 2018-09-07T19:01:33.138+0530: 47.933: [ParNew
Desired survivor size 20112992 bytes, new threshold 8 (max 8)
- age   1:     899208 bytes,     899208 total
- age   2:     347272 bytes,    1246480 total
- age   3:    2116656 bytes,    3363136 total
- age   4:    2109520 bytes,    5472656 total
- age   5:     901040 bytes,    6373696 total
- age   6:    2864968 bytes,    9238664 total
- age   7:    4953152 bytes,   14191816 total
: 103210K->21824K(109248K), 0.0127714 secs] 103210K->21824K(502464K), 0.0129963 secs] [Times: user=0.05 sys=0.00, real=0.01 secs] 
Heap after GC invocations=7 (full 1):
 par new generation   total 109248K, used 21824K [0x00000000e0000000, 0x00000000e8000000, 0x00000000e8000000)
  eden space 87424K,   0% used [0x00000000e0000000, 0x00000000e0000000, 0x00000000e5560000)
  from space 21824K, 100% used [0x00000000e6ab0000, 0x00000000e8000000, 0x00000000e8000000)
  to   space 21824K,   0% used [0x00000000e5560000, 0x00000000e5560000, 0x00000000e6ab0000)
 concurrent mark-sweep generation total 393216K, used 0K [0x00000000e8000000, 0x0000000100000000, 0x0000000100000000)
 Metaspace       used 32864K, capacity 33625K, committed 33864K, reserved 1079296K
  class space    used 4053K, capacity 4317K, committed 4424K, reserved 1048576K
}
2018-09-07T19:01:33.151+0530: 47.946: Total time for which application threads were stopped: 0.0137060 seconds, Stopping threads took: 0.0004876 seconds
2018-09-07T19:01:33.236+0530: 48.031: Total time for which application threads were stopped: 0.0001367 seconds, Stopping threads took: 0.0000337 seconds
2018-09-07T19:01:33.236+0530: 48.031: Total time for which application threads were stopped: 0.0000646 seconds, Stopping threads took: 0.0000123 seconds
2018-09-07T19:01:33.369+0530: 48.164: Total time for which application threads were stopped: 0.0001100 seconds, Stopping threads took: 0.0000269 seconds
2018-09-07T19:01:33.369+0530: 48.164: Total time for which application threads were stopped: 0.0000537 seconds, Stopping threads took: 0.0000097 seconds
2018-09-07T19:01:33.369+0530: 48.164: Total time for which application threads were stopped: 0.0000442 seconds, Stopping threads took: 0.0000096 seconds
2018-09-07T19:01:33.369+0530: 48.164: Total time for which application threads were stopped: 0.0000444 seconds, Stopping threads took: 0.0000094 seconds
2018-09-07T19:01:33.370+0530: 48.165: Total time for which application threads were stopped: 0.0001147 seconds, Stopping threads took: 0.0000401 seconds
2018-09-07T19:01:33.628+0530: 48.423: Total time for which application threads were stopped: 0.0003253 seconds, Stopping threads took: 0.0000606 seconds
2018-09-07T19:01:33.628+0530: 48.423: Total time for which application threads were stopped: 0.0002513 seconds, Stopping threads took: 0.0000686 seconds
2018-09-07T19:01:33.629+0530: 48.424: Total time for which application threads were stopped: 0.0002311 seconds, Stopping threads took: 0.0000631 seconds
2018-09-07T19:01:33.724+0530: 48.519: Total time for which application threads were stopped: 0.0002154 seconds, Stopping threads took: 0.0000861 seconds
2018-09-07T19:01:33.745+0530: 48.540: Total time for which application threads were stopped: 0.0001309 seconds, Stopping threads took: 0.0000463 seconds
2018-09-07T19:01:33.745+0530: 48.540: Total time for which application threads were stopped: 0.0000946 seconds, Stopping threads took: 0.0000421 seconds
{Heap before GC invocations=7 (full 1):
 par new generation   total 109248K, used 109248K [0x00000000e0000000, 0x00000000e8000000, 0x00000000e8000000)
  eden space 87424K, 100% used [0x00000000e0000000, 0x00000000e5560000, 0x00000000e5560000)
  from space 21824K, 100% used [0x00000000e6ab0000, 0x00000000e8000000, 0x00000000e8000000)
  to   space 21824K,   0% used [0x00000000e5560000, 0x00000000e5560000, 0x00000000e6ab0000)
 concurrent mark-sweep generation total 393216K, used 0K [0x00000000e8000000, 0x0000000100000000, 0x0000000100000000)
 Metaspace       used 33494K, capacity 34303K, committed 34376K, reserved 1079296K
  class space    used 4132K, capacity 4414K, committed 4424K, reserved 1048576K
2018-09-07T19:01:33.778+0530: 48.573: [GC (Allocation Failure) 2018-09-07T19:01:33.778+0530: 48.573: [ParNew
Desired survivor size 20112992 bytes, new threshold 8 (max 8)
- age   1:     752440 bytes,     752440 total
- age   2:      99208 bytes,     851648 total
- age   3:     338920 bytes,    1190568 total
- age   4:    2115440 bytes,    3306008 total
- age   5:    2109104 bytes,    5415112 total
- age   6:     898800 bytes,    6313912 total
- age   7:    2864296 bytes,    9178208 total
- age   8:    4953720 bytes,   14131928 total
: 109248K->17604K(109248K), 0.0162952 secs] 109248K->17604K(502464K), 0.0165445 secs] [Times: user=0.06 sys=0.00, real=0.01 secs] 
Heap after GC invocations=8 (full 1):
 par new generation   total 109248K, used 17604K [0x00000000e0000000, 0x00000000e8000000, 0x00000000e8000000)
  eden space 87424K,   0% used [0x00000000e0000000, 0x00000000e0000000, 0x00000000e5560000)
  from space 21824K,  80% used [0x00000000e5560000, 0x00000000e6691290, 0x00000000e6ab0000)
  to   space 21824K,   0% used [0x00000000e6ab0000, 0x00000000e6ab0000, 0x00000000e8000000)
 concurrent mark-sweep generation total 393216K, used 0K [0x00000000e8000000, 0x0000000100000000, 0x0000000100000000)
 Metaspace       used 33494K, capacity 34303K, committed 34376K, reserved 1079296K
  class space    used 4132K, capacity 4414K, committed 4424K, reserved 1048576K
}
2018-09-07T19:01:33.795+0530: 48.590: Total time for which application threads were stopped: 0.0167994 seconds, Stopping threads took: 0.0000290 seconds
2018-09-07T19:01:33.802+0530: 48.597: Total time for which application threads were stopped: 0.0001159 seconds, Stopping threads took: 0.0000397 seconds
2018-09-07T19:01:34.201+0530: 48.996: Total time for which application threads were stopped: 0.0015099 seconds, Stopping threads took: 0.0000646 seconds
2018-09-07T19:01:34.921+0530: 49.716: Total time for which application threads were stopped: 0.0002492 seconds, Stopping threads took: 0.0000716 seconds
2018-09-07T19:01:34.924+0530: 49.719: Total time for which application threads were stopped: 0.0001192 seconds, Stopping threads took: 0.0000444 seconds
2018-09-07T19:01:34.928+0530: 49.723: Total time for which application threads were stopped: 0.0002278 seconds, Stopping threads took: 0.0001064 seconds
2018-09-07T19:01:35.021+0530: 49.816: Total time for which application threads were stopped: 0.0002726 seconds, Stopping threads took: 0.0000857 seconds
{Heap before GC invocations=8 (full 1):
 par new generation   total 109248K, used 105028K [0x00000000e0000000, 0x00000000e8000000, 0x00000000e8000000)
  eden space 87424K, 100% used [0x00000000e0000000, 0x00000000e5560000, 0x00000000e5560000)
  from space 21824K,  80% used [0x00000000e5560000, 0x00000000e6691290, 0x00000000e6ab0000)
  to   space 21824K,   0% used [0x00000000e6ab0000, 0x00000000e6ab0000, 0x00000000e8000000)
 concurrent mark-sweep generation total 393216K, used 0K [0x00000000e8000000, 0x0000000100000000, 0x0000000100000000)
 Metaspace       used 34752K, capacity 35629K, committed 35784K, reserved 1081344K
  class space    used 4254K, capacity 4525K, committed 4552K, reserved 1048576K
2018-09-07T19:01:35.067+0530: 49.862: [GC (Allocation Failure) 2018-09-07T19:01:35.067+0530: 49.862: [ParNew
Desired survivor size 20112992 bytes, new threshold 8 (max 8)
- age   1:    3187352 bytes,    3187352 total
- age   2:      88424 bytes,    3275776 total
- age   3:      24176 bytes,    3299952 total
- age   4:     256496 bytes,    3556448 total
- age   5:     506856 bytes,    4063304 total
- age   6:    1265120 bytes,    5328424 total
- age   7:     887112 bytes,    6215536 total
- age   8:    2863592 bytes,    9079128 total
: 105028K->14937K(109248K), 0.0408440 secs] 105028K->20270K(502464K), 0.0411993 secs] [Times: user=0.14 sys=0.00, real=0.04 secs] 
Heap after GC invocations=9 (full 1):
 par new generation   total 109248K, used 14937K [0x00000000e0000000, 0x00000000e8000000, 0x00000000e8000000)
  eden space 87424K,   0% used [0x00000000e0000000, 0x00000000e0000000, 0x00000000e5560000)
  from space 21824K,  68% used [0x00000000e6ab0000, 0x00000000e7946628, 0x00000000e8000000)
  to   space 21824K,   0% used [0x00000000e5560000, 0x00000000e5560000, 0x00000000e6ab0000)
 concurrent mark-sweep generation total 393216K, used 5333K [0x00000000e8000000, 0x0000000100000000, 0x0000000100000000)
 Metaspace       used 34752K, capacity 35629K, committed 35784K, reserved 1081344K
  class space    used 4254K, capacity 4525K, committed 4552K, reserved 1048576K
}
2018-09-07T19:01:35.108+0530: 49.903: Total time for which application threads were stopped: 0.0415796 seconds, Stopping threads took: 0.0000826 seconds
2018-09-07T19:01:35.120+0530: 49.915: Total time for which application threads were stopped: 0.0019720 seconds, Stopping threads took: 0.0018772 seconds
2018-09-07T19:01:35.120+0530: 49.915: Total time for which application threads were stopped: 0.0000940 seconds, Stopping threads took: 0.0000293 seconds
{Heap before GC invocations=9 (full 1):
 par new generation   total 109248K, used 102361K [0x00000000e0000000, 0x00000000e8000000, 0x00000000e8000000)
  eden space 87424K, 100% used [0x00000000e0000000, 0x00000000e5560000, 0x00000000e5560000)
  from space 21824K,  68% used [0x00000000e6ab0000, 0x00000000e7946628, 0x00000000e8000000)
  to   space 21824K,   0% used [0x00000000e5560000, 0x00000000e5560000, 0x00000000e6ab0000)
 concurrent mark-sweep generation total 393216K, used 5333K [0x00000000e8000000, 0x0000000100000000, 0x0000000100000000)
 Metaspace       used 34785K, capacity 35647K, committed 35784K, reserved 1081344K
  class space    used 4256K, capacity 4528K, committed 4552K, reserved 1048576K
2018-09-07T19:01:35.188+0530: 49.983: [GC (Allocation Failure) 2018-09-07T19:01:35.188+0530: 49.983: [ParNew
Desired survivor size 20112992 bytes, new threshold 8 (max 8)
- age   1:    1893720 bytes,    1893720 total
- age   2:    1741760 bytes,    3635480 total
- age   3:      88424 bytes,    3723904 total
- age   4:      24176 bytes,    3748080 total
- age   5:     256184 bytes,    4004264 total
- age   6:     506856 bytes,    4511120 total
- age   7:    1265120 bytes,    5776240 total
- age   8:     887136 bytes,    6663376 total
: 102361K->9107K(109248K), 0.0125272 secs] 107694K->17264K(502464K), 0.0128104 secs] [Times: user=0.05 sys=0.00, real=0.01 secs] 
Heap after GC invocations=10 (full 1):
 par new generation   total 109248K, used 9107K [0x00000000e0000000, 0x00000000e8000000, 0x00000000e8000000)
  eden space 87424K,   0% used [0x00000000e0000000, 0x00000000e0000000, 0x00000000e5560000)
  from space 21824K,  41% used [0x00000000e5560000, 0x00000000e5e44c70, 0x00000000e6ab0000)
  to   space 21824K,   0% used [0x00000000e6ab0000, 0x00000000e6ab0000, 0x00000000e8000000)
 concurrent mark-sweep generation total 393216K, used 8157K [0x00000000e8000000, 0x0000000100000000, 0x0000000100000000)
 Metaspace       used 34785K, capacity 35647K, committed 35784K, reserved 1081344K
  class space    used 4256K, capacity 4528K, committed 4552K, reserved 1048576K
}
2018-09-07T19:01:35.201+0530: 49.996: Total time for which application threads were stopped: 0.0131683 seconds, Stopping threads took: 0.0000748 seconds
2018-09-07T19:01:35.201+0530: 49.996: Total time for which application threads were stopped: 0.0001539 seconds, Stopping threads took: 0.0000624 seconds
2018-09-07T19:01:35.201+0530: 49.996: Total time for which application threads were stopped: 0.0001141 seconds, Stopping threads took: 0.0000276 seconds
{Heap before GC invocations=10 (full 1):
 par new generation   total 109248K, used 96531K [0x00000000e0000000, 0x00000000e8000000, 0x00000000e8000000)
  eden space 87424K, 100% used [0x00000000e0000000, 0x00000000e5560000, 0x00000000e5560000)
  from space 21824K,  41% used [0x00000000e5560000, 0x00000000e5e44c70, 0x00000000e6ab0000)
  to   space 21824K,   0% used [0x00000000e6ab0000, 0x00000000e6ab0000, 0x00000000e8000000)
 concurrent mark-sweep generation total 393216K, used 8157K [0x00000000e8000000, 0x0000000100000000, 0x0000000100000000)
 Metaspace       used 34799K, capacity 35659K, committed 35784K, reserved 1081344K
  class space    used 4257K, capacity 4530K, committed 4552K, reserved 1048576K
2018-09-07T19:01:35.253+0530: 50.048: [GC (Allocation Failure) 2018-09-07T19:01:35.260+0530: 50.055: [ParNew
Desired survivor size 20112992 bytes, new threshold 8 (max 8)
- age   1:     249304 bytes,     249304 total
- age   2:    1631376 bytes,    1880680 total
- age   3:    1722272 bytes,    3602952 total
- age   4:      88424 bytes,    3691376 total
- age   5:      24176 bytes,    3715552 total
- age   6:     255976 bytes,    3971528 total
- age   7:     506856 bytes,    4478384 total
- age   8:    1265120 bytes,    5743504 total
: 96531K->6547K(109248K), 0.0083702 secs] 104688K->15582K(502464K), 0.0153826 secs] [Times: user=0.03 sys=0.00, real=0.02 secs] 
Heap after GC invocations=11 (full 1):
 par new generation   total 109248K, used 6547K [0x00000000e0000000, 0x00000000e8000000, 0x00000000e8000000)
  eden space 87424K,   0% used [0x00000000e0000000, 0x00000000e0000000, 0x00000000e5560000)
  from space 21824K,  29% used [0x00000000e6ab0000, 0x00000000e7114c50, 0x00000000e8000000)
  to   space 21824K,   0% used [0x00000000e5560000, 0x00000000e5560000, 0x00000000e6ab0000)
 concurrent mark-sweep generation total 393216K, used 9035K [0x00000000e8000000, 0x0000000100000000, 0x0000000100000000)
 Metaspace       used 34799K, capacity 35659K, committed 35784K, reserved 1081344K
  class space    used 4257K, capacity 4530K, committed 4552K, reserved 1048576K
}
2018-09-07T19:01:35.268+0530: 50.063: Total time for which application threads were stopped: 0.0157048 seconds, Stopping threads took: 0.0000816 seconds
{Heap before GC invocations=11 (full 1):
 par new generation   total 109248K, used 93776K [0x00000000e0000000, 0x00000000e8000000, 0x00000000e8000000)
  eden space 87424K,  99% used [0x00000000e0000000, 0x00000000e552f5f8, 0x00000000e5560000)
  from space 21824K,  29% used [0x00000000e6ab0000, 0x00000000e7114c50, 0x00000000e8000000)
  to   space 21824K,   0% used [0x00000000e5560000, 0x00000000e5560000, 0x00000000e6ab0000)
 concurrent mark-sweep generation total 393216K, used 9035K [0x00000000e8000000, 0x0000000100000000, 0x0000000100000000)
 Metaspace       used 34804K, capacity 35665K, committed 35784K, reserved 1081344K
  class space    used 4257K, capacity 4531K, committed 4552K, reserved 1048576K
2018-09-07T19:01:35.330+0530: 50.125: [GC (Allocation Failure) 2018-09-07T19:01:35.330+0530: 50.125: [ParNew
Desired survivor size 20112992 bytes, new threshold 8 (max 8)
- age   1:     771096 bytes,     771096 total
- age   2:      89984 bytes,     861080 total
- age   3:    1630648 bytes,    2491728 total
- age   4:    1722272 bytes,    4214000 total
- age   5:      88424 bytes,    4302424 total
- age   6:      24072 bytes,    4326496 total
- age   7:     255976 bytes,    4582472 total
- age   8:     506856 bytes,    5089328 total
: 93776K->7712K(109248K), 0.0215154 secs] 102812K->18002K(502464K), 0.0218510 secs] [Times: user=0.06 sys=0.00, real=0.02 secs] 
Heap after GC invocations=12 (full 1):
 par new generation   total 109248K, used 7712K [0x00000000e0000000, 0x00000000e8000000, 0x00000000e8000000)
  eden space 87424K,   0% used [0x00000000e0000000, 0x00000000e0000000, 0x00000000e5560000)
  from space 21824K,  35% used [0x00000000e5560000, 0x00000000e5ce81f0, 0x00000000e6ab0000)
  to   space 21824K,   0% used [0x00000000e6ab0000, 0x00000000e6ab0000, 0x00000000e8000000)
 concurrent mark-sweep generation total 393216K, used 10289K [0x00000000e8000000, 0x0000000100000000, 0x0000000100000000)
 Metaspace       used 34804K, capacity 35665K, committed 35784K, reserved 1081344K
  class space    used 4257K, capacity 4531K, committed 4552K, reserved 1048576K
}
2018-09-07T19:01:35.352+0530: 50.147: Total time for which application threads were stopped: 0.0222138 seconds, Stopping threads took: 0.0000771 seconds
2018-09-07T19:01:35.623+0530: 50.418: Total time for which application threads were stopped: 0.0005465 seconds, Stopping threads took: 0.0000537 seconds
2018-09-07T19:01:35.684+0530: 50.479: Total time for which application threads were stopped: 0.0002468 seconds, Stopping threads took: 0.0000538 seconds
2018-09-07T19:01:35.684+0530: 50.479: Total time for which application threads were stopped: 0.0001763 seconds, Stopping threads took: 0.0000341 seconds
2018-09-07T19:01:35.685+0530: 50.480: Total time for which application threads were stopped: 0.0002397 seconds, Stopping threads took: 0.0001014 seconds
2018-09-07T19:01:35.798+0530: 50.593: Total time for which application threads were stopped: 0.0011848 seconds, Stopping threads took: 0.0000542 seconds
2018-09-07T19:01:35.972+0530: 50.767: Total time for which application threads were stopped: 0.0002088 seconds, Stopping threads took: 0.0000587 seconds
2018-09-07T19:01:35.996+0530: 50.791: Total time for which application threads were stopped: 0.0001976 seconds, Stopping threads took: 0.0000680 seconds
2018-09-07T19:01:35.996+0530: 50.792: Total time for which application threads were stopped: 0.0002787 seconds, Stopping threads took: 0.0000229 seconds
2018-09-07T19:01:36.216+0530: 51.011: Total time for which application threads were stopped: 0.0001515 seconds, Stopping threads took: 0.0000355 seconds
{Heap before GC invocations=12 (full 1):
 par new generation   total 109248K, used 95136K [0x00000000e0000000, 0x00000000e8000000, 0x00000000e8000000)
  eden space 87424K, 100% used [0x00000000e0000000, 0x00000000e5560000, 0x00000000e5560000)
  from space 21824K,  35% used [0x00000000e5560000, 0x00000000e5ce81f0, 0x00000000e6ab0000)
  to   space 21824K,   0% used [0x00000000e6ab0000, 0x00000000e6ab0000, 0x00000000e8000000)
 concurrent mark-sweep generation total 393216K, used 10289K [0x00000000e8000000, 0x0000000100000000, 0x0000000100000000)
 Metaspace       used 36293K, capacity 37319K, committed 37576K, reserved 1081344K
  class space    used 4506K, capacity 4800K, committed 4808K, reserved 1048576K
2018-09-07T19:01:36.243+0530: 51.038: [GC (Allocation Failure) 2018-09-07T19:01:36.243+0530: 51.038: [ParNew
Desired survivor size 20112992 bytes, new threshold 8 (max 8)
- age   1:    2703672 bytes,    2703672 total
- age   2:      81848 bytes,    2785520 total
- age   3:      89096 bytes,    2874616 total
- age   4:     195192 bytes,    3069808 total
- age   5:    1717168 bytes,    4786976 total
- age   6:      88424 bytes,    4875400 total
- age   7:      24072 bytes,    4899472 total
- age   8:     255928 bytes,    5155400 total
: 95136K->6319K(109248K), 0.0153214 secs] 105426K->17111K(502464K), 0.0156014 secs] [Times: user=0.06 sys=0.00, real=0.02 secs] 
Heap after GC invocations=13 (full 1):
 par new generation   total 109248K, used 6319K [0x00000000e0000000, 0x00000000e8000000, 0x00000000e8000000)
  eden space 87424K,   0% used [0x00000000e0000000, 0x00000000e0000000, 0x00000000e5560000)
  from space 21824K,  28% used [0x00000000e6ab0000, 0x00000000e70dbf10, 0x00000000e8000000)
  to   space 21824K,   0% used [0x00000000e5560000, 0x00000000e5560000, 0x00000000e6ab0000)
 concurrent mark-sweep generation total 393216K, used 10791K [0x00000000e8000000, 0x0000000100000000, 0x0000000100000000)
 Metaspace       used 36293K, capacity 37319K, committed 37576K, reserved 1081344K
  class space    used 4506K, capacity 4800K, committed 4808K, reserved 1048576K
}
2018-09-07T19:01:36.258+0530: 51.053: Total time for which application threads were stopped: 0.0158793 seconds, Stopping threads took: 0.0000315 seconds
2018-09-07T19:01:36.444+0530: 51.239: Total time for which application threads were stopped: 0.0001635 seconds, Stopping threads took: 0.0000339 seconds
2018-09-07T19:01:36.459+0530: 51.254: Total time for which application threads were stopped: 0.0001604 seconds, Stopping threads took: 0.0000454 seconds
2018-09-07T19:01:36.551+0530: 51.346: Total time for which application threads were stopped: 0.0001204 seconds, Stopping threads took: 0.0000292 seconds
2018-09-07T19:01:36.552+0530: 51.347: Total time for which application threads were stopped: 0.0001594 seconds, Stopping threads took: 0.0000407 seconds
2018-09-07T19:01:36.553+0530: 51.348: Total time for which application threads were stopped: 0.0000882 seconds, Stopping threads took: 0.0000215 seconds
2018-09-07T19:01:36.555+0530: 51.350: Total time for which application threads were stopped: 0.0001554 seconds, Stopping threads took: 0.0000480 seconds
2018-09-07T19:01:36.561+0530: 51.356: Total time for which application threads were stopped: 0.0001811 seconds, Stopping threads took: 0.0000444 seconds
2018-09-07T19:01:36.580+0530: 51.375: Total time for which application threads were stopped: 0.0002549 seconds, Stopping threads took: 0.0001090 seconds
2018-09-07T19:01:36.580+0530: 51.375: Total time for which application threads were stopped: 0.0001023 seconds, Stopping threads took: 0.0000242 seconds
2018-09-07T19:01:36.580+0530: 51.375: Total time for which application threads were stopped: 0.0001306 seconds, Stopping threads took: 0.0000471 seconds
2018-09-07T19:01:36.581+0530: 51.376: Total time for which application threads were stopped: 0.0001231 seconds, Stopping threads took: 0.0000241 seconds
2018-09-07T19:01:36.597+0530: 51.392: Total time for which application threads were stopped: 0.0002069 seconds, Stopping threads took: 0.0000551 seconds
2018-09-07T19:01:36.601+0530: 51.396: Total time for which application threads were stopped: 0.0001716 seconds, Stopping threads took: 0.0000319 seconds
2018-09-07T19:01:36.666+0530: 51.461: Total time for which application threads were stopped: 0.0003341 seconds, Stopping threads took: 0.0000538 seconds
{Heap before GC invocations=13 (full 1):
 par new generation   total 109248K, used 93743K [0x00000000e0000000, 0x00000000e8000000, 0x00000000e8000000)
  eden space 87424K, 100% used [0x00000000e0000000, 0x00000000e5560000, 0x00000000e5560000)
  from space 21824K,  28% used [0x00000000e6ab0000, 0x00000000e70dbf10, 0x00000000e8000000)
  to   space 21824K,   0% used [0x00000000e5560000, 0x00000000e5560000, 0x00000000e6ab0000)
 concurrent mark-sweep generation total 393216K, used 10791K [0x00000000e8000000, 0x0000000100000000, 0x0000000100000000)
 Metaspace       used 37401K, capacity 38489K, committed 38728K, reserved 1083392K
  class space    used 4597K, capacity 4877K, committed 4936K, reserved 1048576K
2018-09-07T19:01:37.247+0530: 52.042: [GC (Allocation Failure) 2018-09-07T19:01:37.247+0530: 52.042: [ParNew
Desired survivor size 20112992 bytes, new threshold 8 (max 8)
- age   1:    2548248 bytes,    2548248 total
- age   2:    1382008 bytes,    3930256 total
- age   3:      81848 bytes,    4012104 total
- age   4:      89096 bytes,    4101200 total
- age   5:     194296 bytes,    4295496 total
- age   6:    1713928 bytes,    6009424 total
- age   7:      88232 bytes,    6097656 total
- age   8:      23224 bytes,    6120880 total
: 93743K->7713K(109248K), 0.0077174 secs] 104535K->18760K(502464K), 0.0079639 secs] [Times: user=0.03 sys=0.00, real=0.00 secs] 
Heap after GC invocations=14 (full 1):
 par new generation   total 109248K, used 7713K [0x00000000e0000000, 0x00000000e8000000, 0x00000000e8000000)
  eden space 87424K,   0% used [0x00000000e0000000, 0x00000000e0000000, 0x00000000e5560000)
  from space 21824K,  35% used [0x00000000e5560000, 0x00000000e5ce8720, 0x00000000e6ab0000)
  to   space 21824K,   0% used [0x00000000e6ab0000, 0x00000000e6ab0000, 0x00000000e8000000)
 concurrent mark-sweep generation total 393216K, used 11046K [0x00000000e8000000, 0x0000000100000000, 0x0000000100000000)
 Metaspace       used 37401K, capacity 38489K, committed 38728K, reserved 1083392K
  class space    used 4597K, capacity 4877K, committed 4936K, reserved 1048576K
}
2018-09-07T19:01:37.255+0530: 52.050: Total time for which application threads were stopped: 0.0083300 seconds, Stopping threads took: 0.0001260 seconds
2018-09-07T19:01:37.509+0530: 52.304: Total time for which application threads were stopped: 0.0017359 seconds, Stopping threads took: 0.0015949 seconds
2018-09-07T19:01:37.510+0530: 52.305: Total time for which application threads were stopped: 0.0001040 seconds, Stopping threads took: 0.0000319 seconds
2018-09-07T19:01:37.581+0530: 52.376: Total time for which application threads were stopped: 0.0009006 seconds, Stopping threads took: 0.0000336 seconds
2018-09-07T19:01:37.604+0530: 52.399: Total time for which application threads were stopped: 0.0009372 seconds, Stopping threads took: 0.0008028 seconds
2018-09-07T19:01:37.649+0530: 52.444: Total time for which application threads were stopped: 0.0001313 seconds, Stopping threads took: 0.0000368 seconds
2018-09-07T19:01:37.654+0530: 52.449: Total time for which application threads were stopped: 0.0005656 seconds, Stopping threads took: 0.0000250 seconds
2018-09-07T19:01:37.740+0530: 52.535: Total time for which application threads were stopped: 0.0001115 seconds, Stopping threads took: 0.0000231 seconds
2018-09-07T19:01:37.748+0530: 52.543: Total time for which application threads were stopped: 0.0004769 seconds, Stopping threads took: 0.0000228 seconds
2018-09-07T19:01:37.770+0530: 52.565: Total time for which application threads were stopped: 0.0001017 seconds, Stopping threads took: 0.0000218 seconds
2018-09-07T19:01:37.786+0530: 52.581: Total time for which application threads were stopped: 0.0002364 seconds, Stopping threads took: 0.0000243 seconds
2018-09-07T19:01:37.792+0530: 52.587: Total time for which application threads were stopped: 0.0001240 seconds, Stopping threads took: 0.0000234 seconds
2018-09-07T19:01:37.792+0530: 52.587: Total time for which application threads were stopped: 0.0000664 seconds, Stopping threads took: 0.0000090 seconds
2018-09-07T19:01:37.792+0530: 52.587: Total time for which application threads were stopped: 0.0000534 seconds, Stopping threads took: 0.0000072 seconds
2018-09-07T19:01:37.871+0530: 52.666: Total time for which application threads were stopped: 0.0002255 seconds, Stopping threads took: 0.0000818 seconds
2018-09-07T19:01:37.872+0530: 52.667: Total time for which application threads were stopped: 0.0001665 seconds, Stopping threads took: 0.0000403 seconds
2018-09-07T19:01:37.944+0530: 52.739: Total time for which application threads were stopped: 0.0022310 seconds, Stopping threads took: 0.0019886 seconds
2018-09-07T19:01:37.949+0530: 52.744: Total time for which application threads were stopped: 0.0003186 seconds, Stopping threads took: 0.0001006 seconds
2018-09-07T19:01:37.949+0530: 52.745: Total time for which application threads were stopped: 0.0002248 seconds, Stopping threads took: 0.0000724 seconds
2018-09-07T19:01:38.018+0530: 52.813: Total time for which application threads were stopped: 0.0004982 seconds, Stopping threads took: 0.0002770 seconds
2018-09-07T19:01:38.021+0530: 52.816: Total time for which application threads were stopped: 0.0015217 seconds, Stopping threads took: 0.0013156 seconds
2018-09-07T19:01:38.022+0530: 52.817: Total time for which application threads were stopped: 0.0003200 seconds, Stopping threads took: 0.0000968 seconds
2018-09-07T19:01:38.060+0530: 52.856: Total time for which application threads were stopped: 0.0046607 seconds, Stopping threads took: 0.0039650 seconds
2018-09-07T19:01:38.065+0530: 52.860: Total time for which application threads were stopped: 0.0003063 seconds, Stopping threads took: 0.0001102 seconds
2018-09-07T19:01:38.094+0530: 52.889: Total time for which application threads were stopped: 0.0003228 seconds, Stopping threads took: 0.0000477 seconds
2018-09-07T19:01:38.143+0530: 52.938: Total time for which application threads were stopped: 0.0001551 seconds, Stopping threads took: 0.0000345 seconds
2018-09-07T19:01:38.193+0530: 52.988: Total time for which application threads were stopped: 0.0054093 seconds, Stopping threads took: 0.0052089 seconds
2018-09-07T19:01:38.372+0530: 53.167: Total time for which application threads were stopped: 0.0003437 seconds, Stopping threads took: 0.0000470 seconds
2018-09-07T19:01:38.505+0530: 53.300: Total time for which application threads were stopped: 0.0001858 seconds, Stopping threads took: 0.0000468 seconds
2018-09-07T19:01:38.708+0530: 53.503: Total time for which application threads were stopped: 0.0004154 seconds, Stopping threads took: 0.0001725 seconds
2018-09-07T19:01:38.709+0530: 53.504: Total time for which application threads were stopped: 0.0003949 seconds, Stopping threads took: 0.0002014 seconds
2018-09-07T19:01:38.709+0530: 53.504: Total time for which application threads were stopped: 0.0002051 seconds, Stopping threads took: 0.0000763 seconds
2018-09-07T19:01:38.710+0530: 53.505: Total time for which application threads were stopped: 0.0001581 seconds, Stopping threads took: 0.0000417 seconds
2018-09-07T19:01:38.710+0530: 53.505: Total time for which application threads were stopped: 0.0001935 seconds, Stopping threads took: 0.0000709 seconds
2018-09-07T19:01:38.720+0530: 53.515: Total time for which application threads were stopped: 0.0003517 seconds, Stopping threads took: 0.0001569 seconds
2018-09-07T19:01:38.741+0530: 53.536: Total time for which application threads were stopped: 0.0002493 seconds, Stopping threads took: 0.0000643 seconds
2018-09-07T19:01:38.782+0530: 53.577: Total time for which application threads were stopped: 0.0011311 seconds, Stopping threads took: 0.0000450 seconds
2018-09-07T19:01:38.881+0530: 53.676: Total time for which application threads were stopped: 0.0001881 seconds, Stopping threads took: 0.0000385 seconds
2018-09-07T19:01:38.882+0530: 53.677: Total time for which application threads were stopped: 0.0001322 seconds, Stopping threads took: 0.0000274 seconds
2018-09-07T19:01:42.884+0530: 57.679: Total time for which application threads were stopped: 0.0003786 seconds, Stopping threads took: 0.0000713 seconds
2018-09-07T19:01:46.885+0530: 61.680: Total time for which application threads were stopped: 0.0003229 seconds, Stopping threads took: 0.0000740 seconds
2018-09-07T19:01:48.886+0530: 63.681: Total time for which application threads were stopped: 0.0003174 seconds, Stopping threads took: 0.0000670 seconds
2018-09-07T19:01:49.886+0530: 64.681: Total time for which application threads were stopped: 0.0003883 seconds, Stopping threads took: 0.0000830 seconds
2018-09-07T19:01:54.888+0530: 69.683: Total time for which application threads were stopped: 0.0003172 seconds, Stopping threads took: 0.0000657 seconds
2018-09-07T19:02:05.890+0530: 80.685: Total time for which application threads were stopped: 0.0003383 seconds, Stopping threads took: 0.0000707 seconds
2018-09-07T19:02:09.892+0530: 84.687: Total time for which application threads were stopped: 0.0003226 seconds, Stopping threads took: 0.0000662 seconds
2018-09-07T19:02:18.894+0530: 93.689: Total time for which application threads were stopped: 0.0003266 seconds, Stopping threads took: 0.0000757 seconds
2018-09-07T19:02:21.895+0530: 96.690: Total time for which application threads were stopped: 0.0003159 seconds, Stopping threads took: 0.0000655 seconds
2018-09-07T19:02:25.896+0530: 100.691: Total time for which application threads were stopped: 0.0005868 seconds, Stopping threads took: 0.0002423 seconds
2018-09-07T19:02:26.749+0530: 101.544: Total time for which application threads were stopped: 0.0003863 seconds, Stopping threads took: 0.0000707 seconds
2018-09-07T19:02:26.751+0530: 101.546: Total time for which application threads were stopped: 0.0003080 seconds, Stopping threads took: 0.0000620 seconds
2018-09-07T19:02:31.304+0530: 106.099: Total time for which application threads were stopped: 0.0005871 seconds, Stopping threads took: 0.0001474 seconds
2018-09-07T19:02:32.303+0530: 107.098: Total time for which application threads were stopped: 0.0006676 seconds, Stopping threads took: 0.0001923 seconds
2018-09-07T19:02:33.304+0530: 108.099: Total time for which application threads were stopped: 0.0003810 seconds, Stopping threads took: 0.0000665 seconds
2018-09-07T19:02:34.304+0530: 109.099: Total time for which application threads were stopped: 0.0002001 seconds, Stopping threads took: 0.0000281 seconds
2018-09-07T19:02:35.305+0530: 110.100: Total time for which application threads were stopped: 0.0004899 seconds, Stopping threads took: 0.0000761 seconds
{Heap before GC invocations=14 (full 1):
 par new generation   total 109248K, used 95137K [0x00000000e0000000, 0x00000000e8000000, 0x00000000e8000000)
  eden space 87424K, 100% used [0x00000000e0000000, 0x00000000e5560000, 0x00000000e5560000)
  from space 21824K,  35% used [0x00000000e5560000, 0x00000000e5ce8720, 0x00000000e6ab0000)
  to   space 21824K,   0% used [0x00000000e6ab0000, 0x00000000e6ab0000, 0x00000000e8000000)
 concurrent mark-sweep generation total 393216K, used 11046K [0x00000000e8000000, 0x0000000100000000, 0x0000000100000000)
 Metaspace       used 40380K, capacity 41827K, committed 42056K, reserved 1085440K
  class space    used 5030K, capacity 5364K, committed 5448K, reserved 1048576K
2018-09-07T19:02:35.361+0530: 110.156: [GC (Allocation Failure) 2018-09-07T19:02:35.363+0530: 110.158: [ParNew
Desired survivor size 20112992 bytes, new threshold 8 (max 8)
- age   1:    9216112 bytes,    9216112 total
- age   2:    1127520 bytes,   10343632 total
- age   3:    1376000 bytes,   11719632 total
- age   4:      81848 bytes,   11801480 total
- age   5:      89096 bytes,   11890576 total
- age   6:     194120 bytes,   12084696 total
- age   7:    1697640 bytes,   13782336 total
- age   8:      88200 bytes,   13870536 total
: 95137K->14209K(109248K), 0.0852356 secs] 106184K->25279K(502464K), 0.0878599 secs] [Times: user=0.13 sys=0.01, real=0.09 secs] 
Heap after GC invocations=15 (full 1):
 par new generation   total 109248K, used 14209K [0x00000000e0000000, 0x00000000e8000000, 0x00000000e8000000)
  eden space 87424K,   0% used [0x00000000e0000000, 0x00000000e0000000, 0x00000000e5560000)
  from space 21824K,  65% used [0x00000000e6ab0000, 0x00000000e7890780, 0x00000000e8000000)
  to   space 21824K,   0% used [0x00000000e5560000, 0x00000000e5560000, 0x00000000e6ab0000)
 concurrent mark-sweep generation total 393216K, used 11069K [0x00000000e8000000, 0x0000000100000000, 0x0000000100000000)
 Metaspace       used 40380K, capacity 41827K, committed 42056K, reserved 1085440K
  class space    used 5030K, capacity 5364K, committed 5448K, reserved 1048576K
}
2018-09-07T19:02:35.449+0530: 110.244: Total time for which application threads were stopped: 0.0885853 seconds, Stopping threads took: 0.0000713 seconds
2018-09-07T19:02:37.449+0530: 112.244: Total time for which application threads were stopped: 0.0004012 seconds, Stopping threads took: 0.0000666 seconds
{Heap before GC invocations=15 (full 1):
 par new generation   total 109248K, used 101633K [0x00000000e0000000, 0x00000000e8000000, 0x00000000e8000000)
  eden space 87424K, 100% used [0x00000000e0000000, 0x00000000e5560000, 0x00000000e5560000)
  from space 21824K,  65% used [0x00000000e6ab0000, 0x00000000e7890780, 0x00000000e8000000)
  to   space 21824K,   0% used [0x00000000e5560000, 0x00000000e5560000, 0x00000000e6ab0000)
 concurrent mark-sweep generation total 393216K, used 11069K [0x00000000e8000000, 0x0000000100000000, 0x0000000100000000)
 Metaspace       used 40416K, capacity 41831K, committed 42056K, reserved 1085440K
  class space    used 5030K, capacity 5364K, committed 5448K, reserved 1048576K
2018-09-07T19:02:37.914+0530: 112.709: [GC (Allocation Failure) 2018-09-07T19:02:37.916+0530: 112.711: [ParNew
Desired survivor size 20112992 bytes, new threshold 8 (max 8)
- age   1:    2549304 bytes,    2549304 total
- age   2:    5872376 bytes,    8421680 total
- age   3:    1127496 bytes,    9549176 total
- age   4:    1376000 bytes,   10925176 total
- age   5:      81848 bytes,   11007024 total
- age   6:      89096 bytes,   11096120 total
- age   7:     194120 bytes,   11290240 total
- age   8:    1689784 bytes,   12980024 total
: 101633K->19241K(109248K), 0.0398869 secs] 112703K->30399K(502464K), 0.0423945 secs] [Times: user=0.10 sys=0.00, real=0.04 secs] 
Heap after GC invocations=16 (full 1):
 par new generation   total 109248K, used 19241K [0x00000000e0000000, 0x00000000e8000000, 0x00000000e8000000)
  eden space 87424K,   0% used [0x00000000e0000000, 0x00000000e0000000, 0x00000000e5560000)
  from space 21824K,  88% used [0x00000000e5560000, 0x00000000e682a500, 0x00000000e6ab0000)
  to   space 21824K,   0% used [0x00000000e6ab0000, 0x00000000e6ab0000, 0x00000000e8000000)
 concurrent mark-sweep generation total 393216K, used 11157K [0x00000000e8000000, 0x0000000100000000, 0x0000000100000000)
 Metaspace       used 40416K, capacity 41831K, committed 42056K, reserved 1085440K
  class space    used 5030K, capacity 5364K, committed 5448K, reserved 1048576K
}
2018-09-07T19:02:37.956+0530: 112.751: Total time for which application threads were stopped: 0.0428757 seconds, Stopping threads took: 0.0000622 seconds
2018-09-07T19:02:37.966+0530: 112.761: Total time for which application threads were stopped: 0.0002996 seconds, Stopping threads took: 0.0001102 seconds
2018-09-07T19:02:37.967+0530: 112.762: Total time for which application threads were stopped: 0.0001370 seconds, Stopping threads took: 0.0000437 seconds
{Heap before GC invocations=16 (full 1):
 par new generation   total 109248K, used 106665K [0x00000000e0000000, 0x00000000e8000000, 0x00000000e8000000)
  eden space 87424K, 100% used [0x00000000e0000000, 0x00000000e5560000, 0x00000000e5560000)
  from space 21824K,  88% used [0x00000000e5560000, 0x00000000e682a500, 0x00000000e6ab0000)
  to   space 21824K,   0% used [0x00000000e6ab0000, 0x00000000e6ab0000, 0x00000000e8000000)
 concurrent mark-sweep generation total 393216K, used 11157K [0x00000000e8000000, 0x0000000100000000, 0x0000000100000000)
 Metaspace       used 40425K, capacity 41837K, committed 42056K, reserved 1085440K
  class space    used 5030K, capacity 5365K, committed 5448K, reserved 1048576K
2018-09-07T19:02:38.019+0530: 112.814: [GC (Allocation Failure) 2018-09-07T19:02:38.021+0530: 112.816: [ParNew
Desired survivor size 20112992 bytes, new threshold 8 (max 8)
- age   1:     577184 bytes,     577184 total
- age   2:    1946560 bytes,    2523744 total
- age   3:    5871232 bytes,    8394976 total
- age   4:    1127496 bytes,    9522472 total
- age   5:    1376000 bytes,   10898472 total
- age   6:      81848 bytes,   10980320 total
- age   7:      89096 bytes,   11069416 total
- age   8:     194120 bytes,   11263536 total
: 106665K->13314K(109248K), 0.0183949 secs] 117823K->26130K(502464K), 0.0332115 secs] [Times: user=0.06 sys=0.00, real=0.04 secs] 
Heap after GC invocations=17 (full 1):
 par new generation   total 109248K, used 13314K [0x00000000e0000000, 0x00000000e8000000, 0x00000000e8000000)
  eden space 87424K,   0% used [0x00000000e0000000, 0x00000000e0000000, 0x00000000e5560000)
  from space 21824K,  61% used [0x00000000e6ab0000, 0x00000000e77b0b30, 0x00000000e8000000)
  to   space 21824K,   0% used [0x00000000e5560000, 0x00000000e5560000, 0x00000000e6ab0000)
 concurrent mark-sweep generation total 393216K, used 12815K [0x00000000e8000000, 0x0000000100000000, 0x0000000100000000)
 Metaspace       used 40425K, capacity 41837K, committed 42056K, reserved 1085440K
  class space    used 5030K, capacity 5365K, committed 5448K, reserved 1048576K
}
2018-09-07T19:02:38.059+0530: 112.854: Total time for which application threads were stopped: 0.0402667 seconds, Stopping threads took: 0.0000685 seconds
{Heap before GC invocations=17 (full 1):
 par new generation   total 109248K, used 100738K [0x00000000e0000000, 0x00000000e8000000, 0x00000000e8000000)
  eden space 87424K, 100% used [0x00000000e0000000, 0x00000000e5560000, 0x00000000e5560000)
  from space 21824K,  61% used [0x00000000e6ab0000, 0x00000000e77b0b30, 0x00000000e8000000)
  to   space 21824K,   0% used [0x00000000e5560000, 0x00000000e5560000, 0x00000000e6ab0000)
 concurrent mark-sweep generation total 393216K, used 12815K [0x00000000e8000000, 0x0000000100000000, 0x0000000100000000)
 Metaspace       used 40433K, capacity 41843K, committed 42056K, reserved 1085440K
  class space    used 5031K, capacity 5366K, committed 5448K, reserved 1048576K
2018-09-07T19:02:38.122+0530: 112.917: [GC (Allocation Failure) 2018-09-07T19:02:38.129+0530: 112.924: [ParNew
Desired survivor size 20112992 bytes, new threshold 8 (max 8)
- age   1:     752488 bytes,     752488 total
- age   2:      91536 bytes,     844024 total
- age   3:    1927032 bytes,    2771056 total
- age   4:    5871200 bytes,    8642256 total
- age   5:    1127496 bytes,    9769752 total
- age   6:    1376000 bytes,   11145752 total
- age   7:      81848 bytes,   11227600 total
- age   8:      89096 bytes,   11316696 total
: 100738K->17025K(109248K), 0.0114917 secs] 113554K->30033K(502464K), 0.0448042 secs] [Times: user=0.05 sys=0.00, real=0.05 secs] 
Heap after GC invocations=18 (full 1):
 par new generation   total 109248K, used 17025K [0x00000000e0000000, 0x00000000e8000000, 0x00000000e8000000)
  eden space 87424K,   0% used [0x00000000e0000000, 0x00000000e0000000, 0x00000000e5560000)
  from space 21824K,  78% used [0x00000000e5560000, 0x00000000e66007a8, 0x00000000e6ab0000)
  to   space 21824K,   0% used [0x00000000e6ab0000, 0x00000000e6ab0000, 0x00000000e8000000)
 concurrent mark-sweep generation total 393216K, used 13007K [0x00000000e8000000, 0x0000000100000000, 0x0000000100000000)
 Metaspace       used 40433K, capacity 41843K, committed 42056K, reserved 1085440K
  class space    used 5031K, capacity 5366K, committed 5448K, reserved 1048576K
}
2018-09-07T19:02:38.167+0530: 112.962: Total time for which application threads were stopped: 0.0452564 seconds, Stopping threads took: 0.0001001 seconds
{Heap before GC invocations=18 (full 1):
 par new generation   total 109248K, used 104449K [0x00000000e0000000, 0x00000000e8000000, 0x00000000e8000000)
  eden space 87424K, 100% used [0x00000000e0000000, 0x00000000e5560000, 0x00000000e5560000)
  from space 21824K,  78% used [0x00000000e5560000, 0x00000000e66007a8, 0x00000000e6ab0000)
  to   space 21824K,   0% used [0x00000000e6ab0000, 0x00000000e6ab0000, 0x00000000e8000000)
 concurrent mark-sweep generation total 393216K, used 13007K [0x00000000e8000000, 0x0000000100000000, 0x0000000100000000)
 Metaspace       used 40460K, capacity 41907K, committed 42056K, reserved 1085440K
  class space    used 5031K, capacity 5366K, committed 5448K, reserved 1048576K
2018-09-07T19:02:38.337+0530: 113.132: [GC (Allocation Failure) 2018-09-07T19:02:38.337+0530: 113.132: [ParNew
Desired survivor size 20112992 bytes, new threshold 8 (max 8)
- age   1:    1023776 bytes,    1023776 total
- age   2:      79648 bytes,    1103424 total
- age   3:      90280 bytes,    1193704 total
- age   4:    1261744 bytes,    2455448 total
- age   5:    5871056 bytes,    8326504 total
- age   6:    1127496 bytes,    9454000 total
- age   7:    1441568 bytes,   10895568 total
- age   8:      81848 bytes,   10977416 total
: 104449K->12987K(109248K), 0.0245105 secs] 117457K->26084K(502464K), 0.0428761 secs] [Times: user=0.09 sys=0.00, real=0.04 secs] 
Heap after GC invocations=19 (full 1):
 par new generation   total 109248K, used 12987K [0x00000000e0000000, 0x00000000e8000000, 0x00000000e8000000)
  eden space 87424K,   0% used [0x00000000e0000000, 0x00000000e0000000, 0x00000000e5560000)
  from space 21824K,  59% used [0x00000000e6ab0000, 0x00000000e775ef40, 0x00000000e8000000)
  to   space 21824K,   0% used [0x00000000e5560000, 0x00000000e5560000, 0x00000000e6ab0000)
 concurrent mark-sweep generation total 393216K, used 13097K [0x00000000e8000000, 0x0000000100000000, 0x0000000100000000)
 Metaspace       used 40460K, capacity 41907K, committed 42056K, reserved 1085440K
  class space    used 5031K, capacity 5366K, committed 5448K, reserved 1048576K
}
2018-09-07T19:02:38.380+0530: 113.175: Total time for which application threads were stopped: 0.0432974 seconds, Stopping threads took: 0.0000469 seconds
2018-09-07T19:02:38.905+0530: 113.700: Total time for which application threads were stopped: 0.0047906 seconds, Stopping threads took: 0.0041630 seconds
2018-09-07T19:02:38.945+0530: 113.740: Total time for which application threads were stopped: 0.0058108 seconds, Stopping threads took: 0.0052646 seconds
2018-09-07T19:02:39.060+0530: 113.855: Total time for which application threads were stopped: 0.0063466 seconds, Stopping threads took: 0.0060918 seconds
2018-09-07T19:02:39.093+0530: 113.888: Total time for which application threads were stopped: 0.0025554 seconds, Stopping threads took: 0.0023863 seconds
2018-09-07T19:02:39.098+0530: 113.893: Total time for which application threads were stopped: 0.0055159 seconds, Stopping threads took: 0.0053494 seconds
2018-09-07T19:02:39.142+0530: 113.937: Total time for which application threads were stopped: 0.0005557 seconds, Stopping threads took: 0.0003625 seconds
2018-09-07T19:02:39.148+0530: 113.943: Total time for which application threads were stopped: 0.0001932 seconds, Stopping threads took: 0.0000463 seconds
2018-09-07T19:02:39.354+0530: 114.149: Total time for which application threads were stopped: 0.0001732 seconds, Stopping threads took: 0.0000379 seconds
2018-09-07T19:02:39.359+0530: 114.154: Total time for which application threads were stopped: 0.0002708 seconds, Stopping threads took: 0.0001113 seconds
2018-09-07T19:02:39.361+0530: 114.156: Total time for which application threads were stopped: 0.0002259 seconds, Stopping threads took: 0.0000400 seconds
2018-09-07T19:02:39.442+0530: 114.237: Total time for which application threads were stopped: 0.0006272 seconds, Stopping threads took: 0.0002243 seconds
2018-09-07T19:02:40.019+0530: 114.814: Total time for which application threads were stopped: 0.0006007 seconds, Stopping threads took: 0.0001571 seconds
2018-09-07T19:02:40.069+0530: 114.864: Total time for which application threads were stopped: 0.0003505 seconds, Stopping threads took: 0.0000657 seconds
2018-09-07T19:02:46.398+0530: 121.193: Total time for which application threads were stopped: 0.0001904 seconds, Stopping threads took: 0.0000365 seconds
2018-09-07T19:02:46.447+0530: 121.242: Total time for which application threads were stopped: 0.0003317 seconds, Stopping threads took: 0.0000438 seconds
2018-09-07T19:02:46.711+0530: 121.506: Total time for which application threads were stopped: 0.0001892 seconds, Stopping threads took: 0.0000343 seconds
2018-09-07T19:02:46.784+0530: 121.579: Total time for which application threads were stopped: 0.0003354 seconds, Stopping threads took: 0.0000569 seconds
2018-09-07T19:02:46.785+0530: 121.580: Total time for which application threads were stopped: 0.0002994 seconds, Stopping threads took: 0.0000636 seconds
2018-09-07T19:02:46.786+0530: 121.581: Total time for which application threads were stopped: 0.0002579 seconds, Stopping threads took: 0.0000420 seconds
2018-09-07T19:02:46.791+0530: 121.586: Total time for which application threads were stopped: 0.0005034 seconds, Stopping threads took: 0.0000936 seconds
2018-09-07T19:02:46.795+0530: 121.590: Total time for which application threads were stopped: 0.0003768 seconds, Stopping threads took: 0.0000511 seconds
2018-09-07T19:02:46.812+0530: 121.607: Total time for which application threads were stopped: 0.0003154 seconds, Stopping threads took: 0.0000850 seconds
2018-09-07T19:02:46.827+0530: 121.622: Total time for which application threads were stopped: 0.0012193 seconds, Stopping threads took: 0.0000451 seconds
2018-09-07T19:02:46.876+0530: 121.671: Total time for which application threads were stopped: 0.0002558 seconds, Stopping threads took: 0.0000544 seconds
2018-09-07T19:02:46.894+0530: 121.689: Total time for which application threads were stopped: 0.0002557 seconds, Stopping threads took: 0.0001447 seconds
2018-09-07T19:02:46.973+0530: 121.768: Total time for which application threads were stopped: 0.0001785 seconds, Stopping threads took: 0.0000392 seconds
2018-09-07T19:02:46.983+0530: 121.778: Total time for which application threads were stopped: 0.0011782 seconds, Stopping threads took: 0.0000460 seconds
2018-09-07T19:02:48.828+0530: 123.623: Total time for which application threads were stopped: 0.0006318 seconds, Stopping threads took: 0.0000999 seconds
2018-09-07T19:02:49.164+0530: 123.959: Total time for which application threads were stopped: 0.0006148 seconds, Stopping threads took: 0.0000896 seconds
{Heap before GC invocations=19 (full 1):
 par new generation   total 109248K, used 100411K [0x00000000e0000000, 0x00000000e8000000, 0x00000000e8000000)
  eden space 87424K, 100% used [0x00000000e0000000, 0x00000000e5560000, 0x00000000e5560000)
  from space 21824K,  59% used [0x00000000e6ab0000, 0x00000000e775ef40, 0x00000000e8000000)
  to   space 21824K,   0% used [0x00000000e5560000, 0x00000000e5560000, 0x00000000e6ab0000)
 concurrent mark-sweep generation total 393216K, used 13097K [0x00000000e8000000, 0x0000000100000000, 0x0000000100000000)
 Metaspace       used 41453K, capacity 42955K, committed 43208K, reserved 1087488K
  class space    used 5152K, capacity 5510K, committed 5576K, reserved 1048576K
2018-09-07T19:02:50.156+0530: 124.951: [GC (Allocation Failure) 2018-09-07T19:02:50.156+0530: 124.951: [ParNew
Desired survivor size 20112992 bytes, new threshold 8 (max 8)
- age   1:    8236728 bytes,    8236728 total
- age   2:     256144 bytes,    8492872 total
- age   3:      79648 bytes,    8572520 total
- age   4:      90280 bytes,    8662800 total
- age   5:     479032 bytes,    9141832 total
- age   6:    5836904 bytes,   14978736 total
- age   7:    1127496 bytes,   16106232 total
- age   8:    1375952 bytes,   17482184 total
: 100411K->20904K(109248K), 0.0683139 secs] 113508K->34083K(502464K), 0.0686318 secs] [Times: user=0.12 sys=0.00, real=0.08 secs] 
Heap after GC invocations=20 (full 1):
 par new generation   total 109248K, used 20904K [0x00000000e0000000, 0x00000000e8000000, 0x00000000e8000000)
  eden space 87424K,   0% used [0x00000000e0000000, 0x00000000e0000000, 0x00000000e5560000)
  from space 21824K,  95% used [0x00000000e5560000, 0x00000000e69ca1e0, 0x00000000e6ab0000)
  to   space 21824K,   0% used [0x00000000e6ab0000, 0x00000000e6ab0000, 0x00000000e8000000)
 concurrent mark-sweep generation total 393216K, used 13178K [0x00000000e8000000, 0x0000000100000000, 0x0000000100000000)
 Metaspace       used 41453K, capacity 42955K, committed 43208K, reserved 1087488K
  class space    used 5152K, capacity 5510K, committed 5576K, reserved 1048576K
}
2018-09-07T19:02:50.225+0530: 125.020: Total time for which application threads were stopped: 0.0690904 seconds, Stopping threads took: 0.0000577 seconds
2018-09-07T19:02:50.232+0530: 125.027: Total time for which application threads were stopped: 0.0030403 seconds, Stopping threads took: 0.0028134 seconds
2018-09-07T19:02:50.240+0530: 125.035: Total time for which application threads were stopped: 0.0003380 seconds, Stopping threads took: 0.0000566 seconds
2018-09-07T19:02:50.268+0530: 125.063: Total time for which application threads were stopped: 0.0110388 seconds, Stopping threads took: 0.0109162 seconds
2018-09-07T19:02:50.399+0530: 125.194: Total time for which application threads were stopped: 0.0006359 seconds, Stopping threads took: 0.0001329 seconds
2018-09-07T19:02:50.417+0530: 125.212: Total time for which application threads were stopped: 0.0115674 seconds, Stopping threads took: 0.0113770 seconds
2018-09-07T19:02:50.425+0530: 125.220: Total time for which application threads were stopped: 0.0016350 seconds, Stopping threads took: 0.0014108 seconds
{Heap before GC invocations=20 (full 1):
 par new generation   total 109248K, used 108328K [0x00000000e0000000, 0x00000000e8000000, 0x00000000e8000000)
  eden space 87424K,  99% used [0x00000000e0000000, 0x00000000e555fe20, 0x00000000e5560000)
  from space 21824K,  95% used [0x00000000e5560000, 0x00000000e69ca1e0, 0x00000000e6ab0000)
  to   space 21824K,   0% used [0x00000000e6ab0000, 0x00000000e6ab0000, 0x00000000e8000000)
 concurrent mark-sweep generation total 393216K, used 13178K [0x00000000e8000000, 0x0000000100000000, 0x0000000100000000)
 Metaspace       used 41534K, capacity 43037K, committed 43208K, reserved 1087488K
  class space    used 5156K, capacity 5513K, committed 5576K, reserved 1048576K
2018-09-07T19:02:50.495+0530: 125.290: [GC (Allocation Failure) 2018-09-07T19:02:50.495+0530: 125.290: [ParNew
Desired survivor size 20112992 bytes, new threshold 8 (max 8)
- age   1:    2026672 bytes,    2026672 total
- age   2:    6567248 bytes,    8593920 total
- age   3:     256144 bytes,    8850064 total
- age   4:      79648 bytes,    8929712 total
- age   5:      90280 bytes,    9019992 total
- age   6:     477208 bytes,    9497200 total
- age   7:    5678176 bytes,   15175376 total
- age   8:    1124520 bytes,   16299896 total
: 108328K->21824K(109248K), 0.0457675 secs] 121506K->36812K(502464K), 0.0460493 secs] [Times: user=0.12 sys=0.01, real=0.05 secs] 
Heap after GC invocations=21 (full 1):
 par new generation   total 109248K, used 21824K [0x00000000e0000000, 0x00000000e8000000, 0x00000000e8000000)
  eden space 87424K,   0% used [0x00000000e0000000, 0x00000000e0000000, 0x00000000e5560000)
  from space 21824K, 100% used [0x00000000e6ab0000, 0x00000000e8000000, 0x00000000e8000000)
  to   space 21824K,   0% used [0x00000000e5560000, 0x00000000e5560000, 0x00000000e6ab0000)
 concurrent mark-sweep generation total 393216K, used 14988K [0x00000000e8000000, 0x0000000100000000, 0x0000000100000000)
 Metaspace       used 41534K, capacity 43037K, committed 43208K, reserved 1087488K
  class space    used 5156K, capacity 5513K, committed 5576K, reserved 1048576K
}
2018-09-07T19:02:50.541+0530: 125.336: Total time for which application threads were stopped: 0.0463814 seconds, Stopping threads took: 0.0000808 seconds
2018-09-07T19:02:50.553+0530: 125.348: Total time for which application threads were stopped: 0.0002521 seconds, Stopping threads took: 0.0000695 seconds
2018-09-07T19:02:50.568+0530: 125.363: Total time for which application threads were stopped: 0.0052375 seconds, Stopping threads took: 0.0051073 seconds
2018-09-07T19:02:50.583+0530: 125.378: Total time for which application threads were stopped: 0.0028944 seconds, Stopping threads took: 0.0026978 seconds
2018-09-07T19:02:50.612+0530: 125.407: Total time for which application threads were stopped: 0.0048195 seconds, Stopping threads took: 0.0046233 seconds
{Heap before GC invocations=21 (full 1):
 par new generation   total 109248K, used 109248K [0x00000000e0000000, 0x00000000e8000000, 0x00000000e8000000)
  eden space 87424K, 100% used [0x00000000e0000000, 0x00000000e5560000, 0x00000000e5560000)
  from space 21824K, 100% used [0x00000000e6ab0000, 0x00000000e8000000, 0x00000000e8000000)
  to   space 21824K,   0% used [0x00000000e5560000, 0x00000000e5560000, 0x00000000e6ab0000)
 concurrent mark-sweep generation total 393216K, used 14988K [0x00000000e8000000, 0x0000000100000000, 0x0000000100000000)
 Metaspace       used 41559K, capacity 43067K, committed 43208K, reserved 1087488K
  class space    used 5159K, capacity 5518K, committed 5576K, reserved 1048576K
2018-09-07T19:02:50.698+0530: 125.493: [GC (Allocation Failure) 2018-09-07T19:02:50.698+0530: 125.493: [ParNew
Desired survivor size 20112992 bytes, new threshold 8 (max 8)
- age   1:    1449936 bytes,    1449936 total
- age   2:    1594912 bytes,    3044848 total
- age   3:    6557472 bytes,    9602320 total
- age   4:     256144 bytes,    9858464 total
- age   5:      79648 bytes,    9938112 total
- age   6:      90280 bytes,   10028392 total
- age   7:     477208 bytes,   10505600 total
- age   8:    5678176 bytes,   16183776 total
: 109248K->21824K(109248K), 0.0498671 secs] 124236K->37941K(502464K), 0.0501960 secs] [Times: user=0.12 sys=0.00, real=0.05 secs] 
Heap after GC invocations=22 (full 1):
 par new generation   total 109248K, used 21824K [0x00000000e0000000, 0x00000000e8000000, 0x00000000e8000000)
  eden space 87424K,   0% used [0x00000000e0000000, 0x00000000e0000000, 0x00000000e5560000)
  from space 21824K, 100% used [0x00000000e5560000, 0x00000000e6ab0000, 0x00000000e6ab0000)
  to   space 21824K,   0% used [0x00000000e6ab0000, 0x00000000e6ab0000, 0x00000000e8000000)
 concurrent mark-sweep generation total 393216K, used 16117K [0x00000000e8000000, 0x0000000100000000, 0x0000000100000000)
 Metaspace       used 41559K, capacity 43067K, committed 43208K, reserved 1087488K
  class space    used 5159K, capacity 5518K, committed 5576K, reserved 1048576K
}
2018-09-07T19:02:50.748+0530: 125.543: Total time for which application threads were stopped: 0.0569306 seconds, Stopping threads took: 0.0064375 seconds
2018-09-07T19:02:50.830+0530: 125.625: Total time for which application threads were stopped: 0.0092142 seconds, Stopping threads took: 0.0090456 seconds
2018-09-07T19:02:50.840+0530: 125.635: Total time for which application threads were stopped: 0.0039009 seconds, Stopping threads took: 0.0036939 seconds
{Heap before GC invocations=22 (full 1):
 par new generation   total 109248K, used 109248K [0x00000000e0000000, 0x00000000e8000000, 0x00000000e8000000)
  eden space 87424K, 100% used [0x00000000e0000000, 0x00000000e5560000, 0x00000000e5560000)
  from space 21824K, 100% used [0x00000000e5560000, 0x00000000e6ab0000, 0x00000000e6ab0000)
  to   space 21824K,   0% used [0x00000000e6ab0000, 0x00000000e6ab0000, 0x00000000e8000000)
 concurrent mark-sweep generation total 393216K, used 16117K [0x00000000e8000000, 0x0000000100000000, 0x0000000100000000)
 Metaspace       used 41579K, capacity 43091K, committed 43208K, reserved 1087488K
  class space    used 5161K, capacity 5522K, committed 5576K, reserved 1048576K
2018-09-07T19:02:50.884+0530: 125.679: [GC (Allocation Failure) 2018-09-07T19:02:50.967+0530: 125.762: [ParNew
Desired survivor size 20112992 bytes, new threshold 8 (max 8)
- age   1:     551096 bytes,     551096 total
- age   2:     865872 bytes,    1416968 total
- age   3:    1583160 bytes,    3000128 total
- age   4:    6557440 bytes,    9557568 total
- age   5:     256144 bytes,    9813712 total
- age   6:      79648 bytes,    9893360 total
- age   7:      90280 bytes,    9983640 total
- age   8:     477208 bytes,   10460848 total
: 109248K->14637K(109248K), 0.1550450 secs] 125365K->37279K(502464K), 0.2389610 secs] [Times: user=0.27 sys=0.00, real=0.24 secs] 
Heap after GC invocations=23 (full 1):
 par new generation   total 109248K, used 14637K [0x00000000e0000000, 0x00000000e8000000, 0x00000000e8000000)
  eden space 87424K,   0% used [0x00000000e0000000, 0x00000000e0000000, 0x00000000e5560000)
  from space 21824K,  67% used [0x00000000e6ab0000, 0x00000000e78fb6d8, 0x00000000e8000000)
  to   space 21824K,   0% used [0x00000000e5560000, 0x00000000e5560000, 0x00000000e6ab0000)
 concurrent mark-sweep generation total 393216K, used 22641K [0x00000000e8000000, 0x0000000100000000, 0x0000000100000000)
 Metaspace       used 41579K, capacity 43091K, committed 43208K, reserved 1087488K
  class space    used 5161K, capacity 5522K, committed 5576K, reserved 1048576K
}
2018-09-07T19:02:51.123+0530: 125.918: Total time for which application threads were stopped: 0.2393521 seconds, Stopping threads took: 0.0000450 seconds
2018-09-07T19:02:51.165+0530: 125.960: Total time for which application threads were stopped: 0.0165136 seconds, Stopping threads took: 0.0162984 seconds
2018-09-07T19:02:51.184+0530: 125.979: Total time for which application threads were stopped: 0.0002467 seconds, Stopping threads took: 0.0000709 seconds
2018-09-07T19:02:51.184+0530: 125.979: Total time for which application threads were stopped: 0.0001481 seconds, Stopping threads took: 0.0000204 seconds
2018-09-07T19:02:51.330+0530: 126.125: Total time for which application threads were stopped: 0.0002961 seconds, Stopping threads took: 0.0001095 seconds
2018-09-07T19:02:51.346+0530: 126.141: Total time for which application threads were stopped: 0.0155595 seconds, Stopping threads took: 0.0152265 seconds
2018-09-07T19:02:51.380+0530: 126.175: Total time for which application threads were stopped: 0.0002041 seconds, Stopping threads took: 0.0000595 seconds
2018-09-07T19:02:51.467+0530: 126.262: Total time for which application threads were stopped: 0.0016156 seconds, Stopping threads took: 0.0013969 seconds
{Heap before GC invocations=23 (full 1):
 par new generation   total 109248K, used 102061K [0x00000000e0000000, 0x00000000e8000000, 0x00000000e8000000)
  eden space 87424K, 100% used [0x00000000e0000000, 0x00000000e5560000, 0x00000000e5560000)
  from space 21824K,  67% used [0x00000000e6ab0000, 0x00000000e78fb6d8, 0x00000000e8000000)
  to   space 21824K,   0% used [0x00000000e5560000, 0x00000000e5560000, 0x00000000e6ab0000)
 concurrent mark-sweep generation total 393216K, used 22641K [0x00000000e8000000, 0x0000000100000000, 0x0000000100000000)
 Metaspace       used 41678K, capacity 43227K, committed 43464K, reserved 1087488K
  class space    used 5167K, capacity 5534K, committed 5576K, reserved 1048576K
2018-09-07T19:02:51.476+0530: 126.271: [GC (Allocation Failure) 2018-09-07T19:02:51.476+0530: 126.271: [ParNew
Desired survivor size 20112992 bytes, new threshold 8 (max 8)
- age   1:    1425232 bytes,    1425232 total
- age   2:     125224 bytes,    1550456 total
- age   3:     200104 bytes,    1750560 total
- age   4:     917992 bytes,    2668552 total
- age   5:    6438496 bytes,    9107048 total
- age   6:     256144 bytes,    9363192 total
- age   7:      79648 bytes,    9442840 total
- age   8:      90280 bytes,    9533120 total
: 102061K->11843K(109248K), 0.0649155 secs] 124703K->34955K(502464K), 0.0652895 secs] [Times: user=0.12 sys=0.00, real=0.07 secs] 
Heap after GC invocations=24 (full 1):
 par new generation   total 109248K, used 11843K [0x00000000e0000000, 0x00000000e8000000, 0x00000000e8000000)
  eden space 87424K,   0% used [0x00000000e0000000, 0x00000000e0000000, 0x00000000e5560000)
  from space 21824K,  54% used [0x00000000e5560000, 0x00000000e60f0fc0, 0x00000000e6ab0000)
  to   space 21824K,   0% used [0x00000000e6ab0000, 0x00000000e6ab0000, 0x00000000e8000000)
 concurrent mark-sweep generation total 393216K, used 23111K [0x00000000e8000000, 0x0000000100000000, 0x0000000100000000)
 Metaspace       used 41678K, capacity 43227K, committed 43464K, reserved 1087488K
  class space    used 5167K, capacity 5534K, committed 5576K, reserved 1048576K
}
2018-09-07T19:02:51.541+0530: 126.336: Total time for which application threads were stopped: 0.0681583 seconds, Stopping threads took: 0.0025309 seconds
2018-09-07T19:02:51.545+0530: 126.340: Total time for which application threads were stopped: 0.0002298 seconds, Stopping threads took: 0.0000535 seconds
2018-09-07T19:02:51.574+0530: 126.369: Total time for which application threads were stopped: 0.0003077 seconds, Stopping threads took: 0.0000682 seconds
2018-09-07T19:02:51.580+0530: 126.375: Total time for which application threads were stopped: 0.0001664 seconds, Stopping threads took: 0.0000341 seconds
2018-09-07T19:02:51.608+0530: 126.403: Total time for which application threads were stopped: 0.0001813 seconds, Stopping threads took: 0.0000534 seconds
2018-09-07T19:02:51.612+0530: 126.407: Total time for which application threads were stopped: 0.0002694 seconds, Stopping threads took: 0.0000965 seconds
2018-09-07T19:02:51.639+0530: 126.434: Total time for which application threads were stopped: 0.0077591 seconds, Stopping threads took: 0.0075244 seconds
2018-09-07T19:02:51.736+0530: 126.531: Total time for which application threads were stopped: 0.0149665 seconds, Stopping threads took: 0.0147052 seconds
2018-09-07T19:02:51.737+0530: 126.532: Total time for which application threads were stopped: 0.0002535 seconds, Stopping threads took: 0.0000604 seconds
2018-09-07T19:02:51.738+0530: 126.533: Total time for which application threads were stopped: 0.0005668 seconds, Stopping threads took: 0.0003468 seconds
2018-09-07T19:02:51.763+0530: 126.558: Total time for which application threads were stopped: 0.0025407 seconds, Stopping threads took: 0.0023219 seconds
2018-09-07T19:02:51.765+0530: 126.560: Total time for which application threads were stopped: 0.0022825 seconds, Stopping threads took: 0.0020901 seconds
2018-09-07T19:02:51.765+0530: 126.560: Total time for which application threads were stopped: 0.0001390 seconds, Stopping threads took: 0.0000168 seconds
2018-09-07T19:02:51.765+0530: 126.560: Total time for which application threads were stopped: 0.0001291 seconds, Stopping threads took: 0.0000139 seconds
2018-09-07T19:02:51.766+0530: 126.561: Total time for which application threads were stopped: 0.0001355 seconds, Stopping threads took: 0.0000296 seconds
2018-09-07T19:02:51.766+0530: 126.561: Total time for which application threads were stopped: 0.0000910 seconds, Stopping threads took: 0.0000106 seconds
2018-09-07T19:02:51.766+0530: 126.561: Total time for which application threads were stopped: 0.0000814 seconds, Stopping threads took: 0.0000086 seconds
2018-09-07T19:02:51.766+0530: 126.561: Total time for which application threads were stopped: 0.0000813 seconds, Stopping threads took: 0.0000088 seconds
2018-09-07T19:02:51.772+0530: 126.567: Total time for which application threads were stopped: 0.0016112 seconds, Stopping threads took: 0.0014293 seconds
2018-09-07T19:02:51.782+0530: 126.577: Total time for which application threads were stopped: 0.0002613 seconds, Stopping threads took: 0.0000856 seconds
2018-09-07T19:02:51.785+0530: 126.580: Total time for which application threads were stopped: 0.0031035 seconds, Stopping threads took: 0.0029150 seconds
2018-09-07T19:02:51.785+0530: 126.580: Total time for which application threads were stopped: 0.0001187 seconds, Stopping threads took: 0.0000185 seconds
2018-09-07T19:02:51.786+0530: 126.581: Total time for which application threads were stopped: 0.0001572 seconds, Stopping threads took: 0.0000214 seconds
2018-09-07T19:02:51.786+0530: 126.581: Total time for which application threads were stopped: 0.0001097 seconds, Stopping threads took: 0.0000142 seconds
2018-09-07T19:02:51.787+0530: 126.582: Total time for which application threads were stopped: 0.0002120 seconds, Stopping threads took: 0.0000434 seconds
2018-09-07T19:02:51.787+0530: 126.582: Total time for which application threads were stopped: 0.0001358 seconds, Stopping threads took: 0.0000152 seconds
2018-09-07T19:02:51.787+0530: 126.582: Total time for which application threads were stopped: 0.0000918 seconds, Stopping threads took: 0.0000128 seconds
2018-09-07T19:02:51.788+0530: 126.583: Total time for which application threads were stopped: 0.0000777 seconds, Stopping threads took: 0.0000112 seconds
2018-09-07T19:02:51.788+0530: 126.583: Total time for which application threads were stopped: 0.0000749 seconds, Stopping threads took: 0.0000107 seconds
2018-09-07T19:02:51.788+0530: 126.583: Total time for which application threads were stopped: 0.0001047 seconds, Stopping threads took: 0.0000105 seconds
2018-09-07T19:02:51.788+0530: 126.583: Total time for which application threads were stopped: 0.0000835 seconds, Stopping threads took: 0.0000120 seconds
2018-09-07T19:02:51.788+0530: 126.583: Total time for which application threads were stopped: 0.0000811 seconds, Stopping threads took: 0.0000115 seconds
2018-09-07T19:02:51.789+0530: 126.584: Total time for which application threads were stopped: 0.0002290 seconds, Stopping threads took: 0.0000364 seconds
2018-09-07T19:02:51.789+0530: 126.584: Total time for which application threads were stopped: 0.0001282 seconds, Stopping threads took: 0.0000144 seconds
2018-09-07T19:02:51.789+0530: 126.584: Total time for which application threads were stopped: 0.0000965 seconds, Stopping threads took: 0.0000124 seconds
2018-09-07T19:02:51.789+0530: 126.584: Total time for which application threads were stopped: 0.0000765 seconds, Stopping threads took: 0.0000112 seconds
2018-09-07T19:02:51.791+0530: 126.586: Total time for which application threads were stopped: 0.0002780 seconds, Stopping threads took: 0.0000446 seconds
2018-09-07T19:02:51.792+0530: 126.587: Total time for which application threads were stopped: 0.0001553 seconds, Stopping threads took: 0.0000234 seconds
2018-09-07T19:02:51.792+0530: 126.587: Total time for which application threads were stopped: 0.0001358 seconds, Stopping threads took: 0.0000147 seconds
2018-09-07T19:02:51.792+0530: 126.587: Total time for which application threads were stopped: 0.0006141 seconds, Stopping threads took: 0.0000127 seconds
2018-09-07T19:02:51.799+0530: 126.594: Total time for which application threads were stopped: 0.0002197 seconds, Stopping threads took: 0.0000513 seconds
2018-09-07T19:02:51.800+0530: 126.595: Total time for which application threads were stopped: 0.0002025 seconds, Stopping threads took: 0.0000544 seconds
2018-09-07T19:02:51.812+0530: 126.607: Total time for which application threads were stopped: 0.0076915 seconds, Stopping threads took: 0.0074974 seconds
2018-09-07T19:02:51.819+0530: 126.614: Total time for which application threads were stopped: 0.0002374 seconds, Stopping threads took: 0.0000620 seconds
2018-09-07T19:02:51.820+0530: 126.615: Total time for which application threads were stopped: 0.0001733 seconds, Stopping threads took: 0.0000381 seconds
2018-09-07T19:02:51.820+0530: 126.615: Total time for which application threads were stopped: 0.0001749 seconds, Stopping threads took: 0.0000208 seconds
2018-09-07T19:02:51.820+0530: 126.615: Total time for which application threads were stopped: 0.0001500 seconds, Stopping threads took: 0.0000357 seconds
2018-09-07T19:02:51.821+0530: 126.616: Total time for which application threads were stopped: 0.0005054 seconds, Stopping threads took: 0.0003239 seconds
2018-09-07T19:02:51.822+0530: 126.617: Total time for which application threads were stopped: 0.0003017 seconds, Stopping threads took: 0.0001597 seconds
2018-09-07T19:02:51.823+0530: 126.618: Total time for which application threads were stopped: 0.0004630 seconds, Stopping threads took: 0.0002881 seconds
2018-09-07T19:02:51.827+0530: 126.622: Total time for which application threads were stopped: 0.0002351 seconds, Stopping threads took: 0.0000722 seconds
2018-09-07T19:02:51.847+0530: 126.642: Total time for which application threads were stopped: 0.0061165 seconds, Stopping threads took: 0.0059010 seconds
2018-09-07T19:02:51.855+0530: 126.650: Total time for which application threads were stopped: 0.0011114 seconds, Stopping threads took: 0.0002046 seconds
2018-09-07T19:02:51.864+0530: 126.659: Total time for which application threads were stopped: 0.0009435 seconds, Stopping threads took: 0.0007474 seconds
2018-09-07T19:02:51.864+0530: 126.659: Total time for which application threads were stopped: 0.0001490 seconds, Stopping threads took: 0.0000366 seconds
2018-09-07T19:02:51.877+0530: 126.672: Total time for which application threads were stopped: 0.0002028 seconds, Stopping threads took: 0.0000596 seconds
2018-09-07T19:02:51.902+0530: 126.697: Total time for which application threads were stopped: 0.0024177 seconds, Stopping threads took: 0.0022406 seconds
2018-09-07T19:02:53.903+0530: 128.698: Total time for which application threads were stopped: 0.0001554 seconds, Stopping threads took: 0.0000323 seconds
2018-09-07T19:02:54.903+0530: 129.698: Total time for which application threads were stopped: 0.0001143 seconds, Stopping threads took: 0.0000238 seconds
2018-09-07T19:02:55.904+0530: 130.699: Total time for which application threads were stopped: 0.0003322 seconds, Stopping threads took: 0.0000675 seconds
2018-09-07T19:03:00.905+0530: 135.700: Total time for which application threads were stopped: 0.0003683 seconds, Stopping threads took: 0.0000699 seconds
2018-09-07T19:03:08.906+0530: 143.701: Total time for which application threads were stopped: 0.0003305 seconds, Stopping threads took: 0.0000697 seconds
2018-09-07T19:03:13.907+0530: 148.703: Total time for which application threads were stopped: 0.0004077 seconds, Stopping threads took: 0.0000752 seconds
2018-09-07T19:03:35.911+0530: 170.706: Total time for which application threads were stopped: 0.0003413 seconds, Stopping threads took: 0.0000729 seconds
2018-09-07T19:03:39.913+0530: 174.708: Total time for which application threads were stopped: 0.0006547 seconds, Stopping threads took: 0.0001541 seconds
2018-09-07T19:03:53.020+0530: 187.815: Total time for which application threads were stopped: 0.0006191 seconds, Stopping threads took: 0.0000762 seconds
2018-09-07T19:03:53.022+0530: 187.817: Total time for which application threads were stopped: 0.0004182 seconds, Stopping threads took: 0.0000830 seconds
2018-09-07T19:03:54.022+0530: 188.817: Total time for which application threads were stopped: 0.0003906 seconds, Stopping threads took: 0.0000829 seconds
2018-09-07T19:04:02.025+0530: 196.820: Total time for which application threads were stopped: 0.0003305 seconds, Stopping threads took: 0.0000672 seconds
2018-09-07T19:04:03.025+0530: 197.820: Total time for which application threads were stopped: 0.0003170 seconds, Stopping threads took: 0.0000685 seconds
2018-09-07T19:04:18.999+0530: 213.794: Total time for which application threads were stopped: 0.0001299 seconds, Stopping threads took: 0.0000273 seconds
2018-09-07T19:04:18.999+0530: 213.794: Total time for which application threads were stopped: 0.0000918 seconds, Stopping threads took: 0.0000322 seconds
2018-09-07T19:04:19.002+0530: 213.797: Total time for which application threads were stopped: 0.0001358 seconds, Stopping threads took: 0.0000229 seconds
2018-09-07T19:04:19.002+0530: 213.797: Total time for which application threads were stopped: 0.0000948 seconds, Stopping threads took: 0.0000120 seconds
2018-09-07T19:04:19.005+0530: 213.800: Total time for which application threads were stopped: 0.0001058 seconds, Stopping threads took: 0.0000219 seconds
2018-09-07T19:04:19.005+0530: 213.800: Total time for which application threads were stopped: 0.0001706 seconds, Stopping threads took: 0.0000075 seconds
2018-09-07T19:04:24.007+0530: 218.802: Total time for which application threads were stopped: 0.0003877 seconds, Stopping threads took: 0.0000811 seconds
2018-09-07T19:04:34.009+0530: 228.804: Total time for which application threads were stopped: 0.0004154 seconds, Stopping threads took: 0.0000732 seconds
2018-09-07T19:04:38.651+0530: 233.446: Total time for which application threads were stopped: 0.0005024 seconds, Stopping threads took: 0.0001768 seconds
2018-09-07T19:04:38.737+0530: 233.532: Total time for which application threads were stopped: 0.0004675 seconds, Stopping threads took: 0.0001529 seconds
2018-09-07T19:04:38.738+0530: 233.533: Total time for which application threads were stopped: 0.0005074 seconds, Stopping threads took: 0.0001363 seconds
2018-09-07T19:04:38.739+0530: 233.534: Total time for which application threads were stopped: 0.0003825 seconds, Stopping threads took: 0.0001404 seconds
2018-09-07T19:04:38.950+0530: 233.745: Total time for which application threads were stopped: 0.0005542 seconds, Stopping threads took: 0.0000937 seconds
2018-09-07T19:04:39.068+0530: 233.863: Total time for which application threads were stopped: 0.0003260 seconds, Stopping threads took: 0.0000658 seconds
2018-09-07T19:04:39.893+0530: 234.688: Total time for which application threads were stopped: 0.0005459 seconds, Stopping threads took: 0.0001206 seconds
2018-09-07T19:04:39.893+0530: 234.688: Total time for which application threads were stopped: 0.0003544 seconds, Stopping threads took: 0.0000601 seconds
2018-09-07T19:04:40.078+0530: 234.873: Total time for which application threads were stopped: 0.0011871 seconds, Stopping threads took: 0.0008006 seconds
2018-09-07T19:04:40.387+0530: 235.182: Total time for which application threads were stopped: 0.0005203 seconds, Stopping threads took: 0.0002334 seconds
2018-09-07T19:05:10.392+0530: 265.187: Total time for which application threads were stopped: 0.0003661 seconds, Stopping threads took: 0.0000720 seconds
2018-09-07T19:05:29.395+0530: 284.190: Total time for which application threads were stopped: 0.0001980 seconds, Stopping threads took: 0.0000414 seconds
2018-09-07T19:05:33.023+0530: 287.818: Total time for which application threads were stopped: 0.0003677 seconds, Stopping threads took: 0.0000673 seconds
2018-09-07T19:05:41.025+0530: 295.820: Total time for which application threads were stopped: 0.0003166 seconds, Stopping threads took: 0.0000683 seconds
2018-09-07T19:05:42.129+0530: 296.924: Total time for which application threads were stopped: 0.0001827 seconds, Stopping threads took: 0.0000318 seconds
2018-09-07T19:05:43.129+0530: 297.924: Total time for which application threads were stopped: 0.0001116 seconds, Stopping threads took: 0.0000253 seconds
2018-09-07T19:06:25.136+0530: 339.931: Total time for which application threads were stopped: 0.0003079 seconds, Stopping threads took: 0.0000689 seconds
2018-09-07T19:06:41.140+0530: 355.935: Total time for which application threads were stopped: 0.0003084 seconds, Stopping threads took: 0.0000668 seconds
2018-09-07T19:07:41.151+0530: 415.946: Total time for which application threads were stopped: 0.0003086 seconds, Stopping threads took: 0.0000657 seconds
2018-09-07T19:08:41.275+0530: 476.070: Total time for which application threads were stopped: 0.0040230 seconds, Stopping threads took: 0.0035530 seconds
2018-09-07T19:08:41.383+0530: 476.178: Total time for which application threads were stopped: 0.0112560 seconds, Stopping threads took: 0.0110801 seconds
2018-09-07T19:08:41.383+0530: 476.178: Total time for which application threads were stopped: 0.0001404 seconds, Stopping threads took: 0.0000447 seconds
2018-09-07T19:08:41.383+0530: 476.178: Total time for which application threads were stopped: 0.0001749 seconds, Stopping threads took: 0.0000511 seconds
2018-09-07T19:08:41.389+0530: 476.184: Total time for which application threads were stopped: 0.0009554 seconds, Stopping threads took: 0.0001632 seconds
2018-09-07T19:08:41.402+0530: 476.197: Total time for which application threads were stopped: 0.0002270 seconds, Stopping threads took: 0.0001322 seconds
2018-09-07T19:08:41.412+0530: 476.207: Total time for which application threads were stopped: 0.0039831 seconds, Stopping threads took: 0.0038148 seconds
2018-09-07T19:08:41.421+0530: 476.216: Total time for which application threads were stopped: 0.0003049 seconds, Stopping threads took: 0.0001050 seconds
2018-09-07T19:08:41.421+0530: 476.216: Total time for which application threads were stopped: 0.0002193 seconds, Stopping threads took: 0.0000594 seconds
2018-09-07T19:08:41.422+0530: 476.217: Total time for which application threads were stopped: 0.0001552 seconds, Stopping threads took: 0.0000222 seconds
2018-09-07T19:08:41.423+0530: 476.218: Total time for which application threads were stopped: 0.0007207 seconds, Stopping threads took: 0.0005660 seconds
{Heap before GC invocations=24 (full 1):
 par new generation   total 109248K, used 99267K [0x00000000e0000000, 0x00000000e8000000, 0x00000000e8000000)
  eden space 87424K, 100% used [0x00000000e0000000, 0x00000000e5560000, 0x00000000e5560000)
  from space 21824K,  54% used [0x00000000e5560000, 0x00000000e60f0fc0, 0x00000000e6ab0000)
  to   space 21824K,   0% used [0x00000000e6ab0000, 0x00000000e6ab0000, 0x00000000e8000000)
 concurrent mark-sweep generation total 393216K, used 23111K [0x00000000e8000000, 0x0000000100000000, 0x0000000100000000)
 Metaspace       used 42746K, capacity 44431K, committed 44616K, reserved 1087488K
  class space    used 5284K, capacity 5647K, committed 5704K, reserved 1048576K
2018-09-07T19:08:41.441+0530: 476.236: [GC (Allocation Failure) 2018-09-07T19:08:41.442+0530: 476.237: [ParNew
Desired survivor size 20112992 bytes, new threshold 8 (max 8)
- age   1:    6953680 bytes,    6953680 total
- age   2:    1175784 bytes,    8129464 total
- age   3:     124968 bytes,    8254432 total
- age   4:     146520 bytes,    8400952 total
- age   5:     840264 bytes,    9241216 total
- age   6:    2753184 bytes,   11994400 total
- age   7:     256144 bytes,   12250544 total
- age   8:      79648 bytes,   12330192 total
: 99267K->16925K(109248K), 0.0513045 secs] 122379K->40128K(502464K), 0.0516518 secs] [Times: user=0.07 sys=0.00, real=0.05 secs] 
Heap after GC invocations=25 (full 1):
 par new generation   total 109248K, used 16925K [0x00000000e0000000, 0x00000000e8000000, 0x00000000e8000000)
  eden space 87424K,   0% used [0x00000000e0000000, 0x00000000e0000000, 0x00000000e5560000)
  from space 21824K,  77% used [0x00000000e6ab0000, 0x00000000e7b37640, 0x00000000e8000000)
  to   space 21824K,   0% used [0x00000000e5560000, 0x00000000e5560000, 0x00000000e6ab0000)
 concurrent mark-sweep generation total 393216K, used 23202K [0x00000000e8000000, 0x0000000100000000, 0x0000000100000000)
 Metaspace       used 42746K, capacity 44431K, committed 44616K, reserved 1087488K
  class space    used 5284K, capacity 5647K, committed 5704K, reserved 1048576K
}
2018-09-07T19:08:41.493+0530: 476.288: Total time for which application threads were stopped: 0.0537668 seconds, Stopping threads took: 0.0018102 seconds
2018-09-07T19:08:41.504+0530: 476.299: Total time for which application threads were stopped: 0.0003609 seconds, Stopping threads took: 0.0002082 seconds
{Heap before GC invocations=25 (full 1):
 par new generation   total 109248K, used 104349K [0x00000000e0000000, 0x00000000e8000000, 0x00000000e8000000)
  eden space 87424K, 100% used [0x00000000e0000000, 0x00000000e5560000, 0x00000000e5560000)
  from space 21824K,  77% used [0x00000000e6ab0000, 0x00000000e7b37640, 0x00000000e8000000)
  to   space 21824K,   0% used [0x00000000e5560000, 0x00000000e5560000, 0x00000000e6ab0000)
 concurrent mark-sweep generation total 393216K, used 23202K [0x00000000e8000000, 0x0000000100000000, 0x0000000100000000)
 Metaspace       used 42762K, capacity 44455K, committed 44616K, reserved 1087488K
  class space    used 5286K, capacity 5651K, committed 5704K, reserved 1048576K
2018-09-07T19:08:41.597+0530: 476.392: [GC (Allocation Failure) 2018-09-07T19:08:41.597+0530: 476.392: [ParNew
Desired survivor size 20112992 bytes, new threshold 8 (max 8)
- age   1:     801224 bytes,     801224 total
- age   2:    5727832 bytes,    6529056 total
- age   3:    1175784 bytes,    7704840 total
- age   4:     124968 bytes,    7829808 total
- age   5:     146520 bytes,    7976328 total
- age   6:     840128 bytes,    8816456 total
- age   7:    2745432 bytes,   11561888 total
- age   8:     256144 bytes,   11818032 total
: 104349K->14920K(109248K), 0.0462044 secs] 127552K->38202K(502464K), 0.0465929 secs] [Times: user=0.07 sys=0.00, real=0.04 secs] 
Heap after GC invocations=26 (full 1):
 par new generation   total 109248K, used 14920K [0x00000000e0000000, 0x00000000e8000000, 0x00000000e8000000)
  eden space 87424K,   0% used [0x00000000e0000000, 0x00000000e0000000, 0x00000000e5560000)
  from space 21824K,  68% used [0x00000000e5560000, 0x00000000e63f2068, 0x00000000e6ab0000)
  to   space 21824K,   0% used [0x00000000e6ab0000, 0x00000000e6ab0000, 0x00000000e8000000)
 concurrent mark-sweep generation total 393216K, used 23282K [0x00000000e8000000, 0x0000000100000000, 0x0000000100000000)
 Metaspace       used 42762K, capacity 44455K, committed 44616K, reserved 1087488K
  class space    used 5286K, capacity 5651K, committed 5704K, reserved 1048576K
}
2018-09-07T19:08:41.644+0530: 476.439: Total time for which application threads were stopped: 0.0530207 seconds, Stopping threads took: 0.0060854 seconds
2018-09-07T19:08:41.769+0530: 476.564: Total time for which application threads were stopped: 0.0063942 seconds, Stopping threads took: 0.0061338 seconds
2018-09-07T19:08:41.798+0530: 476.593: Total time for which application threads were stopped: 0.0159289 seconds, Stopping threads took: 0.0157675 seconds
2018-09-07T19:08:41.820+0530: 476.615: Total time for which application threads were stopped: 0.0002168 seconds, Stopping threads took: 0.0000436 seconds
{Heap before GC invocations=26 (full 1):
 par new generation   total 109248K, used 102344K [0x00000000e0000000, 0x00000000e8000000, 0x00000000e8000000)
  eden space 87424K, 100% used [0x00000000e0000000, 0x00000000e5560000, 0x00000000e5560000)
  from space 21824K,  68% used [0x00000000e5560000, 0x00000000e63f2068, 0x00000000e6ab0000)
  to   space 21824K,   0% used [0x00000000e6ab0000, 0x00000000e6ab0000, 0x00000000e8000000)
 concurrent mark-sweep generation total 393216K, used 23282K [0x00000000e8000000, 0x0000000100000000, 0x0000000100000000)
 Metaspace       used 42762K, capacity 44455K, committed 44616K, reserved 1087488K
  class space    used 5286K, capacity 5651K, committed 5704K, reserved 1048576K
2018-09-07T19:08:41.825+0530: 476.620: [GC (Allocation Failure) 2018-09-07T19:08:41.825+0530: 476.620: [ParNew
Desired survivor size 20112992 bytes, new threshold 8 (max 8)
- age   1:     293136 bytes,     293136 total
- age   2:      74872 bytes,     368008 total
- age   3:    5727832 bytes,    6095840 total
- age   4:    1175784 bytes,    7271624 total
- age   5:     124968 bytes,    7396592 total
- age   6:     146520 bytes,    7543112 total
- age   7:     840128 bytes,    8383240 total
- age   8:    2745432 bytes,   11128672 total
: 102344K->13723K(109248K), 0.0540107 secs] 125626K->37260K(502464K), 0.0543711 secs] [Times: user=0.08 sys=0.00, real=0.05 secs] 
Heap after GC invocations=27 (full 1):
 par new generation   total 109248K, used 13723K [0x00000000e0000000, 0x00000000e8000000, 0x00000000e8000000)
  eden space 87424K,   0% used [0x00000000e0000000, 0x00000000e0000000, 0x00000000e5560000)
  from space 21824K,  62% used [0x00000000e6ab0000, 0x00000000e7816f40, 0x00000000e8000000)
  to   space 21824K,   0% used [0x00000000e5560000, 0x00000000e5560000, 0x00000000e6ab0000)
 concurrent mark-sweep generation total 393216K, used 23536K [0x00000000e8000000, 0x0000000100000000, 0x0000000100000000)
 Metaspace       used 42762K, capacity 44455K, committed 44616K, reserved 1087488K
  class space    used 5286K, capacity 5651K, committed 5704K, reserved 1048576K
}
2018-09-07T19:08:41.879+0530: 476.674: Total time for which application threads were stopped: 0.0547952 seconds, Stopping threads took: 0.0000573 seconds
2018-09-07T19:08:41.955+0530: 476.750: Total time for which application threads were stopped: 0.0002037 seconds, Stopping threads took: 0.0000300 seconds
2018-09-07T19:08:41.967+0530: 476.763: Total time for which application threads were stopped: 0.0001741 seconds, Stopping threads took: 0.0000331 seconds
2018-09-07T19:08:42.036+0530: 476.831: Total time for which application threads were stopped: 0.0002081 seconds, Stopping threads took: 0.0000554 seconds
2018-09-07T19:08:42.039+0530: 476.834: Total time for which application threads were stopped: 0.0002011 seconds, Stopping threads took: 0.0000499 seconds
{Heap before GC invocations=27 (full 1):
 par new generation   total 109248K, used 101147K [0x00000000e0000000, 0x00000000e8000000, 0x00000000e8000000)
  eden space 87424K, 100% used [0x00000000e0000000, 0x00000000e5560000, 0x00000000e5560000)
  from space 21824K,  62% used [0x00000000e6ab0000, 0x00000000e7816f40, 0x00000000e8000000)
  to   space 21824K,   0% used [0x00000000e5560000, 0x00000000e5560000, 0x00000000e6ab0000)
 concurrent mark-sweep generation total 393216K, used 23536K [0x00000000e8000000, 0x0000000100000000, 0x0000000100000000)
 Metaspace       used 42795K, capacity 44557K, committed 44616K, reserved 1087488K
  class space    used 5290K, capacity 5658K, committed 5704K, reserved 1048576K
2018-09-07T19:08:42.126+0530: 476.921: [GC (Allocation Failure) 2018-09-07T19:08:42.126+0530: 476.921: [ParNew
Desired survivor size 20112992 bytes, new threshold 8 (max 8)
- age   1:    2043008 bytes,    2043008 total
- age   2:     104896 bytes,    2147904 total
- age   3:      73600 bytes,    2221504 total
- age   4:    4468064 bytes,    6689568 total
- age   5:     365272 bytes,    7054840 total
- age   6:     124968 bytes,    7179808 total
- age   7:     146520 bytes,    7326328 total
- age   8:     840128 bytes,    8166456 total
: 101147K->14182K(109248K), 0.0481409 secs] 124684K->40413K(502464K), 0.0485254 secs] [Times: user=0.08 sys=0.00, real=0.04 secs] 
Heap after GC invocations=28 (full 1):
 par new generation   total 109248K, used 14182K [0x00000000e0000000, 0x00000000e8000000, 0x00000000e8000000)
  eden space 87424K,   0% used [0x00000000e0000000, 0x00000000e0000000, 0x00000000e5560000)
  from space 21824K,  64% used [0x00000000e5560000, 0x00000000e6339be0, 0x00000000e6ab0000)
  to   space 21824K,   0% used [0x00000000e6ab0000, 0x00000000e6ab0000, 0x00000000e8000000)
 concurrent mark-sweep generation total 393216K, used 26230K [0x00000000e8000000, 0x0000000100000000, 0x0000000100000000)
 Metaspace       used 42795K, capacity 44557K, committed 44616K, reserved 1087488K
  class space    used 5290K, capacity 5658K, committed 5704K, reserved 1048576K
}
2018-09-07T19:08:42.174+0530: 476.969: Total time for which application threads were stopped: 0.0489378 seconds, Stopping threads took: 0.0000352 seconds
2018-09-07T19:08:42.496+0530: 477.291: Total time for which application threads were stopped: 0.0002994 seconds, Stopping threads took: 0.0000383 seconds
2018-09-07T19:08:42.524+0530: 477.319: Total time for which application threads were stopped: 0.0001838 seconds, Stopping threads took: 0.0000359 seconds
2018-09-07T19:08:42.525+0530: 477.320: Total time for which application threads were stopped: 0.0002830 seconds, Stopping threads took: 0.0001619 seconds
2018-09-07T19:08:42.535+0530: 477.330: Total time for which application threads were stopped: 0.0001282 seconds, Stopping threads took: 0.0000308 seconds
2018-09-07T19:08:42.535+0530: 477.330: Total time for which application threads were stopped: 0.0000795 seconds, Stopping threads took: 0.0000144 seconds
2018-09-07T19:08:42.555+0530: 477.350: Total time for which application threads were stopped: 0.0001174 seconds, Stopping threads took: 0.0000210 seconds
2018-09-07T19:08:42.573+0530: 477.368: Total time for which application threads were stopped: 0.0001445 seconds, Stopping threads took: 0.0000268 seconds
2018-09-07T19:08:42.576+0530: 477.371: Total time for which application threads were stopped: 0.0005541 seconds, Stopping threads took: 0.0000195 seconds
2018-09-07T19:08:42.577+0530: 477.372: Total time for which application threads were stopped: 0.0005488 seconds, Stopping threads took: 0.0000138 seconds
2018-09-07T19:08:42.582+0530: 477.377: Total time for which application threads were stopped: 0.0001359 seconds, Stopping threads took: 0.0000412 seconds
2018-09-07T19:08:42.584+0530: 477.379: Total time for which application threads were stopped: 0.0022724 seconds, Stopping threads took: 0.0021923 seconds
2018-09-07T19:08:42.590+0530: 477.385: Total time for which application threads were stopped: 0.0002024 seconds, Stopping threads took: 0.0000912 seconds
2018-09-07T19:08:42.591+0530: 477.386: Total time for which application threads were stopped: 0.0001670 seconds, Stopping threads took: 0.0000905 seconds
2018-09-07T19:08:42.593+0530: 477.388: Total time for which application threads were stopped: 0.0002047 seconds, Stopping threads took: 0.0001165 seconds
2018-09-07T19:08:42.596+0530: 477.391: Total time for which application threads were stopped: 0.0035041 seconds, Stopping threads took: 0.0034232 seconds
2018-09-07T19:08:42.597+0530: 477.392: Total time for which application threads were stopped: 0.0001602 seconds, Stopping threads took: 0.0000381 seconds
2018-09-07T19:08:42.597+0530: 477.392: Total time for which application threads were stopped: 0.0000996 seconds, Stopping threads took: 0.0000095 seconds
2018-09-07T19:08:42.608+0530: 477.403: Total time for which application threads were stopped: 0.0002052 seconds, Stopping threads took: 0.0000473 seconds
2018-09-07T19:08:42.609+0530: 477.404: Total time for which application threads were stopped: 0.0002407 seconds, Stopping threads took: 0.0000735 seconds
2018-09-07T19:08:42.618+0530: 477.413: Total time for which application threads were stopped: 0.0001979 seconds, Stopping threads took: 0.0000881 seconds
2018-09-07T19:08:42.620+0530: 477.415: Total time for which application threads were stopped: 0.0001614 seconds, Stopping threads took: 0.0000538 seconds
2018-09-07T19:08:42.622+0530: 477.417: Total time for which application threads were stopped: 0.0011355 seconds, Stopping threads took: 0.0010344 seconds
2018-09-07T19:08:42.624+0530: 477.419: Total time for which application threads were stopped: 0.0001401 seconds, Stopping threads took: 0.0000480 seconds
2018-09-07T19:08:42.625+0530: 477.420: Total time for which application threads were stopped: 0.0001880 seconds, Stopping threads took: 0.0000353 seconds
2018-09-07T19:08:42.629+0530: 477.424: Total time for which application threads were stopped: 0.0001618 seconds, Stopping threads took: 0.0000669 seconds
2018-09-07T19:08:42.631+0530: 477.426: Total time for which application threads were stopped: 0.0001381 seconds, Stopping threads took: 0.0000405 seconds
2018-09-07T19:08:42.631+0530: 477.426: Total time for which application threads were stopped: 0.0001168 seconds, Stopping threads took: 0.0000349 seconds
2018-09-07T19:08:42.632+0530: 477.427: Total time for which application threads were stopped: 0.0002273 seconds, Stopping threads took: 0.0001138 seconds
2018-09-07T19:08:42.633+0530: 477.428: Total time for which application threads were stopped: 0.0004047 seconds, Stopping threads took: 0.0000425 seconds
2018-09-07T19:08:42.645+0530: 477.440: Total time for which application threads were stopped: 0.0004150 seconds, Stopping threads took: 0.0000555 seconds
2018-09-07T19:08:43.529+0530: 478.324: Total time for which application threads were stopped: 0.0002406 seconds, Stopping threads took: 0.0000455 seconds
2018-09-07T19:08:43.529+0530: 478.324: Total time for which application threads were stopped: 0.0001344 seconds, Stopping threads took: 0.0000181 seconds
2018-09-07T19:08:43.535+0530: 478.330: Total time for which application threads were stopped: 0.0008856 seconds, Stopping threads took: 0.0000379 seconds
2018-09-07T19:08:43.540+0530: 478.335: Total time for which application threads were stopped: 0.0008340 seconds, Stopping threads took: 0.0006429 seconds
2018-09-07T19:08:43.540+0530: 478.335: Total time for which application threads were stopped: 0.0001369 seconds, Stopping threads took: 0.0000200 seconds
2018-09-07T19:08:43.541+0530: 478.336: Total time for which application threads were stopped: 0.0003970 seconds, Stopping threads took: 0.0001929 seconds
2018-09-07T19:08:43.542+0530: 478.337: Total time for which application threads were stopped: 0.0001686 seconds, Stopping threads took: 0.0000234 seconds
2018-09-07T19:08:43.552+0530: 478.347: Total time for which application threads were stopped: 0.0002189 seconds, Stopping threads took: 0.0000657 seconds
2018-09-07T19:08:43.553+0530: 478.348: Total time for which application threads were stopped: 0.0001956 seconds, Stopping threads took: 0.0000825 seconds
2018-09-07T19:08:43.610+0530: 478.405: Total time for which application threads were stopped: 0.0002136 seconds, Stopping threads took: 0.0000324 seconds
2018-09-07T19:08:43.618+0530: 478.413: Total time for which application threads were stopped: 0.0011718 seconds, Stopping threads took: 0.0010078 seconds
2018-09-07T19:08:43.632+0530: 478.427: Total time for which application threads were stopped: 0.0090062 seconds, Stopping threads took: 0.0086808 seconds
2018-09-07T19:08:43.775+0530: 478.570: Total time for which application threads were stopped: 0.0007070 seconds, Stopping threads took: 0.0003434 seconds
2018-09-07T19:08:43.776+0530: 478.571: Total time for which application threads were stopped: 0.0003604 seconds, Stopping threads took: 0.0001207 seconds
2018-09-07T19:08:44.776+0530: 479.572: Total time for which application threads were stopped: 0.0005730 seconds, Stopping threads took: 0.0000818 seconds
2018-09-07T19:08:44.862+0530: 479.657: Total time for which application threads were stopped: 0.0049282 seconds, Stopping threads took: 0.0023654 seconds
2018-09-07T19:08:44.972+0530: 479.767: Total time for which application threads were stopped: 0.0009399 seconds, Stopping threads took: 0.0007420 seconds
2018-09-07T19:08:44.976+0530: 479.771: Total time for which application threads were stopped: 0.0033900 seconds, Stopping threads took: 0.0032571 seconds
2018-09-07T19:08:44.977+0530: 479.772: Total time for which application threads were stopped: 0.0002465 seconds, Stopping threads took: 0.0000532 seconds
2018-09-07T19:08:44.979+0530: 479.775: Total time for which application threads were stopped: 0.0012736 seconds, Stopping threads took: 0.0010798 seconds
2018-09-07T19:08:44.982+0530: 479.777: Total time for which application threads were stopped: 0.0002288 seconds, Stopping threads took: 0.0000524 seconds
2018-09-07T19:08:44.983+0530: 479.778: Total time for which application threads were stopped: 0.0001937 seconds, Stopping threads took: 0.0000589 seconds
2018-09-07T19:08:45.983+0530: 480.779: Total time for which application threads were stopped: 0.0003831 seconds, Stopping threads took: 0.0000728 seconds
2018-09-07T19:08:54.985+0530: 489.780: Total time for which application threads were stopped: 0.0002190 seconds, Stopping threads took: 0.0000332 seconds
2018-09-07T19:09:40.994+0530: 535.789: Total time for which application threads were stopped: 0.0004083 seconds, Stopping threads took: 0.0000842 seconds
2018-09-07T19:09:43.021+0530: 537.816: Total time for which application threads were stopped: 0.0003544 seconds, Stopping threads took: 0.0000692 seconds
2018-09-07T19:09:43.022+0530: 537.817: Total time for which application threads were stopped: 0.0003311 seconds, Stopping threads took: 0.0000711 seconds
{Heap before GC invocations=28 (full 1):
 par new generation   total 109248K, used 101606K [0x00000000e0000000, 0x00000000e8000000, 0x00000000e8000000)
  eden space 87424K, 100% used [0x00000000e0000000, 0x00000000e5560000, 0x00000000e5560000)
  from space 21824K,  64% used [0x00000000e5560000, 0x00000000e6339be0, 0x00000000e6ab0000)
  to   space 21824K,   0% used [0x00000000e6ab0000, 0x00000000e6ab0000, 0x00000000e8000000)
 concurrent mark-sweep generation total 393216K, used 26230K [0x00000000e8000000, 0x0000000100000000, 0x0000000100000000)
 Metaspace       used 44641K, capacity 46415K, committed 46664K, reserved 1089536K
  class space    used 5498K, capacity 5879K, committed 5960K, reserved 1048576K
2018-09-07T19:10:08.366+0530: 563.161: [GC (Allocation Failure) 2018-09-07T19:10:08.366+0530: 563.161: [ParNew
Desired survivor size 20112992 bytes, new threshold 8 (max 8)
- age   1:    5320664 bytes,    5320664 total
- age   2:    1084040 bytes,    6404704 total
- age   3:     104896 bytes,    6509600 total
- age   4:      73600 bytes,    6583200 total
- age   5:    4272760 bytes,   10855960 total
- age   6:     272880 bytes,   11128840 total
- age   7:       7352 bytes,   11136192 total
- age   8:      40288 bytes,   11176480 total
: 101606K->14159K(109248K), 0.0637460 secs] 127837K->41112K(502464K), 0.0641843 secs] [Times: user=0.08 sys=0.00, real=0.06 secs] 
Heap after GC invocations=29 (full 1):
 par new generation   total 109248K, used 14159K [0x00000000e0000000, 0x00000000e8000000, 0x00000000e8000000)
  eden space 87424K,   0% used [0x00000000e0000000, 0x00000000e0000000, 0x00000000e5560000)
  from space 21824K,  64% used [0x00000000e6ab0000, 0x00000000e7883d40, 0x00000000e8000000)
  to   space 21824K,   0% used [0x00000000e5560000, 0x00000000e5560000, 0x00000000e6ab0000)
 concurrent mark-sweep generation total 393216K, used 26952K [0x00000000e8000000, 0x0000000100000000, 0x0000000100000000)
 Metaspace       used 44641K, capacity 46415K, committed 46664K, reserved 1089536K
  class space    used 5498K, capacity 5879K, committed 5960K, reserved 1048576K
}
2018-09-07T19:10:08.430+0530: 563.225: Total time for which application threads were stopped: 0.0647220 seconds, Stopping threads took: 0.0000688 seconds
{Heap before GC invocations=29 (full 1):
 par new generation   total 109248K, used 101583K [0x00000000e0000000, 0x00000000e8000000, 0x00000000e8000000)
  eden space 87424K, 100% used [0x00000000e0000000, 0x00000000e5560000, 0x00000000e5560000)
  from space 21824K,  64% used [0x00000000e6ab0000, 0x00000000e7883d40, 0x00000000e8000000)
  to   space 21824K,   0% used [0x00000000e5560000, 0x00000000e5560000, 0x00000000e6ab0000)
 concurrent mark-sweep generation total 393216K, used 26952K [0x00000000e8000000, 0x0000000100000000, 0x0000000100000000)
 Metaspace       used 44641K, capacity 46415K, committed 46664K, reserved 1089536K
  class space    used 5498K, capacity 5879K, committed 5960K, reserved 1048576K
2018-09-07T19:10:08.490+0530: 563.285: [GC (Allocation Failure) 2018-09-07T19:10:08.491+0530: 563.286: [ParNew
Desired survivor size 20112992 bytes, new threshold 8 (max 8)
- age   1:     726296 bytes,     726296 total
- age   2:    3950832 bytes,    4677128 total
- age   3:    1084040 bytes,    5761168 total
- age   4:     104896 bytes,    5866064 total
- age   5:      73600 bytes,    5939664 total
- age   6:    4270936 bytes,   10210600 total
- age   7:     272880 bytes,   10483480 total
- age   8:       7352 bytes,   10490832 total
: 101583K->12000K(109248K), 0.0541137 secs] 128536K->38993K(502464K), 0.0544940 secs] [Times: user=0.08 sys=0.00, real=0.06 secs] 
Heap after GC invocations=30 (full 1):
 par new generation   total 109248K, used 12000K [0x00000000e0000000, 0x00000000e8000000, 0x00000000e8000000)
  eden space 87424K,   0% used [0x00000000e0000000, 0x00000000e0000000, 0x00000000e5560000)
  from space 21824K,  54% used [0x00000000e5560000, 0x00000000e6118128, 0x00000000e6ab0000)
  to   space 21824K,   0% used [0x00000000e6ab0000, 0x00000000e6ab0000, 0x00000000e8000000)
 concurrent mark-sweep generation total 393216K, used 26993K [0x00000000e8000000, 0x0000000100000000, 0x0000000100000000)
 Metaspace       used 44641K, capacity 46415K, committed 46664K, reserved 1089536K
  class space    used 5498K, capacity 5879K, committed 5960K, reserved 1048576K
}
2018-09-07T19:10:08.545+0530: 563.340: Total time for which application threads were stopped: 0.0602881 seconds, Stopping threads took: 0.0054598 seconds
{Heap before GC invocations=30 (full 1):
 par new generation   total 109248K, used 99424K [0x00000000e0000000, 0x00000000e8000000, 0x00000000e8000000)
  eden space 87424K, 100% used [0x00000000e0000000, 0x00000000e5560000, 0x00000000e5560000)
  from space 21824K,  54% used [0x00000000e5560000, 0x00000000e6118128, 0x00000000e6ab0000)
  to   space 21824K,   0% used [0x00000000e6ab0000, 0x00000000e6ab0000, 0x00000000e8000000)
 concurrent mark-sweep generation total 393216K, used 26993K [0x00000000e8000000, 0x0000000100000000, 0x0000000100000000)
 Metaspace       used 44641K, capacity 46415K, committed 46664K, reserved 1089536K
  class space    used 5498K, capacity 5879K, committed 5960K, reserved 1048576K
2018-09-07T19:10:08.639+0530: 563.434: [GC (Allocation Failure) 2018-09-07T19:10:08.639+0530: 563.434: [ParNew
Desired survivor size 20112992 bytes, new threshold 8 (max 8)
- age   1:     303672 bytes,     303672 total
- age   2:     246688 bytes,     550360 total
- age   3:    3950832 bytes,    4501192 total
- age   4:    1084040 bytes,    5585232 total
- age   5:     104896 bytes,    5690128 total
- age   6:      73600 bytes,    5763728 total
- age   7:    4270936 bytes,   10034664 total
- age   8:     272880 bytes,   10307544 total
: 99424K->11105K(109248K), 0.0558881 secs] 126417K->38105K(502464K), 0.0562453 secs] [Times: user=0.08 sys=0.00, real=0.05 secs] 
Heap after GC invocations=31 (full 1):
 par new generation   total 109248K, used 11105K [0x00000000e0000000, 0x00000000e8000000, 0x00000000e8000000)
  eden space 87424K,   0% used [0x00000000e0000000, 0x00000000e0000000, 0x00000000e5560000)
  from space 21824K,  50% used [0x00000000e6ab0000, 0x00000000e75884a0, 0x00000000e8000000)
  to   space 21824K,   0% used [0x00000000e5560000, 0x00000000e5560000, 0x00000000e6ab0000)
 concurrent mark-sweep generation total 393216K, used 27000K [0x00000000e8000000, 0x0000000100000000, 0x0000000100000000)
 Metaspace       used 44641K, capacity 46415K, committed 46664K, reserved 1089536K
  class space    used 5498K, capacity 5879K, committed 5960K, reserved 1048576K
}
2018-09-07T19:10:08.695+0530: 563.490: Total time for which application threads were stopped: 0.0567096 seconds, Stopping threads took: 0.0000699 seconds
2018-09-07T19:10:08.755+0530: 563.550: Total time for which application threads were stopped: 0.0017383 seconds, Stopping threads took: 0.0015634 seconds
2018-09-07T19:10:08.907+0530: 563.702: Total time for which application threads were stopped: 0.0002455 seconds, Stopping threads took: 0.0000428 seconds
{Heap before GC invocations=31 (full 1):
 par new generation   total 109248K, used 98529K [0x00000000e0000000, 0x00000000e8000000, 0x00000000e8000000)
  eden space 87424K, 100% used [0x00000000e0000000, 0x00000000e5560000, 0x00000000e5560000)
  from space 21824K,  50% used [0x00000000e6ab0000, 0x00000000e75884a0, 0x00000000e8000000)
  to   space 21824K,   0% used [0x00000000e5560000, 0x00000000e5560000, 0x00000000e6ab0000)
 concurrent mark-sweep generation total 393216K, used 27000K [0x00000000e8000000, 0x0000000100000000, 0x0000000100000000)
 Metaspace       used 44645K, capacity 46415K, committed 46664K, reserved 1089536K
  class space    used 5498K, capacity 5879K, committed 5960K, reserved 1048576K
2018-09-07T19:10:08.925+0530: 563.720: [GC (Allocation Failure) 2018-09-07T19:10:08.925+0530: 563.720: [ParNew
Desired survivor size 20112992 bytes, new threshold 8 (max 8)
- age   1:     929400 bytes,     929400 total
- age   2:     116888 bytes,    1046288 total
- age   3:      49776 bytes,    1096064 total
- age   4:    3583320 bytes,    4679384 total
- age   5:    1084040 bytes,    5763424 total
- age   6:     104896 bytes,    5868320 total
- age   7:      73600 bytes,    5941920 total
- age   8:    4270936 bytes,   10212856 total
: 98529K->11805K(109248K), 0.0510797 secs] 125529K->39073K(502464K), 0.0513979 secs] [Times: user=0.07 sys=0.00, real=0.04 secs] 
Heap after GC invocations=32 (full 1):
 par new generation   total 109248K, used 11805K [0x00000000e0000000, 0x00000000e8000000, 0x00000000e8000000)
  eden space 87424K,   0% used [0x00000000e0000000, 0x00000000e0000000, 0x00000000e5560000)
  from space 21824K,  54% used [0x00000000e5560000, 0x00000000e60e7478, 0x00000000e6ab0000)
  to   space 21824K,   0% used [0x00000000e6ab0000, 0x00000000e6ab0000, 0x00000000e8000000)
 concurrent mark-sweep generation total 393216K, used 27268K [0x00000000e8000000, 0x0000000100000000, 0x0000000100000000)
 Metaspace       used 44645K, capacity 46415K, committed 46664K, reserved 1089536K
  class space    used 5498K, capacity 5879K, committed 5960K, reserved 1048576K
}
2018-09-07T19:10:08.976+0530: 563.771: Total time for which application threads were stopped: 0.0517319 seconds, Stopping threads took: 0.0000321 seconds
{Heap before GC invocations=32 (full 1):
 par new generation   total 109248K, used 99229K [0x00000000e0000000, 0x00000000e8000000, 0x00000000e8000000)
  eden space 87424K, 100% used [0x00000000e0000000, 0x00000000e5560000, 0x00000000e5560000)
  from space 21824K,  54% used [0x00000000e5560000, 0x00000000e60e7478, 0x00000000e6ab0000)
  to   space 21824K,   0% used [0x00000000e6ab0000, 0x00000000e6ab0000, 0x00000000e8000000)
 concurrent mark-sweep generation total 393216K, used 27268K [0x00000000e8000000, 0x0000000100000000, 0x0000000100000000)
 Metaspace       used 44675K, capacity 46415K, committed 46664K, reserved 1089536K
  class space    used 5498K, capacity 5879K, committed 5960K, reserved 1048576K
2018-09-07T19:10:09.301+0530: 564.096: [GC (Allocation Failure) 2018-09-07T19:10:09.301+0530: 564.096: [ParNew
Desired survivor size 20112992 bytes, new threshold 8 (max 8)
- age   1:    1492672 bytes,    1492672 total
- age   2:     923976 bytes,    2416648 total
- age   3:     116888 bytes,    2533536 total
- age   4:      49776 bytes,    2583312 total
- age   5:    3020952 bytes,    5604264 total
- age   6:     610360 bytes,    6214624 total
- age   7:     104896 bytes,    6319520 total
- age   8:      73600 bytes,    6393120 total
: 99229K->11893K(109248K), 0.1188028 secs] 126497K->43894K(502464K), 0.1192329 secs] [Times: user=0.12 sys=0.00, real=0.12 secs] 
Heap after GC invocations=33 (full 1):
 par new generation   total 109248K, used 11893K [0x00000000e0000000, 0x00000000e8000000, 0x00000000e8000000)
  eden space 87424K,   0% used [0x00000000e0000000, 0x00000000e0000000, 0x00000000e5560000)
  from space 21824K,  54% used [0x00000000e6ab0000, 0x00000000e764d5e8, 0x00000000e8000000)
  to   space 21824K,   0% used [0x00000000e5560000, 0x00000000e5560000, 0x00000000e6ab0000)
 concurrent mark-sweep generation total 393216K, used 32001K [0x00000000e8000000, 0x0000000100000000, 0x0000000100000000)
 Metaspace       used 44675K, capacity 46415K, committed 46664K, reserved 1089536K
  class space    used 5498K, capacity 5879K, committed 5960K, reserved 1048576K
}
2018-09-07T19:10:09.420+0530: 564.215: Total time for which application threads were stopped: 0.1198112 seconds, Stopping threads took: 0.0000716 seconds
2018-09-07T19:10:09.551+0530: 564.346: Total time for which application threads were stopped: 0.0003575 seconds, Stopping threads took: 0.0001487 seconds
2018-09-07T19:10:09.567+0530: 564.362: Total time for which application threads were stopped: 0.0016466 seconds, Stopping threads took: 0.0013673 seconds
{Heap before GC invocations=33 (full 1):
 par new generation   total 109248K, used 99317K [0x00000000e0000000, 0x00000000e8000000, 0x00000000e8000000)
  eden space 87424K, 100% used [0x00000000e0000000, 0x00000000e5560000, 0x00000000e5560000)
  from space 21824K,  54% used [0x00000000e6ab0000, 0x00000000e764d5e8, 0x00000000e8000000)
  to   space 21824K,   0% used [0x00000000e5560000, 0x00000000e5560000, 0x00000000e6ab0000)
 concurrent mark-sweep generation total 393216K, used 32001K [0x00000000e8000000, 0x0000000100000000, 0x0000000100000000)
 Metaspace       used 44679K, capacity 46415K, committed 46664K, reserved 1089536K
  class space    used 5498K, capacity 5879K, committed 5960K, reserved 1048576K
2018-09-07T19:10:09.575+0530: 564.370: [GC (Allocation Failure) 2018-09-07T19:10:09.575+0530: 564.370: [ParNew
Desired survivor size 20112992 bytes, new threshold 8 (max 8)
- age   1:    1205064 bytes,    1205064 total
- age   2:    1345088 bytes,    2550152 total
- age   3:     923976 bytes,    3474128 total
- age   4:     116888 bytes,    3591016 total
- age   5:      49776 bytes,    3640792 total
- age   6:    3018048 bytes,    6658840 total
- age   7:     610360 bytes,    7269200 total
- age   8:     104896 bytes,    7374096 total
: 99317K->7921K(109248K), 0.0404218 secs] 131318K->39997K(502464K), 0.0407714 secs] [Times: user=0.06 sys=0.00, real=0.05 secs] 
Heap after GC invocations=34 (full 1):
 par new generation   total 109248K, used 7921K [0x00000000e0000000, 0x00000000e8000000, 0x00000000e8000000)
  eden space 87424K,   0% used [0x00000000e0000000, 0x00000000e0000000, 0x00000000e5560000)
  from space 21824K,  36% used [0x00000000e5560000, 0x00000000e5d1c620, 0x00000000e6ab0000)
  to   space 21824K,   0% used [0x00000000e6ab0000, 0x00000000e6ab0000, 0x00000000e8000000)
 concurrent mark-sweep generation total 393216K, used 32075K [0x00000000e8000000, 0x0000000100000000, 0x0000000100000000)
 Metaspace       used 44679K, capacity 46415K, committed 46664K, reserved 1089536K
  class space    used 5498K, capacity 5879K, committed 5960K, reserved 1048576K
}
2018-09-07T19:10:09.616+0530: 564.411: Total time for which application threads were stopped: 0.0411860 seconds, Stopping threads took: 0.0000403 seconds
{Heap before GC invocations=34 (full 1):
 par new generation   total 109248K, used 95345K [0x00000000e0000000, 0x00000000e8000000, 0x00000000e8000000)
  eden space 87424K, 100% used [0x00000000e0000000, 0x00000000e5560000, 0x00000000e5560000)
  from space 21824K,  36% used [0x00000000e5560000, 0x00000000e5d1c620, 0x00000000e6ab0000)
  to   space 21824K,   0% used [0x00000000e6ab0000, 0x00000000e6ab0000, 0x00000000e8000000)
 concurrent mark-sweep generation total 393216K, used 32075K [0x00000000e8000000, 0x0000000100000000, 0x0000000100000000)
 Metaspace       used 44684K, capacity 46415K, committed 46664K, reserved 1089536K
  class space    used 5498K, capacity 5879K, committed 5960K, reserved 1048576K
2018-09-07T19:10:09.769+0530: 564.564: [GC (Allocation Failure) 2018-09-07T19:10:09.840+0530: 564.635: [ParNew
Desired survivor size 20112992 bytes, new threshold 8 (max 8)
- age   1:     684032 bytes,     684032 total
- age   2:    1186032 bytes,    1870064 total
- age   3:     781680 bytes,    2651744 total
- age   4:     375792 bytes,    3027536 total
- age   5:      52784 bytes,    3080320 total
- age   6:      29864 bytes,    3110184 total
- age   7:    2959816 bytes,    6070000 total
- age   8:     610360 bytes,    6680360 total
: 95345K->8787K(109248K), 0.0613062 secs] 127421K->40967K(502464K), 0.1329038 secs] [Times: user=0.10 sys=0.01, real=0.13 secs] 
Heap after GC invocations=35 (full 1):
 par new generation   total 109248K, used 8787K [0x00000000e0000000, 0x00000000e8000000, 0x00000000e8000000)
  eden space 87424K,   0% used [0x00000000e0000000, 0x00000000e0000000, 0x00000000e5560000)
  from space 21824K,  40% used [0x00000000e6ab0000, 0x00000000e7344c50, 0x00000000e8000000)
  to   space 21824K,   0% used [0x00000000e5560000, 0x00000000e5560000, 0x00000000e6ab0000)
 concurrent mark-sweep generation total 393216K, used 32180K [0x00000000e8000000, 0x0000000100000000, 0x0000000100000000)
 Metaspace       used 44684K, capacity 46415K, committed 46664K, reserved 1089536K
  class space    used 5498K, capacity 5879K, committed 5960K, reserved 1048576K
}
2018-09-07T19:10:09.902+0530: 564.697: Total time for which application threads were stopped: 0.1333601 seconds, Stopping threads took: 0.0000633 seconds
2018-09-07T19:10:10.262+0530: 565.057: Total time for which application threads were stopped: 0.0003003 seconds, Stopping threads took: 0.0000609 seconds
{Heap before GC invocations=35 (full 1):
 par new generation   total 109248K, used 96211K [0x00000000e0000000, 0x00000000e8000000, 0x00000000e8000000)
  eden space 87424K, 100% used [0x00000000e0000000, 0x00000000e5560000, 0x00000000e5560000)
  from space 21824K,  40% used [0x00000000e6ab0000, 0x00000000e7344c50, 0x00000000e8000000)
  to   space 21824K,   0% used [0x00000000e5560000, 0x00000000e5560000, 0x00000000e6ab0000)
 concurrent mark-sweep generation total 393216K, used 32180K [0x00000000e8000000, 0x0000000100000000, 0x0000000100000000)
 Metaspace       used 44702K, capacity 46415K, committed 46664K, reserved 1089536K
  class space    used 5498K, capacity 5879K, committed 5960K, reserved 1048576K
2018-09-07T19:10:10.358+0530: 565.153: [GC (Allocation Failure) 2018-09-07T19:10:10.359+0530: 565.154: [ParNew
Desired survivor size 20112992 bytes, new threshold 8 (max 8)
- age   1:    1862760 bytes,    1862760 total
- age   2:      86920 bytes,    1949680 total
- age   3:     570872 bytes,    2520552 total
- age   4:     780304 bytes,    3300856 total
- age   5:     375792 bytes,    3676648 total
- age   6:      52784 bytes,    3729432 total
- age   7:      29864 bytes,    3759296 total
- age   8:    2958936 bytes,    6718232 total
: 96211K->7647K(109248K), 0.0495617 secs] 128391K->40427K(502464K), 0.0499684 secs] [Times: user=0.07 sys=0.00, real=0.05 secs] 
Heap after GC invocations=36 (full 1):
 par new generation   total 109248K, used 7647K [0x00000000e0000000, 0x00000000e8000000, 0x00000000e8000000)
  eden space 87424K,   0% used [0x00000000e0000000, 0x00000000e0000000, 0x00000000e5560000)
  from space 21824K,  35% used [0x00000000e5560000, 0x00000000e5cd7fe0, 0x00000000e6ab0000)
  to   space 21824K,   0% used [0x00000000e6ab0000, 0x00000000e6ab0000, 0x00000000e8000000)
 concurrent mark-sweep generation total 393216K, used 32779K [0x00000000e8000000, 0x0000000100000000, 0x0000000100000000)
 Metaspace       used 44702K, capacity 46415K, committed 46664K, reserved 1089536K
  class space    used 5498K, capacity 5879K, committed 5960K, reserved 1048576K
}
2018-09-07T19:10:10.408+0530: 565.203: Total time for which application threads were stopped: 0.0503980 seconds, Stopping threads took: 0.0000554 seconds
{Heap before GC invocations=36 (full 1):
 par new generation   total 109248K, used 95071K [0x00000000e0000000, 0x00000000e8000000, 0x00000000e8000000)
  eden space 87424K, 100% used [0x00000000e0000000, 0x00000000e5560000, 0x00000000e5560000)
  from space 21824K,  35% used [0x00000000e5560000, 0x00000000e5cd7fe0, 0x00000000e6ab0000)
  to   space 21824K,   0% used [0x00000000e6ab0000, 0x00000000e6ab0000, 0x00000000e8000000)
 concurrent mark-sweep generation total 393216K, used 32779K [0x00000000e8000000, 0x0000000100000000, 0x0000000100000000)
 Metaspace       used 44708K, capacity 46415K, committed 46664K, reserved 1089536K
  class space    used 5498K, capacity 5879K, committed 5960K, reserved 1048576K
2018-09-07T19:10:10.525+0530: 565.320: [GC (Allocation Failure) 2018-09-07T19:10:10.565+0530: 565.360: [ParNew
Desired survivor size 20112992 bytes, new threshold 8 (max 8)
- age   1:     472992 bytes,     472992 total
- age   2:    1594712 bytes,    2067704 total
- age   3:      86920 bytes,    2154624 total
- age   4:     570872 bytes,    2725496 total
- age   5:     780304 bytes,    3505800 total
- age   6:     375792 bytes,    3881592 total
- age   7:      52784 bytes,    3934376 total
- age   8:      29864 bytes,    3964240 total
: 95071K->6712K(109248K), 0.0195567 secs] 127851K->42389K(502464K), 0.0596693 secs] [Times: user=0.06 sys=0.00, real=0.06 secs] 
Heap after GC invocations=37 (full 1):
 par new generation   total 109248K, used 6712K [0x00000000e0000000, 0x00000000e8000000, 0x00000000e8000000)
  eden space 87424K,   0% used [0x00000000e0000000, 0x00000000e0000000, 0x00000000e5560000)
  from space 21824K,  30% used [0x00000000e6ab0000, 0x00000000e713e278, 0x00000000e8000000)
  to   space 21824K,   0% used [0x00000000e5560000, 0x00000000e5560000, 0x00000000e6ab0000)
 concurrent mark-sweep generation total 393216K, used 35677K [0x00000000e8000000, 0x0000000100000000, 0x0000000100000000)
 Metaspace       used 44708K, capacity 46415K, committed 46664K, reserved 1089536K
  class space    used 5498K, capacity 5879K, committed 5960K, reserved 1048576K
}
2018-09-07T19:10:10.585+0530: 565.380: Total time for which application threads were stopped: 0.0600902 seconds, Stopping threads took: 0.0000579 seconds
{Heap before GC invocations=37 (full 1):
 par new generation   total 109248K, used 94136K [0x00000000e0000000, 0x00000000e8000000, 0x00000000e8000000)
  eden space 87424K, 100% used [0x00000000e0000000, 0x00000000e5560000, 0x00000000e5560000)
  from space 21824K,  30% used [0x00000000e6ab0000, 0x00000000e713e278, 0x00000000e8000000)
  to   space 21824K,   0% used [0x00000000e5560000, 0x00000000e5560000, 0x00000000e6ab0000)
 concurrent mark-sweep generation total 393216K, used 35677K [0x00000000e8000000, 0x0000000100000000, 0x0000000100000000)
 Metaspace       used 44768K, capacity 46533K, committed 46664K, reserved 1089536K
  class space    used 5503K, capacity 5888K, committed 5960K, reserved 1048576K
2018-09-07T19:10:10.896+0530: 565.691: [GC (Allocation Failure) 2018-09-07T19:10:10.919+0530: 565.714: [ParNew
Desired survivor size 20112992 bytes, new threshold 8 (max 8)
- age   1:    2308000 bytes,    2308000 total
- age   2:     142776 bytes,    2450776 total
- age   3:     141264 bytes,    2592040 total
- age   4:       1776 bytes,    2593816 total
- age   5:     498184 bytes,    3092000 total
- age   6:     607976 bytes,    3699976 total
- age   7:      74440 bytes,    3774416 total
- age   8:      52784 bytes,    3827200 total
: 94136K->4816K(109248K), 0.0450897 secs] 129813K->40524K(502464K), 0.0685619 secs] [Times: user=0.10 sys=0.00, real=0.08 secs] 
Heap after GC invocations=38 (full 1):
 par new generation   total 109248K, used 4816K [0x00000000e0000000, 0x00000000e8000000, 0x00000000e8000000)
  eden space 87424K,   0% used [0x00000000e0000000, 0x00000000e0000000, 0x00000000e5560000)
  from space 21824K,  22% used [0x00000000e5560000, 0x00000000e5a14380, 0x00000000e6ab0000)
  to   space 21824K,   0% used [0x00000000e6ab0000, 0x00000000e6ab0000, 0x00000000e8000000)
 concurrent mark-sweep generation total 393216K, used 35707K [0x00000000e8000000, 0x0000000100000000, 0x0000000100000000)
 Metaspace       used 44768K, capacity 46533K, committed 46664K, reserved 1089536K
  class space    used 5503K, capacity 5888K, committed 5960K, reserved 1048576K
}
2018-09-07T19:10:10.965+0530: 565.760: Total time for which application threads were stopped: 0.0690116 seconds, Stopping threads took: 0.0000527 seconds
2018-09-07T19:10:11.248+0530: 566.043: Total time for which application threads were stopped: 0.0016441 seconds, Stopping threads took: 0.0014290 seconds
{Heap before GC invocations=38 (full 1):
 par new generation   total 109248K, used 92240K [0x00000000e0000000, 0x00000000e8000000, 0x00000000e8000000)
  eden space 87424K, 100% used [0x00000000e0000000, 0x00000000e5560000, 0x00000000e5560000)
  from space 21824K,  22% used [0x00000000e5560000, 0x00000000e5a14380, 0x00000000e6ab0000)
  to   space 21824K,   0% used [0x00000000e6ab0000, 0x00000000e6ab0000, 0x00000000e8000000)
 concurrent mark-sweep generation total 393216K, used 35707K [0x00000000e8000000, 0x0000000100000000, 0x0000000100000000)
 Metaspace       used 44847K, capacity 46645K, committed 46920K, reserved 1089536K
  class space    used 5514K, capacity 5906K, committed 5960K, reserved 1048576K
2018-09-07T19:10:11.276+0530: 566.071: [GC (Allocation Failure) 2018-09-07T19:10:11.276+0530: 566.071: [ParNew
Desired survivor size 20112992 bytes, new threshold 8 (max 8)
- age   1:    1825360 bytes,    1825360 total
- age   2:    1713848 bytes,    3539208 total
- age   3:     142776 bytes,    3681984 total
- age   4:     140896 bytes,    3822880 total
- age   5:       1432 bytes,    3824312 total
- age   6:     491648 bytes,    4315960 total
- age   7:     607944 bytes,    4923904 total
- age   8:      74440 bytes,    4998344 total
: 92240K->6569K(109248K), 0.0450851 secs] 127948K->42329K(502464K), 0.0454331 secs] [Times: user=0.06 sys=0.00, real=0.05 secs] 
Heap after GC invocations=39 (full 1):
 par new generation   total 109248K, used 6569K [0x00000000e0000000, 0x00000000e8000000, 0x00000000e8000000)
  eden space 87424K,   0% used [0x00000000e0000000, 0x00000000e0000000, 0x00000000e5560000)
  from space 21824K,  30% used [0x00000000e6ab0000, 0x00000000e711a6c0, 0x00000000e8000000)
  to   space 21824K,   0% used [0x00000000e5560000, 0x00000000e5560000, 0x00000000e6ab0000)
 concurrent mark-sweep generation total 393216K, used 35760K [0x00000000e8000000, 0x0000000100000000, 0x0000000100000000)
 Metaspace       used 44847K, capacity 46645K, committed 46920K, reserved 1089536K
  class space    used 5514K, capacity 5906K, committed 5960K, reserved 1048576K
}
2018-09-07T19:10:11.322+0530: 566.117: Total time for which application threads were stopped: 0.0458799 seconds, Stopping threads took: 0.0000563 seconds
{Heap before GC invocations=39 (full 1):
 par new generation   total 109248K, used 93993K [0x00000000e0000000, 0x00000000e8000000, 0x00000000e8000000)
  eden space 87424K, 100% used [0x00000000e0000000, 0x00000000e5560000, 0x00000000e5560000)
  from space 21824K,  30% used [0x00000000e6ab0000, 0x00000000e711a6c0, 0x00000000e8000000)
  to   space 21824K,   0% used [0x00000000e5560000, 0x00000000e5560000, 0x00000000e6ab0000)
 concurrent mark-sweep generation total 393216K, used 35760K [0x00000000e8000000, 0x0000000100000000, 0x0000000100000000)
 Metaspace       used 44865K, capacity 46675K, committed 46920K, reserved 1089536K
  class space    used 5517K, capacity 5911K, committed 5960K, reserved 1048576K
2018-09-07T19:10:11.412+0530: 566.207: [GC (Allocation Failure) 2018-09-07T19:10:11.413+0530: 566.208: [ParNew
Desired survivor size 20112992 bytes, new threshold 8 (max 8)
- age   1:    1034392 bytes,    1034392 total
- age   2:    1724040 bytes,    2758432 total
- age   3:    1148000 bytes,    3906432 total
- age   4:     142776 bytes,    4049208 total
- age   5:     139776 bytes,    4188984 total
- age   6:       1432 bytes,    4190416 total
- age   7:     491648 bytes,    4682064 total
- age   8:     607944 bytes,    5290008 total
: 93993K->6629K(109248K), 0.0379079 secs] 129753K->42463K(502464K), 0.0382167 secs] [Times: user=0.05 sys=0.00, real=0.04 secs] 
Heap after GC invocations=40 (full 1):
 par new generation   total 109248K, used 6629K [0x00000000e0000000, 0x00000000e8000000, 0x00000000e8000000)
  eden space 87424K,   0% used [0x00000000e0000000, 0x00000000e0000000, 0x00000000e5560000)
  from space 21824K,  30% used [0x00000000e5560000, 0x00000000e5bd9490, 0x00000000e6ab0000)
  to   space 21824K,   0% used [0x00000000e6ab0000, 0x00000000e6ab0000, 0x00000000e8000000)
 concurrent mark-sweep generation total 393216K, used 35834K [0x00000000e8000000, 0x0000000100000000, 0x0000000100000000)
 Metaspace       used 44865K, capacity 46675K, committed 46920K, reserved 1089536K
  class space    used 5517K, capacity 5911K, committed 5960K, reserved 1048576K
}
2018-09-07T19:10:11.451+0530: 566.246: Total time for which application threads were stopped: 0.0464507 seconds, Stopping threads took: 0.0079001 seconds
{Heap before GC invocations=40 (full 1):
 par new generation   total 109248K, used 94053K [0x00000000e0000000, 0x00000000e8000000, 0x00000000e8000000)
  eden space 87424K, 100% used [0x00000000e0000000, 0x00000000e5560000, 0x00000000e5560000)
  from space 21824K,  30% used [0x00000000e5560000, 0x00000000e5bd9490, 0x00000000e6ab0000)
  to   space 21824K,   0% used [0x00000000e6ab0000, 0x00000000e6ab0000, 0x00000000e8000000)
 concurrent mark-sweep generation total 393216K, used 35834K [0x00000000e8000000, 0x0000000100000000, 0x0000000100000000)
 Metaspace       used 44874K, capacity 46687K, committed 46920K, reserved 1089536K
  class space    used 5518K, capacity 5913K, committed 5960K, reserved 1048576K
2018-09-07T19:10:11.525+0530: 566.320: [GC (Allocation Failure) 2018-09-07T19:10:11.639+0530: 566.434: [ParNew
Desired survivor size 20112992 bytes, new threshold 8 (max 8)
- age   1:     932408 bytes,     932408 total
- age   2:     768176 bytes,    1700584 total
- age   3:    1724040 bytes,    3424624 total
- age   4:    1148000 bytes,    4572624 total
- age   5:     142776 bytes,    4715400 total
- age   6:     139776 bytes,    4855176 total
- age   7:       1432 bytes,    4856608 total
- age   8:     491648 bytes,    5348256 total
: 94053K->7940K(109248K), 0.0744112 secs] 129887K->44376K(502464K), 0.1883061 secs] [Times: user=0.14 sys=0.00, real=0.18 secs] 
Heap after GC invocations=41 (full 1):
 par new generation   total 109248K, used 7940K [0x00000000e0000000, 0x00000000e8000000, 0x00000000e8000000)
  eden space 87424K,   0% used [0x00000000e0000000, 0x00000000e0000000, 0x00000000e5560000)
  from space 21824K,  36% used [0x00000000e6ab0000, 0x00000000e7271210, 0x00000000e8000000)
  to   space 21824K,   0% used [0x00000000e5560000, 0x00000000e5560000, 0x00000000e6ab0000)
 concurrent mark-sweep generation total 393216K, used 36435K [0x00000000e8000000, 0x0000000100000000, 0x0000000100000000)
 Metaspace       used 44874K, capacity 46687K, committed 46920K, reserved 1089536K
  class space    used 5518K, capacity 5913K, committed 5960K, reserved 1048576K
}
2018-09-07T19:10:11.714+0530: 566.509: Total time for which application threads were stopped: 0.1906702 seconds, Stopping threads took: 0.0016440 seconds
{Heap before GC invocations=41 (full 1):
 par new generation   total 109248K, used 95364K [0x00000000e0000000, 0x00000000e8000000, 0x00000000e8000000)
  eden space 87424K, 100% used [0x00000000e0000000, 0x00000000e5560000, 0x00000000e5560000)
  from space 21824K,  36% used [0x00000000e6ab0000, 0x00000000e7271210, 0x00000000e8000000)
  to   space 21824K,   0% used [0x00000000e5560000, 0x00000000e5560000, 0x00000000e6ab0000)
 concurrent mark-sweep generation total 393216K, used 36435K [0x00000000e8000000, 0x0000000100000000, 0x0000000100000000)
 Metaspace       used 44887K, capacity 46705K, committed 46920K, reserved 1089536K
  class space    used 5520K, capacity 5916K, committed 5960K, reserved 1048576K
2018-09-07T19:10:11.905+0530: 566.700: [GC (Allocation Failure) 2018-09-07T19:10:11.906+0530: 566.701: [ParNew
Desired survivor size 20112992 bytes, new threshold 8 (max 8)
- age   1:     421272 bytes,     421272 total
- age   2:     106096 bytes,     527368 total
- age   3:     765984 bytes,    1293352 total
- age   4:    1723536 bytes,    3016888 total
- age   5:    1148000 bytes,    4164888 total
- age   6:     142776 bytes,    4307664 total
- age   7:     139744 bytes,    4447408 total
- age   8:       1432 bytes,    4448840 total
: 95364K->4880K(109248K), 0.0308043 secs] 131800K->41798K(502464K), 0.0313315 secs] [Times: user=0.08 sys=0.00, real=0.03 secs] 
Heap after GC invocations=42 (full 1):
 par new generation   total 109248K, used 4880K [0x00000000e0000000, 0x00000000e8000000, 0x00000000e8000000)
  eden space 87424K,   0% used [0x00000000e0000000, 0x00000000e0000000, 0x00000000e5560000)
  from space 21824K,  22% used [0x00000000e5560000, 0x00000000e5a24080, 0x00000000e6ab0000)
  to   space 21824K,   0% used [0x00000000e6ab0000, 0x00000000e6ab0000, 0x00000000e8000000)
 concurrent mark-sweep generation total 393216K, used 36918K [0x00000000e8000000, 0x0000000100000000, 0x0000000100000000)
 Metaspace       used 44887K, capacity 46705K, committed 46920K, reserved 1089536K
  class space    used 5520K, capacity 5916K, committed 5960K, reserved 1048576K
}
2018-09-07T19:10:11.937+0530: 566.732: Total time for which application threads were stopped: 0.0317899 seconds, Stopping threads took: 0.0000447 seconds
{Heap before GC invocations=42 (full 1):
 par new generation   total 109248K, used 92304K [0x00000000e0000000, 0x00000000e8000000, 0x00000000e8000000)
  eden space 87424K, 100% used [0x00000000e0000000, 0x00000000e5560000, 0x00000000e5560000)
  from space 21824K,  22% used [0x00000000e5560000, 0x00000000e5a24080, 0x00000000e6ab0000)
  to   space 21824K,   0% used [0x00000000e6ab0000, 0x00000000e6ab0000, 0x00000000e8000000)
 concurrent mark-sweep generation total 393216K, used 36918K [0x00000000e8000000, 0x0000000100000000, 0x0000000100000000)
 Metaspace       used 44890K, capacity 46705K, committed 46920K, reserved 1089536K
  class space    used 5520K, capacity 5916K, committed 5960K, reserved 1048576K
2018-09-07T19:10:12.114+0530: 566.910: [GC (Allocation Failure) 2018-09-07T19:10:12.115+0530: 566.910: [ParNew
Desired survivor size 20112992 bytes, new threshold 8 (max 8)
- age   1:    1920976 bytes,    1920976 total
- age   2:     404928 bytes,    2325904 total
- age   3:     106096 bytes,    2432000 total
- age   4:     119736 bytes,    2551736 total
- age   5:     640888 bytes,    3192624 total
- age   6:     570072 bytes,    3762696 total
- age   7:     142776 bytes,    3905472 total
- age   8:     139744 bytes,    4045216 total
: 92304K->6769K(109248K), 0.0466809 secs] 129222K->43689K(502464K), 0.0469984 secs] [Times: user=0.11 sys=0.00, real=0.05 secs] 
Heap after GC invocations=43 (full 1):
 par new generation   total 109248K, used 6769K [0x00000000e0000000, 0x00000000e8000000, 0x00000000e8000000)
  eden space 87424K,   0% used [0x00000000e0000000, 0x00000000e0000000, 0x00000000e5560000)
  from space 21824K,  31% used [0x00000000e6ab0000, 0x00000000e714c710, 0x00000000e8000000)
  to   space 21824K,   0% used [0x00000000e5560000, 0x00000000e5560000, 0x00000000e6ab0000)
 concurrent mark-sweep generation total 393216K, used 36919K [0x00000000e8000000, 0x0000000100000000, 0x0000000100000000)
 Metaspace       used 44890K, capacity 46705K, committed 46920K, reserved 1089536K
  class space    used 5520K, capacity 5916K, committed 5960K, reserved 1048576K
}
2018-09-07T19:10:12.162+0530: 566.957: Total time for which application threads were stopped: 0.0556808 seconds, Stopping threads took: 0.0082979 seconds
2018-09-07T19:10:12.342+0530: 567.137: Total time for which application threads were stopped: 0.0004843 seconds, Stopping threads took: 0.0001169 seconds
2018-09-07T19:10:12.370+0530: 567.165: Total time for which application threads were stopped: 0.0186650 seconds, Stopping threads took: 0.0181539 seconds
{Heap before GC invocations=43 (full 1):
 par new generation   total 109248K, used 94179K [0x00000000e0000000, 0x00000000e8000000, 0x00000000e8000000)
  eden space 87424K,  99% used [0x00000000e0000000, 0x00000000e555c8c0, 0x00000000e5560000)
  from space 21824K,  31% used [0x00000000e6ab0000, 0x00000000e714c710, 0x00000000e8000000)
  to   space 21824K,   0% used [0x00000000e5560000, 0x00000000e5560000, 0x00000000e6ab0000)
 concurrent mark-sweep generation total 393216K, used 36919K [0x00000000e8000000, 0x0000000100000000, 0x0000000100000000)
 Metaspace       used 44898K, capacity 46705K, committed 46920K, reserved 1089536K
  class space    used 5520K, capacity 5916K, committed 5960K, reserved 1048576K
2018-09-07T19:10:12.419+0530: 567.214: [GC (Allocation Failure) 2018-09-07T19:10:12.420+0530: 567.215: [ParNew
Desired survivor size 20112992 bytes, new threshold 8 (max 8)
- age   1:    2074320 bytes,    2074320 total
- age   2:    1555856 bytes,    3630176 total
- age   3:     404928 bytes,    4035104 total
- age   4:     106096 bytes,    4141200 total
- age   5:     119736 bytes,    4260936 total
- age   6:     640888 bytes,    4901824 total
- age   7:     569264 bytes,    5471088 total
- age   8:     142776 bytes,    5613864 total
: 94179K->6841K(109248K), 0.0318312 secs] 131099K->43897K(502464K), 0.0322849 secs] [Times: user=0.04 sys=0.00, real=0.03 secs] 
Heap after GC invocations=44 (full 1):
 par new generation   total 109248K, used 6841K [0x00000000e0000000, 0x00000000e8000000, 0x00000000e8000000)
  eden space 87424K,   0% used [0x00000000e0000000, 0x00000000e0000000, 0x00000000e5560000)
  from space 21824K,  31% used [0x00000000e5560000, 0x00000000e5c0e610, 0x00000000e6ab0000)
  to   space 21824K,   0% used [0x00000000e6ab0000, 0x00000000e6ab0000, 0x00000000e8000000)
 concurrent mark-sweep generation total 393216K, used 37056K [0x00000000e8000000, 0x0000000100000000, 0x0000000100000000)
 Metaspace       used 44898K, capacity 46705K, committed 46920K, reserved 1089536K
  class space    used 5520K, capacity 5916K, committed 5960K, reserved 1048576K
}
2018-09-07T19:10:12.452+0530: 567.247: Total time for which application threads were stopped: 0.0327320 seconds, Stopping threads took: 0.0000466 seconds
2018-09-07T19:10:12.540+0530: 567.335: Total time for which application threads were stopped: 0.0053754 seconds, Stopping threads took: 0.0051730 seconds
2018-09-07T19:10:12.556+0530: 567.351: Total time for which application threads were stopped: 0.0031198 seconds, Stopping threads took: 0.0029189 seconds
2018-09-07T19:10:12.557+0530: 567.352: Total time for which application threads were stopped: 0.0002658 seconds, Stopping threads took: 0.0000205 seconds
{Heap before GC invocations=44 (full 1):
 par new generation   total 109248K, used 94265K [0x00000000e0000000, 0x00000000e8000000, 0x00000000e8000000)
  eden space 87424K, 100% used [0x00000000e0000000, 0x00000000e5560000, 0x00000000e5560000)
  from space 21824K,  31% used [0x00000000e5560000, 0x00000000e5c0e610, 0x00000000e6ab0000)
  to   space 21824K,   0% used [0x00000000e6ab0000, 0x00000000e6ab0000, 0x00000000e8000000)
 concurrent mark-sweep generation total 393216K, used 37056K [0x00000000e8000000, 0x0000000100000000, 0x0000000100000000)
 Metaspace       used 44917K, capacity 46705K, committed 46920K, reserved 1089536K
  class space    used 5521K, capacity 5916K, committed 5960K, reserved 1048576K
2018-09-07T19:10:12.564+0530: 567.359: [GC (Allocation Failure) 2018-09-07T19:10:12.564+0530: 567.359: [ParNew
Desired survivor size 20112992 bytes, new threshold 8 (max 8)
- age   1:     387096 bytes,     387096 total
- age   2:    1848768 bytes,    2235864 total
- age   3:     686440 bytes,    2922304 total
- age   4:     152376 bytes,    3074680 total
- age   5:      63256 bytes,    3137936 total
- age   6:      81864 bytes,    3219800 total
- age   7:     462464 bytes,    3682264 total
- age   8:     569264 bytes,    4251528 total
: 94265K->5750K(109248K), 0.0309470 secs] 131321K->42953K(502464K), 0.0312428 secs] [Times: user=0.05 sys=0.00, real=0.02 secs] 
Heap after GC invocations=45 (full 1):
 par new generation   total 109248K, used 5750K [0x00000000e0000000, 0x00000000e8000000, 0x00000000e8000000)
  eden space 87424K,   0% used [0x00000000e0000000, 0x00000000e0000000, 0x00000000e5560000)
  from space 21824K,  26% used [0x00000000e6ab0000, 0x00000000e704d968, 0x00000000e8000000)
  to   space 21824K,   0% used [0x00000000e5560000, 0x00000000e5560000, 0x00000000e6ab0000)
 concurrent mark-sweep generation total 393216K, used 37203K [0x00000000e8000000, 0x0000000100000000, 0x0000000100000000)
 Metaspace       used 44917K, capacity 46705K, committed 46920K, reserved 1089536K
  class space    used 5521K, capacity 5916K, committed 5960K, reserved 1048576K
}
2018-09-07T19:10:12.596+0530: 567.391: Total time for which application threads were stopped: 0.0316148 seconds, Stopping threads took: 0.0000577 seconds
2018-09-07T19:10:12.605+0530: 567.400: Total time for which application threads were stopped: 0.0005779 seconds, Stopping threads took: 0.0003023 seconds
2018-09-07T19:10:12.614+0530: 567.409: Total time for which application threads were stopped: 0.0004595 seconds, Stopping threads took: 0.0000632 seconds
2018-09-07T19:10:12.636+0530: 567.431: Total time for which application threads were stopped: 0.0003181 seconds, Stopping threads took: 0.0001489 seconds
2018-09-07T19:10:12.639+0530: 567.434: Total time for which application threads were stopped: 0.0002548 seconds, Stopping threads took: 0.0000885 seconds
2018-09-07T19:10:12.806+0530: 567.602: Total time for which application threads were stopped: 0.0005443 seconds, Stopping threads took: 0.0000735 seconds
{Heap before GC invocations=45 (full 1):
 par new generation   total 109248K, used 93174K [0x00000000e0000000, 0x00000000e8000000, 0x00000000e8000000)
  eden space 87424K, 100% used [0x00000000e0000000, 0x00000000e5560000, 0x00000000e5560000)
  from space 21824K,  26% used [0x00000000e6ab0000, 0x00000000e704d968, 0x00000000e8000000)
  to   space 21824K,   0% used [0x00000000e5560000, 0x00000000e5560000, 0x00000000e6ab0000)
 concurrent mark-sweep generation total 393216K, used 37203K [0x00000000e8000000, 0x0000000100000000, 0x0000000100000000)
 Metaspace       used 44947K, capacity 46749K, committed 46920K, reserved 1089536K
  class space    used 5526K, capacity 5924K, committed 5960K, reserved 1048576K
2018-09-07T19:10:12.903+0530: 567.698: [GC (Allocation Failure) 2018-09-07T19:10:12.904+0530: 567.699: [ParNew
Desired survivor size 20112992 bytes, new threshold 8 (max 8)
- age   1:    1142792 bytes,    1142792 total
- age   2:     374088 bytes,    1516880 total
- age   3:    1848120 bytes,    3365000 total
- age   4:     686176 bytes,    4051176 total
- age   5:     152272 bytes,    4203448 total
- age   6:      63256 bytes,    4266704 total
- age   7:      81864 bytes,    4348568 total
- age   8:     462336 bytes,    4810904 total
: 93174K->6090K(109248K), 0.0391328 secs] 130377K->43851K(502464K), 0.0395353 secs] [Times: user=0.08 sys=0.00, real=0.04 secs] 
Heap after GC invocations=46 (full 1):
 par new generation   total 109248K, used 6090K [0x00000000e0000000, 0x00000000e8000000, 0x00000000e8000000)
  eden space 87424K,   0% used [0x00000000e0000000, 0x00000000e0000000, 0x00000000e5560000)
  from space 21824K,  27% used [0x00000000e5560000, 0x00000000e5b52b48, 0x00000000e6ab0000)
  to   space 21824K,   0% used [0x00000000e6ab0000, 0x00000000e6ab0000, 0x00000000e8000000)
 concurrent mark-sweep generation total 393216K, used 37760K [0x00000000e8000000, 0x0000000100000000, 0x0000000100000000)
 Metaspace       used 44947K, capacity 46749K, committed 46920K, reserved 1089536K
  class space    used 5526K, capacity 5924K, committed 5960K, reserved 1048576K
}
2018-09-07T19:10:12.943+0530: 567.738: Total time for which application threads were stopped: 0.0400427 seconds, Stopping threads took: 0.0000705 seconds
{Heap before GC invocations=46 (full 1):
 par new generation   total 109248K, used 93514K [0x00000000e0000000, 0x00000000e8000000, 0x00000000e8000000)
  eden space 87424K, 100% used [0x00000000e0000000, 0x00000000e5560000, 0x00000000e5560000)
  from space 21824K,  27% used [0x00000000e5560000, 0x00000000e5b52b48, 0x00000000e6ab0000)
  to   space 21824K,   0% used [0x00000000e6ab0000, 0x00000000e6ab0000, 0x00000000e8000000)
 concurrent mark-sweep generation total 393216K, used 37760K [0x00000000e8000000, 0x0000000100000000, 0x0000000100000000)
 Metaspace       used 44950K, capacity 46813K, committed 46920K, reserved 1089536K
  class space    used 5526K, capacity 5924K, committed 5960K, reserved 1048576K
2018-09-07T19:10:13.057+0530: 567.852: [GC (Allocation Failure) 2018-09-07T19:10:13.057+0530: 567.852: [ParNew
Desired survivor size 20112992 bytes, new threshold 8 (max 8)
- age   1:    1115680 bytes,    1115680 total
- age   2:    1017584 bytes,    2133264 total
- age   3:     374088 bytes,    2507352 total
- age   4:    1278944 bytes,    3786296 total
- age   5:     686176 bytes,    4472472 total
- age   6:     151152 bytes,    4623624 total
- age   7:      63256 bytes,    4686880 total
- age   8:      81864 bytes,    4768744 total
: 93514K->6096K(109248K), 0.0387803 secs] 131275K->44314K(502464K), 0.0391526 secs] [Times: user=0.04 sys=0.00, real=0.03 secs] 
Heap after GC invocations=47 (full 1):
 par new generation   total 109248K, used 6096K [0x00000000e0000000, 0x00000000e8000000, 0x00000000e8000000)
  eden space 87424K,   0% used [0x00000000e0000000, 0x00000000e0000000, 0x00000000e5560000)
  from space 21824K,  27% used [0x00000000e6ab0000, 0x00000000e70a41a0, 0x00000000e8000000)
  to   space 21824K,   0% used [0x00000000e5560000, 0x00000000e5560000, 0x00000000e6ab0000)
 concurrent mark-sweep generation total 393216K, used 38218K [0x00000000e8000000, 0x0000000100000000, 0x0000000100000000)
 Metaspace       used 44950K, capacity 46813K, committed 46920K, reserved 1089536K
  class space    used 5526K, capacity 5924K, committed 5960K, reserved 1048576K
}
2018-09-07T19:10:13.096+0530: 567.891: Total time for which application threads were stopped: 0.0476900 seconds, Stopping threads took: 0.0080336 seconds
{Heap before GC invocations=47 (full 1):
 par new generation   total 109248K, used 93506K [0x00000000e0000000, 0x00000000e8000000, 0x00000000e8000000)
  eden space 87424K,  99% used [0x00000000e0000000, 0x00000000e555c918, 0x00000000e5560000)
  from space 21824K,  27% used [0x00000000e6ab0000, 0x00000000e70a41a0, 0x00000000e8000000)
  to   space 21824K,   0% used [0x00000000e5560000, 0x00000000e5560000, 0x00000000e6ab0000)
 concurrent mark-sweep generation total 393216K, used 38218K [0x00000000e8000000, 0x0000000100000000, 0x0000000100000000)
 Metaspace       used 44953K, capacity 46813K, committed 46920K, reserved 1089536K
  class space    used 5527K, capacity 5924K, committed 5960K, reserved 1048576K
2018-09-07T19:10:13.184+0530: 567.979: [GC (Allocation Failure) 2018-09-07T19:10:13.184+0530: 567.979: [ParNew
Desired survivor size 20112992 bytes, new threshold 8 (max 8)
- age   1:     562368 bytes,     562368 total
- age   2:     971936 bytes,    1534304 total
- age   3:    1082232 bytes,    2616536 total
- age   4:     374088 bytes,    2990624 total
- age   5:    1278944 bytes,    4269568 total
- age   6:     686176 bytes,    4955744 total
- age   7:     151152 bytes,    5106896 total
- age   8:      63256 bytes,    5170152 total
: 93506K->6479K(109248K), 0.0288376 secs] 131724K->44778K(502464K), 0.0291425 secs] [Times: user=0.06 sys=0.00, real=0.03 secs] 
Heap after GC invocations=48 (full 1):
 par new generation   total 109248K, used 6479K [0x00000000e0000000, 0x00000000e8000000, 0x00000000e8000000)
  eden space 87424K,   0% used [0x00000000e0000000, 0x00000000e0000000, 0x00000000e5560000)
  from space 21824K,  29% used [0x00000000e5560000, 0x00000000e5bb3c00, 0x00000000e6ab0000)
  to   space 21824K,   0% used [0x00000000e6ab0000, 0x00000000e6ab0000, 0x00000000e8000000)
 concurrent mark-sweep generation total 393216K, used 38299K [0x00000000e8000000, 0x0000000100000000, 0x0000000100000000)
 Metaspace       used 44953K, capacity 46813K, committed 46920K, reserved 1089536K
  class space    used 5527K, capacity 5924K, committed 5960K, reserved 1048576K
}
2018-09-07T19:10:13.213+0530: 568.008: Total time for which application threads were stopped: 0.0295756 seconds, Stopping threads took: 0.0000520 seconds
{Heap before GC invocations=48 (full 1):
 par new generation   total 109248K, used 93894K [0x00000000e0000000, 0x00000000e8000000, 0x00000000e8000000)
  eden space 87424K,  99% used [0x00000000e0000000, 0x00000000e555dce0, 0x00000000e5560000)
  from space 21824K,  29% used [0x00000000e5560000, 0x00000000e5bb3c00, 0x00000000e6ab0000)
  to   space 21824K,   0% used [0x00000000e6ab0000, 0x00000000e6ab0000, 0x00000000e8000000)
 concurrent mark-sweep generation total 393216K, used 38299K [0x00000000e8000000, 0x0000000100000000, 0x0000000100000000)
 Metaspace       used 44959K, capacity 46813K, committed 46920K, reserved 1089536K
  class space    used 5527K, capacity 5924K, committed 5960K, reserved 1048576K
2018-09-07T19:10:13.770+0530: 568.565: [GC (Allocation Failure) 2018-09-07T19:10:13.770+0530: 568.565: [ParNew
Desired survivor size 20112992 bytes, new threshold 8 (max 8)
- age   1:    2646752 bytes,    2646752 total
- age   2:     335392 bytes,    2982144 total
- age   3:     144608 bytes,    3126752 total
- age   4:     147944 bytes,    3274696 total
- age   5:     294960 bytes,    3569656 total
- age   6:    1211392 bytes,    4781048 total
- age   7:     631464 bytes,    5412512 total
- age   8:      99176 bytes,    5511688 total
: 93894K->6491K(109248K), 0.0324120 secs] 132193K->44854K(502464K), 0.0327797 secs] [Times: user=0.04 sys=0.01, real=0.03 secs] 
Heap after GC invocations=49 (full 1):
 par new generation   total 109248K, used 6491K [0x00000000e0000000, 0x00000000e8000000, 0x00000000e8000000)
  eden space 87424K,   0% used [0x00000000e0000000, 0x00000000e0000000, 0x00000000e5560000)
  from space 21824K,  29% used [0x00000000e6ab0000, 0x00000000e7106e80, 0x00000000e8000000)
  to   space 21824K,   0% used [0x00000000e5560000, 0x00000000e5560000, 0x00000000e6ab0000)
 concurrent mark-sweep generation total 393216K, used 38362K [0x00000000e8000000, 0x0000000100000000, 0x0000000100000000)
 Metaspace       used 44959K, capacity 46813K, committed 46920K, reserved 1089536K
  class space    used 5527K, capacity 5924K, committed 5960K, reserved 1048576K
}
2018-09-07T19:10:13.803+0530: 568.598: Total time for which application threads were stopped: 0.0389245 seconds, Stopping threads took: 0.0056736 seconds
{Heap before GC invocations=49 (full 1):
 par new generation   total 109248K, used 93915K [0x00000000e0000000, 0x00000000e8000000, 0x00000000e8000000)
  eden space 87424K, 100% used [0x00000000e0000000, 0x00000000e5560000, 0x00000000e5560000)
  from space 21824K,  29% used [0x00000000e6ab0000, 0x00000000e7106e80, 0x00000000e8000000)
  to   space 21824K,   0% used [0x00000000e5560000, 0x00000000e5560000, 0x00000000e6ab0000)
 concurrent mark-sweep generation total 393216K, used 38362K [0x00000000e8000000, 0x0000000100000000, 0x0000000100000000)
 Metaspace       used 44965K, capacity 46877K, committed 46920K, reserved 1089536K
  class space    used 5527K, capacity 5924K, committed 5960K, reserved 1048576K
2018-09-07T19:10:13.863+0530: 568.658: [GC (Allocation Failure) 2018-09-07T19:10:13.863+0530: 568.658: [ParNew
Desired survivor size 20112992 bytes, new threshold 8 (max 8)
- age   1:     593632 bytes,     593632 total
- age   2:    2462816 bytes,    3056448 total
- age   3:     335392 bytes,    3391840 total
- age   4:     144608 bytes,    3536448 total
- age   5:     147944 bytes,    3684392 total
- age   6:     294960 bytes,    3979352 total
- age   7:    1211392 bytes,    5190744 total
- age   8:     286888 bytes,    5477632 total
: 93915K->8957K(109248K), 0.0109504 secs] 132278K->47419K(502464K), 0.0113037 secs] [Times: user=0.03 sys=0.00, real=0.01 secs] 
Heap after GC invocations=50 (full 1):
 par new generation   total 109248K, used 8957K [0x00000000e0000000, 0x00000000e8000000, 0x00000000e8000000)
  eden space 87424K,   0% used [0x00000000e0000000, 0x00000000e0000000, 0x00000000e5560000)
  from space 21824K,  41% used [0x00000000e5560000, 0x00000000e5e1f7b0, 0x00000000e6ab0000)
  to   space 21824K,   0% used [0x00000000e6ab0000, 0x00000000e6ab0000, 0x00000000e8000000)
 concurrent mark-sweep generation total 393216K, used 38461K [0x00000000e8000000, 0x0000000100000000, 0x0000000100000000)
 Metaspace       used 44965K, capacity 46877K, committed 46920K, reserved 1089536K
  class space    used 5527K, capacity 5924K, committed 5960K, reserved 1048576K
}
2018-09-07T19:10:13.874+0530: 568.669: Total time for which application threads were stopped: 0.0118054 seconds, Stopping threads took: 0.0000863 seconds
{Heap before GC invocations=50 (full 1):
 par new generation   total 109248K, used 96381K [0x00000000e0000000, 0x00000000e8000000, 0x00000000e8000000)
  eden space 87424K, 100% used [0x00000000e0000000, 0x00000000e5560000, 0x00000000e5560000)
  from space 21824K,  41% used [0x00000000e5560000, 0x00000000e5e1f7b0, 0x00000000e6ab0000)
  to   space 21824K,   0% used [0x00000000e6ab0000, 0x00000000e6ab0000, 0x00000000e8000000)
 concurrent mark-sweep generation total 393216K, used 38461K [0x00000000e8000000, 0x0000000100000000, 0x0000000100000000)
 Metaspace       used 44983K, capacity 46941K, committed 47176K, reserved 1091584K
  class space    used 5527K, capacity 5924K, committed 5960K, reserved 1048576K
2018-09-07T19:10:14.138+0530: 568.933: [GC (Allocation Failure) 2018-09-07T19:10:14.213+0530: 569.008: [ParNew
Desired survivor size 20112992 bytes, new threshold 8 (max 8)
- age   1:    1786256 bytes,    1786256 total
- age   2:      85872 bytes,    1872128 total
- age   3:    2320984 bytes,    4193112 total
- age   4:     335392 bytes,    4528504 total
- age   5:     144608 bytes,    4673112 total
- age   6:     147944 bytes,    4821056 total
- age   7:     294960 bytes,    5116016 total
- age   8:    1203344 bytes,    6319360 total
: 96381K->7196K(109248K), 0.1112054 secs] 134843K->45918K(502464K), 0.1860935 secs] [Times: user=0.14 sys=0.00, real=0.19 secs] 
Heap after GC invocations=51 (full 1):
 par new generation   total 109248K, used 7196K [0x00000000e0000000, 0x00000000e8000000, 0x00000000e8000000)
  eden space 87424K,   0% used [0x00000000e0000000, 0x00000000e0000000, 0x00000000e5560000)
  from space 21824K,  32% used [0x00000000e6ab0000, 0x00000000e71b7300, 0x00000000e8000000)
  to   space 21824K,   0% used [0x00000000e5560000, 0x00000000e5560000, 0x00000000e6ab0000)
 concurrent mark-sweep generation total 393216K, used 38721K [0x00000000e8000000, 0x0000000100000000, 0x0000000100000000)
 Metaspace       used 44983K, capacity 46941K, committed 47176K, reserved 1091584K
  class space    used 5527K, capacity 5924K, committed 5960K, reserved 1048576K
}
2018-09-07T19:10:14.325+0530: 569.120: Total time for which application threads were stopped: 0.1866735 seconds, Stopping threads took: 0.0000383 seconds
{Heap before GC invocations=51 (full 1):
 par new generation   total 109248K, used 94620K [0x00000000e0000000, 0x00000000e8000000, 0x00000000e8000000)
  eden space 87424K, 100% used [0x00000000e0000000, 0x00000000e5560000, 0x00000000e5560000)
  from space 21824K,  32% used [0x00000000e6ab0000, 0x00000000e71b7300, 0x00000000e8000000)
  to   space 21824K,   0% used [0x00000000e5560000, 0x00000000e5560000, 0x00000000e6ab0000)
 concurrent mark-sweep generation total 393216K, used 38721K [0x00000000e8000000, 0x0000000100000000, 0x0000000100000000)
 Metaspace       used 44987K, capacity 46941K, committed 47176K, reserved 1091584K
  class space    used 5527K, capacity 5924K, committed 5960K, reserved 1048576K
2018-09-07T19:10:14.403+0530: 569.198: [GC (Allocation Failure) 2018-09-07T19:10:14.505+0530: 569.300: [ParNew
Desired survivor size 20112992 bytes, new threshold 8 (max 8)
- age   1:    1041304 bytes,    1041304 total
- age   2:    1783272 bytes,    2824576 total
- age   3:      85872 bytes,    2910448 total
- age   4:    1747072 bytes,    4657520 total
- age   5:     335392 bytes,    4992912 total
- age   6:     144608 bytes,    5137520 total
- age   7:     147912 bytes,    5285432 total
- age   8:     294960 bytes,    5580392 total
: 94620K->7924K(109248K), 0.1186828 secs] 133342K->47824K(502464K), 0.2204644 secs] [Times: user=0.19 sys=0.01, real=0.22 secs] 
Heap after GC invocations=52 (full 1):
 par new generation   total 109248K, used 7924K [0x00000000e0000000, 0x00000000e8000000, 0x00000000e8000000)
  eden space 87424K,   0% used [0x00000000e0000000, 0x00000000e0000000, 0x00000000e5560000)
  from space 21824K,  36% used [0x00000000e5560000, 0x00000000e5d1d050, 0x00000000e6ab0000)
  to   space 21824K,   0% used [0x00000000e6ab0000, 0x00000000e6ab0000, 0x00000000e8000000)
 concurrent mark-sweep generation total 393216K, used 39900K [0x00000000e8000000, 0x0000000100000000, 0x0000000100000000)
 Metaspace       used 44987K, capacity 46941K, committed 47176K, reserved 1091584K
  class space    used 5527K, capacity 5924K, committed 5960K, reserved 1048576K
}
2018-09-07T19:10:14.624+0530: 569.419: Total time for which application threads were stopped: 0.2211439 seconds, Stopping threads took: 0.0001036 seconds
{Heap before GC invocations=52 (full 1):
 par new generation   total 109248K, used 95348K [0x00000000e0000000, 0x00000000e8000000, 0x00000000e8000000)
  eden space 87424K, 100% used [0x00000000e0000000, 0x00000000e5560000, 0x00000000e5560000)
  from space 21824K,  36% used [0x00000000e5560000, 0x00000000e5d1d050, 0x00000000e6ab0000)
  to   space 21824K,   0% used [0x00000000e6ab0000, 0x00000000e6ab0000, 0x00000000e8000000)
 concurrent mark-sweep generation total 393216K, used 39900K [0x00000000e8000000, 0x0000000100000000, 0x0000000100000000)
 Metaspace       used 44990K, capacity 46941K, committed 47176K, reserved 1091584K
  class space    used 5527K, capacity 5924K, committed 5960K, reserved 1048576K
2018-09-07T19:10:14.692+0530: 569.487: [GC (Allocation Failure) 2018-09-07T19:10:14.772+0530: 569.567: [ParNew
Desired survivor size 20112992 bytes, new threshold 8 (max 8)
- age   1:     359384 bytes,     359384 total
- age   2:     765088 bytes,    1124472 total
- age   3:    1783000 bytes,    2907472 total
- age   4:      85872 bytes,    2993344 total
- age   5:    1747072 bytes,    4740416 total
- age   6:     335392 bytes,    5075808 total
- age   7:     144608 bytes,    5220416 total
- age   8:     147912 bytes,    5368328 total
: 95348K->7569K(109248K), 0.0662477 secs] 135248K->47758K(502464K), 0.1462854 secs] [Times: user=0.13 sys=0.00, real=0.15 secs] 
Heap after GC invocations=53 (full 1):
 par new generation   total 109248K, used 7569K [0x00000000e0000000, 0x00000000e8000000, 0x00000000e8000000)
  eden space 87424K,   0% used [0x00000000e0000000, 0x00000000e0000000, 0x00000000e5560000)
  from space 21824K,  34% used [0x00000000e6ab0000, 0x00000000e7214688, 0x00000000e8000000)
  to   space 21824K,   0% used [0x00000000e5560000, 0x00000000e5560000, 0x00000000e6ab0000)
 concurrent mark-sweep generation total 393216K, used 40188K [0x00000000e8000000, 0x0000000100000000, 0x0000000100000000)
 Metaspace       used 44990K, capacity 46941K, committed 47176K, reserved 1091584K
  class space    used 5527K, capacity 5924K, committed 5960K, reserved 1048576K
}
2018-09-07T19:10:14.839+0530: 569.634: Total time for which application threads were stopped: 0.1471061 seconds, Stopping threads took: 0.0000947 seconds
{Heap before GC invocations=53 (full 1):
 par new generation   total 109248K, used 94987K [0x00000000e0000000, 0x00000000e8000000, 0x00000000e8000000)
  eden space 87424K,  99% used [0x00000000e0000000, 0x00000000e555e5a0, 0x00000000e5560000)
  from space 21824K,  34% used [0x00000000e6ab0000, 0x00000000e7214688, 0x00000000e8000000)
  to   space 21824K,   0% used [0x00000000e5560000, 0x00000000e5560000, 0x00000000e6ab0000)
 concurrent mark-sweep generation total 393216K, used 40188K [0x00000000e8000000, 0x0000000100000000, 0x0000000100000000)
 Metaspace       used 44994K, capacity 46949K, committed 47176K, reserved 1091584K
  class space    used 5527K, capacity 5924K, committed 5960K, reserved 1048576K
2018-09-07T19:10:14.961+0530: 569.756: [GC (Allocation Failure) 2018-09-07T19:10:14.961+0530: 569.757: [ParNew
Desired survivor size 20112992 bytes, new threshold 8 (max 8)
- age   1:    1567280 bytes,    1567280 total
- age   2:      99264 bytes,    1666544 total
- age   3:     763488 bytes,    2430032 total
- age   4:    1209512 bytes,    3639544 total
- age   5:      85872 bytes,    3725416 total
- age   6:    1745952 bytes,    5471368 total
- age   7:     335392 bytes,    5806760 total
- age   8:     144608 bytes,    5951368 total
: 94987K->7719K(109248K), 0.0245314 secs] 135175K->48054K(502464K), 0.0249512 secs] [Times: user=0.05 sys=0.00, real=0.03 secs] 
Heap after GC invocations=54 (full 1):
 par new generation   total 109248K, used 7719K [0x00000000e0000000, 0x00000000e8000000, 0x00000000e8000000)
  eden space 87424K,   0% used [0x00000000e0000000, 0x00000000e0000000, 0x00000000e5560000)
  from space 21824K,  35% used [0x00000000e5560000, 0x00000000e5ce9d58, 0x00000000e6ab0000)
  to   space 21824K,   0% used [0x00000000e6ab0000, 0x00000000e6ab0000, 0x00000000e8000000)
 concurrent mark-sweep generation total 393216K, used 40335K [0x00000000e8000000, 0x0000000100000000, 0x0000000100000000)
 Metaspace       used 44994K, capacity 46949K, committed 47176K, reserved 1091584K
  class space    used 5527K, capacity 5924K, committed 5960K, reserved 1048576K
}
2018-09-07T19:10:14.986+0530: 569.781: Total time for which application threads were stopped: 0.0253922 seconds, Stopping threads took: 0.0000501 seconds
{Heap before GC invocations=54 (full 1):
 par new generation   total 109248K, used 95143K [0x00000000e0000000, 0x00000000e8000000, 0x00000000e8000000)
  eden space 87424K, 100% used [0x00000000e0000000, 0x00000000e5560000, 0x00000000e5560000)
  from space 21824K,  35% used [0x00000000e5560000, 0x00000000e5ce9d58, 0x00000000e6ab0000)
  to   space 21824K,   0% used [0x00000000e6ab0000, 0x00000000e6ab0000, 0x00000000e8000000)
 concurrent mark-sweep generation total 393216K, used 40335K [0x00000000e8000000, 0x0000000100000000, 0x0000000100000000)
 Metaspace       used 44995K, capacity 46949K, committed 47176K, reserved 1091584K
  class space    used 5527K, capacity 5924K, committed 5960K, reserved 1048576K
2018-09-07T19:10:15.035+0530: 569.830: [GC (Allocation Failure) 2018-09-07T19:10:15.126+0530: 569.921: [ParNew
Desired survivor size 20112992 bytes, new threshold 8 (max 8)
- age   1:     359304 bytes,     359304 total
- age   2:    1263560 bytes,    1622864 total
- age   3:      99264 bytes,    1722128 total
- age   4:     763488 bytes,    2485616 total
- age   5:    1209512 bytes,    3695128 total
- age   6:      85872 bytes,    3781000 total
- age   7:    1745952 bytes,    5526952 total
- age   8:     335392 bytes,    5862344 total
: 95143K->6482K(109248K), 0.0788368 secs] 135478K->46961K(502464K), 0.1705787 secs] [Times: user=0.16 sys=0.01, real=0.18 secs] 
Heap after GC invocations=55 (full 1):
 par new generation   total 109248K, used 6482K [0x00000000e0000000, 0x00000000e8000000, 0x00000000e8000000)
  eden space 87424K,   0% used [0x00000000e0000000, 0x00000000e0000000, 0x00000000e5560000)
  from space 21824K,  29% used [0x00000000e6ab0000, 0x00000000e7104ab0, 0x00000000e8000000)
  to   space 21824K,   0% used [0x00000000e5560000, 0x00000000e5560000, 0x00000000e6ab0000)
 concurrent mark-sweep generation total 393216K, used 40478K [0x00000000e8000000, 0x0000000100000000, 0x0000000100000000)
 Metaspace       used 44995K, capacity 46949K, committed 47176K, reserved 1091584K
  class space    used 5527K, capacity 5924K, committed 5960K, reserved 1048576K
}
2018-09-07T19:10:15.207+0530: 570.002: Total time for which application threads were stopped: 0.1724073 seconds, Stopping threads took: 0.0000607 seconds
2018-09-07T19:10:15.343+0530: 570.138: Total time for which application threads were stopped: 0.0002202 seconds, Stopping threads took: 0.0000383 seconds
2018-09-07T19:10:15.350+0530: 570.145: Total time for which application threads were stopped: 0.0002479 seconds, Stopping threads took: 0.0000537 seconds
2018-09-07T19:10:15.350+0530: 570.145: Total time for which application threads were stopped: 0.0002199 seconds, Stopping threads took: 0.0000351 seconds
2018-09-07T19:10:15.354+0530: 570.149: Total time for which application threads were stopped: 0.0004200 seconds, Stopping threads took: 0.0002121 seconds
2018-09-07T19:10:15.354+0530: 570.149: Total time for which application threads were stopped: 0.0001875 seconds, Stopping threads took: 0.0000372 seconds
2018-09-07T19:10:15.360+0530: 570.155: Total time for which application threads were stopped: 0.0002288 seconds, Stopping threads took: 0.0000405 seconds
2018-09-07T19:10:15.361+0530: 570.156: Total time for which application threads were stopped: 0.0001595 seconds, Stopping threads took: 0.0000303 seconds
{Heap before GC invocations=55 (full 1):
 par new generation   total 109248K, used 93906K [0x00000000e0000000, 0x00000000e8000000, 0x00000000e8000000)
  eden space 87424K, 100% used [0x00000000e0000000, 0x00000000e5560000, 0x00000000e5560000)
  from space 21824K,  29% used [0x00000000e6ab0000, 0x00000000e7104ab0, 0x00000000e8000000)
  to   space 21824K,   0% used [0x00000000e5560000, 0x00000000e5560000, 0x00000000e6ab0000)
 concurrent mark-sweep generation total 393216K, used 40478K [0x00000000e8000000, 0x0000000100000000, 0x0000000100000000)
 Metaspace       used 45009K, capacity 46949K, committed 47176K, reserved 1091584K
  class space    used 5527K, capacity 5924K, committed 5960K, reserved 1048576K
2018-09-07T19:10:15.816+0530: 570.611: [GC (Allocation Failure) 2018-09-07T19:10:15.841+0530: 570.636: [ParNew
Desired survivor size 20112992 bytes, new threshold 8 (max 8)
- age   1:    2999120 bytes,    2999120 total
- age   2:     188264 bytes,    3187384 total
- age   3:     687864 bytes,    3875248 total
- age   4:      99264 bytes,    3974512 total
- age   5:     145168 bytes,    4119680 total
- age   6:     588184 bytes,    4707864 total
- age   7:       2216 bytes,    4710080 total
- age   8:     933504 bytes,    5643584 total
: 93906K->7521K(109248K), 0.0526384 secs] 134385K->48123K(502464K), 0.0777086 secs] [Times: user=0.14 sys=0.00, real=0.08 secs] 
Heap after GC invocations=56 (full 1):
 par new generation   total 109248K, used 7521K [0x00000000e0000000, 0x00000000e8000000, 0x00000000e8000000)
  eden space 87424K,   0% used [0x00000000e0000000, 0x00000000e0000000, 0x00000000e5560000)
  from space 21824K,  34% used [0x00000000e5560000, 0x00000000e5cb8430, 0x00000000e6ab0000)
  to   space 21824K,   0% used [0x00000000e6ab0000, 0x00000000e6ab0000, 0x00000000e8000000)
 concurrent mark-sweep generation total 393216K, used 40602K [0x00000000e8000000, 0x0000000100000000, 0x0000000100000000)
 Metaspace       used 45009K, capacity 46949K, committed 47176K, reserved 1091584K
  class space    used 5527K, capacity 5924K, committed 5960K, reserved 1048576K
}
2018-09-07T19:10:15.894+0530: 570.689: Total time for which application threads were stopped: 0.0791334 seconds, Stopping threads took: 0.0002384 seconds
{Heap before GC invocations=56 (full 1):
 par new generation   total 109248K, used 94945K [0x00000000e0000000, 0x00000000e8000000, 0x00000000e8000000)
  eden space 87424K, 100% used [0x00000000e0000000, 0x00000000e5560000, 0x00000000e5560000)
  from space 21824K,  34% used [0x00000000e5560000, 0x00000000e5cb8430, 0x00000000e6ab0000)
  to   space 21824K,   0% used [0x00000000e6ab0000, 0x00000000e6ab0000, 0x00000000e8000000)
 concurrent mark-sweep generation total 393216K, used 40602K [0x00000000e8000000, 0x0000000100000000, 0x0000000100000000)
 Metaspace       used 45025K, capacity 46949K, committed 47176K, reserved 1091584K
  class space    used 5527K, capacity 5924K, committed 5960K, reserved 1048576K
2018-09-07T19:10:15.986+0530: 570.781: [GC (Allocation Failure) 2018-09-07T19:10:16.056+0530: 570.851: [ParNew
Desired survivor size 20112992 bytes, new threshold 8 (max 8)
- age   1:    1663184 bytes,    1663184 total
- age   2:    2772760 bytes,    4435944 total
- age   3:     188264 bytes,    4624208 total
- age   4:     687888 bytes,    5312096 total
- age   5:      99264 bytes,    5411360 total
- age   6:     141376 bytes,    5552736 total
- age   7:     585000 bytes,    6137736 total
- age   8:       2216 bytes,    6139952 total
: 94945K->7470K(109248K), 0.0989963 secs] 135547K->48991K(502464K), 0.1698630 secs] [Times: user=0.18 sys=0.01, real=0.16 secs] 
Heap after GC invocations=57 (full 1):
 par new generation   total 109248K, used 7470K [0x00000000e0000000, 0x00000000e8000000, 0x00000000e8000000)
  eden space 87424K,   0% used [0x00000000e0000000, 0x00000000e0000000, 0x00000000e5560000)
  from space 21824K,  34% used [0x00000000e6ab0000, 0x00000000e71fba40, 0x00000000e8000000)
  to   space 21824K,   0% used [0x00000000e5560000, 0x00000000e5560000, 0x00000000e6ab0000)
 concurrent mark-sweep generation total 393216K, used 41520K [0x00000000e8000000, 0x0000000100000000, 0x0000000100000000)
 Metaspace       used 45025K, capacity 46949K, committed 47176K, reserved 1091584K
  class space    used 5527K, capacity 5924K, committed 5960K, reserved 1048576K
}
2018-09-07T19:10:16.156+0530: 570.951: Total time for which application threads were stopped: 0.1707346 seconds, Stopping threads took: 0.0001535 seconds
{Heap before GC invocations=57 (full 1):
 par new generation   total 109248K, used 94894K [0x00000000e0000000, 0x00000000e8000000, 0x00000000e8000000)
  eden space 87424K, 100% used [0x00000000e0000000, 0x00000000e5560000, 0x00000000e5560000)
  from space 21824K,  34% used [0x00000000e6ab0000, 0x00000000e71fba40, 0x00000000e8000000)
  to   space 21824K,   0% used [0x00000000e5560000, 0x00000000e5560000, 0x00000000e6ab0000)
 concurrent mark-sweep generation total 393216K, used 41520K [0x00000000e8000000, 0x0000000100000000, 0x0000000100000000)
 Metaspace       used 45032K, capacity 46949K, committed 47176K, reserved 1091584K
  class space    used 5527K, capacity 5924K, committed 5960K, reserved 1048576K
2018-09-07T19:10:16.214+0530: 571.009: [GC (Allocation Failure) 2018-09-07T19:10:16.214+0530: 571.009: [ParNew
Desired survivor size 20112992 bytes, new threshold 8 (max 8)
- age   1:     602288 bytes,     602288 total
- age   2:    1234264 bytes,    1836552 total
- age   3:    2772440 bytes,    4608992 total
- age   4:     188264 bytes,    4797256 total
- age   5:     687864 bytes,    5485120 total
- age   6:      99264 bytes,    5584384 total
- age   7:     141344 bytes,    5725728 total
- age   8:     585000 bytes,    6310728 total
: 94894K->9322K(109248K), 0.0112533 secs] 136415K->50845K(502464K), 0.0114461 secs] [Times: user=0.03 sys=0.00, real=0.02 secs] 
Heap after GC invocations=58 (full 1):
 par new generation   total 109248K, used 9322K [0x00000000e0000000, 0x00000000e8000000, 0x00000000e8000000)
  eden space 87424K,   0% used [0x00000000e0000000, 0x00000000e0000000, 0x00000000e5560000)
  from space 21824K,  42% used [0x00000000e5560000, 0x00000000e5e7a9a8, 0x00000000e6ab0000)
  to   space 21824K,   0% used [0x00000000e6ab0000, 0x00000000e6ab0000, 0x00000000e8000000)
 concurrent mark-sweep generation total 393216K, used 41523K [0x00000000e8000000, 0x0000000100000000, 0x0000000100000000)
 Metaspace       used 45032K, capacity 46949K, committed 47176K, reserved 1091584K
  class space    used 5527K, capacity 5924K, committed 5960K, reserved 1048576K
}
2018-09-07T19:10:16.226+0530: 571.021: Total time for which application threads were stopped: 0.0118408 seconds, Stopping threads took: 0.0000862 seconds
{Heap before GC invocations=58 (full 1):
 par new generation   total 109248K, used 96746K [0x00000000e0000000, 0x00000000e8000000, 0x00000000e8000000)
  eden space 87424K, 100% used [0x00000000e0000000, 0x00000000e5560000, 0x00000000e5560000)
  from space 21824K,  42% used [0x00000000e5560000, 0x00000000e5e7a9a8, 0x00000000e6ab0000)
  to   space 21824K,   0% used [0x00000000e6ab0000, 0x00000000e6ab0000, 0x00000000e8000000)
 concurrent mark-sweep generation total 393216K, used 41523K [0x00000000e8000000, 0x0000000100000000, 0x0000000100000000)
 Metaspace       used 45078K, capacity 47013K, committed 47176K, reserved 1091584K
  class space    used 5527K, capacity 5924K, committed 5960K, reserved 1048576K
2018-09-07T19:10:16.506+0530: 571.301: [GC (Allocation Failure) 2018-09-07T19:10:16.506+0530: 571.301: [ParNew
Desired survivor size 20112992 bytes, new threshold 8 (max 8)
- age   1:    1857352 bytes,    1857352 total
- age   2:     115768 bytes,    1973120 total
- age   3:     655184 bytes,    2628304 total
- age   4:    1578384 bytes,    4206688 total
- age   5:      94464 bytes,    4301152 total
- age   6:     674672 bytes,    4975824 total
- age   7:      99264 bytes,    5075088 total
- age   8:     141344 bytes,    5216432 total
: 96746K->6463K(109248K), 0.0315026 secs] 138269K->48564K(502464K), 0.0318707 secs] [Times: user=0.04 sys=0.00, real=0.03 secs] 
Heap after GC invocations=59 (full 1):
 par new generation   total 109248K, used 6463K [0x00000000e0000000, 0x00000000e8000000, 0x00000000e8000000)
  eden space 87424K,   0% used [0x00000000e0000000, 0x00000000e0000000, 0x00000000e5560000)
  from space 21824K,  29% used [0x00000000e6ab0000, 0x00000000e70ffc38, 0x00000000e8000000)
  to   space 21824K,   0% used [0x00000000e5560000, 0x00000000e5560000, 0x00000000e6ab0000)
 concurrent mark-sweep generation total 393216K, used 42101K [0x00000000e8000000, 0x0000000100000000, 0x0000000100000000)
 Metaspace       used 45078K, capacity 47013K, committed 47176K, reserved 1091584K
  class space    used 5527K, capacity 5924K, committed 5960K, reserved 1048576K
}
2018-09-07T19:10:16.538+0530: 571.333: Total time for which application threads were stopped: 0.0323848 seconds, Stopping threads took: 0.0000521 seconds
2018-09-07T19:10:16.754+0530: 571.549: Total time for which application threads were stopped: 0.0015789 seconds, Stopping threads took: 0.0006563 seconds
2018-09-07T19:10:16.839+0530: 571.634: Total time for which application threads were stopped: 0.0007702 seconds, Stopping threads took: 0.0002750 seconds
2018-09-07T19:10:16.849+0530: 571.644: Total time for which application threads were stopped: 0.0015815 seconds, Stopping threads took: 0.0012047 seconds
{Heap before GC invocations=59 (full 1):
 par new generation   total 109248K, used 93887K [0x00000000e0000000, 0x00000000e8000000, 0x00000000e8000000)
  eden space 87424K, 100% used [0x00000000e0000000, 0x00000000e5560000, 0x00000000e5560000)
  from space 21824K,  29% used [0x00000000e6ab0000, 0x00000000e70ffc38, 0x00000000e8000000)
  to   space 21824K,   0% used [0x00000000e5560000, 0x00000000e5560000, 0x00000000e6ab0000)
 concurrent mark-sweep generation total 393216K, used 42101K [0x00000000e8000000, 0x0000000100000000, 0x0000000100000000)
 Metaspace       used 45095K, capacity 47017K, committed 47176K, reserved 1091584K
  class space    used 5527K, capacity 5924K, committed 5960K, reserved 1048576K
2018-09-07T19:10:16.881+0530: 571.676: [GC (Allocation Failure) 2018-09-07T19:10:16.919+0530: 571.714: [ParNew
Desired survivor size 20112992 bytes, new threshold 8 (max 8)
- age   1:    1169840 bytes,    1169840 total
- age   2:    1075560 bytes,    2245400 total
- age   3:     109600 bytes,    2355000 total
- age   4:     644936 bytes,    2999936 total
- age   5:    1178544 bytes,    4178480 total
- age   6:        528 bytes,    4179008 total
- age   7:     514576 bytes,    4693584 total
- age   8:      43760 bytes,    4737344 total
: 93887K->6808K(109248K), 0.0317132 secs] 135988K->48970K(502464K), 0.0694277 secs] [Times: user=0.04 sys=0.00, real=0.07 secs] 
Heap after GC invocations=60 (full 1):
 par new generation   total 109248K, used 6808K [0x00000000e0000000, 0x00000000e8000000, 0x00000000e8000000)
  eden space 87424K,   0% used [0x00000000e0000000, 0x00000000e0000000, 0x00000000e5560000)
  from space 21824K,  31% used [0x00000000e5560000, 0x00000000e5c060b0, 0x00000000e6ab0000)
  to   space 21824K,   0% used [0x00000000e6ab0000, 0x00000000e6ab0000, 0x00000000e8000000)
 concurrent mark-sweep generation total 393216K, used 42162K [0x00000000e8000000, 0x0000000100000000, 0x0000000100000000)
 Metaspace       used 45095K, capacity 47017K, committed 47176K, reserved 1091584K
  class space    used 5527K, capacity 5924K, committed 5960K, reserved 1048576K
}
2018-09-07T19:10:16.951+0530: 571.746: Total time for which application threads were stopped: 0.0698877 seconds, Stopping threads took: 0.0000968 seconds
{Heap before GC invocations=60 (full 1):
 par new generation   total 109248K, used 94232K [0x00000000e0000000, 0x00000000e8000000, 0x00000000e8000000)
  eden space 87424K, 100% used [0x00000000e0000000, 0x00000000e5560000, 0x00000000e5560000)
  from space 21824K,  31% used [0x00000000e5560000, 0x00000000e5c060b0, 0x00000000e6ab0000)
  to   space 21824K,   0% used [0x00000000e6ab0000, 0x00000000e6ab0000, 0x00000000e8000000)
 concurrent mark-sweep generation total 393216K, used 42162K [0x00000000e8000000, 0x0000000100000000, 0x0000000100000000)
 Metaspace       used 45100K, capacity 47017K, committed 47176K, reserved 1091584K
  class space    used 5527K, capacity 5924K, committed 5960K, reserved 1048576K
2018-09-07T19:10:17.251+0530: 572.046: [GC (Allocation Failure) 2018-09-07T19:10:17.252+0530: 572.047: [ParNew
Desired survivor size 20112992 bytes, new threshold 8 (max 8)
- age   1:    1834720 bytes,    1834720 total
- age   2:    1037016 bytes,    2871736 total
- age   3:     655304 bytes,    3527040 total
- age   4:     109576 bytes,    3636616 total
- age   5:     644936 bytes,    4281552 total
- age   6:    1178512 bytes,    5460064 total
- age   7:        528 bytes,    5460592 total
- age   8:     514576 bytes,    5975168 total
: 94232K->6456K(109248K), 0.0533944 secs] 136394K->48662K(502464K), 0.0543064 secs] [Times: user=0.09 sys=0.00, real=0.06 secs] 
Heap after GC invocations=61 (full 1):
 par new generation   total 109248K, used 6456K [0x00000000e0000000, 0x00000000e8000000, 0x00000000e8000000)
  eden space 87424K,   0% used [0x00000000e0000000, 0x00000000e0000000, 0x00000000e5560000)
  from space 21824K,  29% used [0x00000000e6ab0000, 0x00000000e70fe210, 0x00000000e8000000)
  to   space 21824K,   0% used [0x00000000e5560000, 0x00000000e5560000, 0x00000000e6ab0000)
 concurrent mark-sweep generation total 393216K, used 42206K [0x00000000e8000000, 0x0000000100000000, 0x0000000100000000)
 Metaspace       used 45100K, capacity 47017K, committed 47176K, reserved 1091584K
  class space    used 5527K, capacity 5924K, committed 5960K, reserved 1048576K
}
2018-09-07T19:10:17.306+0530: 572.101: Total time for which application threads were stopped: 0.0557846 seconds, Stopping threads took: 0.0005486 seconds
{Heap before GC invocations=61 (full 1):
 par new generation   total 109248K, used 93880K [0x00000000e0000000, 0x00000000e8000000, 0x00000000e8000000)
  eden space 87424K, 100% used [0x00000000e0000000, 0x00000000e5560000, 0x00000000e5560000)
  from space 21824K,  29% used [0x00000000e6ab0000, 0x00000000e70fe210, 0x00000000e8000000)
  to   space 21824K,   0% used [0x00000000e5560000, 0x00000000e5560000, 0x00000000e6ab0000)
 concurrent mark-sweep generation total 393216K, used 42206K [0x00000000e8000000, 0x0000000100000000, 0x0000000100000000)
 Metaspace       used 45100K, capacity 47017K, committed 47176K, reserved 1091584K
  class space    used 5527K, capacity 5924K, committed 5960K, reserved 1048576K
2018-09-07T19:10:17.359+0530: 572.154: [GC (Allocation Failure) 2018-09-07T19:10:17.359+0530: 572.154: [ParNew
Desired survivor size 20112992 bytes, new threshold 8 (max 8)
- age   1:     501408 bytes,     501408 total
- age   2:    1398760 bytes,    1900168 total
- age   3:    1037016 bytes,    2937184 total
- age   4:     655304 bytes,    3592488 total
- age   5:     109576 bytes,    3702064 total
- age   6:     644936 bytes,    4347000 total
- age   7:    1178512 bytes,    5525512 total
- age   8:        528 bytes,    5526040 total
: 93880K->6367K(109248K), 0.0119916 secs] 136086K->49077K(502464K), 0.0122224 secs] [Times: user=0.03 sys=0.00, real=0.01 secs] 
Heap after GC invocations=62 (full 1):
 par new generation   total 109248K, used 6367K [0x00000000e0000000, 0x00000000e8000000, 0x00000000e8000000)
  eden space 87424K,   0% used [0x00000000e0000000, 0x00000000e0000000, 0x00000000e5560000)
  from space 21824K,  29% used [0x00000000e5560000, 0x00000000e5b97ce8, 0x00000000e6ab0000)
  to   space 21824K,   0% used [0x00000000e6ab0000, 0x00000000e6ab0000, 0x00000000e8000000)
 concurrent mark-sweep generation total 393216K, used 42709K [0x00000000e8000000, 0x0000000100000000, 0x0000000100000000)
 Metaspace       used 45100K, capacity 47017K, committed 47176K, reserved 1091584K
  class space    used 5527K, capacity 5924K, committed 5960K, reserved 1048576K
}
2018-09-07T19:10:17.372+0530: 572.167: Total time for which application threads were stopped: 0.0126281 seconds, Stopping threads took: 0.0000436 seconds
{Heap before GC invocations=62 (full 1):
 par new generation   total 109248K, used 93791K [0x00000000e0000000, 0x00000000e8000000, 0x00000000e8000000)
  eden space 87424K, 100% used [0x00000000e0000000, 0x00000000e5560000, 0x00000000e5560000)
  from space 21824K,  29% used [0x00000000e5560000, 0x00000000e5b97ce8, 0x00000000e6ab0000)
  to   space 21824K,   0% used [0x00000000e6ab0000, 0x00000000e6ab0000, 0x00000000e8000000)
 concurrent mark-sweep generation total 393216K, used 42709K [0x00000000e8000000, 0x0000000100000000, 0x0000000100000000)
 Metaspace       used 45100K, capacity 47017K, committed 47176K, reserved 1091584K
  class space    used 5527K, capacity 5924K, committed 5960K, reserved 1048576K
2018-09-07T19:10:17.416+0530: 572.211: [GC (Allocation Failure) 2018-09-07T19:10:17.416+0530: 572.211: [ParNew
Desired survivor size 20112992 bytes, new threshold 8 (max 8)
- age   1:    1056776 bytes,    1056776 total
- age   2:     433344 bytes,    1490120 total
- age   3:    1398176 bytes,    2888296 total
- age   4:     459192 bytes,    3347488 total
- age   5:     655304 bytes,    4002792 total
- age   6:     108592 bytes,    4111384 total
- age   7:     644936 bytes,    4756320 total
- age   8:    1178512 bytes,    5934832 total
: 93791K->9311K(109248K), 0.0258995 secs] 136501K->52021K(502464K), 0.0262772 secs] [Times: user=0.06 sys=0.00, real=0.03 secs] 
Heap after GC invocations=63 (full 1):
 par new generation   total 109248K, used 9311K [0x00000000e0000000, 0x00000000e8000000, 0x00000000e8000000)
  eden space 87424K,   0% used [0x00000000e0000000, 0x00000000e0000000, 0x00000000e5560000)
  from space 21824K,  42% used [0x00000000e6ab0000, 0x00000000e73c7de8, 0x00000000e8000000)
  to   space 21824K,   0% used [0x00000000e5560000, 0x00000000e5560000, 0x00000000e6ab0000)
 concurrent mark-sweep generation total 393216K, used 42710K [0x00000000e8000000, 0x0000000100000000, 0x0000000100000000)
 Metaspace       used 45100K, capacity 47017K, committed 47176K, reserved 1091584K
  class space    used 5527K, capacity 5924K, committed 5960K, reserved 1048576K
}
2018-09-07T19:10:17.442+0530: 572.237: Total time for which application threads were stopped: 0.0267800 seconds, Stopping threads took: 0.0000698 seconds
{Heap before GC invocations=63 (full 1):
 par new generation   total 109248K, used 96735K [0x00000000e0000000, 0x00000000e8000000, 0x00000000e8000000)
  eden space 87424K, 100% used [0x00000000e0000000, 0x00000000e5560000, 0x00000000e5560000)
  from space 21824K,  42% used [0x00000000e6ab0000, 0x00000000e73c7de8, 0x00000000e8000000)
  to   space 21824K,   0% used [0x00000000e5560000, 0x00000000e5560000, 0x00000000e6ab0000)
 concurrent mark-sweep generation total 393216K, used 42710K [0x00000000e8000000, 0x0000000100000000, 0x0000000100000000)
 Metaspace       used 45100K, capacity 47017K, committed 47176K, reserved 1091584K
  class space    used 5527K, capacity 5924K, committed 5960K, reserved 1048576K
2018-09-07T19:10:17.513+0530: 572.308: [GC (Allocation Failure) 2018-09-07T19:10:17.617+0530: 572.412: [ParNew
Desired survivor size 20112992 bytes, new threshold 8 (max 8)
- age   1:     733624 bytes,     733624 total
- age   2:     738576 bytes,    1472200 total
- age   3:     432224 bytes,    1904424 total
- age   4:    1397928 bytes,    3302352 total
- age   5:     459192 bytes,    3761544 total
- age   6:     655304 bytes,    4416848 total
- age   7:     108592 bytes,    4525440 total
- age   8:     644936 bytes,    5170376 total
: 96735K->6253K(109248K), 0.1399409 secs] 139445K->50127K(502464K), 0.2445519 secs] [Times: user=0.22 sys=0.00, real=0.25 secs] 
Heap after GC invocations=64 (full 1):
 par new generation   total 109248K, used 6253K [0x00000000e0000000, 0x00000000e8000000, 0x00000000e8000000)
  eden space 87424K,   0% used [0x00000000e0000000, 0x00000000e0000000, 0x00000000e5560000)
  from space 21824K,  28% used [0x00000000e5560000, 0x00000000e5b7b420, 0x00000000e6ab0000)
  to   space 21824K,   0% used [0x00000000e6ab0000, 0x00000000e6ab0000, 0x00000000e8000000)
 concurrent mark-sweep generation total 393216K, used 43874K [0x00000000e8000000, 0x0000000100000000, 0x0000000100000000)
 Metaspace       used 45100K, capacity 47017K, committed 47176K, reserved 1091584K
  class space    used 5527K, capacity 5924K, committed 5960K, reserved 1048576K
}
2018-09-07T19:10:17.757+0530: 572.552: Total time for which application threads were stopped: 0.2449075 seconds, Stopping threads took: 0.0000371 seconds
{Heap before GC invocations=64 (full 1):
 par new generation   total 109248K, used 93677K [0x00000000e0000000, 0x00000000e8000000, 0x00000000e8000000)
  eden space 87424K, 100% used [0x00000000e0000000, 0x00000000e5560000, 0x00000000e5560000)
  from space 21824K,  28% used [0x00000000e5560000, 0x00000000e5b7b420, 0x00000000e6ab0000)
  to   space 21824K,   0% used [0x00000000e6ab0000, 0x00000000e6ab0000, 0x00000000e8000000)
 concurrent mark-sweep generation total 393216K, used 43874K [0x00000000e8000000, 0x0000000100000000, 0x0000000100000000)
 Metaspace       used 45109K, capacity 47017K, committed 47176K, reserved 1091584K
  class space    used 5528K, capacity 5924K, committed 5960K, reserved 1048576K
2018-09-07T19:10:17.868+0530: 572.663: [GC (Allocation Failure) 2018-09-07T19:10:17.868+0530: 572.663: [ParNew
Desired survivor size 20112992 bytes, new threshold 8 (max 8)
- age   1:    1333080 bytes,    1333080 total
- age   2:     486136 bytes,    1819216 total
- age   3:     737272 bytes,    2556488 total
- age   4:     432224 bytes,    2988712 total
- age   5:     818144 bytes,    3806856 total
- age   6:     459192 bytes,    4266048 total
- age   7:     655272 bytes,    4921320 total
- age   8:     107440 bytes,    5028760 total
: 93677K->7843K(109248K), 0.0150768 secs] 137551K->52350K(502464K), 0.0153280 secs] [Times: user=0.04 sys=0.00, real=0.01 secs] 
Heap after GC invocations=65 (full 1):
 par new generation   total 109248K, used 7843K [0x00000000e0000000, 0x00000000e8000000, 0x00000000e8000000)
  eden space 87424K,   0% used [0x00000000e0000000, 0x00000000e0000000, 0x00000000e5560000)
  from space 21824K,  35% used [0x00000000e6ab0000, 0x00000000e7258c08, 0x00000000e8000000)
  to   space 21824K,   0% used [0x00000000e5560000, 0x00000000e5560000, 0x00000000e6ab0000)
 concurrent mark-sweep generation total 393216K, used 44507K [0x00000000e8000000, 0x0000000100000000, 0x0000000100000000)
 Metaspace       used 45109K, capacity 47017K, committed 47176K, reserved 1091584K
  class space    used 5528K, capacity 5924K, committed 5960K, reserved 1048576K
}
2018-09-07T19:10:17.884+0530: 572.679: Total time for which application threads were stopped: 0.0156985 seconds, Stopping threads took: 0.0000348 seconds
{Heap before GC invocations=65 (full 1):
 par new generation   total 109248K, used 95267K [0x00000000e0000000, 0x00000000e8000000, 0x00000000e8000000)
  eden space 87424K, 100% used [0x00000000e0000000, 0x00000000e5560000, 0x00000000e5560000)
  from space 21824K,  35% used [0x00000000e6ab0000, 0x00000000e7258c08, 0x00000000e8000000)
  to   space 21824K,   0% used [0x00000000e5560000, 0x00000000e5560000, 0x00000000e6ab0000)
 concurrent mark-sweep generation total 393216K, used 44507K [0x00000000e8000000, 0x0000000100000000, 0x0000000100000000)
 Metaspace       used 45114K, capacity 47017K, committed 47176K, reserved 1091584K
  class space    used 5528K, capacity 5924K, committed 5960K, reserved 1048576K
2018-09-07T19:10:18.417+0530: 573.212: [GC (Allocation Failure) 2018-09-07T19:10:18.417+0530: 573.212: [ParNew
Desired survivor size 20112992 bytes, new threshold 8 (max 8)
- age   1:    2096776 bytes,    2096776 total
- age   2:     256240 bytes,    2353016 total
- age   3:      91640 bytes,    2444656 total
- age   4:      86304 bytes,    2530960 total
- age   6:      76840 bytes,    2607800 total
- age   7:     345968 bytes,    2953768 total
- age   8:     181568 bytes,    3135336 total
: 95267K->4696K(109248K), 0.0375947 secs] 139774K->49309K(502464K), 0.0379965 secs] [Times: user=0.06 sys=0.00, real=0.03 secs] 
Heap after GC invocations=66 (full 1):
 par new generation   total 109248K, used 4696K [0x00000000e0000000, 0x00000000e8000000, 0x00000000e8000000)
  eden space 87424K,   0% used [0x00000000e0000000, 0x00000000e0000000, 0x00000000e5560000)
  from space 21824K,  21% used [0x00000000e5560000, 0x00000000e59f6140, 0x00000000e6ab0000)
  to   space 21824K,   0% used [0x00000000e6ab0000, 0x00000000e6ab0000, 0x00000000e8000000)
 concurrent mark-sweep generation total 393216K, used 44612K [0x00000000e8000000, 0x0000000100000000, 0x0000000100000000)
 Metaspace       used 45114K, capacity 47017K, committed 47176K, reserved 1091584K
  class space    used 5528K, capacity 5924K, committed 5960K, reserved 1048576K
}
2018-09-07T19:10:18.455+0530: 573.250: Total time for which application threads were stopped: 0.0395684 seconds, Stopping threads took: 0.0011276 seconds
{Heap before GC invocations=66 (full 1):
 par new generation   total 109248K, used 92120K [0x00000000e0000000, 0x00000000e8000000, 0x00000000e8000000)
  eden space 87424K, 100% used [0x00000000e0000000, 0x00000000e5560000, 0x00000000e5560000)
  from space 21824K,  21% used [0x00000000e5560000, 0x00000000e59f6140, 0x00000000e6ab0000)
  to   space 21824K,   0% used [0x00000000e6ab0000, 0x00000000e6ab0000, 0x00000000e8000000)
 concurrent mark-sweep generation total 393216K, used 44612K [0x00000000e8000000, 0x0000000100000000, 0x0000000100000000)
 Metaspace       used 45115K, capacity 47017K, committed 47176K, reserved 1091584K
  class space    used 5528K, capacity 5924K, committed 5960K, reserved 1048576K
2018-09-07T19:10:18.621+0530: 573.416: [GC (Allocation Failure) 2018-09-07T19:10:18.652+0530: 573.447: [ParNew
Desired survivor size 20112992 bytes, new threshold 8 (max 8)
- age   1:    2146840 bytes,    2146840 total
- age   2:    1197240 bytes,    3344080 total
- age   3:     173616 bytes,    3517696 total
- age   4:      91640 bytes,    3609336 total
- age   5:      86304 bytes,    3695640 total
- age   7:      72112 bytes,    3767752 total
- age   8:     345968 bytes,    4113720 total
: 92120K->4459K(109248K), 0.0568980 secs] 136733K->49243K(502464K), 0.0886398 secs] [Times: user=0.13 sys=0.00, real=0.09 secs] 
Heap after GC invocations=67 (full 1):
 par new generation   total 109248K, used 4459K [0x00000000e0000000, 0x00000000e8000000, 0x00000000e8000000)
  eden space 87424K,   0% used [0x00000000e0000000, 0x00000000e0000000, 0x00000000e5560000)
  from space 21824K,  20% used [0x00000000e6ab0000, 0x00000000e6f0ae18, 0x00000000e8000000)
  to   space 21824K,   0% used [0x00000000e5560000, 0x00000000e5560000, 0x00000000e6ab0000)
 concurrent mark-sweep generation total 393216K, used 44784K [0x00000000e8000000, 0x0000000100000000, 0x0000000100000000)
 Metaspace       used 45115K, capacity 47017K, committed 47176K, reserved 1091584K
  class space    used 5528K, capacity 5924K, committed 5960K, reserved 1048576K
}
2018-09-07T19:10:18.710+0530: 573.505: Total time for which application threads were stopped: 0.0897638 seconds, Stopping threads took: 0.0000338 seconds
{Heap before GC invocations=67 (full 1):
 par new generation   total 109248K, used 91883K [0x00000000e0000000, 0x00000000e8000000, 0x00000000e8000000)
  eden space 87424K, 100% used [0x00000000e0000000, 0x00000000e5560000, 0x00000000e5560000)
  from space 21824K,  20% used [0x00000000e6ab0000, 0x00000000e6f0ae18, 0x00000000e8000000)
  to   space 21824K,   0% used [0x00000000e5560000, 0x00000000e5560000, 0x00000000e6ab0000)
 concurrent mark-sweep generation total 393216K, used 44784K [0x00000000e8000000, 0x0000000100000000, 0x0000000100000000)
 Metaspace       used 45117K, capacity 47017K, committed 47176K, reserved 1091584K
  class space    used 5528K, capacity 5924K, committed 5960K, reserved 1048576K
2018-09-07T19:10:18.774+0530: 573.569: [GC (Allocation Failure) 2018-09-07T19:10:18.834+0530: 573.629: [ParNew
Desired survivor size 20112992 bytes, new threshold 8 (max 8)
- age   1:     888200 bytes,     888200 total
- age   2:    1814112 bytes,    2702312 total
- age   3:    1196432 bytes,    3898744 total
- age   4:     173616 bytes,    4072360 total
- age   5:      91640 bytes,    4164000 total
- age   6:      86304 bytes,    4250304 total
- age   8:      72112 bytes,    4322416 total
: 91883K->5780K(109248K), 0.0963787 secs] 136667K->50903K(502464K), 0.1566409 secs] [Times: user=0.15 sys=0.01, real=0.16 secs] 
Heap after GC invocations=68 (full 1):
 par new generation   total 109248K, used 5780K [0x00000000e0000000, 0x00000000e8000000, 0x00000000e8000000)
  eden space 87424K,   0% used [0x00000000e0000000, 0x00000000e0000000, 0x00000000e5560000)
  from space 21824K,  26% used [0x00000000e5560000, 0x00000000e5b05288, 0x00000000e6ab0000)
  to   space 21824K,   0% used [0x00000000e6ab0000, 0x00000000e6ab0000, 0x00000000e8000000)
 concurrent mark-sweep generation total 393216K, used 45122K [0x00000000e8000000, 0x0000000100000000, 0x0000000100000000)
 Metaspace       used 45117K, capacity 47017K, committed 47176K, reserved 1091584K
  class space    used 5528K, capacity 5924K, committed 5960K, reserved 1048576K
}
2018-09-07T19:10:18.931+0530: 573.726: Total time for which application threads were stopped: 0.1575068 seconds, Stopping threads took: 0.0000691 seconds
2018-09-07T19:10:18.949+0530: 573.744: Total time for which application threads were stopped: 0.0015262 seconds, Stopping threads took: 0.0012213 seconds
2018-09-07T19:10:18.959+0530: 573.754: Total time for which application threads were stopped: 0.0003109 seconds, Stopping threads took: 0.0001002 seconds
2018-09-07T19:10:18.968+0530: 573.763: Total time for which application threads were stopped: 0.0003212 seconds, Stopping threads took: 0.0000959 seconds
{Heap before GC invocations=68 (full 1):
 par new generation   total 109248K, used 93204K [0x00000000e0000000, 0x00000000e8000000, 0x00000000e8000000)
  eden space 87424K, 100% used [0x00000000e0000000, 0x00000000e5560000, 0x00000000e5560000)
  from space 21824K,  26% used [0x00000000e5560000, 0x00000000e5b05288, 0x00000000e6ab0000)
  to   space 21824K,   0% used [0x00000000e6ab0000, 0x00000000e6ab0000, 0x00000000e8000000)
 concurrent mark-sweep generation total 393216K, used 45122K [0x00000000e8000000, 0x0000000100000000, 0x0000000100000000)
 Metaspace       used 45129K, capacity 47017K, committed 47176K, reserved 1091584K
  class space    used 5528K, capacity 5924K, committed 5960K, reserved 1048576K
2018-09-07T19:10:19.048+0530: 573.843: [GC (Allocation Failure) 2018-09-07T19:10:19.133+0530: 573.928: [ParNew
Desired survivor size 20112992 bytes, new threshold 8 (max 8)
- age   1:     491400 bytes,     491400 total
- age   2:     719936 bytes,    1211336 total
- age   3:    1695616 bytes,    2906952 total
- age   4:    1196432 bytes,    4103384 total
- age   5:     173616 bytes,    4277000 total
- age   6:      91640 bytes,    4368640 total
- age   7:      86304 bytes,    4454944 total
: 93204K->5419K(109248K), 0.1150050 secs] 138327K->50618K(502464K), 0.2011801 secs] [Times: user=0.18 sys=0.01, real=0.20 secs] 
Heap after GC invocations=69 (full 1):
 par new generation   total 109248K, used 5419K [0x00000000e0000000, 0x00000000e8000000, 0x00000000e8000000)
  eden space 87424K,   0% used [0x00000000e0000000, 0x00000000e0000000, 0x00000000e5560000)
  from space 21824K,  24% used [0x00000000e6ab0000, 0x00000000e6ffae30, 0x00000000e8000000)
  to   space 21824K,   0% used [0x00000000e5560000, 0x00000000e5560000, 0x00000000e6ab0000)
 concurrent mark-sweep generation total 393216K, used 45199K [0x00000000e8000000, 0x0000000100000000, 0x0000000100000000)
 Metaspace       used 45129K, capacity 47017K, committed 47176K, reserved 1091584K
  class space    used 5528K, capacity 5924K, committed 5960K, reserved 1048576K
}
2018-09-07T19:10:19.249+0530: 574.044: Total time for which application threads were stopped: 0.2020736 seconds, Stopping threads took: 0.0002178 seconds
{Heap before GC invocations=69 (full 1):
 par new generation   total 109248K, used 92834K [0x00000000e0000000, 0x00000000e8000000, 0x00000000e8000000)
  eden space 87424K,  99% used [0x00000000e0000000, 0x00000000e555dda0, 0x00000000e5560000)
  from space 21824K,  24% used [0x00000000e6ab0000, 0x00000000e6ffae30, 0x00000000e8000000)
  to   space 21824K,   0% used [0x00000000e5560000, 0x00000000e5560000, 0x00000000e6ab0000)
 concurrent mark-sweep generation total 393216K, used 45199K [0x00000000e8000000, 0x0000000100000000, 0x0000000100000000)
 Metaspace       used 45132K, capacity 47017K, committed 47176K, reserved 1091584K
  class space    used 5528K, capacity 5924K, committed 5960K, reserved 1048576K
2018-09-07T19:10:19.377+0530: 574.172: [GC (Allocation Failure) 2018-09-07T19:10:19.465+0530: 574.260: [ParNew
Desired survivor size 20112992 bytes, new threshold 8 (max 8)
- age   1:    1786264 bytes,    1786264 total
- age   2:     248392 bytes,    2034656 total
- age   3:     133976 bytes,    2168632 total
- age   4:    1110696 bytes,    3279328 total
- age   5:    1195256 bytes,    4474584 total
- age   6:     172432 bytes,    4647016 total
- age   7:      91640 bytes,    4738656 total
- age   8:      86304 bytes,    4824960 total
: 92834K->6763K(109248K), 0.0419771 secs] 138034K->51963K(502464K), 0.1298315 secs] [Times: user=0.06 sys=0.00, real=0.13 secs] 
Heap after GC invocations=70 (full 1):
 par new generation   total 109248K, used 6763K [0x00000000e0000000, 0x00000000e8000000, 0x00000000e8000000)
  eden space 87424K,   0% used [0x00000000e0000000, 0x00000000e0000000, 0x00000000e5560000)
  from space 21824K,  30% used [0x00000000e5560000, 0x00000000e5bfafa8, 0x00000000e6ab0000)
  to   space 21824K,   0% used [0x00000000e6ab0000, 0x00000000e6ab0000, 0x00000000e8000000)
 concurrent mark-sweep generation total 393216K, used 45199K [0x00000000e8000000, 0x0000000100000000, 0x0000000100000000)
 Metaspace       used 45132K, capacity 47017K, committed 47176K, reserved 1091584K
  class space    used 5528K, capacity 5924K, committed 5960K, reserved 1048576K
}
2018-09-07T19:10:19.507+0530: 574.302: Total time for which application threads were stopped: 0.1302695 seconds, Stopping threads took: 0.0000432 seconds
{Heap before GC invocations=70 (full 1):
 par new generation   total 109248K, used 94182K [0x00000000e0000000, 0x00000000e8000000, 0x00000000e8000000)
  eden space 87424K,  99% used [0x00000000e0000000, 0x00000000e555e9d0, 0x00000000e5560000)
  from space 21824K,  30% used [0x00000000e5560000, 0x00000000e5bfafa8, 0x00000000e6ab0000)
  to   space 21824K,   0% used [0x00000000e6ab0000, 0x00000000e6ab0000, 0x00000000e8000000)
 concurrent mark-sweep generation total 393216K, used 45199K [0x00000000e8000000, 0x0000000100000000, 0x0000000100000000)
 Metaspace       used 45134K, capacity 47017K, committed 47176K, reserved 1091584K
  class space    used 5528K, capacity 5924K, committed 5960K, reserved 1048576K
2018-09-07T19:10:19.552+0530: 574.347: [GC (Allocation Failure) 2018-09-07T19:10:19.552+0530: 574.347: [ParNew
Desired survivor size 20112992 bytes, new threshold 8 (max 8)
- age   1:    1017000 bytes,    1017000 total
- age   2:    1733176 bytes,    2750176 total
- age   3:     248392 bytes,    2998568 total
- age   4:     133976 bytes,    3132544 total
- age   5:    1110696 bytes,    4243240 total
- age   6:    1195256 bytes,    5438496 total
- age   7:     172432 bytes,    5610928 total
- age   8:      91640 bytes,    5702568 total
: 94182K->6833K(109248K), 0.0537255 secs] 139381K->52117K(502464K), 0.1343477 secs] [Times: user=0.06 sys=0.00, real=0.14 secs] 
Heap after GC invocations=71 (full 1):
 par new generation   total 109248K, used 6833K [0x00000000e0000000, 0x00000000e8000000, 0x00000000e8000000)
  eden space 87424K,   0% used [0x00000000e0000000, 0x00000000e0000000, 0x00000000e5560000)
  from space 21824K,  31% used [0x00000000e6ab0000, 0x00000000e715c480, 0x00000000e8000000)
  to   space 21824K,   0% used [0x00000000e5560000, 0x00000000e5560000, 0x00000000e6ab0000)
 concurrent mark-sweep generation total 393216K, used 45284K [0x00000000e8000000, 0x0000000100000000, 0x0000000100000000)
 Metaspace       used 45134K, capacity 47017K, committed 47176K, reserved 1091584K
  class space    used 5528K, capacity 5924K, committed 5960K, reserved 1048576K
}
2018-09-07T19:10:19.687+0530: 574.482: Total time for which application threads were stopped: 0.1391093 seconds, Stopping threads took: 0.0043689 seconds
{Heap before GC invocations=71 (full 1):
 par new generation   total 109248K, used 94257K [0x00000000e0000000, 0x00000000e8000000, 0x00000000e8000000)
  eden space 87424K, 100% used [0x00000000e0000000, 0x00000000e5560000, 0x00000000e5560000)
  from space 21824K,  31% used [0x00000000e6ab0000, 0x00000000e715c480, 0x00000000e8000000)
  to   space 21824K,   0% used [0x00000000e5560000, 0x00000000e5560000, 0x00000000e6ab0000)
 concurrent mark-sweep generation total 393216K, used 45284K [0x00000000e8000000, 0x0000000100000000, 0x0000000100000000)
 Metaspace       used 45134K, capacity 47017K, committed 47176K, reserved 1091584K
  class space    used 5528K, capacity 5924K, committed 5960K, reserved 1048576K
2018-09-07T19:10:19.762+0530: 574.557: [GC (Allocation Failure) 2018-09-07T19:10:19.762+0530: 574.557: [ParNew
Desired survivor size 20112992 bytes, new threshold 8 (max 8)
- age   1:     377432 bytes,     377432 total
- age   2:     704496 bytes,    1081928 total
- age   3:    1732800 bytes,    2814728 total
- age   4:     248392 bytes,    3063120 total
- age   5:     133976 bytes,    3197096 total
- age   6:    1110696 bytes,    4307792 total
- age   7:    1195224 bytes,    5503016 total
- age   8:     172432 bytes,    5675448 total
: 94257K->7290K(109248K), 0.0451562 secs] 139541K->52666K(502464K), 0.0455025 secs] [Times: user=0.09 sys=0.00, real=0.05 secs] 
Heap after GC invocations=72 (full 1):
 par new generation   total 109248K, used 7290K [0x00000000e0000000, 0x00000000e8000000, 0x00000000e8000000)
  eden space 87424K,   0% used [0x00000000e0000000, 0x00000000e0000000, 0x00000000e5560000)
  from space 21824K,  33% used [0x00000000e5560000, 0x00000000e5c7e830, 0x00000000e6ab0000)
  to   space 21824K,   0% used [0x00000000e6ab0000, 0x00000000e6ab0000, 0x00000000e8000000)
 concurrent mark-sweep generation total 393216K, used 45376K [0x00000000e8000000, 0x0000000100000000, 0x0000000100000000)
 Metaspace       used 45134K, capacity 47017K, committed 47176K, reserved 1091584K
  class space    used 5528K, capacity 5924K, committed 5960K, reserved 1048576K
}
2018-09-07T19:10:19.808+0530: 574.603: Total time for which application threads were stopped: 0.0480618 seconds, Stopping threads took: 0.0021098 seconds
2018-09-07T19:10:19.817+0530: 574.612: Total time for which application threads were stopped: 0.0003608 seconds, Stopping threads took: 0.0000756 seconds
2018-09-07T19:10:19.828+0530: 574.623: Total time for which application threads were stopped: 0.0061646 seconds, Stopping threads took: 0.0059024 seconds
2018-09-07T19:10:19.828+0530: 574.623: Total time for which application threads were stopped: 0.0002640 seconds, Stopping threads took: 0.0000860 seconds
{Heap before GC invocations=72 (full 1):
 par new generation   total 109248K, used 94714K [0x00000000e0000000, 0x00000000e8000000, 0x00000000e8000000)
  eden space 87424K, 100% used [0x00000000e0000000, 0x00000000e5560000, 0x00000000e5560000)
  from space 21824K,  33% used [0x00000000e5560000, 0x00000000e5c7e830, 0x00000000e6ab0000)
  to   space 21824K,   0% used [0x00000000e6ab0000, 0x00000000e6ab0000, 0x00000000e8000000)
 concurrent mark-sweep generation total 393216K, used 45376K [0x00000000e8000000, 0x0000000100000000, 0x0000000100000000)
 Metaspace       used 45147K, capacity 47017K, committed 47176K, reserved 1091584K
  class space    used 5528K, capacity 5924K, committed 5960K, reserved 1048576K
2018-09-07T19:10:20.345+0530: 575.140: [GC (Allocation Failure) 2018-09-07T19:10:20.346+0530: 575.141: [ParNew
Desired survivor size 20112992 bytes, new threshold 8 (max 8)
- age   1:    2134808 bytes,    2134808 total
- age   2:      94208 bytes,    2229016 total
- age   3:     150040 bytes,    2379056 total
- age   4:     630120 bytes,    3009176 total
- age   5:     186216 bytes,    3195392 total
- age   6:      98840 bytes,    3294232 total
- age   7:     507072 bytes,    3801304 total
- age   8:     604192 bytes,    4405496 total
: 94714K->5763K(109248K), 0.0647178 secs] 140090K->51310K(502464K), 0.0655407 secs] [Times: user=0.09 sys=0.00, real=0.06 secs] 
Heap after GC invocations=73 (full 1):
 par new generation   total 109248K, used 5763K [0x00000000e0000000, 0x00000000e8000000, 0x00000000e8000000)
  eden space 87424K,   0% used [0x00000000e0000000, 0x00000000e0000000, 0x00000000e5560000)
  from space 21824K,  26% used [0x00000000e6ab0000, 0x00000000e7050dd8, 0x00000000e8000000)
  to   space 21824K,   0% used [0x00000000e5560000, 0x00000000e5560000, 0x00000000e6ab0000)
 concurrent mark-sweep generation total 393216K, used 45547K [0x00000000e8000000, 0x0000000100000000, 0x0000000100000000)
 Metaspace       used 45147K, capacity 47017K, committed 47176K, reserved 1091584K
  class space    used 5528K, capacity 5924K, committed 5960K, reserved 1048576K
}
2018-09-07T19:10:20.411+0530: 575.206: Total time for which application threads were stopped: 0.0673784 seconds, Stopping threads took: 0.0008783 seconds
{Heap before GC invocations=73 (full 1):
 par new generation   total 109248K, used 93187K [0x00000000e0000000, 0x00000000e8000000, 0x00000000e8000000)
  eden space 87424K, 100% used [0x00000000e0000000, 0x00000000e5560000, 0x00000000e5560000)
  from space 21824K,  26% used [0x00000000e6ab0000, 0x00000000e7050dd8, 0x00000000e8000000)
  to   space 21824K,   0% used [0x00000000e5560000, 0x00000000e5560000, 0x00000000e6ab0000)
 concurrent mark-sweep generation total 393216K, used 45547K [0x00000000e8000000, 0x0000000100000000, 0x0000000100000000)
 Metaspace       used 45164K, capacity 47081K, committed 47176K, reserved 1091584K
  class space    used 5528K, capacity 5924K, committed 5960K, reserved 1048576K
2018-09-07T19:10:20.480+0530: 575.275: [GC (Allocation Failure) 2018-09-07T19:10:20.480+0530: 575.275: [ParNew
Desired survivor size 20112992 bytes, new threshold 8 (max 8)
- age   1:    2611800 bytes,    2611800 total
- age   2:    2132360 bytes,    4744160 total
- age   3:      94208 bytes,    4838368 total
- age   4:     149864 bytes,    4988232 total
- age   5:     630120 bytes,    5618352 total
- age   6:     186192 bytes,    5804544 total
- age   7:      98840 bytes,    5903384 total
- age   8:     501336 bytes,    6404720 total
: 93187K->7310K(109248K), 0.0553367 secs] 138734K->53449K(502464K), 0.1423146 secs] [Times: user=0.08 sys=0.00, real=0.14 secs] 
Heap after GC invocations=74 (full 1):
 par new generation   total 109248K, used 7310K [0x00000000e0000000, 0x00000000e8000000, 0x00000000e8000000)
  eden space 87424K,   0% used [0x00000000e0000000, 0x00000000e0000000, 0x00000000e5560000)
  from space 21824K,  33% used [0x00000000e5560000, 0x00000000e5c83840, 0x00000000e6ab0000)
  to   space 21824K,   0% used [0x00000000e6ab0000, 0x00000000e6ab0000, 0x00000000e8000000)
 concurrent mark-sweep generation total 393216K, used 46139K [0x00000000e8000000, 0x0000000100000000, 0x0000000100000000)
 Metaspace       used 45164K, capacity 47081K, committed 47176K, reserved 1091584K
  class space    used 5528K, capacity 5924K, committed 5960K, reserved 1048576K
}
2018-09-07T19:10:20.622+0530: 575.417: Total time for which application threads were stopped: 0.1430982 seconds, Stopping threads took: 0.0003219 seconds
{Heap before GC invocations=74 (full 1):
 par new generation   total 109248K, used 94734K [0x00000000e0000000, 0x00000000e8000000, 0x00000000e8000000)
  eden space 87424K, 100% used [0x00000000e0000000, 0x00000000e5560000, 0x00000000e5560000)
  from space 21824K,  33% used [0x00000000e5560000, 0x00000000e5c83840, 0x00000000e6ab0000)
  to   space 21824K,   0% used [0x00000000e6ab0000, 0x00000000e6ab0000, 0x00000000e8000000)
 concurrent mark-sweep generation total 393216K, used 46139K [0x00000000e8000000, 0x0000000100000000, 0x0000000100000000)
 Metaspace       used 45191K, capacity 47081K, committed 47176K, reserved 1091584K
  class space    used 5528K, capacity 5924K, committed 5960K, reserved 1048576K
2018-09-07T19:10:20.707+0530: 575.502: [GC (Allocation Failure) 2018-09-07T19:10:20.707+0530: 575.502: [ParNew
Desired survivor size 20112992 bytes, new threshold 8 (max 8)
- age   1:     651432 bytes,     651432 total
- age   2:    2484856 bytes,    3136288 total
- age   3:    2132272 bytes,    5268560 total
- age   4:      94184 bytes,    5362744 total
- age   5:     149864 bytes,    5512608 total
- age   6:     630088 bytes,    6142696 total
- age   7:     186192 bytes,    6328888 total
- age   8:      98840 bytes,    6427728 total
: 94734K->7950K(109248K), 0.0178479 secs] 140873K->54585K(502464K), 0.1031127 secs] [Times: user=0.04 sys=0.00, real=0.10 secs] 
Heap after GC invocations=75 (full 1):
 par new generation   total 109248K, used 7950K [0x00000000e0000000, 0x00000000e8000000, 0x00000000e8000000)
  eden space 87424K,   0% used [0x00000000e0000000, 0x00000000e0000000, 0x00000000e5560000)
  from space 21824K,  36% used [0x00000000e6ab0000, 0x00000000e72738f0, 0x00000000e8000000)
  to   space 21824K,   0% used [0x00000000e5560000, 0x00000000e5560000, 0x00000000e6ab0000)
 concurrent mark-sweep generation total 393216K, used 46634K [0x00000000e8000000, 0x0000000100000000, 0x0000000100000000)
 Metaspace       used 45191K, capacity 47081K, committed 47176K, reserved 1091584K
  class space    used 5528K, capacity 5924K, committed 5960K, reserved 1048576K
}
2018-09-07T19:10:20.811+0530: 575.606: Total time for which application threads were stopped: 0.1040635 seconds, Stopping threads took: 0.0000723 seconds
{Heap before GC invocations=75 (full 1):
 par new generation   total 109248K, used 95374K [0x00000000e0000000, 0x00000000e8000000, 0x00000000e8000000)
  eden space 87424K, 100% used [0x00000000e0000000, 0x00000000e5560000, 0x00000000e5560000)
  from space 21824K,  36% used [0x00000000e6ab0000, 0x00000000e72738f0, 0x00000000e8000000)
  to   space 21824K,   0% used [0x00000000e5560000, 0x00000000e5560000, 0x00000000e6ab0000)
 concurrent mark-sweep generation total 393216K, used 46634K [0x00000000e8000000, 0x0000000100000000, 0x0000000100000000)
 Metaspace       used 45336K, capacity 47209K, committed 47432K, reserved 1091584K
  class space    used 5528K, capacity 5924K, committed 5960K, reserved 1048576K
2018-09-07T19:10:21.092+0530: 575.887: [GC (Allocation Failure) 2018-09-07T19:10:21.181+0530: 575.976: [ParNew
Desired survivor size 20112992 bytes, new threshold 8 (max 8)
- age   1:     808928 bytes,     808928 total
- age   2:     447304 bytes,    1256232 total
- age   3:    2481072 bytes,    3737304 total
- age   4:    2132272 bytes,    5869576 total
- age   5:      94184 bytes,    5963760 total
- age   6:     149864 bytes,    6113624 total
- age   7:     630088 bytes,    6743712 total
- age   8:     186192 bytes,    6929904 total
: 95374K->10557K(109248K), 0.0752140 secs] 142009K->57290K(502464K), 0.1649045 secs] [Times: user=0.10 sys=0.00, real=0.17 secs] 
Heap after GC invocations=76 (full 1):
 par new generation   total 109248K, used 10557K [0x00000000e0000000, 0x00000000e8000000, 0x00000000e8000000)
  eden space 87424K,   0% used [0x00000000e0000000, 0x00000000e0000000, 0x00000000e5560000)
  from space 21824K,  48% used [0x00000000e5560000, 0x00000000e5faf620, 0x00000000e6ab0000)
  to   space 21824K,   0% used [0x00000000e6ab0000, 0x00000000e6ab0000, 0x00000000e8000000)
 concurrent mark-sweep generation total 393216K, used 46732K [0x00000000e8000000, 0x0000000100000000, 0x0000000100000000)
 Metaspace       used 45336K, capacity 47209K, committed 47432K, reserved 1091584K
  class space    used 5528K, capacity 5924K, committed 5960K, reserved 1048576K
}
2018-09-07T19:10:21.257+0530: 576.052: Total time for which application threads were stopped: 0.1658201 seconds, Stopping threads took: 0.0001611 seconds
{Heap before GC invocations=76 (full 1):
 par new generation   total 109248K, used 97981K [0x00000000e0000000, 0x00000000e8000000, 0x00000000e8000000)
  eden space 87424K, 100% used [0x00000000e0000000, 0x00000000e5560000, 0x00000000e5560000)
  from space 21824K,  48% used [0x00000000e5560000, 0x00000000e5faf620, 0x00000000e6ab0000)
  to   space 21824K,   0% used [0x00000000e6ab0000, 0x00000000e6ab0000, 0x00000000e8000000)
 concurrent mark-sweep generation total 393216K, used 46732K [0x00000000e8000000, 0x0000000100000000, 0x0000000100000000)
 Metaspace       used 45346K, capacity 47209K, committed 47432K, reserved 1091584K
  class space    used 5528K, capacity 5924K, committed 5960K, reserved 1048576K
2018-09-07T19:10:21.472+0530: 576.267: [GC (Allocation Failure) 2018-09-07T19:10:21.472+0530: 576.267: [ParNew
Desired survivor size 20112992 bytes, new threshold 8 (max 8)
- age   1:    3004896 bytes,    3004896 total
- age   2:     382184 bytes,    3387080 total
- age   3:     446560 bytes,    3833640 total
- age   4:    1298256 bytes,    5131896 total
- age   5:    2132272 bytes,    7264168 total
- age   6:      92080 bytes,    7356248 total
- age   7:     149864 bytes,    7506112 total
- age   8:     630088 bytes,    8136200 total
: 97981K->9600K(109248K), 0.0309157 secs] 144714K->56517K(502464K), 0.0312472 secs] [Times: user=0.05 sys=0.00, real=0.03 secs] 
Heap after GC invocations=77 (full 1):
 par new generation   total 109248K, used 9600K [0x00000000e0000000, 0x00000000e8000000, 0x00000000e8000000)
  eden space 87424K,   0% used [0x00000000e0000000, 0x00000000e0000000, 0x00000000e5560000)
  from space 21824K,  43% used [0x00000000e6ab0000, 0x00000000e7410120, 0x00000000e8000000)
  to   space 21824K,   0% used [0x00000000e5560000, 0x00000000e5560000, 0x00000000e6ab0000)
 concurrent mark-sweep generation total 393216K, used 46917K [0x00000000e8000000, 0x0000000100000000, 0x0000000100000000)
 Metaspace       used 45346K, capacity 47209K, committed 47432K, reserved 1091584K
  class space    used 5528K, capacity 5924K, committed 5960K, reserved 1048576K
}
2018-09-07T19:10:21.504+0530: 576.299: Total time for which application threads were stopped: 0.0428615 seconds, Stopping threads took: 0.0111520 seconds
{Heap before GC invocations=77 (full 1):
 par new generation   total 109248K, used 97024K [0x00000000e0000000, 0x00000000e8000000, 0x00000000e8000000)
  eden space 87424K, 100% used [0x00000000e0000000, 0x00000000e5560000, 0x00000000e5560000)
  from space 21824K,  43% used [0x00000000e6ab0000, 0x00000000e7410120, 0x00000000e8000000)
  to   space 21824K,   0% used [0x00000000e5560000, 0x00000000e5560000, 0x00000000e6ab0000)
 concurrent mark-sweep generation total 393216K, used 46917K [0x00000000e8000000, 0x0000000100000000, 0x0000000100000000)
 Metaspace       used 45351K, capacity 47209K, committed 47432K, reserved 1091584K
  class space    used 5528K, capacity 5924K, committed 5960K, reserved 1048576K
2018-09-07T19:10:21.612+0530: 576.407: [GC (Allocation Failure) 2018-09-07T19:10:21.613+0530: 576.408: [ParNew
Desired survivor size 20112992 bytes, new threshold 8 (max 8)
- age   1:     919728 bytes,     919728 total
- age   2:    2472176 bytes,    3391904 total
- age   3:     373136 bytes,    3765040 total
- age   4:     446560 bytes,    4211600 total
- age   5:    1298176 bytes,    5509776 total
- age   6:    2132272 bytes,    7642048 total
- age   7:      92080 bytes,    7734128 total
- age   8:     149864 bytes,    7883992 total
: 97024K->10138K(109248K), 0.0367144 secs] 143941K->57674K(502464K), 0.0369859 secs] [Times: user=0.05 sys=0.01, real=0.04 secs] 
Heap after GC invocations=78 (full 1):
 par new generation   total 109248K, used 10138K [0x00000000e0000000, 0x00000000e8000000, 0x00000000e8000000)
  eden space 87424K,   0% used [0x00000000e0000000, 0x00000000e0000000, 0x00000000e5560000)
  from space 21824K,  46% used [0x00000000e5560000, 0x00000000e5f46b20, 0x00000000e6ab0000)
  to   space 21824K,   0% used [0x00000000e6ab0000, 0x00000000e6ab0000, 0x00000000e8000000)
 concurrent mark-sweep generation total 393216K, used 47535K [0x00000000e8000000, 0x0000000100000000, 0x0000000100000000)
 Metaspace       used 45351K, capacity 47209K, committed 47432K, reserved 1091584K
  class space    used 5528K, capacity 5924K, committed 5960K, reserved 1048576K
}
2018-09-07T19:10:21.649+0530: 576.445: Total time for which application threads were stopped: 0.0408049 seconds, Stopping threads took: 0.0034891 seconds
{Heap before GC invocations=78 (full 1):
 par new generation   total 109248K, used 97231K [0x00000000e0000000, 0x00000000e8000000, 0x00000000e8000000)
  eden space 87424K,  99% used [0x00000000e0000000, 0x00000000e550d170, 0x00000000e5560000)
  from space 21824K,  46% used [0x00000000e5560000, 0x00000000e5f46b20, 0x00000000e6ab0000)
  to   space 21824K,   0% used [0x00000000e6ab0000, 0x00000000e6ab0000, 0x00000000e8000000)
 concurrent mark-sweep generation total 393216K, used 47535K [0x00000000e8000000, 0x0000000100000000, 0x0000000100000000)
 Metaspace       used 45363K, capacity 47273K, committed 47432K, reserved 1091584K
  class space    used 5528K, capacity 5924K, committed 5960K, reserved 1048576K
2018-09-07T19:10:21.734+0530: 576.529: [GC (Allocation Failure) 2018-09-07T19:10:21.734+0530: 576.529: [ParNew
Desired survivor size 20112992 bytes, new threshold 8 (max 8)
- age   1:     418800 bytes,     418800 total
- age   2:     154656 bytes,     573456 total
- age   3:    2467848 bytes,    3041304 total
- age   4:     372864 bytes,    3414168 total
- age   5:     446232 bytes,    3860400 total
- age   6:    1298096 bytes,    5158496 total
- age   7:    2132272 bytes,    7290768 total
- age   8:      92080 bytes,    7382848 total
: 97231K->9154K(109248K), 0.0264631 secs] 144766K->56838K(502464K), 0.0268375 secs] [Times: user=0.05 sys=0.00, real=0.03 secs] 
Heap after GC invocations=79 (full 1):
 par new generation   total 109248K, used 9154K [0x00000000e0000000, 0x00000000e8000000, 0x00000000e8000000)
  eden space 87424K,   0% used [0x00000000e0000000, 0x00000000e0000000, 0x00000000e5560000)
  from space 21824K,  41% used [0x00000000e6ab0000, 0x00000000e73a0800, 0x00000000e8000000)
  to   space 21824K,   0% used [0x00000000e5560000, 0x00000000e5560000, 0x00000000e6ab0000)
 concurrent mark-sweep generation total 393216K, used 47684K [0x00000000e8000000, 0x0000000100000000, 0x0000000100000000)
 Metaspace       used 45363K, capacity 47273K, committed 47432K, reserved 1091584K
  class space    used 5528K, capacity 5924K, committed 5960K, reserved 1048576K
}
2018-09-07T19:10:21.761+0530: 576.556: Total time for which application threads were stopped: 0.0273149 seconds, Stopping threads took: 0.0000984 seconds
{Heap before GC invocations=79 (full 1):
 par new generation   total 109248K, used 96578K [0x00000000e0000000, 0x00000000e8000000, 0x00000000e8000000)
  eden space 87424K, 100% used [0x00000000e0000000, 0x00000000e5560000, 0x00000000e5560000)
  from space 21824K,  41% used [0x00000000e6ab0000, 0x00000000e73a0800, 0x00000000e8000000)
  to   space 21824K,   0% used [0x00000000e5560000, 0x00000000e5560000, 0x00000000e6ab0000)
 concurrent mark-sweep generation total 393216K, used 47684K [0x00000000e8000000, 0x0000000100000000, 0x0000000100000000)
 Metaspace       used 45417K, capacity 47337K, committed 47432K, reserved 1091584K
  class space    used 5529K, capacity 5924K, committed 5960K, reserved 1048576K
2018-09-07T19:10:22.527+0530: 577.322: [GC (Allocation Failure) 2018-09-07T19:10:22.528+0530: 577.323: [ParNew
Desired survivor size 20112992 bytes, new threshold 8 (max 8)
- age   1:    3421248 bytes,    3421248 total
- age   2:     229680 bytes,    3650928 total
- age   3:     152328 bytes,    3803256 total
- age   4:     260384 bytes,    4063640 total
- age   5:     253184 bytes,    4316824 total
- age   6:     331728 bytes,    4648552 total
- age   7:    1123376 bytes,    5771928 total
- age   8:    1184912 bytes,    6956840 total
: 96578K->9827K(109248K), 0.0302545 secs] 144262K->57603K(502464K), 0.0306123 secs] [Times: user=0.04 sys=0.00, real=0.03 secs] 
Heap after GC invocations=80 (full 1):
 par new generation   total 109248K, used 9827K [0x00000000e0000000, 0x00000000e8000000, 0x00000000e8000000)
  eden space 87424K,   0% used [0x00000000e0000000, 0x00000000e0000000, 0x00000000e5560000)
  from space 21824K,  45% used [0x00000000e5560000, 0x00000000e5ef8df0, 0x00000000e6ab0000)
  to   space 21824K,   0% used [0x00000000e6ab0000, 0x00000000e6ab0000, 0x00000000e8000000)
 concurrent mark-sweep generation total 393216K, used 47776K [0x00000000e8000000, 0x0000000100000000, 0x0000000100000000)
 Metaspace       used 45417K, capacity 47337K, committed 47432K, reserved 1091584K
  class space    used 5529K, capacity 5924K, committed 5960K, reserved 1048576K
}
2018-09-07T19:10:22.558+0530: 577.353: Total time for which application threads were stopped: 0.0314646 seconds, Stopping threads took: 0.0002402 seconds
2018-09-07T19:10:22.643+0530: 577.438: Total time for which application threads were stopped: 0.0012785 seconds, Stopping threads took: 0.0002163 seconds
{Heap before GC invocations=80 (full 1):
 par new generation   total 109248K, used 97251K [0x00000000e0000000, 0x00000000e8000000, 0x00000000e8000000)
  eden space 87424K, 100% used [0x00000000e0000000, 0x00000000e5560000, 0x00000000e5560000)
  from space 21824K,  45% used [0x00000000e5560000, 0x00000000e5ef8df0, 0x00000000e6ab0000)
  to   space 21824K,   0% used [0x00000000e6ab0000, 0x00000000e6ab0000, 0x00000000e8000000)
 concurrent mark-sweep generation total 393216K, used 47776K [0x00000000e8000000, 0x0000000100000000, 0x0000000100000000)
 Metaspace       used 45468K, capacity 47401K, committed 47668K, reserved 1091584K
  class space    used 5534K, capacity 5924K, committed 5960K, reserved 1048576K
2018-09-07T19:10:22.652+0530: 577.447: [GC (Allocation Failure) 2018-09-07T19:10:22.807+0530: 577.602: [ParNew
Desired survivor size 20112992 bytes, new threshold 8 (max 8)
- age   1:     986968 bytes,     986968 total
- age   2:    2733712 bytes,    3720680 total
- age   3:     229576 bytes,    3950256 total
- age   4:     144104 bytes,    4094360 total
- age   5:     259856 bytes,    4354216 total
- age   6:     252368 bytes,    4606584 total
- age   7:     331584 bytes,    4938168 total
- age   8:    1123376 bytes,    6061544 total
: 97251K->7324K(109248K), 0.0646346 secs] 145027K->56268K(502464K), 0.2200474 secs] [Times: user=0.15 sys=0.01, real=0.22 secs] 
Heap after GC invocations=81 (full 1):
 par new generation   total 109248K, used 7324K [0x00000000e0000000, 0x00000000e8000000, 0x00000000e8000000)
  eden space 87424K,   0% used [0x00000000e0000000, 0x00000000e0000000, 0x00000000e5560000)
  from space 21824K,  33% used [0x00000000e6ab0000, 0x00000000e71d7328, 0x00000000e8000000)
  to   space 21824K,   0% used [0x00000000e5560000, 0x00000000e5560000, 0x00000000e6ab0000)
 concurrent mark-sweep generation total 393216K, used 48943K [0x00000000e8000000, 0x0000000100000000, 0x0000000100000000)
 Metaspace       used 45468K, capacity 47401K, committed 47668K, reserved 1091584K
  class space    used 5534K, capacity 5924K, committed 5960K, reserved 1048576K
}
2018-09-07T19:10:22.873+0530: 577.668: Total time for which application threads were stopped: 0.2230201 seconds, Stopping threads took: 0.0022319 seconds
{Heap before GC invocations=81 (full 1):
 par new generation   total 109248K, used 94748K [0x00000000e0000000, 0x00000000e8000000, 0x00000000e8000000)
  eden space 87424K, 100% used [0x00000000e0000000, 0x00000000e5560000, 0x00000000e5560000)
  from space 21824K,  33% used [0x00000000e6ab0000, 0x00000000e71d7328, 0x00000000e8000000)
  to   space 21824K,   0% used [0x00000000e5560000, 0x00000000e5560000, 0x00000000e6ab0000)
 concurrent mark-sweep generation total 393216K, used 48943K [0x00000000e8000000, 0x0000000100000000, 0x0000000100000000)
 Metaspace       used 45518K, capacity 47497K, committed 47668K, reserved 1091584K
  class space    used 5540K, capacity 5956K, committed 5960K, reserved 1048576K
2018-09-07T19:10:23.026+0530: 577.821: [GC (Allocation Failure) 2018-09-07T19:10:23.026+0530: 577.821: [ParNew
Desired survivor size 20112992 bytes, new threshold 8 (max 8)
- age   1:    1480400 bytes,    1480400 total
- age   2:     507136 bytes,    1987536 total
- age   3:    2713600 bytes,    4701136 total
- age   4:     229472 bytes,    4930608 total
- age   5:     135440 bytes,    5066048 total
- age   6:     258024 bytes,    5324072 total
- age   7:     251376 bytes,    5575448 total
- age   8:     331040 bytes,    5906488 total
: 94748K->8229K(109248K), 0.0250222 secs] 143692K->58269K(502464K), 0.1423485 secs] [Times: user=0.05 sys=0.01, real=0.14 secs] 
Heap after GC invocations=82 (full 1):
 par new generation   total 109248K, used 8229K [0x00000000e0000000, 0x00000000e8000000, 0x00000000e8000000)
  eden space 87424K,   0% used [0x00000000e0000000, 0x00000000e0000000, 0x00000000e5560000)
  from space 21824K,  37% used [0x00000000e5560000, 0x00000000e5d69430, 0x00000000e6ab0000)
  to   space 21824K,   0% used [0x00000000e6ab0000, 0x00000000e6ab0000, 0x00000000e8000000)
 concurrent mark-sweep generation total 393216K, used 50040K [0x00000000e8000000, 0x0000000100000000, 0x0000000100000000)
 Metaspace       used 45518K, capacity 47497K, committed 47668K, reserved 1091584K
  class space    used 5540K, capacity 5956K, committed 5960K, reserved 1048576K
}
2018-09-07T19:10:23.168+0530: 577.963: Total time for which application threads were stopped: 0.1510310 seconds, Stopping threads took: 0.0082162 seconds
{Heap before GC invocations=82 (full 1):
 par new generation   total 109248K, used 95653K [0x00000000e0000000, 0x00000000e8000000, 0x00000000e8000000)
  eden space 87424K, 100% used [0x00000000e0000000, 0x00000000e5560000, 0x00000000e5560000)
  from space 21824K,  37% used [0x00000000e5560000, 0x00000000e5d69430, 0x00000000e6ab0000)
  to   space 21824K,   0% used [0x00000000e6ab0000, 0x00000000e6ab0000, 0x00000000e8000000)
 concurrent mark-sweep generation total 393216K, used 50040K [0x00000000e8000000, 0x0000000100000000, 0x0000000100000000)
 Metaspace       used 45529K, capacity 47497K, committed 47668K, reserved 1091584K
  class space    used 5540K, capacity 5956K, committed 5960K, reserved 1048576K
2018-09-07T19:10:23.283+0530: 578.078: [GC (Allocation Failure) 2018-09-07T19:10:23.378+0530: 578.173: [ParNew
Desired survivor size 20112992 bytes, new threshold 8 (max 8)
- age   1:    1196280 bytes,    1196280 total
- age   2:    1061840 bytes,    2258120 total
- age   3:     507136 bytes,    2765256 total
- age   4:    1809472 bytes,    4574728 total
- age   5:     175864 bytes,    4750592 total
- age   6:     135440 bytes,    4886032 total
- age   7:     258024 bytes,    5144056 total
- age   8:     251376 bytes,    5395432 total
: 95653K->7952K(109248K), 0.0314459 secs] 145693K->58317K(502464K), 0.1264623 secs] [Times: user=0.06 sys=0.00, real=0.13 secs] 
Heap after GC invocations=83 (full 1):
 par new generation   total 109248K, used 7952K [0x00000000e0000000, 0x00000000e8000000, 0x00000000e8000000)
  eden space 87424K,   0% used [0x00000000e0000000, 0x00000000e0000000, 0x00000000e5560000)
  from space 21824K,  36% used [0x00000000e6ab0000, 0x00000000e72742c8, 0x00000000e8000000)
  to   space 21824K,   0% used [0x00000000e5560000, 0x00000000e5560000, 0x00000000e6ab0000)
 concurrent mark-sweep generation total 393216K, used 50364K [0x00000000e8000000, 0x0000000100000000, 0x0000000100000000)
 Metaspace       used 45529K, capacity 47497K, committed 47668K, reserved 1091584K
  class space    used 5540K, capacity 5956K, committed 5960K, reserved 1048576K
}
2018-09-07T19:10:23.410+0530: 578.205: Total time for which application threads were stopped: 0.1268654 seconds, Stopping threads took: 0.0000439 seconds
2018-09-07T19:10:23.424+0530: 578.219: Total time for which application threads were stopped: 0.0011670 seconds, Stopping threads took: 0.0008542 seconds
2018-09-07T19:10:23.433+0530: 578.228: Total time for which application threads were stopped: 0.0021971 seconds, Stopping threads took: 0.0018382 seconds
2018-09-07T19:10:23.470+0530: 578.265: Total time for which application threads were stopped: 0.0025363 seconds, Stopping threads took: 0.0022922 seconds
2018-09-07T19:10:23.476+0530: 578.271: Total time for which application threads were stopped: 0.0002329 seconds, Stopping threads took: 0.0000330 seconds
2018-09-07T19:10:23.760+0530: 578.555: Total time for which application threads were stopped: 0.0002624 seconds, Stopping threads took: 0.0000251 seconds
2018-09-07T19:10:23.767+0530: 578.562: Total time for which application threads were stopped: 0.0002814 seconds, Stopping threads took: 0.0000366 seconds
2018-09-07T19:10:23.780+0530: 578.575: Total time for which application threads were stopped: 0.0002483 seconds, Stopping threads took: 0.0000379 seconds
{Heap before GC invocations=83 (full 1):
 par new generation   total 109248K, used 95376K [0x00000000e0000000, 0x00000000e8000000, 0x00000000e8000000)
  eden space 87424K, 100% used [0x00000000e0000000, 0x00000000e5560000, 0x00000000e5560000)
  from space 21824K,  36% used [0x00000000e6ab0000, 0x00000000e72742c8, 0x00000000e8000000)
  to   space 21824K,   0% used [0x00000000e5560000, 0x00000000e5560000, 0x00000000e6ab0000)
 concurrent mark-sweep generation total 393216K, used 50364K [0x00000000e8000000, 0x0000000100000000, 0x0000000100000000)
 Metaspace       used 45751K, capacity 47689K, committed 47924K, reserved 1091584K
  class space    used 5558K, capacity 5956K, committed 5960K, reserved 1048576K
2018-09-07T19:10:23.823+0530: 578.618: [GC (Allocation Failure) 2018-09-07T19:10:23.823+0530: 578.618: [ParNew
Desired survivor size 20112992 bytes, new threshold 8 (max 8)
- age   1:    2983232 bytes,    2983232 total
- age   2:     583008 bytes,    3566240 total
- age   3:     262520 bytes,    3828760 total
- age   4:     429272 bytes,    4258032 total
- age   5:    1524816 bytes,    5782848 total
- age   6:      65744 bytes,    5848592 total
- age   7:      71928 bytes,    5920520 total
- age   8:     140856 bytes,    6061376 total
: 95376K->6602K(109248K), 0.0692375 secs] 145741K->57064K(502464K), 0.0696361 secs] [Times: user=0.09 sys=0.00, real=0.07 secs] 
Heap after GC invocations=84 (full 1):
 par new generation   total 109248K, used 6602K [0x00000000e0000000, 0x00000000e8000000, 0x00000000e8000000)
  eden space 87424K,   0% used [0x00000000e0000000, 0x00000000e0000000, 0x00000000e5560000)
  from space 21824K,  30% used [0x00000000e5560000, 0x00000000e5bd2a80, 0x00000000e6ab0000)
  to   space 21824K,   0% used [0x00000000e6ab0000, 0x00000000e6ab0000, 0x00000000e8000000)
 concurrent mark-sweep generation total 393216K, used 50461K [0x00000000e8000000, 0x0000000100000000, 0x0000000100000000)
 Metaspace       used 45751K, capacity 47689K, committed 47924K, reserved 1091584K
  class space    used 5558K, capacity 5956K, committed 5960K, reserved 1048576K
}
2018-09-07T19:10:23.893+0530: 578.688: Total time for which application threads were stopped: 0.0701274 seconds, Stopping threads took: 0.0000818 seconds
2018-09-07T19:10:23.898+0530: 578.693: [GC (CMS Initial Mark) [1 CMS-initial-mark: 50461K(393216K)] 57633K(502464K), 0.0082998 secs] [Times: user=0.00 sys=0.00, real=0.01 secs] 
2018-09-07T19:10:23.906+0530: 578.701: Total time for which application threads were stopped: 0.0087997 seconds, Stopping threads took: 0.0000587 seconds
2018-09-07T19:10:23.906+0530: 578.701: [CMS-concurrent-mark-start]
{Heap before GC invocations=84 (full 2):
 par new generation   total 109248K, used 94026K [0x00000000e0000000, 0x00000000e8000000, 0x00000000e8000000)
  eden space 87424K, 100% used [0x00000000e0000000, 0x00000000e5560000, 0x00000000e5560000)
  from space 21824K,  30% used [0x00000000e5560000, 0x00000000e5bd2a80, 0x00000000e6ab0000)
  to   space 21824K,   0% used [0x00000000e6ab0000, 0x00000000e6ab0000, 0x00000000e8000000)
 concurrent mark-sweep generation total 393216K, used 50461K [0x00000000e8000000, 0x0000000100000000, 0x0000000100000000)
 Metaspace       used 45752K, capacity 47689K, committed 47924K, reserved 1091584K
  class space    used 5558K, capacity 5956K, committed 5960K, reserved 1048576K
2018-09-07T19:10:23.964+0530: 578.759: [GC (Allocation Failure) 2018-09-07T19:10:23.964+0530: 578.759: [ParNew
Desired survivor size 20112992 bytes, new threshold 8 (max 8)
- age   1:     139104 bytes,     139104 total
- age   2:    2656360 bytes,    2795464 total
- age   3:     583008 bytes,    3378472 total
- age   4:     262520 bytes,    3640992 total
- age   5:     429272 bytes,    4070264 total
- age   6:    1524816 bytes,    5595080 total
- age   7:      65744 bytes,    5660824 total
- age   8:      71928 bytes,    5732752 total
: 94026K->8732K(109248K), 0.0629108 secs] 144488K->59331K(502464K), 0.0632983 secs] [Times: user=0.06 sys=0.00, real=0.07 secs] 
Heap after GC invocations=85 (full 2):
 par new generation   total 109248K, used 8732K [0x00000000e0000000, 0x00000000e8000000, 0x00000000e8000000)
  eden space 87424K,   0% used [0x00000000e0000000, 0x00000000e0000000, 0x00000000e5560000)
  from space 21824K,  40% used [0x00000000e6ab0000, 0x00000000e7337040, 0x00000000e8000000)
  to   space 21824K,   0% used [0x00000000e5560000, 0x00000000e5560000, 0x00000000e6ab0000)
 concurrent mark-sweep generation total 393216K, used 50599K [0x00000000e8000000, 0x0000000100000000, 0x0000000100000000)
 Metaspace       used 45752K, capacity 47689K, committed 47924K, reserved 1091584K
  class space    used 5558K, capacity 5956K, committed 5960K, reserved 1048576K
}
2018-09-07T19:10:24.027+0530: 578.822: Total time for which application threads were stopped: 0.0637454 seconds, Stopping threads took: 0.0000431 seconds
2018-09-07T19:10:24.066+0530: 578.861: [CMS-concurrent-mark: 0.096/0.159 secs] [Times: user=0.29 sys=0.00, real=0.16 secs] 
2018-09-07T19:10:24.066+0530: 578.861: [CMS-concurrent-preclean-start]
2018-09-07T19:10:24.070+0530: 578.865: [CMS-concurrent-preclean: 0.004/0.004 secs] [Times: user=0.01 sys=0.00, real=0.00 secs] 
2018-09-07T19:10:24.070+0530: 578.865: [CMS-concurrent-abortable-preclean-start]
{Heap before GC invocations=85 (full 2):
 par new generation   total 109248K, used 96156K [0x00000000e0000000, 0x00000000e8000000, 0x00000000e8000000)
  eden space 87424K, 100% used [0x00000000e0000000, 0x00000000e5560000, 0x00000000e5560000)
  from space 21824K,  40% used [0x00000000e6ab0000, 0x00000000e7337040, 0x00000000e8000000)
  to   space 21824K,   0% used [0x00000000e5560000, 0x00000000e5560000, 0x00000000e6ab0000)
 concurrent mark-sweep generation total 393216K, used 50599K [0x00000000e8000000, 0x0000000100000000, 0x0000000100000000)
 Metaspace       used 45752K, capacity 47689K, committed 47924K, reserved 1091584K
  class space    used 5558K, capacity 5956K, committed 5960K, reserved 1048576K
2018-09-07T19:10:24.106+0530: 578.901: [GC (Allocation Failure) 2018-09-07T19:10:24.218+0530: 579.013: [ParNew
Desired survivor size 20112992 bytes, new threshold 8 (max 8)
- age   1:     405664 bytes,     405664 total
- age   2:      70024 bytes,     475688 total
- age   3:    2656320 bytes,    3132008 total
- age   4:     583008 bytes,    3715016 total
- age   5:     262520 bytes,    3977536 total
- age   6:     429272 bytes,    4406808 total
- age   7:    1524816 bytes,    5931624 total
- age   8:      65744 bytes,    5997368 total
: 96156K->7279K(109248K), 0.0968848 secs] 146755K->57950K(502464K), 0.2095250 secs] [Times: user=0.17 sys=0.00, real=0.20 secs] 
Heap after GC invocations=86 (full 2):
 par new generation   total 109248K, used 7279K [0x00000000e0000000, 0x00000000e8000000, 0x00000000e8000000)
  eden space 87424K,   0% used [0x00000000e0000000, 0x00000000e0000000, 0x00000000e5560000)
  from space 21824K,  33% used [0x00000000e5560000, 0x00000000e5c7bd58, 0x00000000e6ab0000)
  to   space 21824K,   0% used [0x00000000e6ab0000, 0x00000000e6ab0000, 0x00000000e8000000)
 concurrent mark-sweep generation total 393216K, used 50671K [0x00000000e8000000, 0x0000000100000000, 0x0000000100000000)
 Metaspace       used 45752K, capacity 47689K, committed 47924K, reserved 1091584K
  class space    used 5558K, capacity 5956K, committed 5960K, reserved 1048576K
}
2018-09-07T19:10:24.316+0530: 579.111: Total time for which application threads were stopped: 0.2155087 seconds, Stopping threads took: 0.0053812 seconds
2018-09-07T19:10:24.499+0530: 579.294: [CMS-concurrent-abortable-preclean: 0.113/0.429 secs] [Times: user=0.55 sys=0.02, real=0.43 secs] 
2018-09-07T19:10:24.500+0530: 579.295: [GC (CMS Final Remark) [YG occupancy: 85354 K (109248 K)]{Heap before GC invocations=86 (full 2):
 par new generation   total 109248K, used 85354K [0x00000000e0000000, 0x00000000e8000000, 0x00000000e8000000)
  eden space 87424K,  89% used [0x00000000e0000000, 0x00000000e4c3ee20, 0x00000000e5560000)
  from space 21824K,  33% used [0x00000000e5560000, 0x00000000e5c7bd58, 0x00000000e6ab0000)
  to   space 21824K,   0% used [0x00000000e6ab0000, 0x00000000e6ab0000, 0x00000000e8000000)
 concurrent mark-sweep generation total 393216K, used 50671K [0x00000000e8000000, 0x0000000100000000, 0x0000000100000000)
 Metaspace       used 45755K, capacity 47689K, committed 47924K, reserved 1091584K
  class space    used 5558K, capacity 5956K, committed 5960K, reserved 1048576K
2018-09-07T19:10:24.500+0530: 579.295: [GC (CMS Final Remark) 2018-09-07T19:10:24.500+0530: 579.295: [ParNew
Desired survivor size 20112992 bytes, new threshold 8 (max 8)
- age   1:    2133840 bytes,    2133840 total
- age   2:     108424 bytes,    2242264 total
- age   3:      68456 bytes,    2310720 total
- age   4:     929736 bytes,    3240456 total
- age   5:     494240 bytes,    3734696 total
- age   6:     170408 bytes,    3905104 total
- age   7:     429272 bytes,    4334376 total
- age   8:    1173376 bytes,    5507752 total
: 85354K->7581K(109248K), 0.0129994 secs] 136026K->58317K(502464K), 0.0132585 secs] [Times: user=0.03 sys=0.00, real=0.01 secs] 
Heap after GC invocations=87 (full 2):
 par new generation   total 109248K, used 7581K [0x00000000e0000000, 0x00000000e8000000, 0x00000000e8000000)
  eden space 87424K,   0% used [0x00000000e0000000, 0x00000000e0000000, 0x00000000e5560000)
  from space 21824K,  34% used [0x00000000e6ab0000, 0x00000000e7217640, 0x00000000e8000000)
  to   space 21824K,   0% used [0x00000000e5560000, 0x00000000e5560000, 0x00000000e6ab0000)
 concurrent mark-sweep generation total 393216K, used 50736K [0x00000000e8000000, 0x0000000100000000, 0x0000000100000000)
 Metaspace       used 45755K, capacity 47689K, committed 47924K, reserved 1091584K
  class space    used 5558K, capacity 5956K, committed 5960K, reserved 1048576K
}
2018-09-07T19:10:24.513+0530: 579.308: [Rescan (parallel) , 0.0040318 secs]2018-09-07T19:10:24.517+0530: 579.312: [weak refs processing, 0.0109129 secs]2018-09-07T19:10:24.528+0530: 579.323: [class unloading, 0.0140721 secs]2018-09-07T19:10:24.542+0530: 579.337: [scrub symbol table, 0.0056892 secs]2018-09-07T19:10:24.548+0530: 579.343: [scrub string table, 0.0006377 secs][1 CMS-remark: 50736K(393216K)] 58317K(502464K), 0.0504837 secs] [Times: user=0.08 sys=0.00, real=0.05 secs] 
2018-09-07T19:10:24.550+0530: 579.345: Total time for which application threads were stopped: 0.0510065 seconds, Stopping threads took: 0.0001159 seconds
2018-09-07T19:10:24.550+0530: 579.345: [CMS-concurrent-sweep-start]
2018-09-07T19:10:24.552+0530: 579.347: Total time for which application threads were stopped: 0.0002900 seconds, Stopping threads took: 0.0001418 seconds
2018-09-07T19:10:24.586+0530: 579.381: [CMS-concurrent-sweep: 0.036/0.036 secs] [Times: user=0.10 sys=0.00, real=0.04 secs] 
{Heap before GC invocations=87 (full 2):
 par new generation   total 109248K, used 95005K [0x00000000e0000000, 0x00000000e8000000, 0x00000000e8000000)
  eden space 87424K, 100% used [0x00000000e0000000, 0x00000000e5560000, 0x00000000e5560000)
  from space 21824K,  34% used [0x00000000e6ab0000, 0x00000000e7217640, 0x00000000e8000000)
  to   space 21824K,   0% used [0x00000000e5560000, 0x00000000e5560000, 0x00000000e6ab0000)
 concurrent mark-sweep generation total 393216K, used 36073K [0x00000000e8000000, 0x0000000100000000, 0x0000000100000000)
 Metaspace       used 45755K, capacity 47689K, committed 47924K, reserved 1091584K
  class space    used 5558K, capacity 5956K, committed 5960K, reserved 1048576K
2018-09-07T19:10:24.672+0530: 579.467: [GC (Allocation Failure) 2018-09-07T19:10:24.673+0530: 579.468: [ParNew
Desired survivor size 20112992 bytes, new threshold 8 (max 8)
- age   1:     845928 bytes,     845928 total
- age   2:    1779632 bytes,    2625560 total
- age   3:     108424 bytes,    2733984 total
- age   4:      68456 bytes,    2802440 total
- age   5:     919336 bytes,    3721776 total
- age   6:     492768 bytes,    4214544 total
- age   7:     129216 bytes,    4343760 total
- age   8:     397096 bytes,    4740856 total
: 95005K->6561K(109248K), 0.1168776 secs] 131078K->43605K(502464K), 0.1177422 secs] [Times: user=0.17 sys=0.00, real=0.12 secs] 
Heap after GC invocations=88 (full 2):
 par new generation   total 109248K, used 6561K [0x00000000e0000000, 0x00000000e8000000, 0x00000000e8000000)
  eden space 87424K,   0% used [0x00000000e0000000, 0x00000000e0000000, 0x00000000e5560000)
  from space 21824K,  30% used [0x00000000e5560000, 0x00000000e5bc84c0, 0x00000000e6ab0000)
  to   space 21824K,   0% used [0x00000000e6ab0000, 0x00000000e6ab0000, 0x00000000e8000000)
 concurrent mark-sweep generation total 393216K, used 37044K [0x00000000e8000000, 0x0000000100000000, 0x0000000100000000)
 Metaspace       used 45755K, capacity 47689K, committed 47924K, reserved 1091584K
  class space    used 5558K, capacity 5956K, committed 5960K, reserved 1048576K
}
2018-09-07T19:10:24.790+0530: 579.585: Total time for which application threads were stopped: 0.2025381 seconds, Stopping threads took: 0.0000584 seconds
2018-09-07T19:10:24.792+0530: 579.587: [CMS-concurrent-reset-start]
2018-09-07T19:10:24.793+0530: 579.588: [CMS-concurrent-reset: 0.001/0.001 secs] [Times: user=0.00 sys=0.00, real=0.00 secs] 
2018-09-07T19:10:25.018+0530: 579.813: Total time for which application threads were stopped: 0.0003915 seconds, Stopping threads took: 0.0000381 seconds
2018-09-07T19:10:25.068+0530: 579.863: Total time for which application threads were stopped: 0.0006576 seconds, Stopping threads took: 0.0000319 seconds
{Heap before GC invocations=88 (full 2):
 par new generation   total 109248K, used 93985K [0x00000000e0000000, 0x00000000e8000000, 0x00000000e8000000)
  eden space 87424K, 100% used [0x00000000e0000000, 0x00000000e5560000, 0x00000000e5560000)
  from space 21824K,  30% used [0x00000000e5560000, 0x00000000e5bc84c0, 0x00000000e6ab0000)
  to   space 21824K,   0% used [0x00000000e6ab0000, 0x00000000e6ab0000, 0x00000000e8000000)
 concurrent mark-sweep generation total 393216K, used 37044K [0x00000000e8000000, 0x0000000100000000, 0x0000000100000000)
 Metaspace       used 45555K, capacity 47193K, committed 47924K, reserved 1091584K
  class space    used 5501K, capacity 5854K, committed 5960K, reserved 1048576K
2018-09-07T19:10:25.091+0530: 579.886: [GC (Allocation Failure) 2018-09-07T19:10:25.091+0530: 579.886: [ParNew
Desired survivor size 20112992 bytes, new threshold 8 (max 8)
- age   1:    1852536 bytes,    1852536 total
- age   2:     581240 bytes,    2433776 total
- age   3:     609488 bytes,    3043264 total
- age   4:      54464 bytes,    3097728 total
- age   5:      43120 bytes,    3140848 total
- age   6:     838528 bytes,    3979376 total
- age   7:     490000 bytes,    4469376 total
- age   8:     129184 bytes,    4598560 total
: 93985K->5751K(109248K), 0.0337010 secs] 131029K->43191K(502464K), 0.0339537 secs] [Times: user=0.08 sys=0.00, real=0.04 secs] 
Heap after GC invocations=89 (full 2):
 par new generation   total 109248K, used 5751K [0x00000000e0000000, 0x00000000e8000000, 0x00000000e8000000)
  eden space 87424K,   0% used [0x00000000e0000000, 0x00000000e0000000, 0x00000000e5560000)
  from space 21824K,  26% used [0x00000000e6ab0000, 0x00000000e704de88, 0x00000000e8000000)
  to   space 21824K,   0% used [0x00000000e5560000, 0x00000000e5560000, 0x00000000e6ab0000)
 concurrent mark-sweep generation total 393216K, used 37439K [0x00000000e8000000, 0x0000000100000000, 0x0000000100000000)
 Metaspace       used 45555K, capacity 47193K, committed 47924K, reserved 1091584K
  class space    used 5501K, capacity 5854K, committed 5960K, reserved 1048576K
}
2018-09-07T19:10:25.125+0530: 579.920: Total time for which application threads were stopped: 0.0344840 seconds, Stopping threads took: 0.0000689 seconds
{Heap before GC invocations=89 (full 2):
 par new generation   total 109248K, used 93175K [0x00000000e0000000, 0x00000000e8000000, 0x00000000e8000000)
  eden space 87424K, 100% used [0x00000000e0000000, 0x00000000e5560000, 0x00000000e5560000)
  from space 21824K,  26% used [0x00000000e6ab0000, 0x00000000e704de88, 0x00000000e8000000)
  to   space 21824K,   0% used [0x00000000e5560000, 0x00000000e5560000, 0x00000000e6ab0000)
 concurrent mark-sweep generation total 393216K, used 37439K [0x00000000e8000000, 0x0000000100000000, 0x0000000100000000)
 Metaspace       used 45561K, capacity 47193K, committed 47924K, reserved 1091584K
  class space    used 5501K, capacity 5854K, committed 5960K, reserved 1048576K
2018-09-07T19:10:25.173+0530: 579.968: [GC (Allocation Failure) 2018-09-07T19:10:25.390+0530: 580.185: [ParNew
Desired survivor size 20112992 bytes, new threshold 8 (max 8)
- age   1:     122584 bytes,     122584 total
- age   2:    1697896 bytes,    1820480 total
- age   3:     581240 bytes,    2401720 total
- age   4:     609488 bytes,    3011208 total
- age   5:      54464 bytes,    3065672 total
- age   6:      43120 bytes,    3108792 total
- age   7:     902616 bytes,    4011408 total
- age   8:     490000 bytes,    4501408 total
: 93175K->7012K(109248K), 0.0897863 secs] 130615K->44579K(502464K), 0.3061632 secs] [Times: user=0.10 sys=0.00, real=0.31 secs] 
Heap after GC invocations=90 (full 2):
 par new generation   total 109248K, used 7012K [0x00000000e0000000, 0x00000000e8000000, 0x00000000e8000000)
  eden space 87424K,   0% used [0x00000000e0000000, 0x00000000e0000000, 0x00000000e5560000)
  from space 21824K,  32% used [0x00000000e5560000, 0x00000000e5c39218, 0x00000000e6ab0000)
  to   space 21824K,   0% used [0x00000000e6ab0000, 0x00000000e6ab0000, 0x00000000e8000000)
 concurrent mark-sweep generation total 393216K, used 37567K [0x00000000e8000000, 0x0000000100000000, 0x0000000100000000)
 Metaspace       used 45561K, capacity 47193K, committed 47924K, reserved 1091584K
  class space    used 5501K, capacity 5854K, committed 5960K, reserved 1048576K
}
2018-09-07T19:10:25.480+0530: 580.275: Total time for which application threads were stopped: 0.3065685 seconds, Stopping threads took: 0.0000436 seconds
2018-09-07T19:10:26.409+0530: 581.204: Total time for which application threads were stopped: 0.0001776 seconds, Stopping threads took: 0.0000225 seconds
2018-09-07T19:10:26.465+0530: 581.260: Total time for which application threads were stopped: 0.0003514 seconds, Stopping threads took: 0.0000598 seconds
2018-09-07T19:10:26.465+0530: 581.260: Total time for which application threads were stopped: 0.0001470 seconds, Stopping threads took: 0.0000168 seconds
2018-09-07T19:10:26.465+0530: 581.260: Total time for which application threads were stopped: 0.0001527 seconds, Stopping threads took: 0.0000334 seconds
2018-09-07T19:10:26.465+0530: 581.260: Total time for which application threads were stopped: 0.0000772 seconds, Stopping threads took: 0.0000164 seconds
2018-09-07T19:10:26.468+0530: 581.263: Total time for which application threads were stopped: 0.0002675 seconds, Stopping threads took: 0.0000544 seconds
2018-09-07T19:10:26.468+0530: 581.263: Total time for which application threads were stopped: 0.0001468 seconds, Stopping threads took: 0.0000232 seconds
2018-09-07T19:10:26.468+0530: 581.263: Total time for which application threads were stopped: 0.0001348 seconds, Stopping threads took: 0.0000284 seconds
2018-09-07T19:10:26.469+0530: 581.264: Total time for which application threads were stopped: 0.0001366 seconds, Stopping threads took: 0.0000195 seconds
2018-09-07T19:10:26.473+0530: 581.268: Total time for which application threads were stopped: 0.0001857 seconds, Stopping threads took: 0.0000337 seconds
2018-09-07T19:10:26.805+0530: 581.600: Total time for which application threads were stopped: 0.0001463 seconds, Stopping threads took: 0.0000353 seconds
2018-09-07T19:10:27.341+0530: 582.136: Total time for which application threads were stopped: 0.0001474 seconds, Stopping threads took: 0.0000216 seconds
2018-09-07T19:10:27.683+0530: 582.478: Total time for which application threads were stopped: 0.0001788 seconds, Stopping threads took: 0.0000452 seconds
2018-09-07T19:10:27.683+0530: 582.478: Total time for which application threads were stopped: 0.0001721 seconds, Stopping threads took: 0.0000546 seconds
2018-09-07T19:10:27.684+0530: 582.479: Total time for which application threads were stopped: 0.0001618 seconds, Stopping threads took: 0.0000217 seconds
2018-09-07T19:10:27.693+0530: 582.488: Total time for which application threads were stopped: 0.0001692 seconds, Stopping threads took: 0.0000215 seconds
2018-09-07T19:10:27.693+0530: 582.488: Total time for which application threads were stopped: 0.0001309 seconds, Stopping threads took: 0.0000164 seconds
2018-09-07T19:10:27.694+0530: 582.489: Total time for which application threads were stopped: 0.0001193 seconds, Stopping threads took: 0.0000144 seconds
2018-09-07T19:10:27.694+0530: 582.489: Total time for which application threads were stopped: 0.0001091 seconds, Stopping threads took: 0.0000118 seconds
2018-09-07T19:10:27.695+0530: 582.490: Total time for which application threads were stopped: 0.0001352 seconds, Stopping threads took: 0.0000175 seconds
2018-09-07T19:10:27.700+0530: 582.495: Total time for which application threads were stopped: 0.0001359 seconds, Stopping threads took: 0.0000219 seconds
2018-09-07T19:10:27.712+0530: 582.507: Total time for which application threads were stopped: 0.0002156 seconds, Stopping threads took: 0.0000402 seconds
2018-09-07T19:10:27.714+0530: 582.509: Total time for which application threads were stopped: 0.0002050 seconds, Stopping threads took: 0.0000352 seconds
2018-09-07T19:10:27.716+0530: 582.511: Total time for which application threads were stopped: 0.0002139 seconds, Stopping threads took: 0.0000290 seconds
2018-09-07T19:10:27.717+0530: 582.512: Total time for which application threads were stopped: 0.0001741 seconds, Stopping threads took: 0.0000240 seconds
2018-09-07T19:10:27.718+0530: 582.513: Total time for which application threads were stopped: 0.0002685 seconds, Stopping threads took: 0.0000272 seconds
2018-09-07T19:10:27.720+0530: 582.515: Total time for which application threads were stopped: 0.0001883 seconds, Stopping threads took: 0.0000273 seconds
2018-09-07T19:10:28.090+0530: 582.885: Total time for which application threads were stopped: 0.0001546 seconds, Stopping threads took: 0.0000256 seconds
2018-09-07T19:10:28.091+0530: 582.886: Total time for which application threads were stopped: 0.0002862 seconds, Stopping threads took: 0.0000198 seconds
2018-09-07T19:10:28.165+0530: 582.960: Total time for which application threads were stopped: 0.0003373 seconds, Stopping threads took: 0.0000521 seconds
2018-09-07T19:10:28.165+0530: 582.960: Total time for which application threads were stopped: 0.0002306 seconds, Stopping threads took: 0.0000315 seconds
2018-09-07T19:10:28.166+0530: 582.961: Total time for which application threads were stopped: 0.0002280 seconds, Stopping threads took: 0.0000375 seconds
2018-09-07T19:10:28.173+0530: 582.968: Total time for which application threads were stopped: 0.0002209 seconds, Stopping threads took: 0.0000402 seconds
2018-09-07T19:10:28.428+0530: 583.223: Total time for which application threads were stopped: 0.0006918 seconds, Stopping threads took: 0.0003054 seconds
2018-09-07T19:10:28.429+0530: 583.224: Total time for which application threads were stopped: 0.0002742 seconds, Stopping threads took: 0.0000380 seconds
2018-09-07T19:10:28.429+0530: 583.224: Total time for which application threads were stopped: 0.0002471 seconds, Stopping threads took: 0.0000341 seconds
2018-09-07T19:10:28.430+0530: 583.225: Total time for which application threads were stopped: 0.0002288 seconds, Stopping threads took: 0.0000324 seconds
2018-09-07T19:10:28.479+0530: 583.274: Total time for which application threads were stopped: 0.0003945 seconds, Stopping threads took: 0.0000713 seconds
2018-09-07T19:10:28.482+0530: 583.278: Total time for which application threads were stopped: 0.0005126 seconds, Stopping threads took: 0.0001150 seconds
2018-09-07T19:10:28.487+0530: 583.282: Total time for which application threads were stopped: 0.0004068 seconds, Stopping threads took: 0.0000516 seconds
2018-09-07T19:10:28.490+0530: 583.285: Total time for which application threads were stopped: 0.0002925 seconds, Stopping threads took: 0.0000499 seconds
2018-09-07T19:10:28.491+0530: 583.286: Total time for which application threads were stopped: 0.0006324 seconds, Stopping threads took: 0.0000384 seconds
2018-09-07T19:10:29.020+0530: 583.815: Total time for which application threads were stopped: 0.0003277 seconds, Stopping threads took: 0.0000503 seconds
2018-09-07T19:10:29.025+0530: 583.820: Total time for which application threads were stopped: 0.0004560 seconds, Stopping threads took: 0.0000815 seconds
2018-09-07T19:10:29.029+0530: 583.824: Total time for which application threads were stopped: 0.0004378 seconds, Stopping threads took: 0.0000859 seconds
2018-09-07T19:10:33.030+0530: 587.825: Total time for which application threads were stopped: 0.0001977 seconds, Stopping threads took: 0.0000257 seconds
2018-09-07T19:10:34.031+0530: 588.826: Total time for which application threads were stopped: 0.0004017 seconds, Stopping threads took: 0.0000671 seconds
2018-09-07T19:10:41.032+0530: 595.827: Total time for which application threads were stop