Java HotSpot(TM) 64-Bit Server VM (25.181-b13) for linux-amd64 JRE (1.8.0_181-b13), built on Jul  7 2018 00:56:38 by "java_re" with gcc 4.3.0 20080428 (Red Hat 4.3.0-8)
Memory: 4k page, physical 3895740k(128404k free), swap 4050940k(3322688k free)
CommandLine flags: -XX:CMSInitiatingOccupancyFraction=50 -XX:CMSMaxAbortablePrecleanTime=6000 -XX:+CMSParallelRemarkEnabled -XX:+CMSScavengeBeforeRemark -XX:ConcGCThreads=4 -XX:GCLogFileSize=20971520 -XX:InitialHeapSize=536870912 -XX:MaxHeapSize=536870912 -XX:MaxTenuringThreshold=8 -XX:NewRatio=3 -XX:NumberOfGCLogFiles=9 -XX:OldPLABSize=16 -XX:-OmitStackTraceInFastThrow -XX:OnOutOfMemoryError=/media/rajesh/New Volume/5th sem/Knowledge Modeling/solr-7.4.0/bin/oom_solr.sh 8983 /media/rajesh/New Volume/5th sem/Knowledge Modeling/solr-7.4.0/example/cloud/node1/solr/../logs -XX:ParallelGCThreads=4 -XX:+ParallelRefProcEnabled -XX:PretenureSizeThreshold=67108864 -XX:+PrintGC -XX:+PrintGCApplicationStoppedTime -XX:+PrintGCDateStamps -XX:+PrintGCDetails -XX:+PrintGCTimeStamps -XX:+PrintHeapAtGC -XX:+PrintTenuringDistribution -XX:SurvivorRatio=4 -XX:TargetSurvivorRatio=90 -XX:ThreadStackSize=256 -XX:+UseCMSInitiatingOccupancyOnly -XX:+UseCompressedClassPointers -XX:+UseCompressedOops -XX:+UseConcMarkSweepGC -XX:+UseGCLogFileRotation -XX:+UseParNewGC 
2018-09-07T19:00:25.636+0530: 1.028: Total time for which application threads were stopped: 0.0003225 seconds, Stopping threads took: 0.0000476 seconds
2018-09-07T19:00:25.777+0530: 1.170: Total time for which application threads were stopped: 0.0003823 seconds, Stopping threads took: 0.0000681 seconds
2018-09-07T19:00:26.273+0530: 1.665: Total time for which application threads were stopped: 0.0001783 seconds, Stopping threads took: 0.0000191 seconds
2018-09-07T19:00:26.484+0530: 1.877: Total time for which application threads were stopped: 0.0003251 seconds, Stopping threads took: 0.0000271 seconds
2018-09-07T19:00:26.951+0530: 2.343: Total time for which application threads were stopped: 0.0002502 seconds, Stopping threads took: 0.0000263 seconds
2018-09-07T19:00:27.029+0530: 2.421: Total time for which application threads were stopped: 0.0001617 seconds, Stopping threads took: 0.0000122 seconds
2018-09-07T19:00:27.774+0530: 3.166: Total time for which application threads were stopped: 0.0004569 seconds, Stopping threads took: 0.0000308 seconds
2018-09-07T19:00:27.804+0530: 3.197: Total time for which application threads were stopped: 0.0005534 seconds, Stopping threads took: 0.0000457 seconds
2018-09-07T19:00:28.081+0530: 3.473: Total time for which application threads were stopped: 0.0002317 seconds, Stopping threads took: 0.0000168 seconds
2018-09-07T19:00:28.120+0530: 3.513: Total time for which application threads were stopped: 0.0003235 seconds, Stopping threads took: 0.0000430 seconds
2018-09-07T19:00:28.675+0530: 4.067: Total time for which application threads were stopped: 0.0003765 seconds, Stopping threads took: 0.0001955 seconds
2018-09-07T19:00:29.439+0530: 4.831: Total time for which application threads were stopped: 0.0002308 seconds, Stopping threads took: 0.0000155 seconds
{Heap before GC invocations=0 (full 0):
 par new generation   total 109248K, used 87424K [0x00000000e0000000, 0x00000000e8000000, 0x00000000e8000000)
  eden space 87424K, 100% used [0x00000000e0000000, 0x00000000e5560000, 0x00000000e5560000)
  from space 21824K,   0% used [0x00000000e5560000, 0x00000000e5560000, 0x00000000e6ab0000)
  to   space 21824K,   0% used [0x00000000e6ab0000, 0x00000000e6ab0000, 0x00000000e8000000)
 concurrent mark-sweep generation total 393216K, used 0K [0x00000000e8000000, 0x0000000100000000, 0x0000000100000000)
 Metaspace       used 18174K, capacity 18458K, committed 18816K, reserved 1064960K
  class space    used 2197K, capacity 2318K, committed 2432K, reserved 1048576K
2018-09-07T19:00:29.629+0530: 5.021: [GC (Allocation Failure) 2018-09-07T19:00:29.629+0530: 5.021: [ParNew
Desired survivor size 20112992 bytes, new threshold 8 (max 8)
- age   1:   11670760 bytes,   11670760 total
: 87424K->11517K(109248K), 0.0329168 secs] 87424K->11517K(502464K), 0.0332129 secs] [Times: user=0.06 sys=0.00, real=0.03 secs] 
Heap after GC invocations=1 (full 0):
 par new generation   total 109248K, used 11517K [0x00000000e0000000, 0x00000000e8000000, 0x00000000e8000000)
  eden space 87424K,   0% used [0x00000000e0000000, 0x00000000e0000000, 0x00000000e5560000)
  from space 21824K,  52% used [0x00000000e6ab0000, 0x00000000e75ef788, 0x00000000e8000000)
  to   space 21824K,   0% used [0x00000000e5560000, 0x00000000e5560000, 0x00000000e6ab0000)
 concurrent mark-sweep generation total 393216K, used 0K [0x00000000e8000000, 0x0000000100000000, 0x0000000100000000)
 Metaspace       used 18174K, capacity 18458K, committed 18816K, reserved 1064960K
  class space    used 2197K, capacity 2318K, committed 2432K, reserved 1048576K
}
2018-09-07T19:00:29.662+0530: 5.055: Total time for which application threads were stopped: 0.0334845 seconds, Stopping threads took: 0.0000234 seconds
2018-09-07T19:00:29.665+0530: 5.057: Total time for which application threads were stopped: 0.0001401 seconds, Stopping threads took: 0.0000706 seconds
2018-09-07T19:00:29.665+0530: 5.057: Total time for which application threads were stopped: 0.0000733 seconds, Stopping threads took: 0.0000222 seconds
2018-09-07T19:00:29.665+0530: 5.057: Total time for which application threads were stopped: 0.0000666 seconds, Stopping threads took: 0.0000116 seconds
2018-09-07T19:00:29.667+0530: 5.059: Total time for which application threads were stopped: 0.0000882 seconds, Stopping threads took: 0.0000329 seconds
2018-09-07T19:00:29.667+0530: 5.059: Total time for which application threads were stopped: 0.0000941 seconds, Stopping threads took: 0.0000221 seconds
2018-09-07T19:00:29.667+0530: 5.059: Total time for which application threads were stopped: 0.0000568 seconds, Stopping threads took: 0.0000173 seconds
2018-09-07T19:00:29.667+0530: 5.059: Total time for which application threads were stopped: 0.0000442 seconds, Stopping threads took: 0.0000120 seconds
2018-09-07T19:00:29.667+0530: 5.059: Total time for which application threads were stopped: 0.0000471 seconds, Stopping threads took: 0.0000175 seconds
2018-09-07T19:00:29.667+0530: 5.059: Total time for which application threads were stopped: 0.0000478 seconds, Stopping threads took: 0.0000195 seconds
2018-09-07T19:00:29.667+0530: 5.060: Total time for which application threads were stopped: 0.0000410 seconds, Stopping threads took: 0.0000106 seconds
2018-09-07T19:00:29.667+0530: 5.060: Total time for which application threads were stopped: 0.0000443 seconds, Stopping threads took: 0.0000176 seconds
2018-09-07T19:00:29.667+0530: 5.060: Total time for which application threads were stopped: 0.0000858 seconds, Stopping threads took: 0.0000443 seconds
2018-09-07T19:00:29.667+0530: 5.060: Total time for which application threads were stopped: 0.0000359 seconds, Stopping threads took: 0.0000125 seconds
2018-09-07T19:00:29.668+0530: 5.060: Total time for which application threads were stopped: 0.0000432 seconds, Stopping threads took: 0.0000191 seconds
2018-09-07T19:00:29.668+0530: 5.060: Total time for which application threads were stopped: 0.0000411 seconds, Stopping threads took: 0.0000166 seconds
2018-09-07T19:00:29.668+0530: 5.060: Total time for which application threads were stopped: 0.0000422 seconds, Stopping threads took: 0.0000103 seconds
2018-09-07T19:00:29.668+0530: 5.060: Total time for which application threads were stopped: 0.0000575 seconds, Stopping threads took: 0.0000169 seconds
2018-09-07T19:00:29.668+0530: 5.060: Total time for which application threads were stopped: 0.0000627 seconds, Stopping threads took: 0.0000178 seconds
2018-09-07T19:00:29.668+0530: 5.060: Total time for which application threads were stopped: 0.0000579 seconds, Stopping threads took: 0.0000165 seconds
2018-09-07T19:00:29.668+0530: 5.060: Total time for which application threads were stopped: 0.0001124 seconds, Stopping threads took: 0.0000199 seconds
2018-09-07T19:00:30.668+0530: 6.061: Total time for which application threads were stopped: 0.0002998 seconds, Stopping threads took: 0.0000547 seconds
2018-09-07T19:00:31.307+0530: 6.699: Total time for which application threads were stopped: 0.0003864 seconds, Stopping threads took: 0.0000499 seconds
2018-09-07T19:00:31.492+0530: 6.884: Total time for which application threads were stopped: 0.0002189 seconds, Stopping threads took: 0.0000322 seconds
2018-09-07T19:00:31.663+0530: 7.056: [GC (CMS Initial Mark) [1 CMS-initial-mark: 0K(393216K)] 40994K(502464K), 0.0067411 secs] [Times: user=0.03 sys=0.00, real=0.01 secs] 
2018-09-07T19:00:31.670+0530: 7.063: Total time for which application threads were stopped: 0.0069924 seconds, Stopping threads took: 0.0000378 seconds
2018-09-07T19:00:31.670+0530: 7.063: [CMS-concurrent-mark-start]
2018-09-07T19:00:31.672+0530: 7.064: [CMS-concurrent-mark: 0.002/0.002 secs] [Times: user=0.00 sys=0.00, real=0.00 secs] 
2018-09-07T19:00:31.672+0530: 7.064: [CMS-concurrent-preclean-start]
2018-09-07T19:00:31.680+0530: 7.072: [CMS-concurrent-preclean: 0.008/0.008 secs] [Times: user=0.02 sys=0.01, real=0.01 secs] 
2018-09-07T19:00:31.680+0530: 7.072: [CMS-concurrent-abortable-preclean-start]
2018-09-07T19:00:31.742+0530: 7.135: Total time for which application threads were stopped: 0.0000909 seconds, Stopping threads took: 0.0000262 seconds
2018-09-07T19:00:31.832+0530: 7.225: Total time for which application threads were stopped: 0.0004073 seconds, Stopping threads took: 0.0000282 seconds
2018-09-07T19:00:31.875+0530: 7.267: Total time for which application threads were stopped: 0.0003566 seconds, Stopping threads took: 0.0000272 seconds
2018-09-07T19:00:31.876+0530: 7.268: Total time for which application threads were stopped: 0.0003338 seconds, Stopping threads took: 0.0000188 seconds
2018-09-07T19:00:32.000+0530: 7.392: Total time for which application threads were stopped: 0.0003801 seconds, Stopping threads took: 0.0000551 seconds
2018-09-07T19:00:32.219+0530: 7.611: Total time for which application threads were stopped: 0.0000988 seconds, Stopping threads took: 0.0000179 seconds
2018-09-07T19:00:32.521+0530: 7.913: Total time for which application threads were stopped: 0.0002665 seconds, Stopping threads took: 0.0000463 seconds
2018-09-07T19:00:32.522+0530: 7.914: Total time for which application threads were stopped: 0.0007447 seconds, Stopping threads took: 0.0000341 seconds
2018-09-07T19:00:32.591+0530: 7.983: Total time for which application threads were stopped: 0.0002764 seconds, Stopping threads took: 0.0000157 seconds
2018-09-07T19:00:32.597+0530: 7.989: Total time for which application threads were stopped: 0.0000997 seconds, Stopping threads took: 0.0000241 seconds
2018-09-07T19:00:32.703+0530: 8.096: Total time for which application threads were stopped: 0.0003542 seconds, Stopping threads took: 0.0000490 seconds
2018-09-07T19:00:32.764+0530: 8.156: Total time for which application threads were stopped: 0.0001027 seconds, Stopping threads took: 0.0000154 seconds
2018-09-07T19:00:32.822+0530: 8.214: Total time for which application threads were stopped: 0.0001366 seconds, Stopping threads took: 0.0000233 seconds
2018-09-07T19:00:32.830+0530: 8.222: Total time for which application threads were stopped: 0.0005864 seconds, Stopping threads took: 0.0002059 seconds
2018-09-07T19:00:32.963+0530: 8.355: Total time for which application threads were stopped: 0.0001319 seconds, Stopping threads took: 0.0000290 seconds
2018-09-07T19:00:33.064+0530: 8.456: Total time for which application threads were stopped: 0.0001164 seconds, Stopping threads took: 0.0000254 seconds
2018-09-07T19:00:33.105+0530: 8.497: Total time for which application threads were stopped: 0.0001060 seconds, Stopping threads took: 0.0000281 seconds
2018-09-07T19:00:33.208+0530: 8.600: Total time for which application threads were stopped: 0.0002853 seconds, Stopping threads took: 0.0000515 seconds
2018-09-07T19:00:33.309+0530: 8.701: Total time for which application threads were stopped: 0.0001086 seconds, Stopping threads took: 0.0000185 seconds
2018-09-07T19:00:33.402+0530: 8.794: Total time for which application threads were stopped: 0.0004062 seconds, Stopping threads took: 0.0000771 seconds
2018-09-07T19:00:33.402+0530: 8.795: Total time for which application threads were stopped: 0.0003711 seconds, Stopping threads took: 0.0001913 seconds
2018-09-07T19:00:33.403+0530: 8.795: Total time for which application threads were stopped: 0.0002337 seconds, Stopping threads took: 0.0000796 seconds
2018-09-07T19:00:33.403+0530: 8.796: Total time for which application threads were stopped: 0.0002607 seconds, Stopping threads took: 0.0000990 seconds
2018-09-07T19:00:33.404+0530: 8.796: Total time for which application threads were stopped: 0.0002450 seconds, Stopping threads took: 0.0000934 seconds
2018-09-07T19:00:33.404+0530: 8.796: Total time for which application threads were stopped: 0.0002294 seconds, Stopping threads took: 0.0000475 seconds
2018-09-07T19:00:33.405+0530: 8.797: Total time for which application threads were stopped: 0.0002247 seconds, Stopping threads took: 0.0000721 seconds
2018-09-07T19:00:33.405+0530: 8.797: Total time for which application threads were stopped: 0.0001914 seconds, Stopping threads took: 0.0000482 seconds
2018-09-07T19:00:33.406+0530: 8.798: Total time for which application threads were stopped: 0.0002095 seconds, Stopping threads took: 0.0000451 seconds
2018-09-07T19:00:33.406+0530: 8.799: Total time for which application threads were stopped: 0.0002470 seconds, Stopping threads took: 0.0000508 seconds
2018-09-07T19:00:33.407+0530: 8.799: Total time for which application threads were stopped: 0.0002466 seconds, Stopping threads took: 0.0000508 seconds
2018-09-07T19:00:33.407+0530: 8.800: Total time for which application threads were stopped: 0.0002342 seconds, Stopping threads took: 0.0000610 seconds
2018-09-07T19:00:33.408+0530: 8.800: Total time for which application threads were stopped: 0.0002513 seconds, Stopping threads took: 0.0000660 seconds
2018-09-07T19:00:33.408+0530: 8.800: Total time for which application threads were stopped: 0.0002110 seconds, Stopping threads took: 0.0000522 seconds
2018-09-07T19:00:33.409+0530: 8.801: Total time for which application threads were stopped: 0.0002818 seconds, Stopping threads took: 0.0001291 seconds
2018-09-07T19:00:33.409+0530: 8.801: Total time for which application threads were stopped: 0.0002512 seconds, Stopping threads took: 0.0000508 seconds
2018-09-07T19:00:33.409+0530: 8.802: Total time for which application threads were stopped: 0.0002146 seconds, Stopping threads took: 0.0000425 seconds
2018-09-07T19:00:33.410+0530: 8.802: Total time for which application threads were stopped: 0.0002652 seconds, Stopping threads took: 0.0000859 seconds
2018-09-07T19:00:33.410+0530: 8.803: Total time for which application threads were stopped: 0.0002629 seconds, Stopping threads took: 0.0000489 seconds
2018-09-07T19:00:33.411+0530: 8.803: Total time for which application threads were stopped: 0.0004184 seconds, Stopping threads took: 0.0000509 seconds
2018-09-07T19:00:33.413+0530: 8.805: Total time for which application threads were stopped: 0.0002539 seconds, Stopping threads took: 0.0000576 seconds
2018-09-07T19:00:33.413+0530: 8.806: Total time for which application threads were stopped: 0.0002214 seconds, Stopping threads took: 0.0000522 seconds
2018-09-07T19:00:33.414+0530: 8.806: Total time for which application threads were stopped: 0.0002286 seconds, Stopping threads took: 0.0000547 seconds
2018-09-07T19:00:33.423+0530: 8.815: Total time for which application threads were stopped: 0.0003115 seconds, Stopping threads took: 0.0000749 seconds
2018-09-07T19:00:33.425+0530: 8.817: Total time for which application threads were stopped: 0.0002360 seconds, Stopping threads took: 0.0000592 seconds
2018-09-07T19:00:33.430+0530: 8.823: Total time for which application threads were stopped: 0.0002728 seconds, Stopping threads took: 0.0000714 seconds
2018-09-07T19:00:33.431+0530: 8.823: Total time for which application threads were stopped: 0.0002233 seconds, Stopping threads took: 0.0000486 seconds
2018-09-07T19:00:33.431+0530: 8.823: Total time for which application threads were stopped: 0.0002072 seconds, Stopping threads took: 0.0000525 seconds
2018-09-07T19:00:33.434+0530: 8.827: Total time for which application threads were stopped: 0.0002537 seconds, Stopping threads took: 0.0000665 seconds
2018-09-07T19:00:33.449+0530: 8.841: Total time for which application threads were stopped: 0.0003750 seconds, Stopping threads took: 0.0000868 seconds
2018-09-07T19:00:33.452+0530: 8.844: Total time for which application threads were stopped: 0.0003835 seconds, Stopping threads took: 0.0000894 seconds
2018-09-07T19:00:33.470+0530: 8.862: Total time for which application threads were stopped: 0.0002923 seconds, Stopping threads took: 0.0000771 seconds
2018-09-07T19:00:33.482+0530: 8.875: Total time for which application threads were stopped: 0.0002279 seconds, Stopping threads took: 0.0000473 seconds
2018-09-07T19:00:33.485+0530: 8.878: Total time for which application threads were stopped: 0.0001740 seconds, Stopping threads took: 0.0000440 seconds
2018-09-07T19:00:33.489+0530: 8.881: Total time for which application threads were stopped: 0.0001738 seconds, Stopping threads took: 0.0000499 seconds
2018-09-07T19:00:33.492+0530: 8.884: Total time for which application threads were stopped: 0.0001313 seconds, Stopping threads took: 0.0000357 seconds
2018-09-07T19:00:33.524+0530: 8.916: Total time for which application threads were stopped: 0.0000942 seconds, Stopping threads took: 0.0000224 seconds
2018-09-07T19:00:33.524+0530: 8.917: Total time for which application threads were stopped: 0.0000624 seconds, Stopping threads took: 0.0000155 seconds
2018-09-07T19:00:33.526+0530: 8.918: Total time for which application threads were stopped: 0.0000796 seconds, Stopping threads took: 0.0000200 seconds
2018-09-07T19:00:33.526+0530: 8.918: Total time for which application threads were stopped: 0.0000615 seconds, Stopping threads took: 0.0000152 seconds
2018-09-07T19:00:33.528+0530: 8.921: Total time for which application threads were stopped: 0.0000930 seconds, Stopping threads took: 0.0000194 seconds
2018-09-07T19:00:33.529+0530: 8.921: Total time for which application threads were stopped: 0.0000580 seconds, Stopping threads took: 0.0000133 seconds
2018-09-07T19:00:33.580+0530: 8.972: Total time for which application threads were stopped: 0.0002943 seconds, Stopping threads took: 0.0000471 seconds
2018-09-07T19:00:33.583+0530: 8.975: Total time for which application threads were stopped: 0.0002380 seconds, Stopping threads took: 0.0000426 seconds
2018-09-07T19:00:33.588+0530: 8.980: Total time for which application threads were stopped: 0.0004038 seconds, Stopping threads took: 0.0000422 seconds
2018-09-07T19:00:33.691+0530: 9.084: Total time for which application threads were stopped: 0.0000791 seconds, Stopping threads took: 0.0000169 seconds
2018-09-07T19:00:33.701+0530: 9.094: Total time for which application threads were stopped: 0.0001014 seconds, Stopping threads took: 0.0000172 seconds
2018-09-07T19:00:33.702+0530: 9.094: Total time for which application threads were stopped: 0.0000472 seconds, Stopping threads took: 0.0000132 seconds
2018-09-07T19:00:33.702+0530: 9.094: Total time for which application threads were stopped: 0.0003717 seconds, Stopping threads took: 0.0002997 seconds
{Heap before GC invocations=1 (full 1):
 par new generation   total 109248K, used 98941K [0x00000000e0000000, 0x00000000e8000000, 0x00000000e8000000)
  eden space 87424K, 100% used [0x00000000e0000000, 0x00000000e5560000, 0x00000000e5560000)
  from space 21824K,  52% used [0x00000000e6ab0000, 0x00000000e75ef788, 0x00000000e8000000)
  to   space 21824K,   0% used [0x00000000e5560000, 0x00000000e5560000, 0x00000000e6ab0000)
 concurrent mark-sweep generation total 393216K, used 0K [0x00000000e8000000, 0x0000000100000000, 0x0000000100000000)
 Metaspace       used 24912K, capacity 25350K, committed 25612K, reserved 1071104K
  class space    used 2996K, capacity 3177K, committed 3196K, reserved 1048576K
2018-09-07T19:00:33.905+0530: 9.297: [GC (Allocation Failure) 2018-09-07T19:00:33.905+0530: 9.297: [ParNew
Desired survivor size 20112992 bytes, new threshold 8 (max 8)
- age   1:    7598328 bytes,    7598328 total
- age   2:    5137440 bytes,   12735768 total
: 98941K->15694K(109248K), 0.0325663 secs] 98941K->15694K(502464K), 0.0328058 secs] [Times: user=0.09 sys=0.00, real=0.03 secs] 
Heap after GC invocations=2 (full 1):
 par new generation   total 109248K, used 15694K [0x00000000e0000000, 0x00000000e8000000, 0x00000000e8000000)
  eden space 87424K,   0% used [0x00000000e0000000, 0x00000000e0000000, 0x00000000e5560000)
  from space 21824K,  71% used [0x00000000e5560000, 0x00000000e64b3aa8, 0x00000000e6ab0000)
  to   space 21824K,   0% used [0x00000000e6ab0000, 0x00000000e6ab0000, 0x00000000e8000000)
 concurrent mark-sweep generation total 393216K, used 0K [0x00000000e8000000, 0x0000000100000000, 0x0000000100000000)
 Metaspace       used 24912K, capacity 25350K, committed 25612K, reserved 1071104K
  class space    used 2996K, capacity 3177K, committed 3196K, reserved 1048576K
}
2018-09-07T19:00:33.938+0530: 9.330: Total time for which application threads were stopped: 0.0330850 seconds, Stopping threads took: 0.0000587 seconds
2018-09-07T19:00:33.940+0530: 9.332: Total time for which application threads were stopped: 0.0000907 seconds, Stopping threads took: 0.0000253 seconds
2018-09-07T19:00:33.941+0530: 9.333: Total time for which application threads were stopped: 0.0000652 seconds, Stopping threads took: 0.0000184 seconds
2018-09-07T19:00:33.942+0530: 9.334: Total time for which application threads were stopped: 0.0000676 seconds, Stopping threads took: 0.0000168 seconds
2018-09-07T19:00:33.942+0530: 9.334: Total time for which application threads were stopped: 0.0000608 seconds, Stopping threads took: 0.0000148 seconds
2018-09-07T19:00:33.943+0530: 9.336: Total time for which application threads were stopped: 0.0000847 seconds, Stopping threads took: 0.0000274 seconds
2018-09-07T19:00:33.943+0530: 9.336: Total time for which application threads were stopped: 0.0001025 seconds, Stopping threads took: 0.0000257 seconds
2018-09-07T19:00:33.944+0530: 9.337: Total time for which application threads were stopped: 0.0005514 seconds, Stopping threads took: 0.0005052 seconds
2018-09-07T19:00:33.945+0530: 9.337: Total time for which application threads were stopped: 0.0001208 seconds, Stopping threads took: 0.0000390 seconds
2018-09-07T19:00:33.945+0530: 9.337: Total time for which application threads were stopped: 0.0000542 seconds, Stopping threads took: 0.0000217 seconds
2018-09-07T19:00:33.945+0530: 9.337: Total time for which application threads were stopped: 0.0000423 seconds, Stopping threads took: 0.0000127 seconds
2018-09-07T19:00:33.945+0530: 9.337: Total time for which application threads were stopped: 0.0000675 seconds, Stopping threads took: 0.0000279 seconds
2018-09-07T19:00:33.948+0530: 9.341: Total time for which application threads were stopped: 0.0031909 seconds, Stopping threads took: 0.0031194 seconds
2018-09-07T19:00:33.948+0530: 9.341: Total time for which application threads were stopped: 0.0000794 seconds, Stopping threads took: 0.0000336 seconds
2018-09-07T19:00:33.948+0530: 9.341: Total time for which application threads were stopped: 0.0000833 seconds, Stopping threads took: 0.0000328 seconds
2018-09-07T19:00:33.962+0530: 9.354: Total time for which application threads were stopped: 0.0001346 seconds, Stopping threads took: 0.0000263 seconds
2018-09-07T19:00:33.962+0530: 9.355: Total time for which application threads were stopped: 0.0000759 seconds, Stopping threads took: 0.0000241 seconds
2018-09-07T19:00:33.968+0530: 9.361: Total time for which application threads were stopped: 0.0001197 seconds, Stopping threads took: 0.0000256 seconds
2018-09-07T19:00:33.968+0530: 9.361: Total time for which application threads were stopped: 0.0000668 seconds, Stopping threads took: 0.0000225 seconds
2018-09-07T19:00:33.969+0530: 9.361: Total time for which application threads were stopped: 0.0001356 seconds, Stopping threads took: 0.0001005 seconds
2018-09-07T19:00:33.969+0530: 9.361: Total time for which application threads were stopped: 0.0000400 seconds, Stopping threads took: 0.0000127 seconds
2018-09-07T19:00:33.969+0530: 9.361: Total time for which application threads were stopped: 0.0000456 seconds, Stopping threads took: 0.0000175 seconds
2018-09-07T19:00:33.969+0530: 9.361: Total time for which application threads were stopped: 0.0000351 seconds, Stopping threads took: 0.0000106 seconds
2018-09-07T19:00:34.050+0530: 9.442: Total time for which application threads were stopped: 0.0001594 seconds, Stopping threads took: 0.0000784 seconds
2018-09-07T19:00:34.050+0530: 9.443: Total time for which application threads were stopped: 0.0001173 seconds, Stopping threads took: 0.0000614 seconds
2018-09-07T19:00:34.050+0530: 9.443: Total time for which application threads were stopped: 0.0001176 seconds, Stopping threads took: 0.0000600 seconds
2018-09-07T19:00:34.051+0530: 9.443: Total time for which application threads were stopped: 0.0000813 seconds, Stopping threads took: 0.0000352 seconds
2018-09-07T19:00:34.051+0530: 9.443: Total time for which application threads were stopped: 0.0001358 seconds, Stopping threads took: 0.0000085 seconds
2018-09-07T19:00:34.056+0530: 9.449: Total time for which application threads were stopped: 0.0001674 seconds, Stopping threads took: 0.0000614 seconds
2018-09-07T19:00:34.124+0530: 9.516: Total time for which application threads were stopped: 0.0003861 seconds, Stopping threads took: 0.0001184 seconds
2018-09-07T19:00:34.189+0530: 9.581: Total time for which application threads were stopped: 0.0001149 seconds, Stopping threads took: 0.0000330 seconds
2018-09-07T19:00:34.209+0530: 9.601: Total time for which application threads were stopped: 0.0001132 seconds, Stopping threads took: 0.0000397 seconds
2018-09-07T19:00:34.212+0530: 9.604: Total time for which application threads were stopped: 0.0001708 seconds, Stopping threads took: 0.0001216 seconds
2018-09-07T19:00:34.215+0530: 9.607: Total time for which application threads were stopped: 0.0001004 seconds, Stopping threads took: 0.0000305 seconds
2018-09-07T19:00:34.418+0530: 9.811: Total time for which application threads were stopped: 0.0002333 seconds, Stopping threads took: 0.0000801 seconds
2018-09-07T19:00:34.491+0530: 9.883: Total time for which application threads were stopped: 0.0000853 seconds, Stopping threads took: 0.0000267 seconds
2018-09-07T19:00:34.497+0530: 9.890: Total time for which application threads were stopped: 0.0001056 seconds, Stopping threads took: 0.0000278 seconds
2018-09-07T19:00:34.501+0530: 9.894: Total time for which application threads were stopped: 0.0000960 seconds, Stopping threads took: 0.0000287 seconds
2018-09-07T19:00:34.514+0530: 9.906: Total time for which application threads were stopped: 0.0001228 seconds, Stopping threads took: 0.0000436 seconds
2018-09-07T19:00:34.515+0530: 9.907: Total time for which application threads were stopped: 0.0001100 seconds, Stopping threads took: 0.0000331 seconds
2018-09-07T19:00:34.517+0530: 9.909: Total time for which application threads were stopped: 0.0000723 seconds, Stopping threads took: 0.0000233 seconds
2018-09-07T19:00:34.517+0530: 9.910: Total time for which application threads were stopped: 0.0000332 seconds, Stopping threads took: 0.0000097 seconds
2018-09-07T19:00:34.865+0530: 10.257: Total time for which application threads were stopped: 0.0004833 seconds, Stopping threads took: 0.0000989 seconds
2018-09-07T19:00:34.866+0530: 10.258: Total time for which application threads were stopped: 0.0004637 seconds, Stopping threads took: 0.0001853 seconds
2018-09-07T19:00:34.866+0530: 10.259: Total time for which application threads were stopped: 0.0004864 seconds, Stopping threads took: 0.0001218 seconds
2018-09-07T19:00:34.868+0530: 10.261: Total time for which application threads were stopped: 0.0001726 seconds, Stopping threads took: 0.0000777 seconds
2018-09-07T19:00:34.871+0530: 10.263: Total time for which application threads were stopped: 0.0006046 seconds, Stopping threads took: 0.0004807 seconds
2018-09-07T19:00:34.880+0530: 10.272: Total time for which application threads were stopped: 0.0000998 seconds, Stopping threads took: 0.0000224 seconds
2018-09-07T19:00:34.882+0530: 10.275: Total time for which application threads were stopped: 0.0000851 seconds, Stopping threads took: 0.0000253 seconds
2018-09-07T19:00:35.061+0530: 10.453: Total time for which application threads were stopped: 0.0001855 seconds, Stopping threads took: 0.0000177 seconds
2018-09-07T19:00:35.063+0530: 10.455: Total time for which application threads were stopped: 0.0000557 seconds, Stopping threads took: 0.0000149 seconds
2018-09-07T19:00:35.065+0530: 10.457: Total time for which application threads were stopped: 0.0000974 seconds, Stopping threads took: 0.0000294 seconds
2018-09-07T19:00:35.066+0530: 10.459: Total time for which application threads were stopped: 0.0000632 seconds, Stopping threads took: 0.0000192 seconds
2018-09-07T19:00:35.070+0530: 10.463: Total time for which application threads were stopped: 0.0000693 seconds, Stopping threads took: 0.0000177 seconds
2018-09-07T19:00:35.139+0530: 10.531: Total time for which application threads were stopped: 0.0000894 seconds, Stopping threads took: 0.0000175 seconds
2018-09-07T19:00:35.141+0530: 10.534: Total time for which application threads were stopped: 0.0000451 seconds, Stopping threads took: 0.0000115 seconds
2018-09-07T19:00:35.141+0530: 10.534: Total time for which application threads were stopped: 0.0000280 seconds, Stopping threads took: 0.0000062 seconds
2018-09-07T19:00:35.142+0530: 10.534: Total time for which application threads were stopped: 0.0000471 seconds, Stopping threads took: 0.0000112 seconds
2018-09-07T19:00:35.142+0530: 10.535: Total time for which application threads were stopped: 0.0000445 seconds, Stopping threads took: 0.0000128 seconds
2018-09-07T19:00:35.142+0530: 10.535: Total time for which application threads were stopped: 0.0000267 seconds, Stopping threads took: 0.0000061 seconds
2018-09-07T19:00:35.143+0530: 10.535: Total time for which application threads were stopped: 0.0000292 seconds, Stopping threads took: 0.0000065 seconds
2018-09-07T19:00:35.143+0530: 10.535: Total time for which application threads were stopped: 0.0000281 seconds, Stopping threads took: 0.0000057 seconds
2018-09-07T19:00:35.145+0530: 10.538: Total time for which application threads were stopped: 0.0000712 seconds, Stopping threads took: 0.0000138 seconds
2018-09-07T19:00:35.280+0530: 10.673: Total time for which application threads were stopped: 0.0003714 seconds, Stopping threads took: 0.0001135 seconds
2018-09-07T19:00:35.282+0530: 10.674: Total time for which application threads were stopped: 0.0003496 seconds, Stopping threads took: 0.0000683 seconds
2018-09-07T19:00:35.354+0530: 10.746: Total time for which application threads were stopped: 0.0001034 seconds, Stopping threads took: 0.0000223 seconds
2018-09-07T19:00:36.039+0530: 11.431: Total time for which application threads were stopped: 0.0003184 seconds, Stopping threads took: 0.0001247 seconds
2018-09-07T19:00:36.041+0530: 11.434: Total time for which application threads were stopped: 0.0002366 seconds, Stopping threads took: 0.0000715 seconds
2018-09-07T19:00:36.046+0530: 11.438: Total time for which application threads were stopped: 0.0002986 seconds, Stopping threads took: 0.0001240 seconds
2018-09-07T19:00:36.047+0530: 11.439: Total time for which application threads were stopped: 0.0005231 seconds, Stopping threads took: 0.0001044 seconds
2018-09-07T19:00:36.049+0530: 11.441: Total time for which application threads were stopped: 0.0004050 seconds, Stopping threads took: 0.0002511 seconds
2018-09-07T19:00:36.054+0530: 11.446: Total time for which application threads were stopped: 0.0002473 seconds, Stopping threads took: 0.0000705 seconds
2018-09-07T19:00:36.061+0530: 11.453: Total time for which application threads were stopped: 0.0001436 seconds, Stopping threads took: 0.0000413 seconds
2018-09-07T19:00:36.063+0530: 11.455: Total time for which application threads were stopped: 0.0001275 seconds, Stopping threads took: 0.0000402 seconds
2018-09-07T19:00:36.071+0530: 11.464: Total time for which application threads were stopped: 0.0002253 seconds, Stopping threads took: 0.0001314 seconds
2018-09-07T19:00:36.075+0530: 11.467: Total time for which application threads were stopped: 0.0000764 seconds, Stopping threads took: 0.0000194 seconds
2018-09-07T19:00:36.218+0530: 11.610: Total time for which application threads were stopped: 0.0003862 seconds, Stopping threads took: 0.0000830 seconds
2018-09-07T19:00:36.226+0530: 11.618: Total time for which application threads were stopped: 0.0005780 seconds, Stopping threads took: 0.0000607 seconds
2018-09-07T19:00:36.228+0530: 11.620: Total time for which application threads were stopped: 0.0002128 seconds, Stopping threads took: 0.0000582 seconds
2018-09-07T19:00:36.231+0530: 11.624: Total time for which application threads were stopped: 0.0002569 seconds, Stopping threads took: 0.0000884 seconds
2018-09-07T19:00:36.357+0530: 11.749: Total time for which application threads were stopped: 0.0003238 seconds, Stopping threads took: 0.0000584 seconds
2018-09-07T19:00:36.438+0530: 11.830: Total time for which application threads were stopped: 0.0000739 seconds, Stopping threads took: 0.0000201 seconds
2018-09-07T19:00:36.625+0530: 12.017: Total time for which application threads were stopped: 0.0000936 seconds, Stopping threads took: 0.0000171 seconds
2018-09-07T19:00:36.847+0530: 12.239: Total time for which application threads were stopped: 0.0000916 seconds, Stopping threads took: 0.0000186 seconds
2018-09-07T19:00:36.849+0530: 12.241: Total time for which application threads were stopped: 0.0003409 seconds, Stopping threads took: 0.0000157 seconds
2018-09-07T19:00:36.890+0530: 12.282: Total time for which application threads were stopped: 0.0001407 seconds, Stopping threads took: 0.0000547 seconds
2018-09-07T19:00:36.890+0530: 12.283: Total time for which application threads were stopped: 0.0000878 seconds, Stopping threads took: 0.0000254 seconds
2018-09-07T19:00:36.921+0530: 12.314: Total time for which application threads were stopped: 0.0002353 seconds, Stopping threads took: 0.0000524 seconds
2018-09-07T19:00:36.926+0530: 12.318: Total time for which application threads were stopped: 0.0004702 seconds, Stopping threads took: 0.0002689 seconds
2018-09-07T19:00:36.926+0530: 12.318: Total time for which application threads were stopped: 0.0001692 seconds, Stopping threads took: 0.0000410 seconds
2018-09-07T19:00:36.926+0530: 12.319: Total time for which application threads were stopped: 0.0001567 seconds, Stopping threads took: 0.0000324 seconds
2018-09-07T19:00:36.927+0530: 12.319: Total time for which application threads were stopped: 0.0002818 seconds, Stopping threads took: 0.0000424 seconds
2018-09-07T19:00:36.954+0530: 12.347: Total time for which application threads were stopped: 0.0001402 seconds, Stopping threads took: 0.0000250 seconds
2018-09-07T19:00:36.955+0530: 12.347: Total time for which application threads were stopped: 0.0000948 seconds, Stopping threads took: 0.0000166 seconds
2018-09-07T19:00:36.955+0530: 12.347: Total time for which application threads were stopped: 0.0000670 seconds, Stopping threads took: 0.0000106 seconds
2018-09-07T19:00:37.005+0530: 12.397: Total time for which application threads were stopped: 0.0003315 seconds, Stopping threads took: 0.0002557 seconds
2018-09-07T19:00:37.030+0530: 12.422: Total time for which application threads were stopped: 0.0001879 seconds, Stopping threads took: 0.0000379 seconds
2018-09-07T19:00:37.065+0530: 12.457: Total time for which application threads were stopped: 0.0001299 seconds, Stopping threads took: 0.0000467 seconds
2018-09-07T19:00:37.066+0530: 12.459: Total time for which application threads were stopped: 0.0001410 seconds, Stopping threads took: 0.0000252 seconds
2018-09-07T19:00:37.066+0530: 12.459: [CMS-concurrent-abortable-preclean: 2.957/5.386 secs] [Times: user=6.36 sys=0.15, real=5.39 secs] 
2018-09-07T19:00:37.067+0530: 12.459: Total time for which application threads were stopped: 0.0001879 seconds, Stopping threads took: 0.0000857 seconds
2018-09-07T19:00:37.067+0530: 12.459: [GC (CMS Final Remark) [YG occupancy: 60490 K (109248 K)]{Heap before GC invocations=2 (full 1):
 par new generation   total 109248K, used 60490K [0x00000000e0000000, 0x00000000e8000000, 0x00000000e8000000)
  eden space 87424K,  51% used [0x00000000e0000000, 0x00000000e2bbf008, 0x00000000e5560000)
  from space 21824K,  71% used [0x00000000e5560000, 0x00000000e64b3aa8, 0x00000000e6ab0000)
  to   space 21824K,   0% used [0x00000000e6ab0000, 0x00000000e6ab0000, 0x00000000e8000000)
 concurrent mark-sweep generation total 393216K, used 0K [0x00000000e8000000, 0x0000000100000000, 0x0000000100000000)
 Metaspace       used 27002K, capacity 27624K, committed 27860K, reserved 1073152K
  class space    used 3218K, capacity 3418K, committed 3452K, reserved 1048576K
2018-09-07T19:00:37.067+0530: 12.459: [GC (CMS Final Remark) 2018-09-07T19:00:37.067+0530: 12.459: [ParNew
Desired survivor size 20112992 bytes, new threshold 8 (max 8)
- age   1:    4222352 bytes,    4222352 total
- age   2:    3052760 bytes,    7275112 total
- age   3:    5118880 bytes,   12393992 total
: 60490K->19375K(109248K), 0.0116024 secs] 60490K->19375K(502464K), 0.0117470 secs] [Times: user=0.05 sys=0.00, real=0.01 secs] 
Heap after GC invocations=3 (full 1):
 par new generation   total 109248K, used 19375K [0x00000000e0000000, 0x00000000e8000000, 0x00000000e8000000)
  eden space 87424K,   0% used [0x00000000e0000000, 0x00000000e0000000, 0x00000000e5560000)
  from space 21824K,  88% used [0x00000000e6ab0000, 0x00000000e7d9beb0, 0x00000000e8000000)
  to   space 21824K,   0% used [0x00000000e5560000, 0x00000000e5560000, 0x00000000e6ab0000)
 concurrent mark-sweep generation total 393216K, used 0K [0x00000000e8000000, 0x0000000100000000, 0x0000000100000000)
 Metaspace       used 27002K, capacity 27624K, committed 27860K, reserved 1073152K
  class space    used 3218K, capacity 3418K, committed 3452K, reserved 1048576K
}
2018-09-07T19:00:37.079+0530: 12.471: [Rescan (parallel) , 0.0043284 secs]2018-09-07T19:00:37.083+0530: 12.476: [weak refs processing, 0.0030905 secs]2018-09-07T19:00:37.086+0530: 12.479: [class unloading, 0.0033686 secs]2018-09-07T19:00:37.090+0530: 12.482: [scrub symbol table, 0.0029101 secs]2018-09-07T19:00:37.093+0530: 12.485: [scrub string table, 0.0003491 secs][1 CMS-remark: 0K(393216K)] 19375K(502464K), 0.0268555 secs] [Times: user=0.08 sys=0.00, real=0.02 secs] 
2018-09-07T19:00:37.094+0530: 12.486: Total time for which application threads were stopped: 0.0270418 seconds, Stopping threads took: 0.0000222 seconds
2018-09-07T19:00:37.094+0530: 12.486: Total time for which application threads were stopped: 0.0001043 seconds, Stopping threads took: 0.0000238 seconds
2018-09-07T19:00:37.095+0530: 12.487: [CMS-concurrent-sweep-start]
2018-09-07T19:00:37.095+0530: 12.487: [CMS-concurrent-sweep: 0.000/0.000 secs] [Times: user=0.00 sys=0.00, real=0.00 secs] 
2018-09-07T19:00:37.095+0530: 12.496: Total time for which application threads were stopped: 0.0087331 seconds, Stopping threads took: 0.0000295 seconds
2018-09-07T19:00:37.103+0530: 12.496: [CMS-concurrent-reset-start]
2018-09-07T19:00:37.112+0530: 12.504: Total time for which application threads were stopped: 0.0004286 seconds, Stopping threads took: 0.0000566 seconds
2018-09-07T19:00:37.115+0530: 12.508: Total time for which application threads were stopped: 0.0004002 seconds, Stopping threads took: 0.0000507 seconds
2018-09-07T19:00:37.118+0530: 12.511: Total time for which application threads were stopped: 0.0003576 seconds, Stopping threads took: 0.0000542 seconds
2018-09-07T19:00:37.122+0530: 12.514: Total time for which application threads were stopped: 0.0004673 seconds, Stopping threads took: 0.0000831 seconds
2018-09-07T19:00:37.122+0530: 12.514: [CMS-concurrent-reset: 0.016/0.018 secs] [Times: user=0.02 sys=0.03, real=0.02 secs] 
2018-09-07T19:00:37.123+0530: 12.516: Total time for which application threads were stopped: 0.0011460 seconds, Stopping threads took: 0.0009283 seconds
2018-09-07T19:00:37.135+0530: 12.527: Total time for which application threads were stopped: 0.0006953 seconds, Stopping threads took: 0.0001122 seconds
2018-09-07T19:00:37.175+0530: 12.567: Total time for which application threads were stopped: 0.0002128 seconds, Stopping threads took: 0.0000445 seconds
2018-09-07T19:00:37.247+0530: 12.639: Total time for which application threads were stopped: 0.0001840 seconds, Stopping threads took: 0.0000837 seconds
2018-09-07T19:00:37.252+0530: 12.645: Total time for which application threads were stopped: 0.0042304 seconds, Stopping threads took: 0.0040682 seconds
2018-09-07T19:00:37.261+0530: 12.653: Total time for which application threads were stopped: 0.0001727 seconds, Stopping threads took: 0.0000768 seconds
2018-09-07T19:00:37.261+0530: 12.654: Total time for which application threads were stopped: 0.0001905 seconds, Stopping threads took: 0.0001344 seconds
2018-09-07T19:00:37.432+0530: 12.824: Total time for which application threads were stopped: 0.0004236 seconds, Stopping threads took: 0.0000292 seconds
2018-09-07T19:00:37.577+0530: 12.969: Total time for which application threads were stopped: 0.0001348 seconds, Stopping threads took: 0.0000321 seconds
2018-09-07T19:00:37.580+0530: 12.972: Total time for which application threads were stopped: 0.0001669 seconds, Stopping threads took: 0.0000293 seconds
2018-09-07T19:00:37.582+0530: 12.974: Total time for which application threads were stopped: 0.0001808 seconds, Stopping threads took: 0.0000488 seconds
2018-09-07T19:00:37.583+0530: 12.975: Total time for which application threads were stopped: 0.0001842 seconds, Stopping threads took: 0.0000430 seconds
2018-09-07T19:00:37.583+0530: 12.976: Total time for which application threads were stopped: 0.0001196 seconds, Stopping threads took: 0.0000229 seconds
2018-09-07T19:00:37.596+0530: 12.988: Total time for which application threads were stopped: 0.0001890 seconds, Stopping threads took: 0.0000491 seconds
2018-09-07T19:00:37.597+0530: 12.989: Total time for which application threads were stopped: 0.0001316 seconds, Stopping threads took: 0.0000251 seconds
2018-09-07T19:00:37.669+0530: 13.062: Total time for which application threads were stopped: 0.0001985 seconds, Stopping threads took: 0.0001280 seconds
2018-09-07T19:00:37.674+0530: 13.066: Total time for which application threads were stopped: 0.0046434 seconds, Stopping threads took: 0.0045535 seconds
2018-09-07T19:00:38.581+0530: 13.973: Total time for which application threads were stopped: 0.0006043 seconds, Stopping threads took: 0.0001380 seconds
2018-09-07T19:00:38.587+0530: 13.979: Total time for which application threads were stopped: 0.0004843 seconds, Stopping threads took: 0.0001713 seconds
2018-09-07T19:00:38.741+0530: 14.134: Total time for which application threads were stopped: 0.0005090 seconds, Stopping threads took: 0.0000745 seconds
2018-09-07T19:00:38.742+0530: 14.134: Total time for which application threads were stopped: 0.0003299 seconds, Stopping threads took: 0.0000506 seconds
2018-09-07T19:00:39.021+0530: 14.413: Total time for which application threads were stopped: 0.0002069 seconds, Stopping threads took: 0.0000528 seconds
2018-09-07T19:00:39.021+0530: 14.414: Total time for which application threads were stopped: 0.0001264 seconds, Stopping threads took: 0.0000332 seconds
2018-09-07T19:00:39.021+0530: 14.414: Total time for which application threads were stopped: 0.0001155 seconds, Stopping threads took: 0.0000306 seconds
2018-09-07T19:00:39.060+0530: 14.452: Total time for which application threads were stopped: 0.0004194 seconds, Stopping threads took: 0.0001951 seconds
2018-09-07T19:00:39.061+0530: 14.453: Total time for which application threads were stopped: 0.0002351 seconds, Stopping threads took: 0.0000508 seconds
2018-09-07T19:00:39.061+0530: 14.453: Total time for which application threads were stopped: 0.0002742 seconds, Stopping threads took: 0.0001377 seconds
2018-09-07T19:00:39.713+0530: 15.105: Total time for which application threads were stopped: 0.0003234 seconds, Stopping threads took: 0.0000942 seconds
2018-09-07T19:00:39.714+0530: 15.106: Total time for which application threads were stopped: 0.0002367 seconds, Stopping threads took: 0.0000619 seconds
2018-09-07T19:00:41.714+0530: 17.106: Total time for which application threads were stopped: 0.0001265 seconds, Stopping threads took: 0.0000399 seconds
2018-09-07T19:00:42.121+0530: 17.514: Total time for which application threads were stopped: 0.0000950 seconds, Stopping threads took: 0.0000231 seconds
2018-09-07T19:00:42.121+0530: 17.514: Total time for which application threads were stopped: 0.0000533 seconds, Stopping threads took: 0.0000111 seconds
2018-09-07T19:00:42.161+0530: 17.553: Total time for which application threads were stopped: 0.0002112 seconds, Stopping threads took: 0.0000448 seconds
2018-09-07T19:00:42.445+0530: 17.837: Total time for which application threads were stopped: 0.0002222 seconds, Stopping threads took: 0.0000443 seconds
2018-09-07T19:00:42.460+0530: 17.852: Total time for which application threads were stopped: 0.0001147 seconds, Stopping threads took: 0.0000270 seconds
2018-09-07T19:00:42.460+0530: 17.852: Total time for which application threads were stopped: 0.0001419 seconds, Stopping threads took: 0.0000427 seconds
2018-09-07T19:00:42.460+0530: 17.852: Total time for which application threads were stopped: 0.0000666 seconds, Stopping threads took: 0.0000143 seconds
2018-09-07T19:00:42.460+0530: 17.852: Total time for which application threads were stopped: 0.0000753 seconds, Stopping threads took: 0.0000105 seconds
2018-09-07T19:00:42.621+0530: 18.013: Total time for which application threads were stopped: 0.0004535 seconds, Stopping threads took: 0.0001408 seconds
2018-09-07T19:00:42.621+0530: 18.014: Total time for which application threads were stopped: 0.0002807 seconds, Stopping threads took: 0.0000761 seconds
2018-09-07T19:00:42.622+0530: 18.014: Total time for which application threads were stopped: 0.0002692 seconds, Stopping threads took: 0.0000706 seconds
2018-09-07T19:00:42.623+0530: 18.015: Total time for which application threads were stopped: 0.0007869 seconds, Stopping threads took: 0.0000708 seconds
2018-09-07T19:00:42.625+0530: 18.017: Total time for which application threads were stopped: 0.0002740 seconds, Stopping threads took: 0.0000754 seconds
2018-09-07T19:00:42.626+0530: 18.018: Total time for which application threads were stopped: 0.0002961 seconds, Stopping threads took: 0.0001181 seconds
2018-09-07T19:00:42.626+0530: 18.019: Total time for which application threads were stopped: 0.0002159 seconds, Stopping threads took: 0.0000580 seconds
2018-09-07T19:00:42.627+0530: 18.019: Total time for which application threads were stopped: 0.0002362 seconds, Stopping threads took: 0.0000492 seconds
2018-09-07T19:00:42.627+0530: 18.020: Total time for which application threads were stopped: 0.0002338 seconds, Stopping threads took: 0.0000486 seconds
2018-09-07T19:00:42.628+0530: 18.020: Total time for which application threads were stopped: 0.0001978 seconds, Stopping threads took: 0.0000409 seconds
2018-09-07T19:00:42.631+0530: 18.023: Total time for which application threads were stopped: 0.0001557 seconds, Stopping threads took: 0.0000386 seconds
2018-09-07T19:00:42.631+0530: 18.023: Total time for which application threads were stopped: 0.0001118 seconds, Stopping threads took: 0.0000226 seconds
2018-09-07T19:00:42.631+0530: 18.024: Total time for which application threads were stopped: 0.0001314 seconds, Stopping threads took: 0.0000281 seconds
2018-09-07T19:00:42.632+0530: 18.024: Total time for which application threads were stopped: 0.0001075 seconds, Stopping threads took: 0.0000212 seconds
2018-09-07T19:00:42.632+0530: 18.024: Total time for which application threads were stopped: 0.0001113 seconds, Stopping threads took: 0.0000224 seconds
2018-09-07T19:00:42.632+0530: 18.025: Total time for which application threads were stopped: 0.0001583 seconds, Stopping threads took: 0.0000488 seconds
2018-09-07T19:00:42.633+0530: 18.025: Total time for which application threads were stopped: 0.0001052 seconds, Stopping threads took: 0.0000189 seconds
2018-09-07T19:00:42.633+0530: 18.025: Total time for which application threads were stopped: 0.0000930 seconds, Stopping threads took: 0.0000157 seconds
2018-09-07T19:00:42.636+0530: 18.028: Total time for which application threads were stopped: 0.0001492 seconds, Stopping threads took: 0.0000580 seconds
2018-09-07T19:00:42.636+0530: 18.028: Total time for which application threads were stopped: 0.0000971 seconds, Stopping threads took: 0.0000280 seconds
2018-09-07T19:00:42.743+0530: 18.136: Total time for which application threads were stopped: 0.0010939 seconds, Stopping threads took: 0.0000638 seconds
2018-09-07T19:00:42.747+0530: 18.140: Total time for which application threads were stopped: 0.0003954 seconds, Stopping threads took: 0.0000898 seconds
2018-09-07T19:00:42.748+0530: 18.140: Total time for which application threads were stopped: 0.0003756 seconds, Stopping threads took: 0.0001320 seconds
2018-09-07T19:00:42.749+0530: 18.141: Total time for which application threads were stopped: 0.0005741 seconds, Stopping threads took: 0.0002586 seconds
2018-09-07T19:00:42.750+0530: 18.142: Total time for which application threads were stopped: 0.0003790 seconds, Stopping threads took: 0.0001566 seconds
2018-09-07T19:00:42.807+0530: 18.199: Total time for which application threads were stopped: 0.0005191 seconds, Stopping threads took: 0.0001406 seconds
2018-09-07T19:00:42.808+0530: 18.200: Total time for which application threads were stopped: 0.0003630 seconds, Stopping threads took: 0.0001288 seconds
2018-09-07T19:00:42.848+0530: 18.241: Total time for which application threads were stopped: 0.0003535 seconds, Stopping threads took: 0.0000642 seconds
2018-09-07T19:00:42.849+0530: 18.241: Total time for which application threads were stopped: 0.0002258 seconds, Stopping threads took: 0.0000436 seconds
2018-09-07T19:00:42.849+0530: 18.241: Total time for which application threads were stopped: 0.0002558 seconds, Stopping threads took: 0.0000558 seconds
2018-09-07T19:00:42.863+0530: 18.255: Total time for which application threads were stopped: 0.0003147 seconds, Stopping threads took: 0.0000694 seconds
2018-09-07T19:00:43.091+0530: 18.483: Total time for which application threads were stopped: 0.0001288 seconds, Stopping threads took: 0.0000302 seconds
2018-09-07T19:00:43.091+0530: 18.483: Total time for which application threads were stopped: 0.0000702 seconds, Stopping threads took: 0.0000176 seconds
2018-09-07T19:00:43.091+0530: 18.483: Total time for which application threads were stopped: 0.0000498 seconds, Stopping threads took: 0.0000104 seconds
2018-09-07T19:00:43.091+0530: 18.483: Total time for which application threads were stopped: 0.0000572 seconds, Stopping threads took: 0.0000261 seconds
2018-09-07T19:00:43.091+0530: 18.483: Total time for which application threads were stopped: 0.0000607 seconds, Stopping threads took: 0.0000242 seconds
2018-09-07T19:00:43.096+0530: 18.489: Total time for which application threads were stopped: 0.0000946 seconds, Stopping threads took: 0.0000266 seconds
2018-09-07T19:00:43.105+0530: 18.498: Total time for which application threads were stopped: 0.0001891 seconds, Stopping threads took: 0.0001197 seconds
2018-09-07T19:00:43.106+0530: 18.498: Total time for which application threads were stopped: 0.0000822 seconds, Stopping threads took: 0.0000246 seconds
2018-09-07T19:00:44.107+0530: 19.499: Total time for which application threads were stopped: 0.0003635 seconds, Stopping threads took: 0.0001220 seconds
2018-09-07T19:00:46.107+0530: 21.500: Total time for which application threads were stopped: 0.0004130 seconds, Stopping threads took: 0.0000803 seconds
2018-09-07T19:00:48.108+0530: 23.500: Total time for which application threads were stopped: 0.0003022 seconds, Stopping threads took: 0.0000711 seconds
2018-09-07T19:00:49.109+0530: 24.501: Total time for which application threads were stopped: 0.0003660 seconds, Stopping threads took: 0.0000861 seconds
2018-09-07T19:00:51.309+0530: 26.701: Total time for which application threads were stopped: 0.0001448 seconds, Stopping threads took: 0.0000351 seconds
2018-09-07T19:00:55.310+0530: 30.702: Total time for which application threads were stopped: 0.0003401 seconds, Stopping threads took: 0.0000713 seconds
2018-09-07T19:00:56.310+0530: 31.703: Total time for which application threads were stopped: 0.0003432 seconds, Stopping threads took: 0.0000794 seconds
2018-09-07T19:00:57.311+0530: 32.703: Total time for which application threads were stopped: 0.0001958 seconds, Stopping threads took: 0.0000407 seconds
2018-09-07T19:00:58.311+0530: 33.703: Total time for which application threads were stopped: 0.0003149 seconds, Stopping threads took: 0.0000654 seconds
2018-09-07T19:01:00.312+0530: 35.704: Total time for which application threads were stopped: 0.0003093 seconds, Stopping threads took: 0.0000685 seconds
2018-09-07T19:01:01.312+0530: 36.704: Total time for which application threads were stopped: 0.0003045 seconds, Stopping threads took: 0.0000728 seconds
2018-09-07T19:01:02.312+0530: 37.705: Total time for which application threads were stopped: 0.0001034 seconds, Stopping threads took: 0.0000367 seconds
2018-09-07T19:01:04.313+0530: 39.705: Total time for which application threads were stopped: 0.0003640 seconds, Stopping threads took: 0.0000737 seconds
2018-09-07T19:01:07.313+0530: 42.706: Total time for which application threads were stopped: 0.0002921 seconds, Stopping threads took: 0.0000688 seconds
2018-09-07T19:01:17.315+0530: 52.707: Total time for which application threads were stopped: 0.0004124 seconds, Stopping threads took: 0.0001459 seconds
2018-09-07T19:01:18.316+0530: 53.708: Total time for which application threads were stopped: 0.0003058 seconds, Stopping threads took: 0.0000705 seconds
2018-09-07T19:01:21.316+0530: 56.709: Total time for which application threads were stopped: 0.0003691 seconds, Stopping threads took: 0.0000683 seconds
2018-09-07T19:01:23.307+0530: 58.699: Total time for which application threads were stopped: 0.0001139 seconds, Stopping threads took: 0.0000404 seconds
2018-09-07T19:01:23.307+0530: 58.699: Total time for which application threads were stopped: 0.0000705 seconds, Stopping threads took: 0.0000099 seconds
2018-09-07T19:01:23.307+0530: 58.699: Total time for which application threads were stopped: 0.0000688 seconds, Stopping threads took: 0.0000123 seconds
2018-09-07T19:01:23.307+0530: 58.700: Total time for which application threads were stopped: 0.0000574 seconds, Stopping threads took: 0.0000088 seconds
2018-09-07T19:01:24.074+0530: 59.466: Total time for which application threads were stopped: 0.0003877 seconds, Stopping threads took: 0.0000786 seconds
2018-09-07T19:01:24.167+0530: 59.560: Total time for which application threads were stopped: 0.0002904 seconds, Stopping threads took: 0.0000263 seconds
2018-09-07T19:01:24.223+0530: 59.615: Total time for which application threads were stopped: 0.0001334 seconds, Stopping threads took: 0.0000295 seconds
2018-09-07T19:01:25.223+0530: 60.615: Total time for which application threads were stopped: 0.0003230 seconds, Stopping threads took: 0.0000740 seconds
2018-09-07T19:01:26.223+0530: 61.616: Total time for which application threads were stopped: 0.0001580 seconds, Stopping threads took: 0.0000358 seconds
2018-09-07T19:01:27.224+0530: 62.616: Total time for which application threads were stopped: 0.0002619 seconds, Stopping threads took: 0.0000582 seconds
2018-09-07T19:01:28.224+0530: 63.617: Total time for which application threads were stopped: 0.0003948 seconds, Stopping threads took: 0.0000657 seconds
2018-09-07T19:01:32.225+0530: 67.617: Total time for which application threads were stopped: 0.0001554 seconds, Stopping threads took: 0.0000353 seconds
2018-09-07T19:01:34.225+0530: 69.618: Total time for which application threads were stopped: 0.0004955 seconds, Stopping threads took: 0.0000935 seconds
2018-09-07T19:01:35.226+0530: 70.652: Total time for which application threads were stopped: 0.0338406 seconds, Stopping threads took: 0.0000400 seconds
2018-09-07T19:01:36.260+0530: 71.652: Total time for which application threads were stopped: 0.0001490 seconds, Stopping threads took: 0.0000300 seconds
2018-09-07T19:01:37.260+0530: 72.652: Total time for which application threads were stopped: 0.0001418 seconds, Stopping threads took: 0.0000260 seconds
{Heap before GC invocations=3 (full 1):
 par new generation   total 109248K, used 106799K [0x00000000e0000000, 0x00000000e8000000, 0x00000000e8000000)
  eden space 87424K, 100% used [0x00000000e0000000, 0x00000000e5560000, 0x00000000e5560000)
  from space 21824K,  88% used [0x00000000e6ab0000, 0x00000000e7d9beb0, 0x00000000e8000000)
  to   space 21824K,   0% used [0x00000000e5560000, 0x00000000e5560000, 0x00000000e6ab0000)
 concurrent mark-sweep generation total 393216K, used 0K [0x00000000e8000000, 0x0000000100000000, 0x0000000100000000)
 Metaspace       used 31428K, capacity 32422K, committed 32508K, reserved 1077248K
  class space    used 3799K, capacity 4081K, committed 4092K, reserved 1048576K
2018-09-07T19:01:38.021+0530: 73.414: [GC (Allocation Failure) 2018-09-07T19:01:38.022+0530: 73.414: [ParNew
Desired survivor size 20112992 bytes, new threshold 8 (max 8)
- age   1:    4795224 bytes,    4795224 total
- age   2:    2285288 bytes,    7080512 total
- age   3:    2972520 bytes,   10053032 total
- age   4:    5009512 bytes,   15062544 total
: 106799K->18829K(109248K), 0.0620570 secs] 106799K->18829K(502464K), 0.0629184 secs] [Times: user=0.16 sys=0.02, real=0.07 secs] 
Heap after GC invocations=4 (full 1):
 par new generation   total 109248K, used 18829K [0x00000000e0000000, 0x00000000e8000000, 0x00000000e8000000)
  eden space 87424K,   0% used [0x00000000e0000000, 0x00000000e0000000, 0x00000000e5560000)
  from space 21824K,  86% used [0x00000000e5560000, 0x00000000e67c34b8, 0x00000000e6ab0000)
  to   space 21824K,   0% used [0x00000000e6ab0000, 0x00000000e6ab0000, 0x00000000e8000000)
 concurrent mark-sweep generation total 393216K, used 0K [0x00000000e8000000, 0x0000000100000000, 0x0000000100000000)
 Metaspace       used 31428K, capacity 32422K, committed 32508K, reserved 1077248K
  class space    used 3799K, capacity 4081K, committed 4092K, reserved 1048576K
}
2018-09-07T19:01:38.085+0530: 73.477: Total time for which application threads were stopped: 0.0636670 seconds, Stopping threads took: 0.0000529 seconds
2018-09-07T19:01:38.105+0530: 73.497: Total time for which application threads were stopped: 0.0002468 seconds, Stopping threads took: 0.0000603 seconds
2018-09-07T19:01:38.105+0530: 73.498: Total time for which application threads were stopped: 0.0001628 seconds, Stopping threads took: 0.0000426 seconds
2018-09-07T19:01:38.105+0530: 73.498: Total time for which application threads were stopped: 0.0001469 seconds, Stopping threads took: 0.0000370 seconds
2018-09-07T19:01:38.106+0530: 73.498: Total time for which application threads were stopped: 0.0001676 seconds, Stopping threads took: 0.0000425 seconds
2018-09-07T19:01:38.225+0530: 73.618: Total time for which application threads were stopped: 0.0002571 seconds, Stopping threads took: 0.0000532 seconds
2018-09-07T19:01:38.226+0530: 73.618: Total time for which application threads were stopped: 0.0002652 seconds, Stopping threads took: 0.0001080 seconds
2018-09-07T19:01:38.331+0530: 73.723: Total time for which application threads were stopped: 0.0008029 seconds, Stopping threads took: 0.0000447 seconds
2018-09-07T19:01:38.505+0530: 73.897: Total time for which application threads were stopped: 0.0001581 seconds, Stopping threads took: 0.0000710 seconds
2018-09-07T19:01:38.682+0530: 74.075: Total time for which application threads were stopped: 0.0003389 seconds, Stopping threads took: 0.0001247 seconds
2018-09-07T19:01:38.704+0530: 74.097: Total time for which application threads were stopped: 0.0009240 seconds, Stopping threads took: 0.0000496 seconds
2018-09-07T19:01:38.833+0530: 74.225: Total time for which application threads were stopped: 0.0009698 seconds, Stopping threads took: 0.0000681 seconds
2018-09-07T19:01:38.891+0530: 74.283: Total time for which application threads were stopped: 0.0004226 seconds, Stopping threads took: 0.0002633 seconds
2018-09-07T19:01:38.891+0530: 74.283: Total time for which application threads were stopped: 0.0002934 seconds, Stopping threads took: 0.0001766 seconds
2018-09-07T19:01:38.891+0530: 74.284: Total time for which application threads were stopped: 0.0001836 seconds, Stopping threads took: 0.0000930 seconds
2018-09-07T19:01:38.891+0530: 74.284: Total time for which application threads were stopped: 0.0001573 seconds, Stopping threads took: 0.0000751 seconds
2018-09-07T19:01:38.892+0530: 74.284: Total time for which application threads were stopped: 0.0001696 seconds, Stopping threads took: 0.0000885 seconds
2018-09-07T19:01:38.920+0530: 74.312: Total time for which application threads were stopped: 0.0001809 seconds, Stopping threads took: 0.0000330 seconds
2018-09-07T19:01:38.921+0530: 74.313: Total time for which application threads were stopped: 0.0001380 seconds, Stopping threads took: 0.0000298 seconds
2018-09-07T19:01:38.932+0530: 74.324: Total time for which application threads were stopped: 0.0001848 seconds, Stopping threads took: 0.0000354 seconds
2018-09-07T19:01:38.932+0530: 74.325: Total time for which application threads were stopped: 0.0001259 seconds, Stopping threads took: 0.0000250 seconds
2018-09-07T19:01:38.933+0530: 74.325: Total time for which application threads were stopped: 0.0000940 seconds, Stopping threads took: 0.0000180 seconds
2018-09-07T19:01:38.947+0530: 74.340: Total time for which application threads were stopped: 0.0008221 seconds, Stopping threads took: 0.0000351 seconds
2018-09-07T19:01:39.949+0530: 75.341: Total time for which application threads were stopped: 0.0003416 seconds, Stopping threads took: 0.0000877 seconds
2018-09-07T19:01:42.809+0530: 78.201: Total time for which application threads were stopped: 0.0003217 seconds, Stopping threads took: 0.0000676 seconds
2018-09-07T19:02:01.813+0530: 97.205: Total time for which application threads were stopped: 0.0003315 seconds, Stopping threads took: 0.0000746 seconds
2018-09-07T19:02:02.813+0530: 98.205: Total time for which application threads were stopped: 0.0003062 seconds, Stopping threads took: 0.0000675 seconds
2018-09-07T19:02:08.815+0530: 104.207: Total time for which application threads were stopped: 0.0003363 seconds, Stopping threads took: 0.0000736 seconds
2018-09-07T19:02:09.815+0530: 105.208: Total time for which application threads were stopped: 0.0003218 seconds, Stopping threads took: 0.0000705 seconds
2018-09-07T19:02:10.816+0530: 106.208: Total time for which application threads were stopped: 0.0004270 seconds, Stopping threads took: 0.0000821 seconds
2018-09-07T19:02:11.816+0530: 107.209: Total time for which application threads were stopped: 0.0003745 seconds, Stopping threads took: 0.0001118 seconds
2018-09-07T19:02:15.818+0530: 111.210: Total time for which application threads were stopped: 0.0003789 seconds, Stopping threads took: 0.0000746 seconds
2018-09-07T19:02:16.818+0530: 112.211: Total time for which application threads were stopped: 0.0003527 seconds, Stopping threads took: 0.0000693 seconds
2018-09-07T19:02:17.819+0530: 113.211: Total time for which application threads were stopped: 0.0003123 seconds, Stopping threads took: 0.0000695 seconds
2018-09-07T19:02:21.521+0530: 116.913: Total time for which application threads were stopped: 0.0004511 seconds, Stopping threads took: 0.0000904 seconds
2018-09-07T19:02:21.522+0530: 116.914: Total time for which application threads were stopped: 0.0002973 seconds, Stopping threads took: 0.0000595 seconds
2018-09-07T19:02:21.685+0530: 117.077: Total time for which application threads were stopped: 0.0003992 seconds, Stopping threads took: 0.0000661 seconds
2018-09-07T19:02:21.686+0530: 117.078: Total time for which application threads were stopped: 0.0003424 seconds, Stopping threads took: 0.0000501 seconds
2018-09-07T19:02:22.203+0530: 117.595: Total time for which application threads were stopped: 0.0003752 seconds, Stopping threads took: 0.0000676 seconds
2018-09-07T19:02:22.253+0530: 117.645: Total time for which application threads were stopped: 0.0003331 seconds, Stopping threads took: 0.0000668 seconds
2018-09-07T19:02:22.285+0530: 117.677: Total time for which application threads were stopped: 0.0003328 seconds, Stopping threads took: 0.0000658 seconds
2018-09-07T19:02:23.286+0530: 118.678: Total time for which application threads were stopped: 0.0003657 seconds, Stopping threads took: 0.0000663 seconds
2018-09-07T19:02:24.286+0530: 119.678: Total time for which application threads were stopped: 0.0004024 seconds, Stopping threads took: 0.0000790 seconds
2018-09-07T19:02:26.287+0530: 121.679: Total time for which application threads were stopped: 0.0003350 seconds, Stopping threads took: 0.0000698 seconds
2018-09-07T19:02:26.606+0530: 121.998: Total time for which application threads were stopped: 0.0003082 seconds, Stopping threads took: 0.0000627 seconds
2018-09-07T19:02:26.749+0530: 122.141: Total time for which application threads were stopped: 0.0005978 seconds, Stopping threads took: 0.0001438 seconds
2018-09-07T19:02:26.956+0530: 122.349: Total time for which application threads were stopped: 0.0004703 seconds, Stopping threads took: 0.0001600 seconds
2018-09-07T19:02:27.006+0530: 122.398: Total time for which application threads were stopped: 0.0004031 seconds, Stopping threads took: 0.0000935 seconds
2018-09-07T19:02:27.626+0530: 123.018: Total time for which application threads were stopped: 0.0004915 seconds, Stopping threads took: 0.0001903 seconds
2018-09-07T19:02:28.268+0530: 123.660: Total time for which application threads were stopped: 0.0013373 seconds, Stopping threads took: 0.0009768 seconds
2018-09-07T19:02:28.378+0530: 123.770: Total time for which application threads were stopped: 0.0004763 seconds, Stopping threads took: 0.0001701 seconds
2018-09-07T19:02:28.887+0530: 124.279: Total time for which application threads were stopped: 0.0004294 seconds, Stopping threads took: 0.0000664 seconds
2018-09-07T19:02:29.602+0530: 124.995: Total time for which application threads were stopped: 0.0003551 seconds, Stopping threads took: 0.0000681 seconds
2018-09-07T19:02:30.304+0530: 125.696: Total time for which application threads were stopped: 0.0005005 seconds, Stopping threads took: 0.0001678 seconds
2018-09-07T19:02:30.594+0530: 125.987: Total time for which application threads were stopped: 0.0004096 seconds, Stopping threads took: 0.0000951 seconds
2018-09-07T19:02:30.597+0530: 125.989: Total time for which application threads were stopped: 0.0004226 seconds, Stopping threads took: 0.0001261 seconds
2018-09-07T19:02:30.598+0530: 125.991: Total time for which application threads were stopped: 0.0003656 seconds, Stopping threads took: 0.0000948 seconds
2018-09-07T19:02:30.913+0530: 126.306: Total time for which application threads were stopped: 0.0008322 seconds, Stopping threads took: 0.0003041 seconds
2018-09-07T19:02:30.915+0530: 126.308: Total time for which application threads were stopped: 0.0006198 seconds, Stopping threads took: 0.0001715 seconds
2018-09-07T19:02:31.191+0530: 126.584: Total time for which application threads were stopped: 0.0006329 seconds, Stopping threads took: 0.0002898 seconds
2018-09-07T19:02:31.615+0530: 127.007: Total time for which application threads were stopped: 0.0004341 seconds, Stopping threads took: 0.0000684 seconds
2018-09-07T19:02:31.616+0530: 127.008: Total time for which application threads were stopped: 0.0003375 seconds, Stopping threads took: 0.0000526 seconds
2018-09-07T19:02:31.616+0530: 127.008: Total time for which application threads were stopped: 0.0002822 seconds, Stopping threads took: 0.0000420 seconds
2018-09-07T19:02:31.922+0530: 127.314: Total time for which application threads were stopped: 0.0006235 seconds, Stopping threads took: 0.0001827 seconds
2018-09-07T19:02:32.054+0530: 127.447: Total time for which application threads were stopped: 0.0004483 seconds, Stopping threads took: 0.0000958 seconds
2018-09-07T19:02:32.064+0530: 127.456: Total time for which application threads were stopped: 0.0006651 seconds, Stopping threads took: 0.0000859 seconds
2018-09-07T19:02:32.065+0530: 127.457: Total time for which application threads were stopped: 0.0005323 seconds, Stopping threads took: 0.0001179 seconds
2018-09-07T19:02:32.065+0530: 127.458: Total time for which application threads were stopped: 0.0004813 seconds, Stopping threads took: 0.0001019 seconds
2018-09-07T19:02:32.067+0530: 127.459: Total time for which application threads were stopped: 0.0006402 seconds, Stopping threads took: 0.0001160 seconds
2018-09-07T19:02:32.422+0530: 127.815: Total time for which application threads were stopped: 0.0006164 seconds, Stopping threads took: 0.0001588 seconds
2018-09-07T19:02:32.429+0530: 127.821: Total time for which application threads were stopped: 0.0026580 seconds, Stopping threads took: 0.0022973 seconds
2018-09-07T19:02:32.434+0530: 127.826: Total time for which application threads were stopped: 0.0009344 seconds, Stopping threads took: 0.0005320 seconds
2018-09-07T19:02:32.854+0530: 128.246: Total time for which application threads were stopped: 0.0006121 seconds, Stopping threads took: 0.0002144 seconds
2018-09-07T19:02:32.859+0530: 128.251: Total time for which application threads were stopped: 0.0007130 seconds, Stopping threads took: 0.0003035 seconds
2018-09-07T19:02:33.016+0530: 128.408: Total time for which application threads were stopped: 0.0008760 seconds, Stopping threads took: 0.0003584 seconds
2018-09-07T19:02:33.205+0530: 128.597: Total time for which application threads were stopped: 0.0004785 seconds, Stopping threads took: 0.0000729 seconds
2018-09-07T19:02:33.206+0530: 128.599: Total time for which application threads were stopped: 0.0003831 seconds, Stopping threads took: 0.0000547 seconds
2018-09-07T19:02:33.207+0530: 128.599: Total time for which application threads were stopped: 0.0003625 seconds, Stopping threads took: 0.0000535 seconds
2018-09-07T19:02:34.124+0530: 129.516: Total time for which application threads were stopped: 0.0001460 seconds, Stopping threads took: 0.0000277 seconds
2018-09-07T19:02:34.124+0530: 129.516: Total time for which application threads were stopped: 0.0000768 seconds, Stopping threads took: 0.0000121 seconds
2018-09-07T19:02:34.124+0530: 129.516: Total time for which application threads were stopped: 0.0000628 seconds, Stopping threads took: 0.0000133 seconds
2018-09-07T19:02:34.124+0530: 129.516: Total time for which application threads were stopped: 0.0000684 seconds, Stopping threads took: 0.0000083 seconds
2018-09-07T19:02:34.275+0530: 129.667: Total time for which application threads were stopped: 0.0047575 seconds, Stopping threads took: 0.0046069 seconds
2018-09-07T19:02:34.276+0530: 129.669: Total time for which application threads were stopped: 0.0004819 seconds, Stopping threads took: 0.0001822 seconds
2018-09-07T19:02:34.276+0530: 129.669: Total time for which application threads were stopped: 0.0000876 seconds, Stopping threads took: 0.0000166 seconds
2018-09-07T19:02:34.277+0530: 129.669: Total time for which application threads were stopped: 0.0000972 seconds, Stopping threads took: 0.0000372 seconds
2018-09-07T19:02:35.241+0530: 130.634: Total time for which application threads were stopped: 0.0028582 seconds, Stopping threads took: 0.0002009 seconds
2018-09-07T19:02:35.242+0530: 130.634: Total time for which application threads were stopped: 0.0003346 seconds, Stopping threads took: 0.0000383 seconds
2018-09-07T19:02:35.242+0530: 130.635: Total time for which application threads were stopped: 0.0004232 seconds, Stopping threads took: 0.0000881 seconds
2018-09-07T19:02:35.663+0530: 131.055: Total time for which application threads were stopped: 0.0004692 seconds, Stopping threads took: 0.0000266 seconds
2018-09-07T19:02:36.286+0530: 131.678: Total time for which application threads were stopped: 0.0005880 seconds, Stopping threads took: 0.0000863 seconds
2018-09-07T19:02:36.286+0530: 131.679: Total time for which application threads were stopped: 0.0004597 seconds, Stopping threads took: 0.0000496 seconds
2018-09-07T19:02:36.311+0530: 131.703: Total time for which application threads were stopped: 0.0004345 seconds, Stopping threads took: 0.0000679 seconds
2018-09-07T19:02:37.312+0530: 132.704: Total time for which application threads were stopped: 0.0004246 seconds, Stopping threads took: 0.0000750 seconds
2018-09-07T19:02:37.778+0530: 133.170: Total time for which application threads were stopped: 0.0001297 seconds, Stopping threads took: 0.0000312 seconds
2018-09-07T19:02:37.778+0530: 133.170: Total time for which application threads were stopped: 0.0000838 seconds, Stopping threads took: 0.0000226 seconds
2018-09-07T19:02:37.778+0530: 133.170: Total time for which application threads were stopped: 0.0000816 seconds, Stopping threads took: 0.0000152 seconds
2018-09-07T19:02:37.812+0530: 133.204: Total time for which application threads were stopped: 0.0005366 seconds, Stopping threads took: 0.0001320 seconds
2018-09-07T19:02:37.812+0530: 133.205: Total time for which application threads were stopped: 0.0002817 seconds, Stopping threads took: 0.0000375 seconds
2018-09-07T19:02:37.821+0530: 133.213: Total time for which application threads were stopped: 0.0002671 seconds, Stopping threads took: 0.0000471 seconds
2018-09-07T19:02:37.826+0530: 133.218: Total time for which application threads were stopped: 0.0003137 seconds, Stopping threads took: 0.0000612 seconds
2018-09-07T19:02:37.827+0530: 133.219: Total time for which application threads were stopped: 0.0008903 seconds, Stopping threads took: 0.0000151 seconds
2018-09-07T19:02:37.828+0530: 133.220: Total time for which application threads were stopped: 0.0003099 seconds, Stopping threads took: 0.0000329 seconds
2018-09-07T19:02:37.828+0530: 133.221: Total time for which application threads were stopped: 0.0002956 seconds, Stopping threads took: 0.0000458 seconds
2018-09-07T19:02:37.828+0530: 133.221: Total time for which application threads were stopped: 0.0001546 seconds, Stopping threads took: 0.0000127 seconds
2018-09-07T19:02:37.830+0530: 133.222: Total time for which application threads were stopped: 0.0002998 seconds, Stopping threads took: 0.0000394 seconds
2018-09-07T19:02:37.830+0530: 133.222: Total time for which application threads were stopped: 0.0001855 seconds, Stopping threads took: 0.0000148 seconds
2018-09-07T19:02:37.830+0530: 133.223: Total time for which application threads were stopped: 0.0001525 seconds, Stopping threads took: 0.0000180 seconds
2018-09-07T19:02:37.831+0530: 133.224: Total time for which application threads were stopped: 0.0002710 seconds, Stopping threads took: 0.0000531 seconds
2018-09-07T19:02:37.832+0530: 133.224: Total time for which application threads were stopped: 0.0005813 seconds, Stopping threads took: 0.0000109 seconds
2018-09-07T19:02:37.832+0530: 133.225: Total time for which application threads were stopped: 0.0001704 seconds, Stopping threads took: 0.0000212 seconds
2018-09-07T19:02:37.833+0530: 133.225: Total time for which application threads were stopped: 0.0001662 seconds, Stopping threads took: 0.0000153 seconds
2018-09-07T19:02:37.833+0530: 133.225: Total time for which application threads were stopped: 0.0001853 seconds, Stopping threads took: 0.0000171 seconds
2018-09-07T19:02:38.254+0530: 133.646: Total time for which application threads were stopped: 0.0002052 seconds, Stopping threads took: 0.0000417 seconds
2018-09-07T19:02:38.352+0530: 133.745: Total time for which application threads were stopped: 0.0002349 seconds, Stopping threads took: 0.0000513 seconds
2018-09-07T19:02:38.353+0530: 133.745: Total time for which application threads were stopped: 0.0001685 seconds, Stopping threads took: 0.0000226 seconds
2018-09-07T19:02:38.355+0530: 133.747: Total time for which application threads were stopped: 0.0001817 seconds, Stopping threads took: 0.0000282 seconds
2018-09-07T19:02:38.355+0530: 133.747: Total time for which application threads were stopped: 0.0001268 seconds, Stopping threads took: 0.0000174 seconds
2018-09-07T19:02:38.355+0530: 133.747: Total time for which application threads were stopped: 0.0001180 seconds, Stopping threads took: 0.0000093 seconds
2018-09-07T19:02:38.355+0530: 133.748: Total time for which application threads were stopped: 0.0000865 seconds, Stopping threads took: 0.0000099 seconds
2018-09-07T19:02:38.456+0530: 133.848: Total time for which application threads were stopped: 0.0002618 seconds, Stopping threads took: 0.0000663 seconds
2018-09-07T19:02:38.456+0530: 133.849: Total time for which application threads were stopped: 0.0002494 seconds, Stopping threads took: 0.0000559 seconds
2018-09-07T19:02:38.509+0530: 133.901: Total time for which application threads were stopped: 0.0002137 seconds, Stopping threads took: 0.0000521 seconds
2018-09-07T19:02:38.767+0530: 134.159: Total time for which application threads were stopped: 0.0005639 seconds, Stopping threads took: 0.0000827 seconds
2018-09-07T19:02:38.872+0530: 134.265: Total time for which application threads were stopped: 0.0005911 seconds, Stopping threads took: 0.0000834 seconds
2018-09-07T19:02:38.874+0530: 134.266: Total time for which application threads were stopped: 0.0004935 seconds, Stopping threads took: 0.0001341 seconds
2018-09-07T19:02:38.896+0530: 134.288: Total time for which application threads were stopped: 0.0008551 seconds, Stopping threads took: 0.0002707 seconds
2018-09-07T19:02:38.897+0530: 134.289: Total time for which application threads were stopped: 0.0005201 seconds, Stopping threads took: 0.0000899 seconds
2018-09-07T19:02:38.904+0530: 134.296: Total time for which application threads were stopped: 0.0070285 seconds, Stopping threads took: 0.0066117 seconds
2018-09-07T19:02:38.907+0530: 134.299: Total time for which application threads were stopped: 0.0006683 seconds, Stopping threads took: 0.0001744 seconds
2018-09-07T19:02:38.911+0530: 134.303: Total time for which application threads were stopped: 0.0005206 seconds, Stopping threads took: 0.0000675 seconds
2018-09-07T19:02:38.911+0530: 134.304: Total time for which application threads were stopped: 0.0003867 seconds, Stopping threads took: 0.0000350 seconds
2018-09-07T19:02:39.021+0530: 134.413: Total time for which application threads were stopped: 0.0002592 seconds, Stopping threads took: 0.0000490 seconds
2018-09-07T19:02:39.136+0530: 134.529: Total time for which application threads were stopped: 0.0002084 seconds, Stopping threads took: 0.0000537 seconds
2018-09-07T19:02:39.137+0530: 134.530: Total time for which application threads were stopped: 0.0001657 seconds, Stopping threads took: 0.0000325 seconds
2018-09-07T19:02:39.138+0530: 134.531: Total time for which application threads were stopped: 0.0002263 seconds, Stopping threads took: 0.0000561 seconds
2018-09-07T19:02:39.148+0530: 134.540: Total time for which application threads were stopped: 0.0035095 seconds, Stopping threads took: 0.0031545 seconds
2018-09-07T19:02:39.152+0530: 134.544: Total time for which application threads were stopped: 0.0002765 seconds, Stopping threads took: 0.0000683 seconds
2018-09-07T19:02:39.152+0530: 134.544: Total time for which application threads were stopped: 0.0001592 seconds, Stopping threads took: 0.0000170 seconds
2018-09-07T19:02:39.163+0530: 134.556: Total time for which application threads were stopped: 0.0002522 seconds, Stopping threads took: 0.0000570 seconds
2018-09-07T19:02:39.273+0530: 134.665: Total time for which application threads were stopped: 0.0001698 seconds, Stopping threads took: 0.0000288 seconds
2018-09-07T19:02:39.362+0530: 134.755: Total time for which application threads were stopped: 0.0002111 seconds, Stopping threads took: 0.0000414 seconds
2018-09-07T19:02:39.591+0530: 134.983: Total time for which application threads were stopped: 0.0008275 seconds, Stopping threads took: 0.0004239 seconds
2018-09-07T19:02:39.594+0530: 134.987: Total time for which application threads were stopped: 0.0004465 seconds, Stopping threads took: 0.0000860 seconds
2018-09-07T19:02:39.631+0530: 135.023: Total time for which application threads were stopped: 0.0013537 seconds, Stopping threads took: 0.0000973 seconds
2018-09-07T19:02:39.659+0530: 135.051: Total time for which application threads were stopped: 0.0006967 seconds, Stopping threads took: 0.0001674 seconds
{Heap before GC invocations=4 (full 1):
 par new generation   total 109248K, used 106253K [0x00000000e0000000, 0x00000000e8000000, 0x00000000e8000000)
  eden space 87424K, 100% used [0x00000000e0000000, 0x00000000e5560000, 0x00000000e5560000)
  from space 21824K,  86% used [0x00000000e5560000, 0x00000000e67c34b8, 0x00000000e6ab0000)
  to   space 21824K,   0% used [0x00000000e6ab0000, 0x00000000e6ab0000, 0x00000000e8000000)
 concurrent mark-sweep generation total 393216K, used 0K [0x00000000e8000000, 0x0000000100000000, 0x0000000100000000)
 Metaspace       used 34748K, capacity 35906K, committed 36092K, reserved 1081344K
  class space    used 4216K, capacity 4533K, committed 4604K, reserved 1048576K
2018-09-07T19:02:39.760+0530: 135.152: [GC (Allocation Failure) 2018-09-07T19:02:39.779+0530: 135.171: [ParNew
Desired survivor size 20112992 bytes, new threshold 8 (max 8)
- age   1:    6635776 bytes,    6635776 total
- age   2:    1838904 bytes,    8474680 total
- age   3:    2105264 bytes,   10579944 total
- age   4:    2970832 bytes,   13550776 total
- age   5:    5001880 bytes,   18552656 total
: 106253K->21824K(109248K), 0.0829941 secs] 106253K->21881K(502464K), 0.1019765 secs] [Times: user=0.25 sys=0.01, real=0.10 secs] 
Heap after GC invocations=5 (full 1):
 par new generation   total 109248K, used 21824K [0x00000000e0000000, 0x00000000e8000000, 0x00000000e8000000)
  eden space 87424K,   0% used [0x00000000e0000000, 0x00000000e0000000, 0x00000000e5560000)
  from space 21824K, 100% used [0x00000000e6ab0000, 0x00000000e8000000, 0x00000000e8000000)
  to   space 21824K,   0% used [0x00000000e5560000, 0x00000000e5560000, 0x00000000e6ab0000)
 concurrent mark-sweep generation total 393216K, used 57K [0x00000000e8000000, 0x0000000100000000, 0x0000000100000000)
 Metaspace       used 34748K, capacity 35906K, committed 36092K, reserved 1081344K
  class space    used 4216K, capacity 4533K, committed 4604K, reserved 1048576K
}
2018-09-07T19:02:39.863+0530: 135.255: Total time for which application threads were stopped: 0.1035998 seconds, Stopping threads took: 0.0002620 seconds
2018-09-07T19:02:39.871+0530: 135.263: Total time for which application threads were stopped: 0.0009355 seconds, Stopping threads took: 0.0004060 seconds
2018-09-07T19:02:39.875+0530: 135.267: Total time for which application threads were stopped: 0.0024297 seconds, Stopping threads took: 0.0019240 seconds
2018-09-07T19:02:39.934+0530: 135.326: Total time for which application threads were stopped: 0.0002360 seconds, Stopping threads took: 0.0000397 seconds
2018-09-07T19:02:39.936+0530: 135.329: Total time for which application threads were stopped: 0.0013143 seconds, Stopping threads took: 0.0011928 seconds
2018-09-07T19:02:40.069+0530: 135.461: Total time for which application threads were stopped: 0.0007696 seconds, Stopping threads took: 0.0003314 seconds
2018-09-07T19:02:40.379+0530: 135.772: Total time for which application threads were stopped: 0.0002555 seconds, Stopping threads took: 0.0000626 seconds
2018-09-07T19:02:40.557+0530: 135.949: Total time for which application threads were stopped: 0.0015473 seconds, Stopping threads took: 0.0000731 seconds
2018-09-07T19:02:40.799+0530: 136.192: Total time for which application threads were stopped: 0.0006838 seconds, Stopping threads took: 0.0000373 seconds
2018-09-07T19:02:41.109+0530: 136.502: Total time for which application threads were stopped: 0.0001835 seconds, Stopping threads took: 0.0000451 seconds
2018-09-07T19:02:41.151+0530: 136.543: Total time for which application threads were stopped: 0.0031067 seconds, Stopping threads took: 0.0020981 seconds
{Heap before GC invocations=5 (full 1):
 par new generation   total 109248K, used 109248K [0x00000000e0000000, 0x00000000e8000000, 0x00000000e8000000)
  eden space 87424K, 100% used [0x00000000e0000000, 0x00000000e5560000, 0x00000000e5560000)
  from space 21824K, 100% used [0x00000000e6ab0000, 0x00000000e8000000, 0x00000000e8000000)
  to   space 21824K,   0% used [0x00000000e5560000, 0x00000000e5560000, 0x00000000e6ab0000)
 concurrent mark-sweep generation total 393216K, used 57K [0x00000000e8000000, 0x0000000100000000, 0x0000000100000000)
 Metaspace       used 35828K, capacity 36984K, committed 37244K, reserved 1081344K
  class space    used 4327K, capacity 4640K, committed 4732K, reserved 1048576K
2018-09-07T19:02:41.450+0530: 136.843: [GC (Allocation Failure) 2018-09-07T19:02:41.450+0530: 136.843: [ParNew
Desired survivor size 20112992 bytes, new threshold 8 (max 8)
- age   1:    2415064 bytes,    2415064 total
- age   2:    3318856 bytes,    5733920 total
- age   3:    1838776 bytes,    7572696 total
- age   4:    2098216 bytes,    9670912 total
- age   5:    2970488 bytes,   12641400 total
- age   6:    5001968 bytes,   17643368 total
: 109248K->21824K(109248K), 0.0237357 secs] 109305K->21927K(502464K), 0.0240507 secs] [Times: user=0.09 sys=0.00, real=0.02 secs] 
Heap after GC invocations=6 (full 1):
 par new generation   total 109248K, used 21824K [0x00000000e0000000, 0x00000000e8000000, 0x00000000e8000000)
  eden space 87424K,   0% used [0x00000000e0000000, 0x00000000e0000000, 0x00000000e5560000)
  from space 21824K, 100% used [0x00000000e5560000, 0x00000000e6ab0000, 0x00000000e6ab0000)
  to   space 21824K,   0% used [0x00000000e6ab0000, 0x00000000e6ab0000, 0x00000000e8000000)
 concurrent mark-sweep generation total 393216K, used 103K [0x00000000e8000000, 0x0000000100000000, 0x0000000100000000)
 Metaspace       used 35828K, capacity 36984K, committed 37244K, reserved 1081344K
  class space    used 4327K, capacity 4640K, committed 4732K, reserved 1048576K
}
2018-09-07T19:02:41.474+0530: 136.867: Total time for which application threads were stopped: 0.0244467 seconds, Stopping threads took: 0.0000638 seconds
2018-09-07T19:02:41.475+0530: 136.868: Total time for which application threads were stopped: 0.0003437 seconds, Stopping threads took: 0.0001396 seconds
2018-09-07T19:02:41.479+0530: 136.871: Total time for which application threads were stopped: 0.0021116 seconds, Stopping threads took: 0.0019005 seconds
2018-09-07T19:02:41.558+0530: 136.950: Total time for which application threads were stopped: 0.0002761 seconds, Stopping threads took: 0.0000474 seconds
2018-09-07T19:02:41.558+0530: 136.951: Total time for which application threads were stopped: 0.0001801 seconds, Stopping threads took: 0.0000293 seconds
2018-09-07T19:02:41.559+0530: 136.951: Total time for which application threads were stopped: 0.0001582 seconds, Stopping threads took: 0.0000258 seconds
2018-09-07T19:02:41.571+0530: 136.963: Total time for which application threads were stopped: 0.0003443 seconds, Stopping threads took: 0.0001459 seconds
2018-09-07T19:02:41.619+0530: 137.011: Total time for which application threads were stopped: 0.0001997 seconds, Stopping threads took: 0.0000400 seconds
2018-09-07T19:02:41.619+0530: 137.011: Total time for which application threads were stopped: 0.0001064 seconds, Stopping threads took: 0.0000214 seconds
2018-09-07T19:02:41.619+0530: 137.011: Total time for which application threads were stopped: 0.0000786 seconds, Stopping threads took: 0.0000125 seconds
{Heap before GC invocations=6 (full 1):
 par new generation   total 109248K, used 109248K [0x00000000e0000000, 0x00000000e8000000, 0x00000000e8000000)
  eden space 87424K, 100% used [0x00000000e0000000, 0x00000000e5560000, 0x00000000e5560000)
  from space 21824K, 100% used [0x00000000e5560000, 0x00000000e6ab0000, 0x00000000e6ab0000)
  to   space 21824K,   0% used [0x00000000e6ab0000, 0x00000000e6ab0000, 0x00000000e8000000)
 concurrent mark-sweep generation total 393216K, used 103K [0x00000000e8000000, 0x0000000100000000, 0x0000000100000000)
 Metaspace       used 36129K, capacity 37302K, committed 37500K, reserved 1081344K
  class space    used 4366K, capacity 4677K, committed 4732K, reserved 1048576K
2018-09-07T19:02:41.630+0530: 137.022: [GC (Allocation Failure) 2018-09-07T19:02:41.630+0530: 137.022: [ParNew
Desired survivor size 20112992 bytes, new threshold 8 (max 8)
- age   1:     597192 bytes,     597192 total
- age   2:    1762160 bytes,    2359352 total
- age   3:    3295216 bytes,    5654568 total
- age   4:    1838776 bytes,    7493344 total
- age   5:    2098200 bytes,    9591544 total
- age   6:    2970344 bytes,   12561888 total
- age   7:    4988520 bytes,   17550408 total
: 109248K->21824K(109248K), 0.0144926 secs] 109351K->21949K(502464K), 0.0147833 secs] [Times: user=0.05 sys=0.01, real=0.02 secs] 
Heap after GC invocations=7 (full 1):
 par new generation   total 109248K, used 21824K [0x00000000e0000000, 0x00000000e8000000, 0x00000000e8000000)
  eden space 87424K,   0% used [0x00000000e0000000, 0x00000000e0000000, 0x00000000e5560000)
  from space 21824K, 100% used [0x00000000e6ab0000, 0x00000000e8000000, 0x00000000e8000000)
  to   space 21824K,   0% used [0x00000000e5560000, 0x00000000e5560000, 0x00000000e6ab0000)
 concurrent mark-sweep generation total 393216K, used 125K [0x00000000e8000000, 0x0000000100000000, 0x0000000100000000)
 Metaspace       used 36129K, capacity 37302K, committed 37500K, reserved 1081344K
  class space    used 4366K, capacity 4677K, committed 4732K, reserved 1048576K
}
2018-09-07T19:02:41.645+0530: 137.037: Total time for which application threads were stopped: 0.0150888 seconds, Stopping threads took: 0.0000587 seconds
2018-09-07T19:02:41.676+0530: 137.068: Total time for which application threads were stopped: 0.0001668 seconds, Stopping threads took: 0.0000395 seconds
2018-09-07T19:02:41.698+0530: 137.090: Total time for which application threads were stopped: 0.0001439 seconds, Stopping threads took: 0.0000356 seconds
2018-09-07T19:02:41.698+0530: 137.090: Total time for which application threads were stopped: 0.0000845 seconds, Stopping threads took: 0.0000158 seconds
2018-09-07T19:02:41.698+0530: 137.091: Total time for which application threads were stopped: 0.0001137 seconds, Stopping threads took: 0.0000295 seconds
2018-09-07T19:02:41.725+0530: 137.117: Total time for which application threads were stopped: 0.0001629 seconds, Stopping threads took: 0.0000245 seconds
2018-09-07T19:02:41.726+0530: 137.119: Total time for which application threads were stopped: 0.0001865 seconds, Stopping threads took: 0.0000413 seconds
2018-09-07T19:02:41.747+0530: 137.140: Total time for which application threads were stopped: 0.0001324 seconds, Stopping threads took: 0.0000344 seconds
2018-09-07T19:02:41.747+0530: 137.140: Total time for which application threads were stopped: 0.0000889 seconds, Stopping threads took: 0.0000188 seconds
2018-09-07T19:02:41.748+0530: 137.140: Total time for which application threads were stopped: 0.0001206 seconds, Stopping threads took: 0.0000668 seconds
2018-09-07T19:02:41.748+0530: 137.140: Total time for which application threads were stopped: 0.0000589 seconds, Stopping threads took: 0.0000121 seconds
2018-09-07T19:02:41.748+0530: 137.140: Total time for which application threads were stopped: 0.0000763 seconds, Stopping threads took: 0.0000222 seconds
2018-09-07T19:02:41.751+0530: 137.144: Total time for which application threads were stopped: 0.0001608 seconds, Stopping threads took: 0.0000340 seconds
2018-09-07T19:02:41.751+0530: 137.144: Total time for which application threads were stopped: 0.0000763 seconds, Stopping threads took: 0.0000120 seconds
2018-09-07T19:02:41.752+0530: 137.144: Total time for which application threads were stopped: 0.0000588 seconds, Stopping threads took: 0.0000104 seconds
2018-09-07T19:02:41.753+0530: 137.145: Total time for which application threads were stopped: 0.0001065 seconds, Stopping threads took: 0.0000211 seconds
2018-09-07T19:02:41.753+0530: 137.146: Total time for which application threads were stopped: 0.0003622 seconds, Stopping threads took: 0.0000166 seconds
{Heap before GC invocations=7 (full 1):
 par new generation   total 109248K, used 109240K [0x00000000e0000000, 0x00000000e8000000, 0x00000000e8000000)
  eden space 87424K,  99% used [0x00000000e0000000, 0x00000000e555e158, 0x00000000e5560000)
  from space 21824K, 100% used [0x00000000e6ab0000, 0x00000000e8000000, 0x00000000e8000000)
  to   space 21824K,   0% used [0x00000000e5560000, 0x00000000e5560000, 0x00000000e6ab0000)
 concurrent mark-sweep generation total 393216K, used 125K [0x00000000e8000000, 0x0000000100000000, 0x0000000100000000)
 Metaspace       used 36615K, capacity 37800K, committed 38140K, reserved 1083392K
  class space    used 4436K, capacity 4776K, committed 4860K, reserved 1048576K
2018-09-07T19:02:42.095+0530: 137.488: [GC (Allocation Failure) 2018-09-07T19:02:42.096+0530: 137.488: [ParNew
Desired survivor size 20112992 bytes, new threshold 8 (max 8)
- age   1:     843152 bytes,     843152 total
- age   2:     201272 bytes,    1044424 total
- age   3:    1761504 bytes,    2805928 total
- age   4:    3294800 bytes,    6100728 total
- age   5:    1838416 bytes,    7939144 total
- age   6:    2097992 bytes,   10037136 total
- age   7:    2969976 bytes,   13007112 total
- age   8:    4986480 bytes,   17993592 total
: 109240K->21824K(109248K), 0.0217326 secs] 109366K->21958K(502464K), 0.0221432 secs] [Times: user=0.06 sys=0.00, real=0.03 secs] 
Heap after GC invocations=8 (full 1):
 par new generation   total 109248K, used 21824K [0x00000000e0000000, 0x00000000e8000000, 0x00000000e8000000)
  eden space 87424K,   0% used [0x00000000e0000000, 0x00000000e0000000, 0x00000000e5560000)
  from space 21824K, 100% used [0x00000000e5560000, 0x00000000e6ab0000, 0x00000000e6ab0000)
  to   space 21824K,   0% used [0x00000000e6ab0000, 0x00000000e6ab0000, 0x00000000e8000000)
 concurrent mark-sweep generation total 393216K, used 134K [0x00000000e8000000, 0x0000000100000000, 0x0000000100000000)
 Metaspace       used 36615K, capacity 37800K, committed 38140K, reserved 1083392K
  class space    used 4436K, capacity 4776K, committed 4860K, reserved 1048576K
}
2018-09-07T19:02:42.118+0530: 137.510: Total time for which application threads were stopped: 0.0225847 seconds, Stopping threads took: 0.0000688 seconds
2018-09-07T19:02:42.568+0530: 137.961: Total time for which application threads were stopped: 0.0006135 seconds, Stopping threads took: 0.0000728 seconds
2018-09-07T19:02:42.569+0530: 137.961: Total time for which application threads were stopped: 0.0004916 seconds, Stopping threads took: 0.0000557 seconds
2018-09-07T19:02:42.570+0530: 137.962: Total time for which application threads were stopped: 0.0004310 seconds, Stopping threads took: 0.0000523 seconds
{Heap before GC invocations=8 (full 1):
 par new generation   total 109248K, used 109248K [0x00000000e0000000, 0x00000000e8000000, 0x00000000e8000000)
  eden space 87424K, 100% used [0x00000000e0000000, 0x00000000e5560000, 0x00000000e5560000)
  from space 21824K, 100% used [0x00000000e5560000, 0x00000000e6ab0000, 0x00000000e6ab0000)
  to   space 21824K,   0% used [0x00000000e6ab0000, 0x00000000e6ab0000, 0x00000000e8000000)
 concurrent mark-sweep generation total 393216K, used 134K [0x00000000e8000000, 0x0000000100000000, 0x0000000100000000)
 Metaspace       used 36791K, capacity 37998K, committed 38396K, reserved 1083392K
  class space    used 4459K, capacity 4777K, committed 4860K, reserved 1048576K
2018-09-07T19:02:42.682+0530: 138.074: [GC (Allocation Failure) 2018-09-07T19:02:42.699+0530: 138.091: [ParNew
Desired survivor size 20112992 bytes, new threshold 8 (max 8)
- age   1:     489728 bytes,     489728 total
- age   2:     277736 bytes,     767464 total
- age   3:     200728 bytes,     968192 total
- age   4:    1761328 bytes,    2729520 total
- age   5:    3294392 bytes,    6023912 total
- age   6:    1838416 bytes,    7862328 total
- age   7:    2098072 bytes,    9960400 total
- age   8:    2970096 bytes,   12930496 total
: 109248K->21824K(109248K), 0.0374779 secs] 109382K->27320K(502464K), 0.0546366 secs] [Times: user=0.12 sys=0.01, real=0.06 secs] 
Heap after GC invocations=9 (full 1):
 par new generation   total 109248K, used 21824K [0x00000000e0000000, 0x00000000e8000000, 0x00000000e8000000)
  eden space 87424K,   0% used [0x00000000e0000000, 0x00000000e0000000, 0x00000000e5560000)
  from space 21824K, 100% used [0x00000000e6ab0000, 0x00000000e8000000, 0x00000000e8000000)
  to   space 21824K,   0% used [0x00000000e5560000, 0x00000000e5560000, 0x00000000e6ab0000)
 concurrent mark-sweep generation total 393216K, used 5496K [0x00000000e8000000, 0x0000000100000000, 0x0000000100000000)
 Metaspace       used 36791K, capacity 37998K, committed 38396K, reserved 1083392K
  class space    used 4459K, capacity 4777K, committed 4860K, reserved 1048576K
}
2018-09-07T19:02:42.736+0530: 138.129: Total time for which application threads were stopped: 0.0550108 seconds, Stopping threads took: 0.0000586 seconds
2018-09-07T19:02:42.758+0530: 138.150: Total time for which application threads were stopped: 0.0003384 seconds, Stopping threads took: 0.0000460 seconds
2018-09-07T19:02:42.758+0530: 138.150: Total time for which application threads were stopped: 0.0002979 seconds, Stopping threads took: 0.0000344 seconds
2018-09-07T19:02:42.758+0530: 138.151: Total time for which application threads were stopped: 0.0002696 seconds, Stopping threads took: 0.0000388 seconds
2018-09-07T19:02:42.759+0530: 138.151: Total time for which application threads were stopped: 0.0002390 seconds, Stopping threads took: 0.0000263 seconds
2018-09-07T19:02:42.762+0530: 138.154: Total time for which application threads were stopped: 0.0003312 seconds, Stopping threads took: 0.0000606 seconds
2018-09-07T19:02:42.762+0530: 138.155: Total time for which application threads were stopped: 0.0007164 seconds, Stopping threads took: 0.0004398 seconds
2018-09-07T19:02:42.808+0530: 138.200: Total time for which application threads were stopped: 0.0002480 seconds, Stopping threads took: 0.0000378 seconds
2018-09-07T19:02:42.808+0530: 138.200: Total time for which application threads were stopped: 0.0001816 seconds, Stopping threads took: 0.0000211 seconds
2018-09-07T19:02:42.808+0530: 138.201: Total time for which application threads were stopped: 0.0002041 seconds, Stopping threads took: 0.0001076 seconds
2018-09-07T19:02:43.216+0530: 138.609: Total time for which application threads were stopped: 0.0003109 seconds, Stopping threads took: 0.0001239 seconds
2018-09-07T19:02:43.216+0530: 138.609: Total time for which application threads were stopped: 0.0001249 seconds, Stopping threads took: 0.0000151 seconds
2018-09-07T19:02:43.276+0530: 138.669: Total time for which application threads were stopped: 0.0015562 seconds, Stopping threads took: 0.0013995 seconds
2018-09-07T19:02:43.278+0530: 138.670: Total time for which application threads were stopped: 0.0003398 seconds, Stopping threads took: 0.0001264 seconds
2018-09-07T19:02:43.463+0530: 138.855: Total time for which application threads were stopped: 0.0002520 seconds, Stopping threads took: 0.0000601 seconds
2018-09-07T19:02:43.870+0530: 139.262: Total time for which application threads were stopped: 0.0005967 seconds, Stopping threads took: 0.0000564 seconds
2018-09-07T19:02:44.198+0530: 139.590: Total time for which application threads were stopped: 0.0007642 seconds, Stopping threads took: 0.0000348 seconds
2018-09-07T19:02:44.424+0530: 139.816: Total time for which application threads were stopped: 0.0008082 seconds, Stopping threads took: 0.0000476 seconds
2018-09-07T19:02:44.447+0530: 139.839: Total time for which application threads were stopped: 0.0011927 seconds, Stopping threads took: 0.0010398 seconds
2018-09-07T19:02:44.463+0530: 139.855: Total time for which application threads were stopped: 0.0001958 seconds, Stopping threads took: 0.0000480 seconds
2018-09-07T19:02:44.728+0530: 140.120: Total time for which application threads were stopped: 0.0002110 seconds, Stopping threads took: 0.0000468 seconds
2018-09-07T19:02:44.729+0530: 140.121: Total time for which application threads were stopped: 0.0002090 seconds, Stopping threads took: 0.0000485 seconds
2018-09-07T19:02:44.730+0530: 140.122: Total time for which application threads were stopped: 0.0001941 seconds, Stopping threads took: 0.0000481 seconds
2018-09-07T19:02:44.730+0530: 140.122: Total time for which application threads were stopped: 0.0001314 seconds, Stopping threads took: 0.0000265 seconds
2018-09-07T19:02:44.734+0530: 140.126: Total time for which application threads were stopped: 0.0002340 seconds, Stopping threads took: 0.0000592 seconds
2018-09-07T19:02:44.734+0530: 140.127: Total time for which application threads were stopped: 0.0002023 seconds, Stopping threads took: 0.0000472 seconds
{Heap before GC invocations=9 (full 1):
 par new generation   total 109248K, used 109248K [0x00000000e0000000, 0x00000000e8000000, 0x00000000e8000000)
  eden space 87424K, 100% used [0x00000000e0000000, 0x00000000e5560000, 0x00000000e5560000)
  from space 21824K, 100% used [0x00000000e6ab0000, 0x00000000e8000000, 0x00000000e8000000)
  to   space 21824K,   0% used [0x00000000e5560000, 0x00000000e5560000, 0x00000000e6ab0000)
 concurrent mark-sweep generation total 393216K, used 5496K [0x00000000e8000000, 0x0000000100000000, 0x0000000100000000)
 Metaspace       used 40063K, capacity 41374K, committed 41596K, reserved 1085440K
  class space    used 4885K, capacity 5225K, committed 5244K, reserved 1048576K
2018-09-07T19:02:44.869+0530: 140.261: [GC (Allocation Failure) 2018-09-07T19:02:44.869+0530: 140.261: [ParNew
Desired survivor size 20112992 bytes, new threshold 8 (max 8)
- age   1:    4332024 bytes,    4332024 total
- age   2:     109904 bytes,    4441928 total
- age   3:     269408 bytes,    4711336 total
- age   4:     199488 bytes,    4910824 total
- age   5:     325160 bytes,    5235984 total
- age   6:    3275568 bytes,    8511552 total
- age   7:    1809560 bytes,   10321112 total
- age   8:    2095896 bytes,   12417008 total
: 109248K->16924K(109248K), 0.0290097 secs] 114744K->25444K(502464K), 0.0293130 secs] [Times: user=0.09 sys=0.00, real=0.03 secs] 
Heap after GC invocations=10 (full 1):
 par new generation   total 109248K, used 16924K [0x00000000e0000000, 0x00000000e8000000, 0x00000000e8000000)
  eden space 87424K,   0% used [0x00000000e0000000, 0x00000000e0000000, 0x00000000e5560000)
  from space 21824K,  77% used [0x00000000e5560000, 0x00000000e65e7200, 0x00000000e6ab0000)
  to   space 21824K,   0% used [0x00000000e6ab0000, 0x00000000e6ab0000, 0x00000000e8000000)
 concurrent mark-sweep generation total 393216K, used 8519K [0x00000000e8000000, 0x0000000100000000, 0x0000000100000000)
 Metaspace       used 40063K, capacity 41374K, committed 41596K, reserved 1085440K
  class space    used 4885K, capacity 5225K, committed 5244K, reserved 1048576K
}
2018-09-07T19:02:44.898+0530: 140.291: Total time for which application threads were stopped: 0.0296759 seconds, Stopping threads took: 0.0000456 seconds
2018-09-07T19:02:45.146+0530: 140.538: Total time for which application threads were stopped: 0.0006443 seconds, Stopping threads took: 0.0000279 seconds
2018-09-07T19:02:45.400+0530: 140.792: Total time for which application threads were stopped: 0.0002782 seconds, Stopping threads took: 0.0000684 seconds
2018-09-07T19:02:45.498+0530: 140.890: Total time for which application threads were stopped: 0.0003742 seconds, Stopping threads took: 0.0000595 seconds
2018-09-07T19:02:45.508+0530: 140.901: Total time for which application threads were stopped: 0.0005990 seconds, Stopping threads took: 0.0001406 seconds
2018-09-07T19:02:45.509+0530: 140.901: Total time for which application threads were stopped: 0.0004821 seconds, Stopping threads took: 0.0001149 seconds
2018-09-07T19:02:45.510+0530: 140.902: Total time for which application threads were stopped: 0.0004440 seconds, Stopping threads took: 0.0001372 seconds
2018-09-07T19:02:45.551+0530: 140.943: Total time for which application threads were stopped: 0.0006234 seconds, Stopping threads took: 0.0002288 seconds
2018-09-07T19:02:45.563+0530: 140.955: Total time for which application threads were stopped: 0.0005378 seconds, Stopping threads took: 0.0001701 seconds
2018-09-07T19:02:45.563+0530: 140.956: Total time for which application threads were stopped: 0.0004304 seconds, Stopping threads took: 0.0001162 seconds
2018-09-07T19:02:45.567+0530: 140.959: Total time for which application threads were stopped: 0.0013853 seconds, Stopping threads took: 0.0002804 seconds
{Heap before GC invocations=10 (full 1):
 par new generation   total 109248K, used 104348K [0x00000000e0000000, 0x00000000e8000000, 0x00000000e8000000)
  eden space 87424K, 100% used [0x00000000e0000000, 0x00000000e5560000, 0x00000000e5560000)
  from space 21824K,  77% used [0x00000000e5560000, 0x00000000e65e7200, 0x00000000e6ab0000)
  to   space 21824K,   0% used [0x00000000e6ab0000, 0x00000000e6ab0000, 0x00000000e8000000)
 concurrent mark-sweep generation total 393216K, used 8519K [0x00000000e8000000, 0x0000000100000000, 0x0000000100000000)
 Metaspace       used 41467K, capacity 42914K, committed 43004K, reserved 1087488K
  class space    used 5029K, capacity 5365K, committed 5372K, reserved 1048576K
2018-09-07T19:02:45.750+0530: 141.142: [GC (Allocation Failure) 2018-09-07T19:02:45.750+0530: 141.142: [ParNew
Desired survivor size 20112992 bytes, new threshold 8 (max 8)
- age   1:    2803632 bytes,    2803632 total
- age   2:    1855592 bytes,    4659224 total
- age   3:     109840 bytes,    4769064 total
- age   4:     268568 bytes,    5037632 total
- age   5:     194304 bytes,    5231936 total
- age   6:     323128 bytes,    5555064 total
- age   7:    3273920 bytes,    8828984 total
- age   8:    1807376 bytes,   10636360 total
: 104348K->14462K(109248K), 0.0213907 secs] 112868K->25040K(502464K), 0.0216950 secs] [Times: user=0.07 sys=0.00, real=0.02 secs] 
Heap after GC invocations=11 (full 1):
 par new generation   total 109248K, used 14462K [0x00000000e0000000, 0x00000000e8000000, 0x00000000e8000000)
  eden space 87424K,   0% used [0x00000000e0000000, 0x00000000e0000000, 0x00000000e5560000)
  from space 21824K,  66% used [0x00000000e6ab0000, 0x00000000e78cf9c0, 0x00000000e8000000)
  to   space 21824K,   0% used [0x00000000e5560000, 0x00000000e5560000, 0x00000000e6ab0000)
 concurrent mark-sweep generation total 393216K, used 10577K [0x00000000e8000000, 0x0000000100000000, 0x0000000100000000)
 Metaspace       used 41467K, capacity 42914K, committed 43004K, reserved 1087488K
  class space    used 5029K, capacity 5365K, committed 5372K, reserved 1048576K
}
2018-09-07T19:02:45.771+0530: 141.164: Total time for which application threads were stopped: 0.0222069 seconds, Stopping threads took: 0.0000546 seconds
2018-09-07T19:02:46.004+0530: 141.396: Total time for which application threads were stopped: 0.0004278 seconds, Stopping threads took: 0.0001477 seconds
2018-09-07T19:02:46.025+0530: 141.417: Total time for which application threads were stopped: 0.0002799 seconds, Stopping threads took: 0.0000391 seconds
2018-09-07T19:02:46.065+0530: 141.457: Total time for which application threads were stopped: 0.0002407 seconds, Stopping threads took: 0.0000522 seconds
2018-09-07T19:02:46.084+0530: 141.476: Total time for which application threads were stopped: 0.0007804 seconds, Stopping threads took: 0.0000577 seconds
2018-09-07T19:02:46.157+0530: 141.550: Total time for which application threads were stopped: 0.0006256 seconds, Stopping threads took: 0.0000334 seconds
2018-09-07T19:02:46.204+0530: 141.596: Total time for which application threads were stopped: 0.0001628 seconds, Stopping threads took: 0.0000355 seconds
2018-09-07T19:02:46.234+0530: 141.626: Total time for which application threads were stopped: 0.0003810 seconds, Stopping threads took: 0.0000461 seconds
2018-09-07T19:02:46.293+0530: 141.686: Total time for which application threads were stopped: 0.0002357 seconds, Stopping threads took: 0.0000858 seconds
2018-09-07T19:02:46.311+0530: 141.704: Total time for which application threads were stopped: 0.0002369 seconds, Stopping threads took: 0.0000579 seconds
2018-09-07T19:02:46.313+0530: 141.705: Total time for which application threads were stopped: 0.0001609 seconds, Stopping threads took: 0.0000413 seconds
2018-09-07T19:02:46.315+0530: 141.707: Total time for which application threads were stopped: 0.0002245 seconds, Stopping threads took: 0.0000723 seconds
2018-09-07T19:02:46.315+0530: 141.707: Total time for which application threads were stopped: 0.0001511 seconds, Stopping threads took: 0.0000346 seconds
2018-09-07T19:02:46.316+0530: 141.709: Total time for which application threads were stopped: 0.0002083 seconds, Stopping threads took: 0.0000761 seconds
2018-09-07T19:02:46.319+0530: 141.711: Total time for which application threads were stopped: 0.0001489 seconds, Stopping threads took: 0.0000265 seconds
2018-09-07T19:02:46.445+0530: 141.838: Total time for which application threads were stopped: 0.0004700 seconds, Stopping threads took: 0.0001554 seconds
2018-09-07T19:02:46.992+0530: 142.385: Total time for which application threads were stopped: 0.0007258 seconds, Stopping threads took: 0.0001937 seconds
2018-09-07T19:02:46.995+0530: 142.388: Total time for which application threads were stopped: 0.0013340 seconds, Stopping threads took: 0.0001607 seconds
2018-09-07T19:02:47.030+0530: 142.422: Total time for which application threads were stopped: 0.0004428 seconds, Stopping threads took: 0.0000712 seconds
2018-09-07T19:02:47.523+0530: 142.915: Total time for which application threads were stopped: 0.0004957 seconds, Stopping threads took: 0.0000739 seconds
2018-09-07T19:02:47.726+0530: 143.119: Total time for which application threads were stopped: 0.0004685 seconds, Stopping threads took: 0.0000675 seconds
2018-09-07T19:02:47.728+0530: 143.120: Total time for which application threads were stopped: 0.0004458 seconds, Stopping threads took: 0.0000824 seconds
2018-09-07T19:02:47.730+0530: 143.123: Total time for which application threads were stopped: 0.0005491 seconds, Stopping threads took: 0.0001490 seconds
2018-09-07T19:02:47.731+0530: 143.124: Total time for which application threads were stopped: 0.0004820 seconds, Stopping threads took: 0.0000922 seconds
2018-09-07T19:02:48.573+0530: 143.965: Total time for which application threads were stopped: 0.0006840 seconds, Stopping threads took: 0.0002580 seconds
2018-09-07T19:02:48.713+0530: 144.106: Total time for which application threads were stopped: 0.0006414 seconds, Stopping threads took: 0.0001704 seconds
2018-09-07T19:02:48.832+0530: 144.225: Total time for which application threads were stopped: 0.0009875 seconds, Stopping threads took: 0.0000910 seconds
2018-09-07T19:02:49.016+0530: 144.409: Total time for which application threads were stopped: 0.0007131 seconds, Stopping threads took: 0.0001787 seconds
2018-09-07T19:02:49.018+0530: 144.410: Total time for which application threads were stopped: 0.0007015 seconds, Stopping threads took: 0.0003256 seconds
2018-09-07T19:02:49.018+0530: 144.411: Total time for which application threads were stopped: 0.0004074 seconds, Stopping threads took: 0.0000955 seconds
2018-09-07T19:02:49.079+0530: 144.471: Total time for which application threads were stopped: 0.0002595 seconds, Stopping threads took: 0.0000610 seconds
2018-09-07T19:02:49.166+0530: 144.559: Total time for which application threads were stopped: 0.0010585 seconds, Stopping threads took: 0.0005035 seconds
2018-09-07T19:02:49.254+0530: 144.646: Total time for which application threads were stopped: 0.0002509 seconds, Stopping threads took: 0.0000408 seconds
2018-09-07T19:02:49.254+0530: 144.647: Total time for which application threads were stopped: 0.0001842 seconds, Stopping threads took: 0.0000241 seconds
2018-09-07T19:02:49.256+0530: 144.648: Total time for which application threads were stopped: 0.0002152 seconds, Stopping threads took: 0.0000324 seconds
2018-09-07T19:02:49.376+0530: 144.769: Total time for which application threads were stopped: 0.0005394 seconds, Stopping threads took: 0.0000755 seconds
2018-09-07T19:02:49.380+0530: 144.772: Total time for which application threads were stopped: 0.0009707 seconds, Stopping threads took: 0.0004704 seconds
2018-09-07T19:02:49.381+0530: 144.774: Total time for which application threads were stopped: 0.0015530 seconds, Stopping threads took: 0.0005216 seconds
2018-09-07T19:02:49.384+0530: 144.777: Total time for which application threads were stopped: 0.0007689 seconds, Stopping threads took: 0.0002736 seconds
2018-09-07T19:02:49.386+0530: 144.778: Total time for which application threads were stopped: 0.0007202 seconds, Stopping threads took: 0.0003553 seconds
2018-09-07T19:02:49.473+0530: 144.865: Total time for which application threads were stopped: 0.0007445 seconds, Stopping threads took: 0.0003644 seconds
2018-09-07T19:02:49.855+0530: 145.247: Total time for which application threads were stopped: 0.0007027 seconds, Stopping threads took: 0.0000838 seconds
2018-09-07T19:02:49.856+0530: 145.248: Total time for which application threads were stopped: 0.0006239 seconds, Stopping threads took: 0.0001834 seconds
2018-09-07T19:02:49.971+0530: 145.364: Total time for which application threads were stopped: 0.0008370 seconds, Stopping threads took: 0.0005102 seconds
2018-09-07T19:02:49.976+0530: 145.369: Total time for which application threads were stopped: 0.0043535 seconds, Stopping threads took: 0.0041354 seconds
2018-09-07T19:02:49.977+0530: 145.369: Total time for which application threads were stopped: 0.0002212 seconds, Stopping threads took: 0.0000422 seconds
2018-09-07T19:02:49.978+0530: 145.370: Total time for which application threads were stopped: 0.0005339 seconds, Stopping threads took: 0.0000484 seconds
2018-09-07T19:02:50.034+0530: 145.427: Total time for which application threads were stopped: 0.0063305 seconds, Stopping threads took: 0.0061102 seconds
2018-09-07T19:02:50.090+0530: 145.482: Total time for which application threads were stopped: 0.0002346 seconds, Stopping threads took: 0.0000380 seconds
{Heap before GC invocations=11 (full 1):
 par new generation   total 109248K, used 101886K [0x00000000e0000000, 0x00000000e8000000, 0x00000000e8000000)
  eden space 87424K, 100% used [0x00000000e0000000, 0x00000000e5560000, 0x00000000e5560000)
  from space 21824K,  66% used [0x00000000e6ab0000, 0x00000000e78cf9c0, 0x00000000e8000000)
  to   space 21824K,   0% used [0x00000000e5560000, 0x00000000e5560000, 0x00000000e6ab0000)
 concurrent mark-sweep generation total 393216K, used 10577K [0x00000000e8000000, 0x0000000100000000, 0x0000000100000000)
 Metaspace       used 44206K, capacity 45936K, committed 46076K, reserved 1089536K
  class space    used 5442K, capacity 5812K, committed 5884K, reserved 1048576K
2018-09-07T19:02:50.162+0530: 145.555: [GC (Allocation Failure) 2018-09-07T19:02:50.162+0530: 145.555: [ParNew
Desired survivor size 20112992 bytes, new threshold 8 (max 8)
- age   1:    8829640 bytes,    8829640 total
- age   2:     957656 bytes,    9787296 total
- age   3:    1842960 bytes,   11630256 total
- age   4:     109808 bytes,   11740064 total
- age   5:     268376 bytes,   12008440 total
- age   6:     193392 bytes,   12201832 total
- age   7:     317456 bytes,   12519288 total
- age   8:    3176240 bytes,   15695528 total
: 101886K->17881K(109248K), 0.0501921 secs] 112464K->30250K(502464K), 0.0505169 secs] [Times: user=0.12 sys=0.00, real=0.05 secs] 
Heap after GC invocations=12 (full 1):
 par new generation   total 109248K, used 17881K [0x00000000e0000000, 0x00000000e8000000, 0x00000000e8000000)
  eden space 87424K,   0% used [0x00000000e0000000, 0x00000000e0000000, 0x00000000e5560000)
  from space 21824K,  81% used [0x00000000e5560000, 0x00000000e66d6738, 0x00000000e6ab0000)
  to   space 21824K,   0% used [0x00000000e6ab0000, 0x00000000e6ab0000, 0x00000000e8000000)
 concurrent mark-sweep generation total 393216K, used 12368K [0x00000000e8000000, 0x0000000100000000, 0x0000000100000000)
 Metaspace       used 44206K, capacity 45936K, committed 46076K, reserved 1089536K
  class space    used 5442K, capacity 5812K, committed 5884K, reserved 1048576K
}
2018-09-07T19:02:50.213+0530: 145.605: Total time for which application threads were stopped: 0.0510675 seconds, Stopping threads took: 0.0000972 seconds
2018-09-07T19:02:50.218+0530: 145.610: Total time for which application threads were stopped: 0.0003146 seconds, Stopping threads took: 0.0001080 seconds
2018-09-07T19:02:50.221+0530: 145.613: Total time for which application threads were stopped: 0.0002251 seconds, Stopping threads took: 0.0000752 seconds
2018-09-07T19:02:50.224+0530: 145.616: Total time for which application threads were stopped: 0.0003010 seconds, Stopping threads took: 0.0001125 seconds
2018-09-07T19:02:50.232+0530: 145.625: Total time for which application threads were stopped: 0.0002783 seconds, Stopping threads took: 0.0000565 seconds
2018-09-07T19:02:50.257+0530: 145.649: Total time for which application threads were stopped: 0.0056557 seconds, Stopping threads took: 0.0054522 seconds
2018-09-07T19:02:50.332+0530: 145.725: Total time for which application threads were stopped: 0.0032924 seconds, Stopping threads took: 0.0030854 seconds
2018-09-07T19:02:50.335+0530: 145.727: Total time for which application threads were stopped: 0.0002778 seconds, Stopping threads took: 0.0000700 seconds
2018-09-07T19:02:50.352+0530: 145.744: Total time for which application threads were stopped: 0.0014437 seconds, Stopping threads took: 0.0012449 seconds
2018-09-07T19:02:50.379+0530: 145.771: Total time for which application threads were stopped: 0.0025647 seconds, Stopping threads took: 0.0022884 seconds
2018-09-07T19:02:50.396+0530: 145.788: Total time for which application threads were stopped: 0.0003848 seconds, Stopping threads took: 0.0001923 seconds
2018-09-07T19:02:50.408+0530: 145.800: Total time for which application threads were stopped: 0.0065520 seconds, Stopping threads took: 0.0063537 seconds
2018-09-07T19:02:50.460+0530: 145.852: Total time for which application threads were stopped: 0.0016865 seconds, Stopping threads took: 0.0014562 seconds
{Heap before GC invocations=12 (full 1):
 par new generation   total 109248K, used 105305K [0x00000000e0000000, 0x00000000e8000000, 0x00000000e8000000)
  eden space 87424K, 100% used [0x00000000e0000000, 0x00000000e5560000, 0x00000000e5560000)
  from space 21824K,  81% used [0x00000000e5560000, 0x00000000e66d6738, 0x00000000e6ab0000)
  to   space 21824K,   0% used [0x00000000e6ab0000, 0x00000000e6ab0000, 0x00000000e8000000)
 concurrent mark-sweep generation total 393216K, used 12368K [0x00000000e8000000, 0x0000000100000000, 0x0000000100000000)
 Metaspace       used 44250K, capacity 45936K, committed 46076K, reserved 1089536K
  class space    used 5442K, capacity 5812K, committed 5884K, reserved 1048576K
2018-09-07T19:02:50.463+0530: 145.855: [GC (Allocation Failure) 2018-09-07T19:02:50.463+0530: 145.855: [ParNew
Desired survivor size 20112992 bytes, new threshold 8 (max 8)
- age   1:    1830648 bytes,    1830648 total
- age   2:    5991776 bytes,    7822424 total
- age   3:     957656 bytes,    8780080 total
- age   4:    1842960 bytes,   10623040 total
- age   5:     109808 bytes,   10732848 total
- age   6:     268376 bytes,   11001224 total
- age   7:     193392 bytes,   11194616 total
- age   8:     317456 bytes,   11512072 total
: 105305K->16089K(109248K), 0.0732505 secs] 117674K->31576K(502464K), 0.0736666 secs] [Times: user=0.07 sys=0.00, real=0.08 secs] 
Heap after GC invocations=13 (full 1):
 par new generation   total 109248K, used 16089K [0x00000000e0000000, 0x00000000e8000000, 0x00000000e8000000)
  eden space 87424K,   0% used [0x00000000e0000000, 0x00000000e0000000, 0x00000000e5560000)
  from space 21824K,  73% used [0x00000000e6ab0000, 0x00000000e7a66490, 0x00000000e8000000)
  to   space 21824K,   0% used [0x00000000e5560000, 0x00000000e5560000, 0x00000000e6ab0000)
 concurrent mark-sweep generation total 393216K, used 15487K [0x00000000e8000000, 0x0000000100000000, 0x0000000100000000)
 Metaspace       used 44250K, capacity 45936K, committed 46076K, reserved 1089536K
  class space    used 5442K, capacity 5812K, committed 5884K, reserved 1048576K
}
2018-09-07T19:02:50.537+0530: 145.929: Total time for which application threads were stopped: 0.0740757 seconds, Stopping threads took: 0.0000410 seconds
2018-09-07T19:02:50.553+0530: 145.945: Total time for which application threads were stopped: 0.0145035 seconds, Stopping threads took: 0.0142387 seconds
2018-09-07T19:02:50.589+0530: 145.981: Total time for which application threads were stopped: 0.0055260 seconds, Stopping threads took: 0.0044534 seconds
{Heap before GC invocations=13 (full 1):
 par new generation   total 109248K, used 103513K [0x00000000e0000000, 0x00000000e8000000, 0x00000000e8000000)
  eden space 87424K, 100% used [0x00000000e0000000, 0x00000000e5560000, 0x00000000e5560000)
  from space 21824K,  73% used [0x00000000e6ab0000, 0x00000000e7a66490, 0x00000000e8000000)
  to   space 21824K,   0% used [0x00000000e5560000, 0x00000000e5560000, 0x00000000e6ab0000)
 concurrent mark-sweep generation total 393216K, used 15487K [0x00000000e8000000, 0x0000000100000000, 0x0000000100000000)
 Metaspace       used 44281K, capacity 45954K, committed 46076K, reserved 1089536K
  class space    used 5444K, capacity 5815K, committed 5884K, reserved 1048576K
2018-09-07T19:02:50.727+0530: 146.119: [GC (Allocation Failure) 2018-09-07T19:02:50.727+0530: 146.119: [ParNew
Desired survivor size 20112992 bytes, new threshold 8 (max 8)
- age   1:    1467992 bytes,    1467992 total
- age   2:    1574608 bytes,    3042600 total
- age   3:    5978992 bytes,    9021592 total
- age   4:     957656 bytes,    9979248 total
- age   5:    1842960 bytes,   11822208 total
- age   6:     109808 bytes,   11932016 total
- age   7:     268376 bytes,   12200392 total
- age   8:     193080 bytes,   12393472 total
: 103513K->16725K(109248K), 0.0464621 secs] 119000K->32529K(502464K), 0.0468655 secs] [Times: user=0.05 sys=0.00, real=0.04 secs] 
Heap after GC invocations=14 (full 1):
 par new generation   total 109248K, used 16725K [0x00000000e0000000, 0x00000000e8000000, 0x00000000e8000000)
  eden space 87424K,   0% used [0x00000000e0000000, 0x00000000e0000000, 0x00000000e5560000)
  from space 21824K,  76% used [0x00000000e5560000, 0x00000000e65b56a0, 0x00000000e6ab0000)
  to   space 21824K,   0% used [0x00000000e6ab0000, 0x00000000e6ab0000, 0x00000000e8000000)
 concurrent mark-sweep generation total 393216K, used 15803K [0x00000000e8000000, 0x0000000100000000, 0x0000000100000000)
 Metaspace       used 44281K, capacity 45954K, committed 46076K, reserved 1089536K
  class space    used 5444K, capacity 5815K, committed 5884K, reserved 1048576K
}
2018-09-07T19:02:50.774+0530: 146.166: Total time for which application threads were stopped: 0.0526577 seconds, Stopping threads took: 0.0053549 seconds
{Heap before GC invocations=14 (full 1):
 par new generation   total 109248K, used 104149K [0x00000000e0000000, 0x00000000e8000000, 0x00000000e8000000)
  eden space 87424K, 100% used [0x00000000e0000000, 0x00000000e5560000, 0x00000000e5560000)
  from space 21824K,  76% used [0x00000000e5560000, 0x00000000e65b56a0, 0x00000000e6ab0000)
  to   space 21824K,   0% used [0x00000000e6ab0000, 0x00000000e6ab0000, 0x00000000e8000000)
 concurrent mark-sweep generation total 393216K, used 15803K [0x00000000e8000000, 0x0000000100000000, 0x0000000100000000)
 Metaspace       used 44295K, capacity 45954K, committed 46076K, reserved 1089536K
  class space    used 5444K, capacity 5815K, committed 5884K, reserved 1048576K
2018-09-07T19:02:50.917+0530: 146.309: [GC (Allocation Failure) 2018-09-07T19:02:50.967+0530: 146.360: [ParNew
Desired survivor size 20112992 bytes, new threshold 8 (max 8)
- age   1:     726112 bytes,     726112 total
- age   2:     816328 bytes,    1542440 total
- age   3:    1564128 bytes,    3106568 total
- age   4:    5978064 bytes,    9084632 total
- age   5:     957656 bytes,   10042288 total
- age   6:    1842960 bytes,   11885248 total
- age   7:     109808 bytes,   11995056 total
- age   8:     268376 bytes,   12263432 total
: 104149K->14393K(109248K), 0.1011581 secs] 119953K->30389K(502464K), 0.1522154 secs] [Times: user=0.21 sys=0.01, real=0.15 secs] 
Heap after GC invocations=15 (full 1):
 par new generation   total 109248K, used 14393K [0x00000000e0000000, 0x00000000e8000000, 0x00000000e8000000)
  eden space 87424K,   0% used [0x00000000e0000000, 0x00000000e0000000, 0x00000000e5560000)
  from space 21824K,  65% used [0x00000000e6ab0000, 0x00000000e78be548, 0x00000000e8000000)
  to   space 21824K,   0% used [0x00000000e5560000, 0x00000000e5560000, 0x00000000e6ab0000)
 concurrent mark-sweep generation total 393216K, used 15996K [0x00000000e8000000, 0x0000000100000000, 0x0000000100000000)
 Metaspace       used 44295K, capacity 45954K, committed 46076K, reserved 1089536K
  class space    used 5444K, capacity 5815K, committed 5884K, reserved 1048576K
}
2018-09-07T19:02:51.069+0530: 146.461: Total time for which application threads were stopped: 0.1527647 seconds, Stopping threads took: 0.0000850 seconds
{Heap before GC invocations=15 (full 1):
 par new generation   total 109248K, used 101817K [0x00000000e0000000, 0x00000000e8000000, 0x00000000e8000000)
  eden space 87424K, 100% used [0x00000000e0000000, 0x00000000e5560000, 0x00000000e5560000)
  from space 21824K,  65% used [0x00000000e6ab0000, 0x00000000e78be548, 0x00000000e8000000)
  to   space 21824K,   0% used [0x00000000e5560000, 0x00000000e5560000, 0x00000000e6ab0000)
 concurrent mark-sweep generation total 393216K, used 15996K [0x00000000e8000000, 0x0000000100000000, 0x0000000100000000)
 Metaspace       used 44330K, capacity 46088K, committed 46332K, reserved 1089536K
  class space    used 5444K, capacity 5816K, committed 5884K, reserved 1048576K
2018-09-07T19:02:51.330+0530: 146.722: [GC (Allocation Failure) 2018-09-07T19:02:51.330+0530: 146.723: [ParNew
Desired survivor size 20112992 bytes, new threshold 8 (max 8)
- age   1:     520744 bytes,     520744 total
- age   2:     101864 bytes,     622608 total
- age   3:     810904 bytes,    1433512 total
- age   4:    1563584 bytes,    2997096 total
- age   5:    5976936 bytes,    8974032 total
- age   6:     957656 bytes,    9931688 total
- age   7:    1842960 bytes,   11774648 total
- age   8:     109808 bytes,   11884456 total
: 101817K->15871K(109248K), 0.0312995 secs] 117813K->32136K(502464K), 0.0317180 secs] [Times: user=0.07 sys=0.00, real=0.03 secs] 
Heap after GC invocations=16 (full 1):
 par new generation   total 109248K, used 15871K [0x00000000e0000000, 0x00000000e8000000, 0x00000000e8000000)
  eden space 87424K,   0% used [0x00000000e0000000, 0x00000000e0000000, 0x00000000e5560000)
  from space 21824K,  72% used [0x00000000e5560000, 0x00000000e64dffe0, 0x00000000e6ab0000)
  to   space 21824K,   0% used [0x00000000e6ab0000, 0x00000000e6ab0000, 0x00000000e8000000)
 concurrent mark-sweep generation total 393216K, used 16264K [0x00000000e8000000, 0x0000000100000000, 0x0000000100000000)
 Metaspace       used 44330K, capacity 46088K, committed 46332K, reserved 1089536K
  class space    used 5444K, capacity 5816K, committed 5884K, reserved 1048576K
}
2018-09-07T19:02:51.362+0530: 146.754: Total time for which application threads were stopped: 0.0322544 seconds, Stopping threads took: 0.0000935 seconds
2018-09-07T19:02:51.513+0530: 146.905: Total time for which application threads were stopped: 0.0003234 seconds, Stopping threads took: 0.0000743 seconds
2018-09-07T19:02:51.516+0530: 146.908: Total time for which application threads were stopped: 0.0028151 seconds, Stopping threads took: 0.0026129 seconds
2018-09-07T19:02:51.608+0530: 147.001: Total time for which application threads were stopped: 0.0127928 seconds, Stopping threads took: 0.0125574 seconds
2018-09-07T19:02:51.625+0530: 147.017: Total time for which application threads were stopped: 0.0070101 seconds, Stopping threads took: 0.0067650 seconds
2018-09-07T19:02:51.661+0530: 147.054: Total time for which application threads were stopped: 0.0040887 seconds, Stopping threads took: 0.0037727 seconds
2018-09-07T19:02:51.782+0530: 147.174: Total time for which application threads were stopped: 0.0004818 seconds, Stopping threads took: 0.0001667 seconds
2018-09-07T19:02:51.859+0530: 147.252: Total time for which application threads were stopped: 0.0028244 seconds, Stopping threads took: 0.0026231 seconds
2018-09-07T19:02:51.888+0530: 147.281: Total time for which application threads were stopped: 0.0026430 seconds, Stopping threads took: 0.0024630 seconds
2018-09-07T19:02:51.931+0530: 147.323: Total time for which application threads were stopped: 0.0052789 seconds, Stopping threads took: 0.0050691 seconds
2018-09-07T19:02:51.931+0530: 147.324: Total time for which application threads were stopped: 0.0002286 seconds, Stopping threads took: 0.0000585 seconds
2018-09-07T19:02:51.932+0530: 147.324: Total time for which application threads were stopped: 0.0001741 seconds, Stopping threads took: 0.0000309 seconds
2018-09-07T19:02:51.944+0530: 147.336: Total time for which application threads were stopped: 0.0053603 seconds, Stopping threads took: 0.0050560 seconds
2018-09-07T19:02:51.945+0530: 147.337: Total time for which application threads were stopped: 0.0002878 seconds, Stopping threads took: 0.0000605 seconds
2018-09-07T19:02:51.947+0530: 147.339: Total time for which application threads were stopped: 0.0019128 seconds, Stopping threads took: 0.0016833 seconds
2018-09-07T19:02:51.947+0530: 147.340: Total time for which application threads were stopped: 0.0001989 seconds, Stopping threads took: 0.0000373 seconds
2018-09-07T19:02:51.949+0530: 147.342: Total time for which application threads were stopped: 0.0018397 seconds, Stopping threads took: 0.0016598 seconds
2018-09-07T19:02:51.971+0530: 147.364: Total time for which application threads were stopped: 0.0003077 seconds, Stopping threads took: 0.0000687 seconds
2018-09-07T19:02:51.972+0530: 147.364: Total time for which application threads were stopped: 0.0001957 seconds, Stopping threads took: 0.0000400 seconds
2018-09-07T19:02:51.972+0530: 147.364: Total time for which application threads were stopped: 0.0001327 seconds, Stopping threads took: 0.0000263 seconds
2018-09-07T19:02:51.972+0530: 147.364: Total time for which application threads were stopped: 0.0001178 seconds, Stopping threads took: 0.0000123 seconds
2018-09-07T19:02:51.972+0530: 147.364: Total time for which application threads were stopped: 0.0001189 seconds, Stopping threads took: 0.0000142 seconds
2018-09-07T19:02:51.972+0530: 147.365: Total time for which application threads were stopped: 0.0001679 seconds, Stopping threads took: 0.0000182 seconds
2018-09-07T19:02:51.973+0530: 147.365: Total time for which application threads were stopped: 0.0001601 seconds, Stopping threads took: 0.0000289 seconds
2018-09-07T19:02:51.973+0530: 147.365: Total time for which application threads were stopped: 0.0002103 seconds, Stopping threads took: 0.0000555 seconds
2018-09-07T19:02:51.973+0530: 147.365: Total time for which application threads were stopped: 0.0001588 seconds, Stopping threads took: 0.0000434 seconds
2018-09-07T19:02:51.973+0530: 147.366: Total time for which application threads were stopped: 0.0001472 seconds, Stopping threads took: 0.0000393 seconds
2018-09-07T19:02:51.973+0530: 147.366: Total time for which application threads were stopped: 0.0001416 seconds, Stopping threads took: 0.0000355 seconds
2018-09-07T19:02:51.974+0530: 147.366: Total time for which application threads were stopped: 0.0001618 seconds, Stopping threads took: 0.0000428 seconds
2018-09-07T19:02:51.974+0530: 147.366: Total time for which application threads were stopped: 0.0001443 seconds, Stopping threads took: 0.0000340 seconds
2018-09-07T19:02:51.974+0530: 147.366: Total time for which application threads were stopped: 0.0001391 seconds, Stopping threads took: 0.0000308 seconds
2018-09-07T19:02:51.974+0530: 147.367: Total time for which application threads were stopped: 0.0001495 seconds, Stopping threads took: 0.0000299 seconds
2018-09-07T19:02:51.974+0530: 147.367: Total time for which application threads were stopped: 0.0001349 seconds, Stopping threads took: 0.0000251 seconds
2018-09-07T19:02:51.975+0530: 147.367: Total time for which application threads were stopped: 0.0001231 seconds, Stopping threads took: 0.0000226 seconds
2018-09-07T19:02:51.975+0530: 147.367: Total time for which application threads were stopped: 0.0001225 seconds, Stopping threads took: 0.0000217 seconds
2018-09-07T19:02:51.975+0530: 147.367: Total time for which application threads were stopped: 0.0001264 seconds, Stopping threads took: 0.0000215 seconds
2018-09-07T19:02:51.975+0530: 147.368: Total time for which application threads were stopped: 0.0006060 seconds, Stopping threads took: 0.0000425 seconds
2018-09-07T19:02:51.988+0530: 147.380: Total time for which application threads were stopped: 0.0062968 seconds, Stopping threads took: 0.0060618 seconds
2018-09-07T19:02:51.988+0530: 147.380: Total time for which application threads were stopped: 0.0002322 seconds, Stopping threads took: 0.0000426 seconds
2018-09-07T19:02:51.992+0530: 147.384: Total time for which application threads were stopped: 0.0002580 seconds, Stopping threads took: 0.0000882 seconds
2018-09-07T19:02:51.995+0530: 147.387: Total time for which application threads were stopped: 0.0002604 seconds, Stopping threads took: 0.0000626 seconds
2018-09-07T19:02:51.995+0530: 147.387: Total time for which application threads were stopped: 0.0002906 seconds, Stopping threads took: 0.0001484 seconds
2018-09-07T19:02:51.999+0530: 147.391: Total time for which application threads were stopped: 0.0003010 seconds, Stopping threads took: 0.0001331 seconds
2018-09-07T19:02:52.009+0530: 147.401: Total time for which application threads were stopped: 0.0010483 seconds, Stopping threads took: 0.0000919 seconds
2018-09-07T19:02:52.011+0530: 147.403: Total time for which application threads were stopped: 0.0002875 seconds, Stopping threads took: 0.0000579 seconds
2018-09-07T19:02:52.012+0530: 147.404: Total time for which application threads were stopped: 0.0002047 seconds, Stopping threads took: 0.0000428 seconds
2018-09-07T19:02:52.060+0530: 147.452: Total time for which application threads were stopped: 0.0002211 seconds, Stopping threads took: 0.0000771 seconds
2018-09-07T19:02:52.080+0530: 147.472: Total time for which application threads were stopped: 0.0001828 seconds, Stopping threads took: 0.0000670 seconds
2018-09-07T19:02:52.084+0530: 147.476: Total time for which application threads were stopped: 0.0001344 seconds, Stopping threads took: 0.0000270 seconds
2018-09-07T19:02:53.409+0530: 148.802: [GC (CMS Initial Mark) [1 CMS-initial-mark: 16264K(393216K)] 105754K(502464K), 0.0442274 secs] [Times: user=0.17 sys=0.00, real=0.04 secs] 
2018-09-07T19:02:53.454+0530: 148.846: Total time for which application threads were stopped: 0.0448165 seconds, Stopping threads took: 0.0000651 seconds
2018-09-07T19:02:53.454+0530: 148.846: [CMS-concurrent-mark-start]
2018-09-07T19:02:53.508+0530: 148.900: [CMS-concurrent-mark: 0.054/0.054 secs] [Times: user=0.13 sys=0.00, real=0.06 secs] 
2018-09-07T19:02:53.508+0530: 148.900: [CMS-concurrent-preclean-start]
2018-09-07T19:02:53.512+0530: 148.904: [CMS-concurrent-preclean: 0.004/0.004 secs] [Times: user=0.00 sys=0.00, real=0.00 secs] 
2018-09-07T19:02:53.512+0530: 148.905: [CMS-concurrent-abortable-preclean-start]
2018-09-07T19:02:54.454+0530: 149.846: Total time for which application threads were stopped: 0.0001622 seconds, Stopping threads took: 0.0000550 seconds
 CMS: abort preclean due to time 2018-09-07T19:02:59.603+0530: 154.995: [CMS-concurrent-abortable-preclean: 3.385/6.091 secs] [Times: user=3.40 sys=0.01, real=6.09 secs] 
2018-09-07T19:02:59.603+0530: 154.996: [GC (CMS Final Remark) [YG occupancy: 89667 K (109248 K)]{Heap before GC invocations=16 (full 2):
 par new generation   total 109248K, used 89667K [0x00000000e0000000, 0x00000000e8000000, 0x00000000e8000000)
  eden space 87424K,  84% used [0x00000000e0000000, 0x00000000e4810fe0, 0x00000000e5560000)
  from space 21824K,  72% used [0x00000000e5560000, 0x00000000e64dffe0, 0x00000000e6ab0000)
  to   space 21824K,   0% used [0x00000000e6ab0000, 0x00000000e6ab0000, 0x00000000e8000000)
 concurrent mark-sweep generation total 393216K, used 16264K [0x00000000e8000000, 0x0000000100000000, 0x0000000100000000)
 Metaspace       used 44643K, capacity 46448K, committed 46768K, reserved 1089536K
  class space    used 5474K, capacity 5885K, committed 5960K, reserved 1048576K
2018-09-07T19:02:59.604+0530: 154.996: [GC (CMS Final Remark) 2018-09-07T19:02:59.604+0530: 154.996: [ParNew
Desired survivor size 20112992 bytes, new threshold 8 (max 8)
- age   1:    5740208 bytes,    5740208 total
- age   2:     154480 bytes,    5894688 total
- age   3:      99264 bytes,    5993952 total
- age   4:     146592 bytes,    6140544 total
- age   5:     690280 bytes,    6830824 total
- age   6:    2304176 bytes,    9135000 total
- age   7:     750928 bytes,    9885928 total
- age   8:    1811856 bytes,   11697784 total
: 89667K->13994K(109248K), 0.0135602 secs] 105932K->30369K(502464K), 0.0140425 secs] [Times: user=0.04 sys=0.00, real=0.02 secs] 
Heap after GC invocations=17 (full 2):
 par new generation   total 109248K, used 13994K [0x00000000e0000000, 0x00000000e8000000, 0x00000000e8000000)
  eden space 87424K,   0% used [0x00000000e0000000, 0x00000000e0000000, 0x00000000e5560000)
  from space 21824K,  64% used [0x00000000e6ab0000, 0x00000000e785abc0, 0x00000000e8000000)
  to   space 21824K,   0% used [0x00000000e5560000, 0x00000000e5560000, 0x00000000e6ab0000)
 concurrent mark-sweep generation total 393216K, used 16374K [0x00000000e8000000, 0x0000000100000000, 0x0000000100000000)
 Metaspace       used 44643K, capacity 46448K, committed 46768K, reserved 1089536K
  class space    used 5474K, capacity 5885K, committed 5960K, reserved 1048576K
}
2018-09-07T19:02:59.618+0530: 155.010: [Rescan (parallel) , 0.0057969 secs]2018-09-07T19:02:59.624+0530: 155.016: [weak refs processing, 0.0018111 secs]2018-09-07T19:02:59.626+0530: 155.018: [class unloading, 0.0097932 secs]2018-09-07T19:02:59.636+0530: 155.028: [scrub symbol table, 0.0558268 secs]2018-09-07T19:02:59.692+0530: 155.084: [scrub string table, 0.0035159 secs][1 CMS-remark: 16374K(393216K)] 30369K(502464K), 0.0966162 secs] [Times: user=0.10 sys=0.00, real=0.10 secs] 
2018-09-07T19:02:59.701+0530: 155.093: Total time for which application threads were stopped: 0.0976365 seconds, Stopping threads took: 0.0000248 seconds
2018-09-07T19:02:59.701+0530: 155.093: [CMS-concurrent-sweep-start]
2018-09-07T19:02:59.711+0530: 155.104: [CMS-concurrent-sweep: 0.010/0.010 secs] [Times: user=0.02 sys=0.00, real=0.01 secs] 
2018-09-07T19:02:59.712+0530: 155.104: [CMS-concurrent-reset-start]
2018-09-07T19:02:59.712+0530: 155.104: [CMS-concurrent-reset: 0.001/0.001 secs] [Times: user=0.00 sys=0.00, real=0.00 secs] 
2018-09-07T19:03:00.702+0530: 156.094: Total time for which application threads were stopped: 0.0005345 seconds, Stopping threads took: 0.0000745 seconds
2018-09-07T19:03:01.702+0530: 157.095: Total time for which application threads were stopped: 0.0005442 seconds, Stopping threads took: 0.0000740 seconds
2018-09-07T19:03:07.704+0530: 163.096: Total time for which application threads were stopped: 0.0004808 seconds, Stopping threads took: 0.0000805 seconds
2018-09-07T19:03:23.706+0530: 179.099: Total time for which application threads were stopped: 0.0004614 seconds, Stopping threads took: 0.0000879 seconds
2018-09-07T19:03:24.708+0530: 180.100: Total time for which application threads were stopped: 0.0008699 seconds, Stopping threads took: 0.0001556 seconds
2018-09-07T19:03:26.709+0530: 182.101: Total time for which application threads were stopped: 0.0004314 seconds, Stopping threads took: 0.0000731 seconds
2018-09-07T19:03:31.710+0530: 187.102: Total time for which application threads were stopped: 0.0004683 seconds, Stopping threads took: 0.0000870 seconds
2018-09-07T19:03:39.712+0530: 195.104: Total time for which application threads were stopped: 0.0005275 seconds, Stopping threads took: 0.0000784 seconds
2018-09-07T19:03:40.712+0530: 196.105: Total time for which application threads were stopped: 0.0004409 seconds, Stopping threads took: 0.0001071 seconds
2018-09-07T19:03:42.713+0530: 198.106: Total time for which application threads were stopped: 0.0004199 seconds, Stopping threads took: 0.0000758 seconds
2018-09-07T19:03:44.714+0530: 200.106: Total time for which application threads were stopped: 0.0004727 seconds, Stopping threads took: 0.0000810 seconds
2018-09-07T19:03:46.715+0530: 202.107: Total time for which application threads were stopped: 0.0004159 seconds, Stopping threads took: 0.0000759 seconds
2018-09-07T19:03:47.716+0530: 203.108: Total time for which application threads were stopped: 0.0004215 seconds, Stopping threads took: 0.0000755 seconds
2018-09-07T19:03:53.311+0530: 208.703: Total time for which application threads were stopped: 0.0008172 seconds, Stopping threads took: 0.0004169 seconds
2018-09-07T19:03:53.313+0530: 208.705: Total time for which application threads were stopped: 0.0011185 seconds, Stopping threads took: 0.0007476 seconds
2018-09-07T19:03:53.314+0530: 208.706: Total time for which application threads were stopped: 0.0003436 seconds, Stopping threads took: 0.0000742 seconds
2018-09-07T19:03:53.315+0530: 208.707: Total time for which application threads were stopped: 0.0004091 seconds, Stopping threads took: 0.0000792 seconds
2018-09-07T19:04:08.318+0530: 223.710: Total time for which application threads were stopped: 0.0003947 seconds, Stopping threads took: 0.0000748 seconds
2018-09-07T19:04:18.320+0530: 233.713: Total time for which application threads were stopped: 0.0003786 seconds, Stopping threads took: 0.0000685 seconds
2018-09-07T19:04:18.441+0530: 233.833: Total time for which application threads were stopped: 0.0013775 seconds, Stopping threads took: 0.0000463 seconds
2018-09-07T19:04:18.882+0530: 234.274: Total time for which application threads were stopped: 0.0007249 seconds, Stopping threads took: 0.0001705 seconds
2018-09-07T19:04:18.895+0530: 234.288: Total time for which application threads were stopped: 0.0005189 seconds, Stopping threads took: 0.0001802 seconds
2018-09-07T19:04:18.896+0530: 234.288: Total time for which application threads were stopped: 0.0003985 seconds, Stopping threads took: 0.0001476 seconds
2018-09-07T19:04:18.897+0530: 234.289: Total time for which application threads were stopped: 0.0004896 seconds, Stopping threads took: 0.0002165 seconds
2018-09-07T19:04:18.900+0530: 234.292: Total time for which application threads were stopped: 0.0031822 seconds, Stopping threads took: 0.0027615 seconds
2018-09-07T19:04:18.901+0530: 234.293: Total time for which application threads were stopped: 0.0005676 seconds, Stopping threads took: 0.0001620 seconds
2018-09-07T19:04:18.902+0530: 234.294: Total time for which application threads were stopped: 0.0007758 seconds, Stopping threads took: 0.0002569 seconds
2018-09-07T19:04:18.905+0530: 234.297: Total time for which application threads were stopped: 0.0008089 seconds, Stopping threads took: 0.0003434 seconds
2018-09-07T19:04:18.907+0530: 234.299: Total time for which application threads were stopped: 0.0006686 seconds, Stopping threads took: 0.0002040 seconds
2018-09-07T19:04:18.922+0530: 234.315: Total time for which application threads were stopped: 0.0005677 seconds, Stopping threads took: 0.0002030 seconds
2018-09-07T19:04:18.931+0530: 234.324: Total time for which application threads were stopped: 0.0013044 seconds, Stopping threads took: 0.0009534 seconds
2018-09-07T19:04:18.940+0530: 234.332: Total time for which application threads were stopped: 0.0016432 seconds, Stopping threads took: 0.0011544 seconds
2018-09-07T19:04:18.948+0530: 234.340: Total time for which application threads were stopped: 0.0009781 seconds, Stopping threads took: 0.0005444 seconds
2018-09-07T19:04:18.953+0530: 234.345: Total time for which application threads were stopped: 0.0006504 seconds, Stopping threads took: 0.0001718 seconds
2018-09-07T19:04:19.007+0530: 234.399: Total time for which application threads were stopped: 0.0001815 seconds, Stopping threads took: 0.0000292 seconds
2018-09-07T19:04:19.007+0530: 234.399: Total time for which application threads were stopped: 0.0000888 seconds, Stopping threads took: 0.0000099 seconds
2018-09-07T19:04:20.007+0530: 235.400: Total time for which application threads were stopped: 0.0004391 seconds, Stopping threads took: 0.0000709 seconds
2018-09-07T19:04:23.009+0530: 238.401: Total time for which application threads were stopped: 0.0004934 seconds, Stopping threads took: 0.0001183 seconds
2018-09-07T19:04:24.009+0530: 239.402: Total time for which application threads were stopped: 0.0004250 seconds, Stopping threads took: 0.0000833 seconds
2018-09-07T19:04:28.011+0530: 243.403: Total time for which application threads were stopped: 0.0004133 seconds, Stopping threads took: 0.0000787 seconds
2018-09-07T19:04:29.011+0530: 244.404: Total time for which application threads were stopped: 0.0004061 seconds, Stopping threads took: 0.0000717 seconds
2018-09-07T19:04:35.013+0530: 250.405: Total time for which application threads were stopped: 0.0004162 seconds, Stopping threads took: 0.0000722 seconds
2018-09-07T19:04:37.727+0530: 253.120: Total time for which application threads were stopped: 0.0004246 seconds, Stopping threads took: 0.0000713 seconds
2018-09-07T19:04:38.662+0530: 254.055: Total time for which application threads were stopped: 0.0005598 seconds, Stopping threads took: 0.0000748 seconds
2018-09-07T19:04:38.786+0530: 254.178: Total time for which application threads were stopped: 0.0007998 seconds, Stopping threads took: 0.0002191 seconds
2018-09-07T19:04:38.787+0530: 254.179: Total time for which application threads were stopped: 0.0005610 seconds, Stopping threads took: 0.0000412 seconds
2018-09-07T19:04:38.960+0530: 254.352: Total time for which application threads were stopped: 0.0004803 seconds, Stopping threads took: 0.0000991 seconds
2018-09-07T19:04:39.185+0530: 254.577: Total time for which application threads were stopped: 0.0004801 seconds, Stopping threads took: 0.0000728 seconds
2018-09-07T19:04:39.523+0530: 254.916: Total time for which application threads were stopped: 0.0004905 seconds, Stopping threads took: 0.0000713 seconds
2018-09-07T19:04:39.889+0530: 255.282: Total time for which application threads were stopped: 0.0004865 seconds, Stopping threads took: 0.0001012 seconds
2018-09-07T19:04:40.278+0530: 255.670: Total time for which application threads were stopped: 0.0002271 seconds, Stopping threads took: 0.0000390 seconds
2018-09-07T19:04:40.278+0530: 255.670: Total time for which application threads were stopped: 0.0001136 seconds, Stopping threads took: 0.0000172 seconds
2018-09-07T19:04:44.279+0530: 259.672: Total time for which application threads were stopped: 0.0007960 seconds, Stopping threads took: 0.0000908 seconds
2018-09-07T19:04:51.281+0530: 266.673: Total time for which application threads were stopped: 0.0012719 seconds, Stopping threads took: 0.0000874 seconds
2018-09-07T19:04:55.282+0530: 270.675: Total time for which application threads were stopped: 0.0001783 seconds, Stopping threads took: 0.0000345 seconds
2018-09-07T19:04:56.560+0530: 271.953: Total time for which application threads were stopped: 0.0009086 seconds, Stopping threads took: 0.0001842 seconds
2018-09-07T19:04:56.561+0530: 271.954: Total time for which application threads were stopped: 0.0007151 seconds, Stopping threads took: 0.0001236 seconds
2018-09-07T19:04:56.563+0530: 271.955: Total time for which application threads were stopped: 0.0007685 seconds, Stopping threads took: 0.0001787 seconds
2018-09-07T19:04:56.564+0530: 271.956: Total time for which application threads were stopped: 0.0007212 seconds, Stopping threads took: 0.0001251 seconds
2018-09-07T19:04:56.566+0530: 271.958: Total time for which application threads were stopped: 0.0017919 seconds, Stopping threads took: 0.0001226 seconds
2018-09-07T19:04:56.577+0530: 271.969: Total time for which application threads were stopped: 0.0006184 seconds, Stopping threads took: 0.0001421 seconds
2018-09-07T19:04:56.581+0530: 271.974: Total time for which application threads were stopped: 0.0007975 seconds, Stopping threads took: 0.0001613 seconds
2018-09-07T19:04:56.582+0530: 271.974: Total time for which application threads were stopped: 0.0005617 seconds, Stopping threads took: 0.0000728 seconds
2018-09-07T19:04:56.590+0530: 271.982: Total time for which application threads were stopped: 0.0014372 seconds, Stopping threads took: 0.0008063 seconds
2018-09-07T19:04:56.591+0530: 271.983: Total time for which application threads were stopped: 0.0006771 seconds, Stopping threads took: 0.0001481 seconds
2018-09-07T19:04:57.542+0530: 272.935: Total time for which application threads were stopped: 0.0007709 seconds, Stopping threads took: 0.0001061 seconds
2018-09-07T19:04:57.543+0530: 272.935: Total time for which application threads were stopped: 0.0006616 seconds, Stopping threads took: 0.0000734 seconds
2018-09-07T19:04:57.544+0530: 272.936: Total time for which application threads were stopped: 0.0005883 seconds, Stopping threads took: 0.0001361 seconds
2018-09-07T19:04:58.545+0530: 273.937: Total time for which application threads were stopped: 0.0006880 seconds, Stopping threads took: 0.0001098 seconds
2018-09-07T19:05:02.639+0530: 278.031: Total time for which application threads were stopped: 0.0003101 seconds, Stopping threads took: 0.0000406 seconds
2018-09-07T19:05:02.639+0530: 278.032: Total time for which application threads were stopped: 0.0001800 seconds, Stopping threads took: 0.0000178 seconds
2018-09-07T19:05:02.641+0530: 278.033: Total time for which application threads were stopped: 0.0002038 seconds, Stopping threads took: 0.0000490 seconds
2018-09-07T19:05:02.641+0530: 278.034: Total time for which application threads were stopped: 0.0001390 seconds, Stopping threads took: 0.0000262 seconds
2018-09-07T19:05:03.642+0530: 279.034: Total time for which application threads were stopped: 0.0004837 seconds, Stopping threads took: 0.0000800 seconds
2018-09-07T19:05:05.643+0530: 281.035: Total time for which application threads were stopped: 0.0006264 seconds, Stopping threads took: 0.0000859 seconds
2018-09-07T19:05:06.175+0530: 281.567: Total time for which application threads were stopped: 0.0002359 seconds, Stopping threads took: 0.0000401 seconds
2018-09-07T19:05:06.175+0530: 281.568: Total time for which application threads were stopped: 0.0001693 seconds, Stopping threads took: 0.0000183 seconds
2018-09-07T19:05:06.178+0530: 281.571: Total time for which application threads were stopped: 0.0002587 seconds, Stopping threads took: 0.0000681 seconds
2018-09-07T19:05:06.179+0530: 281.571: Total time for which application threads were stopped: 0.0001663 seconds, Stopping threads took: 0.0000303 seconds
2018-09-07T19:05:11.180+0530: 286.572: Total time for which application threads were stopped: 0.0005040 seconds, Stopping threads took: 0.0000825 seconds
2018-09-07T19:05:27.184+0530: 302.577: Total time for which application threads were stopped: 0.0004042 seconds, Stopping threads took: 0.0000643 seconds
2018-09-07T19:05:28.718+0530: 304.110: Total time for which application threads were stopped: 0.0002197 seconds, Stopping threads took: 0.0000363 seconds
2018-09-07T19:05:28.721+0530: 304.113: Total time for which application threads were stopped: 0.0022473 seconds, Stopping threads took: 0.0020883 seconds
2018-09-07T19:05:28.721+0530: 304.113: Total time for which application threads were stopped: 0.0001106 seconds, Stopping threads took: 0.0000403 seconds
2018-09-07T19:05:28.721+0530: 304.113: Total time for which application threads were stopped: 0.0001791 seconds, Stopping threads took: 0.0000819 seconds
2018-09-07T19:05:28.721+0530: 304.113: Total time for which application threads were stopped: 0.0001057 seconds, Stopping threads took: 0.0000113 seconds
2018-09-07T19:05:28.721+0530: 304.114: Total time for which application threads were stopped: 0.0001050 seconds, Stopping threads took: 0.0000116 seconds
2018-09-07T19:05:28.721+0530: 304.114: Total time for which application threads were stopped: 0.0001006 seconds, Stopping threads took: 0.0000098 seconds
2018-09-07T19:05:28.722+0530: 304.115: Total time for which application threads were stopped: 0.0004222 seconds, Stopping threads took: 0.0002899 seconds
2018-09-07T19:05:28.723+0530: 304.116: Total time for which application threads were stopped: 0.0001777 seconds, Stopping threads took: 0.0000581 seconds
2018-09-07T19:05:28.726+0530: 304.118: Total time for which application threads were stopped: 0.0003403 seconds, Stopping threads took: 0.0001972 seconds
2018-09-07T19:05:28.729+0530: 304.122: Total time for which application threads were stopped: 0.0002832 seconds, Stopping threads took: 0.0000684 seconds
2018-09-07T19:05:28.734+0530: 304.126: Total time for which application threads were stopped: 0.0002614 seconds, Stopping threads took: 0.0000606 seconds
2018-09-07T19:05:28.734+0530: 304.127: Total time for which application threads were stopped: 0.0002040 seconds, Stopping threads took: 0.0000644 seconds
2018-09-07T19:05:28.735+0530: 304.127: Total time for which application threads were stopped: 0.0001446 seconds, Stopping threads took: 0.0000225 seconds
2018-09-07T19:05:28.737+0530: 304.129: Total time for which application threads were stopped: 0.0021995 seconds, Stopping threads took: 0.0020084 seconds
2018-09-07T19:05:28.742+0530: 304.134: Total time for which application threads were stopped: 0.0001881 seconds, Stopping threads took: 0.0000478 seconds
2018-09-07T19:05:28.742+0530: 304.134: Total time for which application threads were stopped: 0.0001323 seconds, Stopping threads took: 0.0000199 seconds
2018-09-07T19:05:36.870+0530: 312.263: Total time for which application threads were stopped: 0.0005170 seconds, Stopping threads took: 0.0001194 seconds
2018-09-07T19:05:36.871+0530: 312.264: Total time for which application threads were stopped: 0.0005367 seconds, Stopping threads took: 0.0001051 seconds
2018-09-07T19:05:37.872+0530: 313.264: Total time for which application threads were stopped: 0.0002722 seconds, Stopping threads took: 0.0000430 seconds
2018-09-07T19:05:38.872+0530: 314.264: Total time for which application threads were stopped: 0.0002319 seconds, Stopping threads took: 0.0000431 seconds
2018-09-07T19:05:39.695+0530: 315.087: Total time for which application threads were stopped: 0.0003621 seconds, Stopping threads took: 0.0000639 seconds
2018-09-07T19:05:39.696+0530: 315.088: Total time for which application threads were stopped: 0.0003059 seconds, Stopping threads took: 0.0000416 seconds
2018-09-07T19:05:39.696+0530: 315.089: Total time for which application threads were stopped: 0.0002045 seconds, Stopping threads took: 0.0000266 seconds
2018-09-07T19:05:39.697+0530: 315.089: Total time for which application threads were stopped: 0.0001373 seconds, Stopping threads took: 0.0000159 seconds
2018-09-07T19:05:39.697+0530: 315.090: Total time for which application threads were stopped: 0.0007373 seconds, Stopping threads took: 0.0002682 seconds
2018-09-07T19:05:39.698+0530: 315.090: Total time for which application threads were stopped: 0.0001974 seconds, Stopping threads took: 0.0000263 seconds
2018-09-07T19:05:39.698+0530: 315.090: Total time for which application threads were stopped: 0.0001796 seconds, Stopping threads took: 0.0000189 seconds
2018-09-07T19:05:39.698+0530: 315.091: Total time for which application threads were stopped: 0.0001359 seconds, Stopping threads took: 0.0000153 seconds
2018-09-07T19:05:39.698+0530: 315.091: Total time for which application threads were stopped: 0.0001390 seconds, Stopping threads took: 0.0000197 seconds
2018-09-07T19:05:39.700+0530: 315.093: Total time for which application threads were stopped: 0.0002609 seconds, Stopping threads took: 0.0000391 seconds
2018-09-07T19:05:39.706+0530: 315.099: Total time for which application threads were stopped: 0.0003332 seconds, Stopping threads took: 0.0000479 seconds
2018-09-07T19:05:39.707+0530: 315.099: Total time for which application threads were stopped: 0.0003118 seconds, Stopping threads took: 0.0000290 seconds
2018-09-07T19:05:39.711+0530: 315.104: Total time for which application threads were stopped: 0.0004785 seconds, Stopping threads took: 0.0000711 seconds
2018-09-07T19:05:39.712+0530: 315.104: Total time for which application threads were stopped: 0.0003119 seconds, Stopping threads took: 0.0000513 seconds
2018-09-07T19:05:40.713+0530: 316.105: Total time for which application threads were stopped: 0.0007006 seconds, Stopping threads took: 0.0000767 seconds
2018-09-07T19:05:42.125+0530: 317.517: Total time for which application threads were stopped: 0.0003853 seconds, Stopping threads took: 0.0001273 seconds
2018-09-07T19:05:43.125+0530: 318.518: Total time for which application threads were stopped: 0.0001795 seconds, Stopping threads took: 0.0000333 seconds
2018-09-07T19:05:44.126+0530: 319.518: Total time for which application threads were stopped: 0.0004614 seconds, Stopping threads took: 0.0000792 seconds
2018-09-07T19:06:23.317+0530: 358.709: Total time for which application threads were stopped: 0.0007698 seconds, Stopping threads took: 0.0001011 seconds
2018-09-07T19:06:40.321+0530: 375.713: Total time for which application threads were stopped: 0.0004879 seconds, Stopping threads took: 0.0000829 seconds
2018-09-07T19:07:13.319+0530: 408.711: Total time for which application threads were stopped: 0.0005859 seconds, Stopping threads took: 0.0002222 seconds
2018-09-07T19:07:25.321+0530: 420.713: Total time for which application threads were stopped: 0.0005240 seconds, Stopping threads took: 0.0000829 seconds
2018-09-07T19:07:40.325+0530: 435.717: Total time for which application threads were stopped: 0.0004282 seconds, Stopping threads took: 0.0000777 seconds
2018-09-07T19:08:40.931+0530: 496.324: Total time for which application threads were stopped: 0.0002053 seconds, Stopping threads took: 0.0000263 seconds
2018-09-07T19:08:41.158+0530: 496.550: Total time for which application threads were stopped: 0.0009541 seconds, Stopping threads took: 0.0000406 seconds
2018-09-07T19:08:41.163+0530: 496.556: Total time for which application threads were stopped: 0.0001822 seconds, Stopping threads took: 0.0000362 seconds
2018-09-07T19:08:41.343+0530: 496.736: Total time for which application threads were stopped: 0.0109791 seconds, Stopping threads took: 0.0081302 seconds
2018-09-07T19:08:41.376+0530: 496.769: Total time for which application threads were stopped: 0.0044357 seconds, Stopping threads took: 0.0042100 seconds
2018-09-07T19:08:41.388+0530: 496.781: Total time for which application threads were stopped: 0.0059773 seconds, Stopping threads took: 0.0057396 seconds
2018-09-07T19:08:41.407+0530: 496.799: Total time for which application threads were stopped: 0.0062852 seconds, Stopping threads took: 0.0060456 seconds
2018-09-07T19:08:41.412+0530: 496.804: Total time for which application threads were stopped: 0.0002561 seconds, Stopping threads took: 0.0000675 seconds
2018-09-07T19:08:41.428+0530: 496.820: Total time for which application threads were stopped: 0.0048763 seconds, Stopping threads took: 0.0043896 seconds
2018-09-07T19:08:41.439+0530: 496.831: Total time for which application threads were stopped: 0.0065040 seconds, Stopping threads took: 0.0061691 seconds
2018-09-07T19:08:41.440+0530: 496.832: Total time for which application threads were stopped: 0.0003830 seconds, Stopping threads took: 0.0000989 seconds
2018-09-07T19:08:41.441+0530: 496.833: Total time for which application threads were stopped: 0.0003068 seconds, Stopping threads took: 0.0000443 seconds
2018-09-07T19:08:41.468+0530: 496.860: Total time for which application threads were stopped: 0.0021705 seconds, Stopping threads took: 0.0019627 seconds
{Heap before GC invocations=17 (full 2):
 par new generation   total 109248K, used 101418K [0x00000000e0000000, 0x00000000e8000000, 0x00000000e8000000)
  eden space 87424K, 100% used [0x00000000e0000000, 0x00000000e5560000, 0x00000000e5560000)
  from space 21824K,  64% used [0x00000000e6ab0000, 0x00000000e785abc0, 0x00000000e8000000)
  to   space 21824K,   0% used [0x00000000e5560000, 0x00000000e5560000, 0x00000000e6ab0000)
 concurrent mark-sweep generation total 393216K, used 16140K [0x00000000e8000000, 0x0000000100000000, 0x0000000100000000)
 Metaspace       used 46579K, capacity 48524K, committed 48584K, reserved 1091584K
  class space    used 5641K, capacity 6031K, committed 6088K, reserved 1048576K
2018-09-07T19:08:41.471+0530: 496.864: [GC (Allocation Failure) 2018-09-07T19:08:41.472+0530: 496.864: [ParNew
Desired survivor size 20112992 bytes, new threshold 8 (max 8)
- age   1:    4235064 bytes,    4235064 total
- age   2:    4742696 bytes,    8977760 total
- age   3:     151648 bytes,    9129408 total
- age   4:      97800 bytes,    9227208 total
- age   5:     146416 bytes,    9373624 total
- age   6:     688040 bytes,   10061664 total
- age   7:    2206136 bytes,   12267800 total
- age   8:     750536 bytes,   13018336 total
: 101418K->18054K(109248K), 0.0447781 secs] 117559K->35978K(502464K), 0.0451371 secs] [Times: user=0.07 sys=0.00, real=0.05 secs] 
Heap after GC invocations=18 (full 2):
 par new generation   total 109248K, used 18054K [0x00000000e0000000, 0x00000000e8000000, 0x00000000e8000000)
  eden space 87424K,   0% used [0x00000000e0000000, 0x00000000e0000000, 0x00000000e5560000)
  from space 21824K,  82% used [0x00000000e5560000, 0x00000000e6701ba8, 0x00000000e6ab0000)
  to   space 21824K,   0% used [0x00000000e6ab0000, 0x00000000e6ab0000, 0x00000000e8000000)
 concurrent mark-sweep generation total 393216K, used 17923K [0x00000000e8000000, 0x0000000100000000, 0x0000000100000000)
 Metaspace       used 46579K, capacity 48524K, committed 48584K, reserved 1091584K
  class space    used 5641K, capacity 6031K, committed 6088K, reserved 1048576K
}
2018-09-07T19:08:41.517+0530: 496.909: Total time for which application threads were stopped: 0.0457165 seconds, Stopping threads took: 0.0001767 seconds
2018-09-07T19:08:41.545+0530: 496.937: Total time for which application threads were stopped: 0.0003645 seconds, Stopping threads took: 0.0000655 seconds
{Heap before GC invocations=18 (full 2):
 par new generation   total 109248K, used 105478K [0x00000000e0000000, 0x00000000e8000000, 0x00000000e8000000)
  eden space 87424K, 100% used [0x00000000e0000000, 0x00000000e5560000, 0x00000000e5560000)
  from space 21824K,  82% used [0x00000000e5560000, 0x00000000e6701ba8, 0x00000000e6ab0000)
  to   space 21824K,   0% used [0x00000000e6ab0000, 0x00000000e6ab0000, 0x00000000e8000000)
 concurrent mark-sweep generation total 393216K, used 17923K [0x00000000e8000000, 0x0000000100000000, 0x0000000100000000)
 Metaspace       used 46590K, capacity 48536K, committed 48840K, reserved 1091584K
  class space    used 5642K, capacity 6033K, committed 6088K, reserved 1048576K
2018-09-07T19:08:41.626+0530: 497.018: [GC (Allocation Failure) 2018-09-07T19:08:41.626+0530: 497.019: [ParNew
Desired survivor size 20112992 bytes, new threshold 8 (max 8)
- age   1:     320320 bytes,     320320 total
- age   2:    3036848 bytes,    3357168 total
- age   3:    4742696 bytes,    8099864 total
- age   4:     151648 bytes,    8251512 total
- age   5:      97800 bytes,    8349312 total
- age   6:     146416 bytes,    8495728 total
- age   7:     688040 bytes,    9183768 total
- age   8:    2206136 bytes,   11389904 total
: 105478K->14693K(109248K), 0.0514966 secs] 123402K->33377K(502464K), 0.0518975 secs] [Times: user=0.10 sys=0.00, real=0.05 secs] 
Heap after GC invocations=19 (full 2):
 par new generation   total 109248K, used 14693K [0x00000000e0000000, 0x00000000e8000000, 0x00000000e8000000)
  eden space 87424K,   0% used [0x00000000e0000000, 0x00000000e0000000, 0x00000000e5560000)
  from space 21824K,  67% used [0x00000000e6ab0000, 0x00000000e79095c0, 0x00000000e8000000)
  to   space 21824K,   0% used [0x00000000e5560000, 0x00000000e5560000, 0x00000000e6ab0000)
 concurrent mark-sweep generation total 393216K, used 18684K [0x00000000e8000000, 0x0000000100000000, 0x0000000100000000)
 Metaspace       used 46590K, capacity 48536K, committed 48840K, reserved 1091584K
  class space    used 5642K, capacity 6033K, committed 6088K, reserved 1048576K
}
2018-09-07T19:08:41.678+0530: 497.071: Total time for which application threads were stopped: 0.0524472 seconds, Stopping threads took: 0.0000732 seconds
2018-09-07T19:08:41.792+0530: 497.184: Total time for which application threads were stopped: 0.0063278 seconds, Stopping threads took: 0.0060765 seconds
{Heap before GC invocations=19 (full 2):
 par new generation   total 109248K, used 102117K [0x00000000e0000000, 0x00000000e8000000, 0x00000000e8000000)
  eden space 87424K, 100% used [0x00000000e0000000, 0x00000000e5560000, 0x00000000e5560000)
  from space 21824K,  67% used [0x00000000e6ab0000, 0x00000000e79095c0, 0x00000000e8000000)
  to   space 21824K,   0% used [0x00000000e5560000, 0x00000000e5560000, 0x00000000e6ab0000)
 concurrent mark-sweep generation total 393216K, used 18684K [0x00000000e8000000, 0x0000000100000000, 0x0000000100000000)
 Metaspace       used 46607K, capacity 48548K, committed 48840K, reserved 1091584K
  class space    used 5643K, capacity 6035K, committed 6088K, reserved 1048576K
2018-09-07T19:08:41.879+0530: 497.271: [GC (Allocation Failure) 2018-09-07T19:08:41.879+0530: 497.272: [ParNew
Desired survivor size 20112992 bytes, new threshold 8 (max 8)
- age   1:     138008 bytes,     138008 total
- age   2:      57496 bytes,     195504 total
- age   3:    3006776 bytes,    3202280 total
- age   4:    4742696 bytes,    7944976 total
- age   5:     151648 bytes,    8096624 total
- age   6:      97800 bytes,    8194424 total
- age   7:     146416 bytes,    8340840 total
- age   8:     688040 bytes,    9028880 total
: 102117K->13492K(109248K), 0.0722815 secs] 120801K->34353K(502464K), 0.0725703 secs] [Times: user=0.11 sys=0.01, real=0.07 secs] 
Heap after GC invocations=20 (full 2):
 par new generation   total 109248K, used 13492K [0x00000000e0000000, 0x00000000e8000000, 0x00000000e8000000)
  eden space 87424K,   0% used [0x00000000e0000000, 0x00000000e0000000, 0x00000000e5560000)
  from space 21824K,  61% used [0x00000000e5560000, 0x00000000e628d350, 0x00000000e6ab0000)
  to   space 21824K,   0% used [0x00000000e6ab0000, 0x00000000e6ab0000, 0x00000000e8000000)
 concurrent mark-sweep generation total 393216K, used 20860K [0x00000000e8000000, 0x0000000100000000, 0x0000000100000000)
 Metaspace       used 46607K, capacity 48548K, committed 48840K, reserved 1091584K
  class space    used 5643K, capacity 6035K, committed 6088K, reserved 1048576K
}
2018-09-07T19:08:41.952+0530: 497.344: Total time for which application threads were stopped: 0.0731395 seconds, Stopping threads took: 0.0000539 seconds
{Heap before GC invocations=20 (full 2):
 par new generation   total 109248K, used 100916K [0x00000000e0000000, 0x00000000e8000000, 0x00000000e8000000)
  eden space 87424K, 100% used [0x00000000e0000000, 0x00000000e5560000, 0x00000000e5560000)
  from space 21824K,  61% used [0x00000000e5560000, 0x00000000e628d350, 0x00000000e6ab0000)
  to   space 21824K,   0% used [0x00000000e6ab0000, 0x00000000e6ab0000, 0x00000000e8000000)
 concurrent mark-sweep generation total 393216K, used 20860K [0x00000000e8000000, 0x0000000100000000, 0x0000000100000000)
 Metaspace       used 46623K, capacity 48548K, committed 48840K, reserved 1091584K
  class space    used 5643K, capacity 6035K, committed 6088K, reserved 1048576K
2018-09-07T19:08:42.178+0530: 497.570: [GC (Allocation Failure) 2018-09-07T19:08:42.178+0530: 497.570: [ParNew
Desired survivor size 20112992 bytes, new threshold 8 (max 8)
- age   1:     842224 bytes,     842224 total
- age   2:     116864 bytes,     959088 total
- age   3:      55856 bytes,    1014944 total
- age   4:    3005552 bytes,    4020496 total
- age   5:    4742696 bytes,    8763192 total
- age   6:     151648 bytes,    8914840 total
- age   7:      97800 bytes,    9012640 total
- age   8:     146416 bytes,    9159056 total
: 100916K->12036K(109248K), 0.0352844 secs] 121777K->33572K(502464K), 0.0355961 secs] [Times: user=0.08 sys=0.00, real=0.03 secs] 
Heap after GC invocations=21 (full 2):
 par new generation   total 109248K, used 12036K [0x00000000e0000000, 0x00000000e8000000, 0x00000000e8000000)
  eden space 87424K,   0% used [0x00000000e0000000, 0x00000000e0000000, 0x00000000e5560000)
  from space 21824K,  55% used [0x00000000e6ab0000, 0x00000000e7671180, 0x00000000e8000000)
  to   space 21824K,   0% used [0x00000000e5560000, 0x00000000e5560000, 0x00000000e6ab0000)
 concurrent mark-sweep generation total 393216K, used 21536K [0x00000000e8000000, 0x0000000100000000, 0x0000000100000000)
 Metaspace       used 46623K, capacity 48548K, committed 48840K, reserved 1091584K
  class space    used 5643K, capacity 6035K, committed 6088K, reserved 1048576K
}
2018-09-07T19:08:42.214+0530: 497.606: Total time for which application threads were stopped: 0.0361932 seconds, Stopping threads took: 0.0000995 seconds
2018-09-07T19:08:42.218+0530: 497.610: Total time for which application threads were stopped: 0.0023210 seconds, Stopping threads took: 0.0020859 seconds
2018-09-07T19:08:42.259+0530: 497.652: Total time for which application threads were stopped: 0.0003334 seconds, Stopping threads took: 0.0000538 seconds
2018-09-07T19:08:42.602+0530: 497.994: Total time for which application threads were stopped: 0.0002905 seconds, Stopping threads took: 0.0000633 seconds
2018-09-07T19:08:42.603+0530: 497.996: Total time for which application threads were stopped: 0.0002576 seconds, Stopping threads took: 0.0000628 seconds
2018-09-07T19:08:42.614+0530: 498.006: Total time for which application threads were stopped: 0.0002027 seconds, Stopping threads took: 0.0000525 seconds
2018-09-07T19:08:42.614+0530: 498.007: Total time for which application threads were stopped: 0.0001355 seconds, Stopping threads took: 0.0000295 seconds
2018-09-07T19:08:42.615+0530: 498.007: Total time for which application threads were stopped: 0.0000793 seconds, Stopping threads took: 0.0000096 seconds
2018-09-07T19:08:42.632+0530: 498.024: Total time for which application threads were stopped: 0.0002576 seconds, Stopping threads took: 0.0000603 seconds
2018-09-07T19:08:42.632+0530: 498.024: Total time for which application threads were stopped: 0.0002111 seconds, Stopping threads took: 0.0000290 seconds
2018-09-07T19:08:42.693+0530: 498.085: Total time for which application threads were stopped: 0.0003003 seconds, Stopping threads took: 0.0000620 seconds
2018-09-07T19:08:42.697+0530: 498.090: Total time for which application threads were stopped: 0.0012516 seconds, Stopping threads took: 0.0000548 seconds
2018-09-07T19:08:42.700+0530: 498.092: Total time for which application threads were stopped: 0.0012240 seconds, Stopping threads took: 0.0001923 seconds
2018-09-07T19:08:42.713+0530: 498.105: Total time for which application threads were stopped: 0.0011617 seconds, Stopping threads took: 0.0000314 seconds
2018-09-07T19:08:42.715+0530: 498.108: Total time for which application threads were stopped: 0.0011285 seconds, Stopping threads took: 0.0000356 seconds
2018-09-07T19:08:42.756+0530: 498.149: Total time for which application threads were stopped: 0.0042171 seconds, Stopping threads took: 0.0040163 seconds
2018-09-07T19:08:42.758+0530: 498.150: Total time for which application threads were stopped: 0.0002110 seconds, Stopping threads took: 0.0000310 seconds
2018-09-07T19:08:42.759+0530: 498.151: Total time for which application threads were stopped: 0.0002112 seconds, Stopping threads took: 0.0000371 seconds
2018-09-07T19:08:42.760+0530: 498.152: Total time for which application threads were stopped: 0.0002297 seconds, Stopping threads took: 0.0000475 seconds
2018-09-07T19:08:42.761+0530: 498.154: Total time for which application threads were stopped: 0.0002443 seconds, Stopping threads took: 0.0000542 seconds
2018-09-07T19:08:42.762+0530: 498.154: Total time for which application threads were stopped: 0.0001959 seconds, Stopping threads took: 0.0000538 seconds
2018-09-07T19:08:42.764+0530: 498.157: Total time for which application threads were stopped: 0.0002495 seconds, Stopping threads took: 0.0000350 seconds
2018-09-07T19:08:42.866+0530: 498.258: Total time for which application threads were stopped: 0.0010040 seconds, Stopping threads took: 0.0002687 seconds
2018-09-07T19:08:42.868+0530: 498.260: Total time for which application threads were stopped: 0.0005941 seconds, Stopping threads took: 0.0001780 seconds
2018-09-07T19:08:42.869+0530: 498.262: Total time for which application threads were stopped: 0.0005736 seconds, Stopping threads took: 0.0002051 seconds
2018-09-07T19:08:42.872+0530: 498.264: Total time for which application threads were stopped: 0.0005372 seconds, Stopping threads took: 0.0001408 seconds
2018-09-07T19:08:42.873+0530: 498.265: Total time for which application threads were stopped: 0.0004886 seconds, Stopping threads took: 0.0001515 seconds
2018-09-07T19:08:42.876+0530: 498.268: Total time for which application threads were stopped: 0.0006644 seconds, Stopping threads took: 0.0000817 seconds
2018-09-07T19:08:42.880+0530: 498.273: Total time for which application threads were stopped: 0.0013783 seconds, Stopping threads took: 0.0001539 seconds
2018-09-07T19:08:42.907+0530: 498.299: Total time for which application threads were stopped: 0.0023592 seconds, Stopping threads took: 0.0012432 seconds
2018-09-07T19:08:43.087+0530: 498.480: Total time for which application threads were stopped: 0.0006098 seconds, Stopping threads took: 0.0001008 seconds
2018-09-07T19:08:43.096+0530: 498.488: Total time for which application threads were stopped: 0.0004873 seconds, Stopping threads took: 0.0000689 seconds
2018-09-07T19:08:43.516+0530: 498.909: Total time for which application threads were stopped: 0.0004056 seconds, Stopping threads took: 0.0001388 seconds
2018-09-07T19:08:43.523+0530: 498.915: Total time for which application threads were stopped: 0.0019909 seconds, Stopping threads took: 0.0017985 seconds
2018-09-07T19:08:43.523+0530: 498.916: Total time for which application threads were stopped: 0.0001756 seconds, Stopping threads took: 0.0000412 seconds
2018-09-07T19:08:43.524+0530: 498.916: Total time for which application threads were stopped: 0.0001253 seconds, Stopping threads took: 0.0000377 seconds
2018-09-07T19:08:43.524+0530: 498.916: Total time for which application threads were stopped: 0.0003957 seconds, Stopping threads took: 0.0002218 seconds
2018-09-07T19:08:43.524+0530: 498.917: Total time for which application threads were stopped: 0.0002130 seconds, Stopping threads took: 0.0000432 seconds
2018-09-07T19:08:43.526+0530: 498.919: Total time for which application threads were stopped: 0.0005356 seconds, Stopping threads took: 0.0003325 seconds
2018-09-07T19:08:43.535+0530: 498.927: Total time for which application threads were stopped: 0.0011730 seconds, Stopping threads took: 0.0000516 seconds
2018-09-07T19:08:43.536+0530: 498.928: Total time for which application threads were stopped: 0.0003255 seconds, Stopping threads took: 0.0000598 seconds
2018-09-07T19:08:43.552+0530: 498.944: Total time for which application threads were stopped: 0.0031135 seconds, Stopping threads took: 0.0028420 seconds
2018-09-07T19:08:43.554+0530: 498.946: Total time for which application threads were stopped: 0.0008028 seconds, Stopping threads took: 0.0005408 seconds
2018-09-07T19:08:43.593+0530: 498.985: Total time for which application threads were stopped: 0.0003512 seconds, Stopping threads took: 0.0000770 seconds
2018-09-07T19:08:43.610+0530: 499.002: Total time for which application threads were stopped: 0.0018252 seconds, Stopping threads took: 0.0016045 seconds
2018-09-07T19:08:43.612+0530: 499.004: Total time for which application threads were stopped: 0.0002822 seconds, Stopping threads took: 0.0000673 seconds
2018-09-07T19:08:43.622+0530: 499.014: Total time for which application threads were stopped: 0.0003180 seconds, Stopping threads took: 0.0000708 seconds
2018-09-07T19:08:43.664+0530: 499.056: Total time for which application threads were stopped: 0.0002882 seconds, Stopping threads took: 0.0000527 seconds
2018-09-07T19:08:43.669+0530: 499.061: Total time for which application threads were stopped: 0.0043656 seconds, Stopping threads took: 0.0041337 seconds
2018-09-07T19:08:44.670+0530: 500.062: Total time for which application threads were stopped: 0.0007773 seconds, Stopping threads took: 0.0000953 seconds
2018-09-07T19:08:44.720+0530: 500.113: Total time for which application threads were stopped: 0.0007571 seconds, Stopping threads took: 0.0000896 seconds
2018-09-07T19:08:44.722+0530: 500.114: Total time for which application threads were stopped: 0.0006474 seconds, Stopping threads took: 0.0000800 seconds
2018-09-07T19:08:44.849+0530: 500.241: Total time for which application threads were stopped: 0.0031600 seconds, Stopping threads took: 0.0001137 seconds
2018-09-07T19:08:44.971+0530: 500.363: Total time for which application threads were stopped: 0.0002984 seconds, Stopping threads took: 0.0000786 seconds
2018-09-07T19:08:44.971+0530: 500.364: Total time for which application threads were stopped: 0.0001627 seconds, Stopping threads took: 0.0000195 seconds
2018-09-07T19:08:44.972+0530: 500.364: Total time for which application threads were stopped: 0.0000951 seconds, Stopping threads took: 0.0000086 seconds
2018-09-07T19:08:44.974+0530: 500.366: Total time for which application threads were stopped: 0.0002616 seconds, Stopping threads took: 0.0000959 seconds
2018-09-07T19:08:44.974+0530: 500.367: Total time for which application threads were stopped: 0.0002592 seconds, Stopping threads took: 0.0000577 seconds
2018-09-07T19:08:44.974+0530: 500.367: Total time for which application threads were stopped: 0.0001473 seconds, Stopping threads took: 0.0000293 seconds
2018-09-07T19:08:44.989+0530: 500.382: Total time for which application threads were stopped: 0.0040403 seconds, Stopping threads took: 0.0038261 seconds
2018-09-07T19:08:44.990+0530: 500.382: Total time for which application threads were stopped: 0.0001740 seconds, Stopping threads took: 0.0000606 seconds
2018-09-07T19:08:44.990+0530: 500.382: Total time for which application threads were stopped: 0.0001143 seconds, Stopping threads took: 0.0000163 seconds
2018-09-07T19:08:44.990+0530: 500.382: Total time for which application threads were stopped: 0.0001239 seconds, Stopping threads took: 0.0000510 seconds
2018-09-07T19:08:45.991+0530: 501.383: Total time for which application threads were stopped: 0.0006531 seconds, Stopping threads took: 0.0000872 seconds
2018-09-07T19:08:52.993+0530: 508.385: Total time for which application threads were stopped: 0.0002856 seconds, Stopping threads took: 0.0000371 seconds
2018-09-07T19:08:53.105+0530: 508.498: Total time for which application threads were stopped: 0.0003536 seconds, Stopping threads took: 0.0000560 seconds
2018-09-07T19:08:53.106+0530: 508.498: Total time for which application threads were stopped: 0.0003402 seconds, Stopping threads took: 0.0000920 seconds
2018-09-07T19:08:53.111+0530: 508.503: Total time for which application threads were stopped: 0.0003405 seconds, Stopping threads took: 0.0000757 seconds
2018-09-07T19:08:53.112+0530: 508.504: Total time for which application threads were stopped: 0.0003174 seconds, Stopping threads took: 0.0000622 seconds
2018-09-07T19:08:54.112+0530: 509.505: Total time for which application threads were stopped: 0.0007271 seconds, Stopping threads took: 0.0000807 seconds
2018-09-07T19:08:54.773+0530: 510.165: Total time for which application threads were stopped: 0.0007041 seconds, Stopping threads took: 0.0000608 seconds
2018-09-07T19:08:55.774+0530: 511.166: Total time for which application threads were stopped: 0.0005256 seconds, Stopping threads took: 0.0000840 seconds
2018-09-07T19:09:40.782+0530: 556.174: Total time for which application threads were stopped: 0.0002402 seconds, Stopping threads took: 0.0000372 seconds
2018-09-07T19:09:43.783+0530: 559.175: Total time for which application threads were stopped: 0.0005138 seconds, Stopping threads took: 0.0000851 seconds
2018-09-07T19:10:08.335+0530: 583.728: Total time for which application threads were stopped: 0.0067103 seconds, Stopping threads took: 0.0063288 seconds
{Heap before GC invocations=21 (full 2):
 par new generation   total 109248K, used 99460K [0x00000000e0000000, 0x00000000e8000000, 0x00000000e8000000)
  eden space 87424K, 100% used [0x00000000e0000000, 0x00000000e5560000, 0x00000000e5560000)
  from space 21824K,  55% used [0x00000000e6ab0000, 0x00000000e7671180, 0x00000000e8000000)
  to   space 21824K,   0% used [0x00000000e5560000, 0x00000000e5560000, 0x00000000e6ab0000)
 concurrent mark-sweep generation total 393216K, used 21536K [0x00000000e8000000, 0x0000000100000000, 0x0000000100000000)
 Metaspace       used 48369K, capacity 50372K, committed 50632K, reserved 1093632K
  class space    used 5832K, capacity 6255K, committed 6344K, reserved 1048576K
2018-09-07T19:10:08.355+0530: 583.747: [GC (Allocation Failure) 2018-09-07T19:10:08.355+0530: 583.747: [ParNew
Desired survivor size 20112992 bytes, new threshold 8 (max 8)
- age   1:    6454896 bytes,    6454896 total
- age   2:     355888 bytes,    6810784 total
- age   3:     116832 bytes,    6927616 total
- age   4:      55856 bytes,    6983472 total
- age   5:    1666216 bytes,    8649688 total
- age   6:    4692280 bytes,   13341968 total
- age   7:     151648 bytes,   13493616 total
- age   8:      97800 bytes,   13591416 total
: 99460K->16086K(109248K), 0.0537426 secs] 120996K->37767K(502464K), 0.0540195 secs] [Times: user=0.14 sys=0.00, real=0.06 secs] 
Heap after GC invocations=22 (full 2):
 par new generation   total 109248K, used 16086K [0x00000000e0000000, 0x00000000e8000000, 0x00000000e8000000)
  eden space 87424K,   0% used [0x00000000e0000000, 0x00000000e0000000, 0x00000000e5560000)
  from space 21824K,  73% used [0x00000000e5560000, 0x00000000e6515878, 0x00000000e6ab0000)
  to   space 21824K,   0% used [0x00000000e6ab0000, 0x00000000e6ab0000, 0x00000000e8000000)
 concurrent mark-sweep generation total 393216K, used 21681K [0x00000000e8000000, 0x0000000100000000, 0x0000000100000000)
 Metaspace       used 48369K, capacity 50372K, committed 50632K, reserved 1093632K
  class space    used 5832K, capacity 6255K, committed 6344K, reserved 1048576K
}
2018-09-07T19:10:08.409+0530: 583.801: Total time for which application threads were stopped: 0.0547726 seconds, Stopping threads took: 0.0000725 seconds
{Heap before GC invocations=22 (full 2):
 par new generation   total 109248K, used 103510K [0x00000000e0000000, 0x00000000e8000000, 0x00000000e8000000)
  eden space 87424K, 100% used [0x00000000e0000000, 0x00000000e5560000, 0x00000000e5560000)
  from space 21824K,  73% used [0x00000000e5560000, 0x00000000e6515878, 0x00000000e6ab0000)
  to   space 21824K,   0% used [0x00000000e6ab0000, 0x00000000e6ab0000, 0x00000000e8000000)
 concurrent mark-sweep generation total 393216K, used 21681K [0x00000000e8000000, 0x0000000100000000, 0x0000000100000000)
 Metaspace       used 48381K, capacity 50378K, committed 50632K, reserved 1093632K
  class space    used 5832K, capacity 6256K, committed 6344K, reserved 1048576K
2018-09-07T19:10:08.483+0530: 583.875: [GC (Allocation Failure) 2018-09-07T19:10:08.483+0530: 583.875: [ParNew
Desired survivor size 20112992 bytes, new threshold 8 (max 8)
- age   1:     238904 bytes,     238904 total
- age   2:    5259400 bytes,    5498304 total
- age   3:     355888 bytes,    5854192 total
- age   4:     116832 bytes,    5971024 total
- age   5:      55856 bytes,    6026880 total
- age   6:    1664888 bytes,    7691768 total
- age   7:    4690456 bytes,   12382224 total
- age   8:     151648 bytes,   12533872 total
: 103510K->18785K(109248K), 0.0454555 secs] 125191K->40564K(502464K), 0.0458141 secs] [Times: user=0.09 sys=0.00, real=0.05 secs] 
Heap after GC invocations=23 (full 2):
 par new generation   total 109248K, used 18785K [0x00000000e0000000, 0x00000000e8000000, 0x00000000e8000000)
  eden space 87424K,   0% used [0x00000000e0000000, 0x00000000e0000000, 0x00000000e5560000)
  from space 21824K,  86% used [0x00000000e6ab0000, 0x00000000e7d08580, 0x00000000e8000000)
  to   space 21824K,   0% used [0x00000000e5560000, 0x00000000e5560000, 0x00000000e6ab0000)
 concurrent mark-sweep generation total 393216K, used 21779K [0x00000000e8000000, 0x0000000100000000, 0x0000000100000000)
 Metaspace       used 48381K, capacity 50378K, committed 50632K, reserved 1093632K
  class space    used 5832K, capacity 6256K, committed 6344K, reserved 1048576K
}
2018-09-07T19:10:08.529+0530: 583.921: Total time for which application threads were stopped: 0.0463836 seconds, Stopping threads took: 0.0001157 seconds
{Heap before GC invocations=23 (full 2):
 par new generation   total 109248K, used 106209K [0x00000000e0000000, 0x00000000e8000000, 0x00000000e8000000)
  eden space 87424K, 100% used [0x00000000e0000000, 0x00000000e5560000, 0x00000000e5560000)
  from space 21824K,  86% used [0x00000000e6ab0000, 0x00000000e7d08580, 0x00000000e8000000)
  to   space 21824K,   0% used [0x00000000e5560000, 0x00000000e5560000, 0x00000000e6ab0000)
 concurrent mark-sweep generation total 393216K, used 21779K [0x00000000e8000000, 0x0000000100000000, 0x0000000100000000)
 Metaspace       used 48388K, capacity 50384K, committed 50632K, reserved 1093632K
  class space    used 5833K, capacity 6257K, committed 6344K, reserved 1048576K
2018-09-07T19:10:08.613+0530: 584.005: [GC (Allocation Failure) 2018-09-07T19:10:08.613+0530: 584.005: [ParNew
Desired survivor size 20112992 bytes, new threshold 8 (max 8)
- age   1:     209368 bytes,     209368 total
- age   2:      59000 bytes,     268368 total
- age   3:    5259184 bytes,    5527552 total
- age   4:     355888 bytes,    5883440 total
- age   5:     116832 bytes,    6000272 total
- age   6:      55856 bytes,    6056128 total
- age   7:    1664888 bytes,    7721016 total
- age   8:    4690456 bytes,   12411472 total
: 106209K->14344K(109248K), 0.0534525 secs] 127988K->36275K(502464K), 0.0538115 secs] [Times: user=0.09 sys=0.00, real=0.06 secs] 
Heap after GC invocations=24 (full 2):
 par new generation   total 109248K, used 14344K [0x00000000e0000000, 0x00000000e8000000, 0x00000000e8000000)
  eden space 87424K,   0% used [0x00000000e0000000, 0x00000000e0000000, 0x00000000e5560000)
  from space 21824K,  65% used [0x00000000e5560000, 0x00000000e63621c0, 0x00000000e6ab0000)
  to   space 21824K,   0% used [0x00000000e6ab0000, 0x00000000e6ab0000, 0x00000000e8000000)
 concurrent mark-sweep generation total 393216K, used 21930K [0x00000000e8000000, 0x0000000100000000, 0x0000000100000000)
 Metaspace       used 48388K, capacity 50384K, committed 50632K, reserved 1093632K
  class space    used 5833K, capacity 6257K, committed 6344K, reserved 1048576K
}
2018-09-07T19:10:08.667+0530: 584.059: Total time for which application threads were stopped: 0.0543555 seconds, Stopping threads took: 0.0000645 seconds
{Heap before GC invocations=24 (full 2):
 par new generation   total 109248K, used 101743K [0x00000000e0000000, 0x00000000e8000000, 0x00000000e8000000)
  eden space 87424K,  99% used [0x00000000e0000000, 0x00000000e5559c20, 0x00000000e5560000)
  from space 21824K,  65% used [0x00000000e5560000, 0x00000000e63621c0, 0x00000000e6ab0000)
  to   space 21824K,   0% used [0x00000000e6ab0000, 0x00000000e6ab0000, 0x00000000e8000000)
 concurrent mark-sweep generation total 393216K, used 21930K [0x00000000e8000000, 0x0000000100000000, 0x0000000100000000)
 Metaspace       used 48456K, capacity 50470K, committed 50632K, reserved 1093632K
  class space    used 5841K, capacity 6272K, committed 6344K, reserved 1048576K
2018-09-07T19:10:08.845+0530: 584.237: [GC (Allocation Failure) 2018-09-07T19:10:08.845+0530: 584.238: [ParNew
Desired survivor size 20112992 bytes, new threshold 8 (max 8)
- age   1:    1331384 bytes,    1331384 total
- age   2:     115720 bytes,    1447104 total
- age   3:      57384 bytes,    1504488 total
- age   4:    3956264 bytes,    5460752 total
- age   5:     355888 bytes,    5816640 total
- age   6:     116832 bytes,    5933472 total
- age   7:      55856 bytes,    5989328 total
- age   8:    1664888 bytes,    7654216 total
: 101743K->13189K(109248K), 0.0545599 secs] 123674K->40401K(502464K), 0.0548720 secs] [Times: user=0.11 sys=0.00, real=0.05 secs] 
Heap after GC invocations=25 (full 2):
 par new generation   total 109248K, used 13189K [0x00000000e0000000, 0x00000000e8000000, 0x00000000e8000000)
  eden space 87424K,   0% used [0x00000000e0000000, 0x00000000e0000000, 0x00000000e5560000)
  from space 21824K,  60% used [0x00000000e6ab0000, 0x00000000e7791490, 0x00000000e8000000)
  to   space 21824K,   0% used [0x00000000e5560000, 0x00000000e5560000, 0x00000000e6ab0000)
 concurrent mark-sweep generation total 393216K, used 27211K [0x00000000e8000000, 0x0000000100000000, 0x0000000100000000)
 Metaspace       used 48456K, capacity 50470K, committed 50632K, reserved 1093632K
  class space    used 5841K, capacity 6272K, committed 6344K, reserved 1048576K
}
2018-09-07T19:10:08.900+0530: 584.292: Total time for which application threads were stopped: 0.0568666 seconds, Stopping threads took: 0.0015658 seconds
{Heap before GC invocations=25 (full 2):
 par new generation   total 109248K, used 100613K [0x00000000e0000000, 0x00000000e8000000, 0x00000000e8000000)
  eden space 87424K, 100% used [0x00000000e0000000, 0x00000000e5560000, 0x00000000e5560000)
  from space 21824K,  60% used [0x00000000e6ab0000, 0x00000000e7791490, 0x00000000e8000000)
  to   space 21824K,   0% used [0x00000000e5560000, 0x00000000e5560000, 0x00000000e6ab0000)
 concurrent mark-sweep generation total 393216K, used 27211K [0x00000000e8000000, 0x0000000100000000, 0x0000000100000000)
 Metaspace       used 48506K, capacity 50518K, committed 50632K, reserved 1093632K
  class space    used 5846K, capacity 6280K, committed 6344K, reserved 1048576K
2018-09-07T19:10:09.201+0530: 584.593: [GC (Allocation Failure) 2018-09-07T19:10:09.201+0530: 584.593: [ParNew
Desired survivor size 20112992 bytes, new threshold 8 (max 8)
- age   1:    1990696 bytes,    1990696 total
- age   2:    1104728 bytes,    3095424 total
- age   3:     115720 bytes,    3211144 total
- age   4:      57384 bytes,    3268528 total
- age   5:    3652784 bytes,    6921312 total
- age   6:     355888 bytes,    7277200 total
- age   7:     116832 bytes,    7394032 total
- age   8:      55856 bytes,    7449888 total
: 100613K->8568K(109248K), 0.0398186 secs] 127825K->37419K(502464K), 0.0401878 secs] [Times: user=0.08 sys=0.00, real=0.04 secs] 
Heap after GC invocations=26 (full 2):
 par new generation   total 109248K, used 8568K [0x00000000e0000000, 0x00000000e8000000, 0x00000000e8000000)
  eden space 87424K,   0% used [0x00000000e0000000, 0x00000000e0000000, 0x00000000e5560000)
  from space 21824K,  39% used [0x00000000e5560000, 0x00000000e5dbe110, 0x00000000e6ab0000)
  to   space 21824K,   0% used [0x00000000e6ab0000, 0x00000000e6ab0000, 0x00000000e8000000)
 concurrent mark-sweep generation total 393216K, used 28851K [0x00000000e8000000, 0x0000000100000000, 0x0000000100000000)
 Metaspace       used 48506K, capacity 50518K, committed 50632K, reserved 1093632K
  class space    used 5846K, capacity 6280K, committed 6344K, reserved 1048576K
}
2018-09-07T19:10:09.241+0530: 584.633: Total time for which application threads were stopped: 0.0436751 seconds, Stopping threads took: 0.0030045 seconds
{Heap before GC invocations=26 (full 2):
 par new generation   total 109248K, used 95992K [0x00000000e0000000, 0x00000000e8000000, 0x00000000e8000000)
  eden space 87424K, 100% used [0x00000000e0000000, 0x00000000e5560000, 0x00000000e5560000)
  from space 21824K,  39% used [0x00000000e5560000, 0x00000000e5dbe110, 0x00000000e6ab0000)
  to   space 21824K,   0% used [0x00000000e6ab0000, 0x00000000e6ab0000, 0x00000000e8000000)
 concurrent mark-sweep generation total 393216K, used 28851K [0x00000000e8000000, 0x0000000100000000, 0x0000000100000000)
 Metaspace       used 48525K, capacity 50548K, committed 50632K, reserved 1093632K
  class space    used 5848K, capacity 6285K, committed 6344K, reserved 1048576K
2018-09-07T19:10:09.351+0530: 584.743: [GC (Allocation Failure) 2018-09-07T19:10:09.351+0530: 584.743: [ParNew
Desired survivor size 20112992 bytes, new threshold 8 (max 8)
- age   1:     410592 bytes,     410592 total
- age   2:    1897848 bytes,    2308440 total
- age   3:    1104728 bytes,    3413168 total
- age   4:     115720 bytes,    3528888 total
- age   5:      57384 bytes,    3586272 total
- age   6:    3652784 bytes,    7239056 total
- age   7:     355888 bytes,    7594944 total
- age   8:     116832 bytes,    7711776 total
: 95992K->9111K(109248K), 0.0287047 secs] 124843K->38020K(502464K), 0.0289817 secs] [Times: user=0.04 sys=0.01, real=0.03 secs] 
Heap after GC invocations=27 (full 2):
 par new generation   total 109248K, used 9111K [0x00000000e0000000, 0x00000000e8000000, 0x00000000e8000000)
  eden space 87424K,   0% used [0x00000000e0000000, 0x00000000e0000000, 0x00000000e5560000)
  from space 21824K,  41% used [0x00000000e6ab0000, 0x00000000e7395d10, 0x00000000e8000000)
  to   space 21824K,   0% used [0x00000000e5560000, 0x00000000e5560000, 0x00000000e6ab0000)
 concurrent mark-sweep generation total 393216K, used 28908K [0x00000000e8000000, 0x0000000100000000, 0x0000000100000000)
 Metaspace       used 48525K, capacity 50548K, committed 50632K, reserved 1093632K
  class space    used 5848K, capacity 6285K, committed 6344K, reserved 1048576K
}
2018-09-07T19:10:09.380+0530: 584.772: Total time for which application threads were stopped: 0.0369757 seconds, Stopping threads took: 0.0075821 seconds
{Heap before GC invocations=27 (full 2):
 par new generation   total 109248K, used 96535K [0x00000000e0000000, 0x00000000e8000000, 0x00000000e8000000)
  eden space 87424K, 100% used [0x00000000e0000000, 0x00000000e5560000, 0x00000000e5560000)
  from space 21824K,  41% used [0x00000000e6ab0000, 0x00000000e7395d10, 0x00000000e8000000)
  to   space 21824K,   0% used [0x00000000e5560000, 0x00000000e5560000, 0x00000000e6ab0000)
 concurrent mark-sweep generation total 393216K, used 28908K [0x00000000e8000000, 0x0000000100000000, 0x0000000100000000)
 Metaspace       used 48526K, capacity 50548K, committed 50632K, reserved 1093632K
  class space    used 5848K, capacity 6285K, committed 6344K, reserved 1048576K
2018-09-07T19:10:09.466+0530: 584.859: [GC (Allocation Failure) 2018-09-07T19:10:09.519+0530: 584.911: [ParNew
Desired survivor size 20112992 bytes, new threshold 8 (max 8)
- age   1:     220152 bytes,     220152 total
- age   2:      98696 bytes,     318848 total
- age   3:    1866592 bytes,    2185440 total
- age   4:    1104728 bytes,    3290168 total
- age   5:     115720 bytes,    3405888 total
- age   6:      57384 bytes,    3463272 total
- age   7:    3652208 bytes,    7115480 total
- age   8:     355888 bytes,    7471368 total
: 96535K->9269K(109248K), 0.0076642 secs] 125444K->38295K(502464K), 0.0604403 secs] [Times: user=0.04 sys=0.00, real=0.06 secs] 
Heap after GC invocations=28 (full 2):
 par new generation   total 109248K, used 9269K [0x00000000e0000000, 0x00000000e8000000, 0x00000000e8000000)
  eden space 87424K,   0% used [0x00000000e0000000, 0x00000000e0000000, 0x00000000e5560000)
  from space 21824K,  42% used [0x00000000e5560000, 0x00000000e5e6d7a8, 0x00000000e6ab0000)
  to   space 21824K,   0% used [0x00000000e6ab0000, 0x00000000e6ab0000, 0x00000000e8000000)
 concurrent mark-sweep generation total 393216K, used 29025K [0x00000000e8000000, 0x0000000100000000, 0x0000000100000000)
 Metaspace       used 48526K, capacity 50548K, committed 50632K, reserved 1093632K
  class space    used 5848K, capacity 6285K, committed 6344K, reserved 1048576K
}
2018-09-07T19:10:09.527+0530: 584.919: Total time for which application threads were stopped: 0.0608863 seconds, Stopping threads took: 0.0000452 seconds
2018-09-07T19:10:09.578+0530: 584.970: Total time for which application threads were stopped: 0.0104625 seconds, Stopping threads took: 0.0100991 seconds
2018-09-07T19:10:09.579+0530: 584.971: Total time for which application threads were stopped: 0.0002744 seconds, Stopping threads took: 0.0000295 seconds
2018-09-07T19:10:09.853+0530: 585.245: Total time for which application threads were stopped: 0.0009741 seconds, Stopping threads took: 0.0001012 seconds
{Heap before GC invocations=28 (full 2):
 par new generation   total 109248K, used 96693K [0x00000000e0000000, 0x00000000e8000000, 0x00000000e8000000)
  eden space 87424K, 100% used [0x00000000e0000000, 0x00000000e5560000, 0x00000000e5560000)
  from space 21824K,  42% used [0x00000000e5560000, 0x00000000e5e6d7a8, 0x00000000e6ab0000)
  to   space 21824K,   0% used [0x00000000e6ab0000, 0x00000000e6ab0000, 0x00000000e8000000)
 concurrent mark-sweep generation total 393216K, used 29025K [0x00000000e8000000, 0x0000000100000000, 0x0000000100000000)
 Metaspace       used 48544K, capacity 50618K, committed 50888K, reserved 1093632K
  class space    used 5849K, capacity 6286K, committed 6344K, reserved 1048576K
2018-09-07T19:10:09.933+0530: 585.325: [GC (Allocation Failure) 2018-09-07T19:10:09.933+0530: 585.325: [ParNew
Desired survivor size 20112992 bytes, new threshold 8 (max 8)
- age   1:    2806312 bytes,    2806312 total
- age   2:     166952 bytes,    2973264 total
- age   3:      98384 bytes,    3071648 total
- age   4:     257600 bytes,    3329248 total
- age   5:     554168 bytes,    3883416 total
- age   6:      62248 bytes,    3945664 total
- age   7:      33392 bytes,    3979056 total
- age   8:    3573736 bytes,    7552792 total
: 96693K->8946K(109248K), 0.0195894 secs] 125719K->38322K(502464K), 0.0199041 secs] [Times: user=0.04 sys=0.00, real=0.02 secs] 
Heap after GC invocations=29 (full 2):
 par new generation   total 109248K, used 8946K [0x00000000e0000000, 0x00000000e8000000, 0x00000000e8000000)
  eden space 87424K,   0% used [0x00000000e0000000, 0x00000000e0000000, 0x00000000e5560000)
  from space 21824K,  40% used [0x00000000e6ab0000, 0x00000000e736cae0, 0x00000000e8000000)
  to   space 21824K,   0% used [0x00000000e5560000, 0x00000000e5560000, 0x00000000e6ab0000)
 concurrent mark-sweep generation total 393216K, used 29375K [0x00000000e8000000, 0x0000000100000000, 0x0000000100000000)
 Metaspace       used 48544K, capacity 50618K, committed 50888K, reserved 1093632K
  class space    used 5849K, capacity 6286K, committed 6344K, reserved 1048576K
}
2018-09-07T19:10:09.953+0530: 585.345: Total time for which application threads were stopped: 0.0284642 seconds, Stopping threads took: 0.0081037 seconds
{Heap before GC invocations=29 (full 2):
 par new generation   total 109248K, used 96370K [0x00000000e0000000, 0x00000000e8000000, 0x00000000e8000000)
  eden space 87424K, 100% used [0x00000000e0000000, 0x00000000e5560000, 0x00000000e5560000)
  from space 21824K,  40% used [0x00000000e6ab0000, 0x00000000e736cae0, 0x00000000e8000000)
  to   space 21824K,   0% used [0x00000000e5560000, 0x00000000e5560000, 0x00000000e6ab0000)
 concurrent mark-sweep generation total 393216K, used 29375K [0x00000000e8000000, 0x0000000100000000, 0x0000000100000000)
 Metaspace       used 48548K, capacity 50618K, committed 50888K, reserved 1093632K
  class space    used 5849K, capacity 6286K, committed 6344K, reserved 1048576K
2018-09-07T19:10:10.092+0530: 585.484: [GC (Allocation Failure) 2018-09-07T19:10:10.123+0530: 585.515: [ParNew
Desired survivor size 20112992 bytes, new threshold 8 (max 8)
- age   1:     987944 bytes,     987944 total
- age   2:    2177368 bytes,    3165312 total
- age   3:     166952 bytes,    3332264 total
- age   4:      98384 bytes,    3430648 total
- age   5:     257344 bytes,    3687992 total
- age   6:     554168 bytes,    4242160 total
- age   7:      62248 bytes,    4304408 total
- age   8:      33392 bytes,    4337800 total
: 96370K->5910K(109248K), 0.0246778 secs] 125746K->38792K(502464K), 0.0558991 secs] [Times: user=0.08 sys=0.01, real=0.06 secs] 
Heap after GC invocations=30 (full 2):
 par new generation   total 109248K, used 5910K [0x00000000e0000000, 0x00000000e8000000, 0x00000000e8000000)
  eden space 87424K,   0% used [0x00000000e0000000, 0x00000000e0000000, 0x00000000e5560000)
  from space 21824K,  27% used [0x00000000e5560000, 0x00000000e5b25b00, 0x00000000e6ab0000)
  to   space 21824K,   0% used [0x00000000e6ab0000, 0x00000000e6ab0000, 0x00000000e8000000)
 concurrent mark-sweep generation total 393216K, used 32881K [0x00000000e8000000, 0x0000000100000000, 0x0000000100000000)
 Metaspace       used 48548K, capacity 50618K, committed 50888K, reserved 1093632K
  class space    used 5849K, capacity 6286K, committed 6344K, reserved 1048576K
}
2018-09-07T19:10:10.148+0530: 585.540: Total time for which application threads were stopped: 0.0565501 seconds, Stopping threads took: 0.0000490 seconds
{Heap before GC invocations=30 (full 2):
 par new generation   total 109248K, used 93334K [0x00000000e0000000, 0x00000000e8000000, 0x00000000e8000000)
  eden space 87424K, 100% used [0x00000000e0000000, 0x00000000e5560000, 0x00000000e5560000)
  from space 21824K,  27% used [0x00000000e5560000, 0x00000000e5b25b00, 0x00000000e6ab0000)
  to   space 21824K,   0% used [0x00000000e6ab0000, 0x00000000e6ab0000, 0x00000000e8000000)
 concurrent mark-sweep generation total 393216K, used 32881K [0x00000000e8000000, 0x0000000100000000, 0x0000000100000000)
 Metaspace       used 48553K, capacity 50618K, committed 50888K, reserved 1093632K
  class space    used 5849K, capacity 6286K, committed 6344K, reserved 1048576K
2018-09-07T19:10:10.290+0530: 585.683: [GC (Allocation Failure) 2018-09-07T19:10:10.291+0530: 585.683: [ParNew
Desired survivor size 20112992 bytes, new threshold 8 (max 8)
- age   1:    1242584 bytes,    1242584 total
- age   2:     625568 bytes,    1868152 total
- age   3:    2169240 bytes,    4037392 total
- age   4:     166952 bytes,    4204344 total
- age   5:      98384 bytes,    4302728 total
- age   6:     257312 bytes,    4560040 total
- age   7:     554168 bytes,    5114208 total
- age   8:      62248 bytes,    5176456 total
: 93334K->6174K(109248K), 0.0277163 secs] 126216K->39090K(502464K), 0.0281096 secs] [Times: user=0.04 sys=0.00, real=0.03 secs] 
Heap after GC invocations=31 (full 2):
 par new generation   total 109248K, used 6174K [0x00000000e0000000, 0x00000000e8000000, 0x00000000e8000000)
  eden space 87424K,   0% used [0x00000000e0000000, 0x00000000e0000000, 0x00000000e5560000)
  from space 21824K,  28% used [0x00000000e6ab0000, 0x00000000e70b7a70, 0x00000000e8000000)
  to   space 21824K,   0% used [0x00000000e5560000, 0x00000000e5560000, 0x00000000e6ab0000)
 concurrent mark-sweep generation total 393216K, used 32915K [0x00000000e8000000, 0x0000000100000000, 0x0000000100000000)
 Metaspace       used 48553K, capacity 50618K, committed 50888K, reserved 1093632K
  class space    used 5849K, capacity 6286K, committed 6344K, reserved 1048576K
}
2018-09-07T19:10:10.319+0530: 585.711: Total time for which application threads were stopped: 0.0438518 seconds, Stopping threads took: 0.0152583 seconds
{Heap before GC invocations=31 (full 2):
 par new generation   total 109248K, used 93594K [0x00000000e0000000, 0x00000000e8000000, 0x00000000e8000000)
  eden space 87424K,  99% used [0x00000000e0000000, 0x00000000e555ee00, 0x00000000e5560000)
  from space 21824K,  28% used [0x00000000e6ab0000, 0x00000000e70b7a70, 0x00000000e8000000)
  to   space 21824K,   0% used [0x00000000e5560000, 0x00000000e5560000, 0x00000000e6ab0000)
 concurrent mark-sweep generation total 393216K, used 32915K [0x00000000e8000000, 0x0000000100000000, 0x0000000100000000)
 Metaspace       used 48558K, capacity 50618K, committed 50888K, reserved 1093632K
  class space    used 5849K, capacity 6286K, committed 6344K, reserved 1048576K
2018-09-07T19:10:10.401+0530: 585.793: [GC (Allocation Failure) 2018-09-07T19:10:10.401+0530: 585.793: [ParNew
Desired survivor size 20112992 bytes, new threshold 8 (max 8)
- age   1:    1275008 bytes,    1275008 total
- age   2:    1098120 bytes,    2373128 total
- age   3:     625568 bytes,    2998696 total
- age   4:    1128912 bytes,    4127608 total
- age   5:     102976 bytes,    4230584 total
- age   6:      24272 bytes,    4254856 total
- age   7:     179568 bytes,    4434424 total
- age   8:     554168 bytes,    4988592 total
: 93594K->5440K(109248K), 0.0277991 secs] 126509K->38418K(502464K), 0.0282327 secs] [Times: user=0.04 sys=0.00, real=0.03 secs] 
Heap after GC invocations=32 (full 2):
 par new generation   total 109248K, used 5440K [0x00000000e0000000, 0x00000000e8000000, 0x00000000e8000000)
  eden space 87424K,   0% used [0x00000000e0000000, 0x00000000e0000000, 0x00000000e5560000)
  from space 21824K,  24% used [0x00000000e5560000, 0x00000000e5ab0398, 0x00000000e6ab0000)
  to   space 21824K,   0% used [0x00000000e6ab0000, 0x00000000e6ab0000, 0x00000000e8000000)
 concurrent mark-sweep generation total 393216K, used 32977K [0x00000000e8000000, 0x0000000100000000, 0x0000000100000000)
 Metaspace       used 48558K, capacity 50618K, committed 50888K, reserved 1093632K
  class space    used 5849K, capacity 6286K, committed 6344K, reserved 1048576K
}
2018-09-07T19:10:10.429+0530: 585.821: Total time for which application threads were stopped: 0.0287554 seconds, Stopping threads took: 0.0000733 seconds
{Heap before GC invocations=32 (full 2):
 par new generation   total 109248K, used 92864K [0x00000000e0000000, 0x00000000e8000000, 0x00000000e8000000)
  eden space 87424K, 100% used [0x00000000e0000000, 0x00000000e5560000, 0x00000000e5560000)
  from space 21824K,  24% used [0x00000000e5560000, 0x00000000e5ab0398, 0x00000000e6ab0000)
  to   space 21824K,   0% used [0x00000000e6ab0000, 0x00000000e6ab0000, 0x00000000e8000000)
 concurrent mark-sweep generation total 393216K, used 32977K [0x00000000e8000000, 0x0000000100000000, 0x0000000100000000)
 Metaspace       used 48561K, capacity 50618K, committed 50888K, reserved 1093632K
  class space    used 5850K, capacity 6286K, committed 6344K, reserved 1048576K
2018-09-07T19:10:10.531+0530: 585.924: [GC (Allocation Failure) 2018-09-07T19:10:10.565+0530: 585.957: [ParNew
Desired survivor size 20112992 bytes, new threshold 8 (max 8)
- age   1:     239056 bytes,     239056 total
- age   2:     876496 bytes,    1115552 total
- age   3:    1097056 bytes,    2212608 total
- age   4:     625568 bytes,    2838176 total
- age   5:    1128912 bytes,    3967088 total
- age   6:     102976 bytes,    4070064 total
- age   7:      24272 bytes,    4094336 total
- age   8:     179568 bytes,    4273904 total
: 92864K->5927K(109248K), 0.0281456 secs] 125842K->39448K(502464K), 0.0619656 secs] [Times: user=0.07 sys=0.01, real=0.06 secs] 
Heap after GC invocations=33 (full 2):
 par new generation   total 109248K, used 5927K [0x00000000e0000000, 0x00000000e8000000, 0x00000000e8000000)
  eden space 87424K,   0% used [0x00000000e0000000, 0x00000000e0000000, 0x00000000e5560000)
  from space 21824K,  27% used [0x00000000e6ab0000, 0x00000000e7079db0, 0x00000000e8000000)
  to   space 21824K,   0% used [0x00000000e5560000, 0x00000000e5560000, 0x00000000e6ab0000)
 concurrent mark-sweep generation total 393216K, used 33521K [0x00000000e8000000, 0x0000000100000000, 0x0000000100000000)
 Metaspace       used 48561K, capacity 50618K, committed 50888K, reserved 1093632K
  class space    used 5850K, capacity 6286K, committed 6344K, reserved 1048576K
}
2018-09-07T19:10:10.593+0530: 585.986: Total time for which application threads were stopped: 0.0624332 seconds, Stopping threads took: 0.0000567 seconds
{Heap before GC invocations=33 (full 2):
 par new generation   total 109248K, used 93351K [0x00000000e0000000, 0x00000000e8000000, 0x00000000e8000000)
  eden space 87424K, 100% used [0x00000000e0000000, 0x00000000e5560000, 0x00000000e5560000)
  from space 21824K,  27% used [0x00000000e6ab0000, 0x00000000e7079db0, 0x00000000e8000000)
  to   space 21824K,   0% used [0x00000000e5560000, 0x00000000e5560000, 0x00000000e6ab0000)
 concurrent mark-sweep generation total 393216K, used 33521K [0x00000000e8000000, 0x0000000100000000, 0x0000000100000000)
 Metaspace       used 48584K, capacity 50622K, committed 50888K, reserved 1093632K
  class space    used 5850K, capacity 6286K, committed 6344K, reserved 1048576K
2018-09-07T19:10:10.954+0530: 586.347: [GC (Allocation Failure) 2018-09-07T19:10:10.954+0530: 586.347: [ParNew
Desired survivor size 20112992 bytes, new threshold 8 (max 8)
- age   1:    3408600 bytes,    3408600 total
- age   2:     167840 bytes,    3576440 total
- age   3:     155848 bytes,    3732288 total
- age   4:     149680 bytes,    3881968 total
- age   5:      63664 bytes,    3945632 total
- age   6:     524984 bytes,    4470616 total
- age   7:      31872 bytes,    4502488 total
- age   8:       5488 bytes,    4507976 total
: 93351K->5501K(109248K), 0.0509203 secs] 126872K->39123K(502464K), 0.0512747 secs] [Times: user=0.05 sys=0.00, real=0.06 secs] 
Heap after GC invocations=34 (full 2):
 par new generation   total 109248K, used 5501K [0x00000000e0000000, 0x00000000e8000000, 0x00000000e8000000)
  eden space 87424K,   0% used [0x00000000e0000000, 0x00000000e0000000, 0x00000000e5560000)
  from space 21824K,  25% used [0x00000000e5560000, 0x00000000e5abf4c0, 0x00000000e6ab0000)
  to   space 21824K,   0% used [0x00000000e6ab0000, 0x00000000e6ab0000, 0x00000000e8000000)
 concurrent mark-sweep generation total 393216K, used 33622K [0x00000000e8000000, 0x0000000100000000, 0x0000000100000000)
 Metaspace       used 48584K, capacity 50622K, committed 50888K, reserved 1093632K
  class space    used 5850K, capacity 6286K, committed 6344K, reserved 1048576K
}
2018-09-07T19:10:11.006+0530: 586.398: Total time for which application threads were stopped: 0.0518641 seconds, Stopping threads took: 0.0001420 seconds
{Heap before GC invocations=34 (full 2):
 par new generation   total 109248K, used 92925K [0x00000000e0000000, 0x00000000e8000000, 0x00000000e8000000)
  eden space 87424K, 100% used [0x00000000e0000000, 0x00000000e5560000, 0x00000000e5560000)
  from space 21824K,  25% used [0x00000000e5560000, 0x00000000e5abf4c0, 0x00000000e6ab0000)
  to   space 21824K,   0% used [0x00000000e6ab0000, 0x00000000e6ab0000, 0x00000000e8000000)
 concurrent mark-sweep generation total 393216K, used 33622K [0x00000000e8000000, 0x0000000100000000, 0x0000000100000000)
 Metaspace       used 48587K, capacity 50686K, committed 50888K, reserved 1093632K
  class space    used 5850K, capacity 6286K, committed 6344K, reserved 1048576K
2018-09-07T19:10:11.069+0530: 586.461: [GC (Allocation Failure) 2018-09-07T19:10:11.069+0530: 586.462: [ParNew
Desired survivor size 20112992 bytes, new threshold 8 (max 8)
- age   1:     318600 bytes,     318600 total
- age   2:    2891936 bytes,    3210536 total
- age   3:     167840 bytes,    3378376 total
- age   4:     155848 bytes,    3534224 total
- age   5:     149680 bytes,    3683904 total
- age   6:      63408 bytes,    3747312 total
- age   7:     524984 bytes,    4272296 total
- age   8:      31872 bytes,    4304168 total
: 92925K->5984K(109248K), 0.0240263 secs] 126547K->39612K(502464K), 0.0243630 secs] [Times: user=0.05 sys=0.00, real=0.02 secs] 
Heap after GC invocations=35 (full 2):
 par new generation   total 109248K, used 5984K [0x00000000e0000000, 0x00000000e8000000, 0x00000000e8000000)
  eden space 87424K,   0% used [0x00000000e0000000, 0x00000000e0000000, 0x00000000e5560000)
  from space 21824K,  27% used [0x00000000e6ab0000, 0x00000000e7088070, 0x00000000e8000000)
  to   space 21824K,   0% used [0x00000000e5560000, 0x00000000e5560000, 0x00000000e6ab0000)
 concurrent mark-sweep generation total 393216K, used 33628K [0x00000000e8000000, 0x0000000100000000, 0x0000000100000000)
 Metaspace       used 48587K, capacity 50686K, committed 50888K, reserved 1093632K
  class space    used 5850K, capacity 6286K, committed 6344K, reserved 1048576K
}
2018-09-07T19:10:11.094+0530: 586.486: Total time for which application threads were stopped: 0.0311755 seconds, Stopping threads took: 0.0062191 seconds
{Heap before GC invocations=35 (full 2):
 par new generation   total 109248K, used 93408K [0x00000000e0000000, 0x00000000e8000000, 0x00000000e8000000)
  eden space 87424K, 100% used [0x00000000e0000000, 0x00000000e5560000, 0x00000000e5560000)
  from space 21824K,  27% used [0x00000000e6ab0000, 0x00000000e7088070, 0x00000000e8000000)
  to   space 21824K,   0% used [0x00000000e5560000, 0x00000000e5560000, 0x00000000e6ab0000)
 concurrent mark-sweep generation total 393216K, used 33628K [0x00000000e8000000, 0x0000000100000000, 0x0000000100000000)
 Metaspace       used 48587K, capacity 50686K, committed 50888K, reserved 1093632K
  class space    used 5850K, capacity 6286K, committed 6344K, reserved 1048576K
2018-09-07T19:10:11.137+0530: 586.529: [GC (Allocation Failure) 2018-09-07T19:10:11.192+0530: 586.584: [ParNew
Desired survivor size 20112992 bytes, new threshold 8 (max 8)
- age   1:     793256 bytes,     793256 total
- age   2:      58376 bytes,     851632 total
- age   3:    2891936 bytes,    3743568 total
- age   4:     167840 bytes,    3911408 total
- age   5:     155848 bytes,    4067256 total
- age   6:     149680 bytes,    4216936 total
- age   7:      63408 bytes,    4280344 total
- age   8:     524984 bytes,    4805328 total
: 93408K->5147K(109248K), 0.0173354 secs] 127036K->38806K(502464K), 0.0725747 secs] [Times: user=0.08 sys=0.00, real=0.07 secs] 
Heap after GC invocations=36 (full 2):
 par new generation   total 109248K, used 5147K [0x00000000e0000000, 0x00000000e8000000, 0x00000000e8000000)
  eden space 87424K,   0% used [0x00000000e0000000, 0x00000000e0000000, 0x00000000e5560000)
  from space 21824K,  23% used [0x00000000e5560000, 0x00000000e5a66cc0, 0x00000000e6ab0000)
  to   space 21824K,   0% used [0x00000000e6ab0000, 0x00000000e6ab0000, 0x00000000e8000000)
 concurrent mark-sweep generation total 393216K, used 33659K [0x00000000e8000000, 0x0000000100000000, 0x0000000100000000)
 Metaspace       used 48587K, capacity 50686K, committed 50888K, reserved 1093632K
  class space    used 5850K, capacity 6286K, committed 6344K, reserved 1048576K
}
2018-09-07T19:10:11.210+0530: 586.602: Total time for which application threads were stopped: 0.0732619 seconds, Stopping threads took: 0.0000684 seconds
{Heap before GC invocations=36 (full 2):
 par new generation   total 109248K, used 92571K [0x00000000e0000000, 0x00000000e8000000, 0x00000000e8000000)
  eden space 87424K, 100% used [0x00000000e0000000, 0x00000000e5560000, 0x00000000e5560000)
  from space 21824K,  23% used [0x00000000e5560000, 0x00000000e5a66cc0, 0x00000000e6ab0000)
  to   space 21824K,   0% used [0x00000000e6ab0000, 0x00000000e6ab0000, 0x00000000e8000000)
 concurrent mark-sweep generation total 393216K, used 33659K [0x00000000e8000000, 0x0000000100000000, 0x0000000100000000)
 Metaspace       used 48592K, capacity 50686K, committed 50888K, reserved 1093632K
  class space    used 5850K, capacity 6286K, committed 6344K, reserved 1048576K
2018-09-07T19:10:11.437+0530: 586.830: [GC (Allocation Failure) 2018-09-07T19:10:11.437+0530: 586.830: [ParNew
Desired survivor size 20112992 bytes, new threshold 8 (max 8)
- age   1:    1414256 bytes,    1414256 total
- age   2:     144472 bytes,    1558728 total
- age   3:      56704 bytes,    1615432 total
- age   4:    1780520 bytes,    3395952 total
- age   5:      96232 bytes,    3492184 total
- age   6:      76848 bytes,    3569032 total
- age   7:     149680 bytes,    3718712 total
- age   8:      63408 bytes,    3782120 total
: 92571K->6244K(109248K), 0.0131609 secs] 126230K->40417K(502464K), 0.0133912 secs] [Times: user=0.03 sys=0.00, real=0.01 secs] 
Heap after GC invocations=37 (full 2):
 par new generation   total 109248K, used 6244K [0x00000000e0000000, 0x00000000e8000000, 0x00000000e8000000)
  eden space 87424K,   0% used [0x00000000e0000000, 0x00000000e0000000, 0x00000000e5560000)
  from space 21824K,  28% used [0x00000000e6ab0000, 0x00000000e70c91a0, 0x00000000e8000000)
  to   space 21824K,   0% used [0x00000000e5560000, 0x00000000e5560000, 0x00000000e6ab0000)
 concurrent mark-sweep generation total 393216K, used 34173K [0x00000000e8000000, 0x0000000100000000, 0x0000000100000000)
 Metaspace       used 48592K, capacity 50686K, committed 50888K, reserved 1093632K
  class space    used 5850K, capacity 6286K, committed 6344K, reserved 1048576K
}
2018-09-07T19:10:11.451+0530: 586.843: Total time for which application threads were stopped: 0.0137910 seconds, Stopping threads took: 0.0000506 seconds
{Heap before GC invocations=37 (full 2):
 par new generation   total 109248K, used 93668K [0x00000000e0000000, 0x00000000e8000000, 0x00000000e8000000)
  eden space 87424K, 100% used [0x00000000e0000000, 0x00000000e5560000, 0x00000000e5560000)
  from space 21824K,  28% used [0x00000000e6ab0000, 0x00000000e70c91a0, 0x00000000e8000000)
  to   space 21824K,   0% used [0x00000000e5560000, 0x00000000e5560000, 0x00000000e6ab0000)
 concurrent mark-sweep generation total 393216K, used 34173K [0x00000000e8000000, 0x0000000100000000, 0x0000000100000000)
 Metaspace       used 48642K, capacity 50724K, committed 50888K, reserved 1093632K
  class space    used 5853K, capacity 6291K, committed 6344K, reserved 1048576K
2018-09-07T19:10:11.925+0530: 587.317: [GC (Allocation Failure) 2018-09-07T19:10:11.925+0530: 587.317: [ParNew
Desired survivor size 20112992 bytes, new threshold 8 (max 8)
- age   1:    2793720 bytes,    2793720 total
- age   2:    1067944 bytes,    3861664 total
- age   3:     144472 bytes,    4006136 total
- age   4:      56704 bytes,    4062840 total
- age   5:     255064 bytes,    4317904 total
- age   6:      31656 bytes,    4349560 total
- age   7:      25024 bytes,    4374584 total
- age   8:      47976 bytes,    4422560 total
: 93668K->5892K(109248K), 0.0228128 secs] 127841K->40127K(502464K), 0.0230926 secs] [Times: user=0.04 sys=0.00, real=0.02 secs] 
Heap after GC invocations=38 (full 2):
 par new generation   total 109248K, used 5892K [0x00000000e0000000, 0x00000000e8000000, 0x00000000e8000000)
  eden space 87424K,   0% used [0x00000000e0000000, 0x00000000e0000000, 0x00000000e5560000)
  from space 21824K,  26% used [0x00000000e5560000, 0x00000000e5b21120, 0x00000000e6ab0000)
  to   space 21824K,   0% used [0x00000000e6ab0000, 0x00000000e6ab0000, 0x00000000e8000000)
 concurrent mark-sweep generation total 393216K, used 34235K [0x00000000e8000000, 0x0000000100000000, 0x0000000100000000)
 Metaspace       used 48642K, capacity 50724K, committed 50888K, reserved 1093632K
  class space    used 5853K, capacity 6291K, committed 6344K, reserved 1048576K
}
2018-09-07T19:10:11.948+0530: 587.341: Total time for which application threads were stopped: 0.0309628 seconds, Stopping threads took: 0.0073661 seconds
{Heap before GC invocations=38 (full 2):
 par new generation   total 109248K, used 93314K [0x00000000e0000000, 0x00000000e8000000, 0x00000000e8000000)
  eden space 87424K,  99% used [0x00000000e0000000, 0x00000000e555f850, 0x00000000e5560000)
  from space 21824K,  26% used [0x00000000e5560000, 0x00000000e5b21120, 0x00000000e6ab0000)
  to   space 21824K,   0% used [0x00000000e6ab0000, 0x00000000e6ab0000, 0x00000000e8000000)
 concurrent mark-sweep generation total 393216K, used 34235K [0x00000000e8000000, 0x0000000100000000, 0x0000000100000000)
 Metaspace       used 48695K, capacity 50808K, committed 50888K, reserved 1093632K
  class space    used 5860K, capacity 6305K, committed 6344K, reserved 1048576K
2018-09-07T19:10:12.051+0530: 587.443: [GC (Allocation Failure) 2018-09-07T19:10:12.051+0530: 587.444: [ParNew
Desired survivor size 20112992 bytes, new threshold 8 (max 8)
- age   1:     319480 bytes,     319480 total
- age   2:    2550760 bytes,    2870240 total
- age   3:    1067944 bytes,    3938184 total
- age   4:     144472 bytes,    4082656 total
- age   5:      56704 bytes,    4139360 total
- age   6:     255064 bytes,    4394424 total
- age   7:      31656 bytes,    4426080 total
- age   8:      25024 bytes,    4451104 total
: 93314K->6331K(109248K), 0.0321667 secs] 127549K->40613K(502464K), 0.0326242 secs] [Times: user=0.05 sys=0.00, real=0.03 secs] 
Heap after GC invocations=39 (full 2):
 par new generation   total 109248K, used 6331K [0x00000000e0000000, 0x00000000e8000000, 0x00000000e8000000)
  eden space 87424K,   0% used [0x00000000e0000000, 0x00000000e0000000, 0x00000000e5560000)
  from space 21824K,  29% used [0x00000000e6ab0000, 0x00000000e70def80, 0x00000000e8000000)
  to   space 21824K,   0% used [0x00000000e5560000, 0x00000000e5560000, 0x00000000e6ab0000)
 concurrent mark-sweep generation total 393216K, used 34281K [0x00000000e8000000, 0x0000000100000000, 0x0000000100000000)
 Metaspace       used 48695K, capacity 50808K, committed 50888K, reserved 1093632K
  class space    used 5860K, capacity 6305K, committed 6344K, reserved 1048576K
}
2018-09-07T19:10:12.084+0530: 587.476: Total time for which application threads were stopped: 0.0335910 seconds, Stopping threads took: 0.0004002 seconds
{Heap before GC invocations=39 (full 2):
 par new generation   total 109248K, used 93743K [0x00000000e0000000, 0x00000000e8000000, 0x00000000e8000000)
  eden space 87424K,  99% used [0x00000000e0000000, 0x00000000e555ce00, 0x00000000e5560000)
  from space 21824K,  29% used [0x00000000e6ab0000, 0x00000000e70def80, 0x00000000e8000000)
  to   space 21824K,   0% used [0x00000000e5560000, 0x00000000e5560000, 0x00000000e6ab0000)
 concurrent mark-sweep generation total 393216K, used 34281K [0x00000000e8000000, 0x0000000100000000, 0x0000000100000000)
 Metaspace       used 48751K, capacity 50892K, committed 51144K, reserved 1093632K
  class space    used 5868K, capacity 6319K, committed 6344K, reserved 1048576K
2018-09-07T19:10:12.197+0530: 587.589: [GC (Allocation Failure) 2018-09-07T19:10:12.303+0530: 587.696: [ParNew
Desired survivor size 20112992 bytes, new threshold 8 (max 8)
- age   1:     574504 bytes,     574504 total
- age   2:     106784 bytes,     681288 total
- age   3:    2550760 bytes,    3232048 total
- age   4:    1067944 bytes,    4299992 total
- age   5:     144440 bytes,    4444432 total
- age   6:      56480 bytes,    4500912 total
- age   7:     255064 bytes,    4755976 total
- age   8:      31656 bytes,    4787632 total
: 93743K->5394K(109248K), 0.0285456 secs] 128025K->39700K(502464K), 0.1357737 secs] [Times: user=0.11 sys=0.00, real=0.13 secs] 
Heap after GC invocations=40 (full 2):
 par new generation   total 109248K, used 5394K [0x00000000e0000000, 0x00000000e8000000, 0x00000000e8000000)
  eden space 87424K,   0% used [0x00000000e0000000, 0x00000000e0000000, 0x00000000e5560000)
  from space 21824K,  24% used [0x00000000e5560000, 0x00000000e5aa48e0, 0x00000000e6ab0000)
  to   space 21824K,   0% used [0x00000000e6ab0000, 0x00000000e6ab0000, 0x00000000e8000000)
 concurrent mark-sweep generation total 393216K, used 34306K [0x00000000e8000000, 0x0000000100000000, 0x0000000100000000)
 Metaspace       used 48751K, capacity 50892K, committed 51144K, reserved 1093632K
  class space    used 5868K, capacity 6319K, committed 6344K, reserved 1048576K
}
2018-09-07T19:10:12.333+0530: 587.725: Total time for which application threads were stopped: 0.1450176 seconds, Stopping threads took: 0.0084135 seconds
2018-09-07T19:10:12.584+0530: 587.977: Total time for which application threads were stopped: 0.0003779 seconds, Stopping threads took: 0.0000613 seconds
2018-09-07T19:10:12.590+0530: 587.982: Total time for which application threads were stopped: 0.0003637 seconds, Stopping threads took: 0.0000777 seconds
2018-09-07T19:10:12.596+0530: 587.989: Total time for which application threads were stopped: 0.0041291 seconds, Stopping threads took: 0.0038663 seconds
2018-09-07T19:10:12.607+0530: 587.999: Total time for which application threads were stopped: 0.0003575 seconds, Stopping threads took: 0.0000555 seconds
2018-09-07T19:10:12.608+0530: 588.000: Total time for which application threads were stopped: 0.0002765 seconds, Stopping threads took: 0.0000488 seconds
2018-09-07T19:10:12.646+0530: 588.038: Total time for which application threads were stopped: 0.0003843 seconds, Stopping threads took: 0.0000807 seconds
2018-09-07T19:10:12.647+0530: 588.039: Total time for which application threads were stopped: 0.0003727 seconds, Stopping threads took: 0.0000591 seconds
{Heap before GC invocations=40 (full 2):
 par new generation   total 109248K, used 92818K [0x00000000e0000000, 0x00000000e8000000, 0x00000000e8000000)
  eden space 87424K, 100% used [0x00000000e0000000, 0x00000000e5560000, 0x00000000e5560000)
  from space 21824K,  24% used [0x00000000e5560000, 0x00000000e5aa48e0, 0x00000000e6ab0000)
  to   space 21824K,   0% used [0x00000000e6ab0000, 0x00000000e6ab0000, 0x00000000e8000000)
 concurrent mark-sweep generation total 393216K, used 34306K [0x00000000e8000000, 0x0000000100000000, 0x0000000100000000)
 Metaspace       used 48851K, capacity 51062K, committed 51272K, reserved 1093632K
  class space    used 5879K, capacity 6364K, committed 6472K, reserved 1048576K
2018-09-07T19:10:12.858+0530: 588.250: [GC (Allocation Failure) 2018-09-07T19:10:12.858+0530: 588.251: [ParNew
Desired survivor size 20112992 bytes, new threshold 8 (max 8)
- age   1:    3568032 bytes,    3568032 total
- age   2:     138352 bytes,    3706384 total
- age   3:     105528 bytes,    3811912 total
- age   4:     788040 bytes,    4599952 total
- age   5:     549520 bytes,    5149472 total
- age   6:      87728 bytes,    5237200 total
- age   7:      29448 bytes,    5266648 total
- age   8:     187720 bytes,    5454368 total
: 92818K->9103K(109248K), 0.0621201 secs] 127124K->43440K(502464K), 0.0627861 secs] [Times: user=0.12 sys=0.00, real=0.06 secs] 
Heap after GC invocations=41 (full 2):
 par new generation   total 109248K, used 9103K [0x00000000e0000000, 0x00000000e8000000, 0x00000000e8000000)
  eden space 87424K,   0% used [0x00000000e0000000, 0x00000000e0000000, 0x00000000e5560000)
  from space 21824K,  41% used [0x00000000e6ab0000, 0x00000000e7393e00, 0x00000000e8000000)
  to   space 21824K,   0% used [0x00000000e5560000, 0x00000000e5560000, 0x00000000e6ab0000)
 concurrent mark-sweep generation total 393216K, used 34337K [0x00000000e8000000, 0x0000000100000000, 0x0000000100000000)
 Metaspace       used 48851K, capacity 51062K, committed 51272K, reserved 1093632K
  class space    used 5879K, capacity 6364K, committed 6472K, reserved 1048576K
}
2018-09-07T19:10:12.921+0530: 588.313: Total time for which application threads were stopped: 0.0682009 seconds, Stopping threads took: 0.0044292 seconds
{Heap before GC invocations=41 (full 2):
 par new generation   total 109248K, used 96517K [0x00000000e0000000, 0x00000000e8000000, 0x00000000e8000000)
  eden space 87424K,  99% used [0x00000000e0000000, 0x00000000e555d8e0, 0x00000000e5560000)
  from space 21824K,  41% used [0x00000000e6ab0000, 0x00000000e7393e00, 0x00000000e8000000)
  to   space 21824K,   0% used [0x00000000e5560000, 0x00000000e5560000, 0x00000000e6ab0000)
 concurrent mark-sweep generation total 393216K, used 34337K [0x00000000e8000000, 0x0000000100000000, 0x0000000100000000)
 Metaspace       used 48857K, capacity 51062K, committed 51272K, reserved 1093632K
  class space    used 5879K, capacity 6364K, committed 6472K, reserved 1048576K
2018-09-07T19:10:12.981+0530: 588.373: [GC (Allocation Failure) 2018-09-07T19:10:12.981+0530: 588.374: [ParNew
Desired survivor size 20112992 bytes, new threshold 8 (max 8)
- age   1:     442448 bytes,     442448 total
- age   2:    3334000 bytes,    3776448 total
- age   3:     138352 bytes,    3914800 total
- age   4:     105528 bytes,    4020328 total
- age   5:     788040 bytes,    4808368 total
- age   6:     549520 bytes,    5357888 total
- age   7:      87728 bytes,    5445616 total
- age   8:      29448 bytes,    5475064 total
: 96517K->6443K(109248K), 0.0263822 secs] 130855K->40964K(502464K), 0.0267297 secs] [Times: user=0.05 sys=0.00, real=0.03 secs] 
Heap after GC invocations=42 (full 2):
 par new generation   total 109248K, used 6443K [0x00000000e0000000, 0x00000000e8000000, 0x00000000e8000000)
  eden space 87424K,   0% used [0x00000000e0000000, 0x00000000e0000000, 0x00000000e5560000)
  from space 21824K,  29% used [0x00000000e5560000, 0x00000000e5baae60, 0x00000000e6ab0000)
  to   space 21824K,   0% used [0x00000000e6ab0000, 0x00000000e6ab0000, 0x00000000e8000000)
 concurrent mark-sweep generation total 393216K, used 34520K [0x00000000e8000000, 0x0000000100000000, 0x0000000100000000)
 Metaspace       used 48857K, capacity 51062K, committed 51272K, reserved 1093632K
  class space    used 5879K, capacity 6364K, committed 6472K, reserved 1048576K
}
2018-09-07T19:10:13.008+0530: 588.400: Total time for which application threads were stopped: 0.0352477 seconds, Stopping threads took: 0.0080580 seconds
{Heap before GC invocations=42 (full 2):
 par new generation   total 109248K, used 93867K [0x00000000e0000000, 0x00000000e8000000, 0x00000000e8000000)
  eden space 87424K, 100% used [0x00000000e0000000, 0x00000000e5560000, 0x00000000e5560000)
  from space 21824K,  29% used [0x00000000e5560000, 0x00000000e5baae60, 0x00000000e6ab0000)
  to   space 21824K,   0% used [0x00000000e6ab0000, 0x00000000e6ab0000, 0x00000000e8000000)
 concurrent mark-sweep generation total 393216K, used 34520K [0x00000000e8000000, 0x0000000100000000, 0x0000000100000000)
 Metaspace       used 48857K, capacity 51062K, committed 51272K, reserved 1093632K
  class space    used 5879K, capacity 6364K, committed 6472K, reserved 1048576K
2018-09-07T19:10:13.079+0530: 588.472: [GC (Allocation Failure) 2018-09-07T19:10:13.079+0530: 588.472: [ParNew
Desired survivor size 20112992 bytes, new threshold 8 (max 8)
- age   1:     161416 bytes,     161416 total
- age   2:     253592 bytes,     415008 total
- age   3:    3334000 bytes,    3749008 total
- age   4:     138352 bytes,    3887360 total
- age   5:     105528 bytes,    3992888 total
- age   6:     788040 bytes,    4780928 total
- age   7:     549520 bytes,    5330448 total
- age   8:      87728 bytes,    5418176 total
: 93867K->8042K(109248K), 0.0161419 secs] 128388K->42593K(502464K), 0.0163876 secs] [Times: user=0.04 sys=0.00, real=0.01 secs] 
Heap after GC invocations=43 (full 2):
 par new generation   total 109248K, used 8042K [0x00000000e0000000, 0x00000000e8000000, 0x00000000e8000000)
  eden space 87424K,   0% used [0x00000000e0000000, 0x00000000e0000000, 0x00000000e5560000)
  from space 21824K,  36% used [0x00000000e6ab0000, 0x00000000e728ab20, 0x00000000e8000000)
  to   space 21824K,   0% used [0x00000000e5560000, 0x00000000e5560000, 0x00000000e6ab0000)
 concurrent mark-sweep generation total 393216K, used 34550K [0x00000000e8000000, 0x0000000100000000, 0x0000000100000000)
 Metaspace       used 48857K, capacity 51062K, committed 51272K, reserved 1093632K
  class space    used 5879K, capacity 6364K, committed 6472K, reserved 1048576K
}
2018-09-07T19:10:13.096+0530: 588.488: Total time for which application threads were stopped: 0.0168939 seconds, Stopping threads took: 0.0000606 seconds
{Heap before GC invocations=43 (full 2):
 par new generation   total 109248K, used 95466K [0x00000000e0000000, 0x00000000e8000000, 0x00000000e8000000)
  eden space 87424K, 100% used [0x00000000e0000000, 0x00000000e5560000, 0x00000000e5560000)
  from space 21824K,  36% used [0x00000000e6ab0000, 0x00000000e728ab20, 0x00000000e8000000)
  to   space 21824K,   0% used [0x00000000e5560000, 0x00000000e5560000, 0x00000000e6ab0000)
 concurrent mark-sweep generation total 393216K, used 34550K [0x00000000e8000000, 0x0000000100000000, 0x0000000100000000)
 Metaspace       used 48861K, capacity 51062K, committed 51272K, reserved 1093632K
  class space    used 5879K, capacity 6364K, committed 6472K, reserved 1048576K
2018-09-07T19:10:13.246+0530: 588.639: [GC (Allocation Failure) 2018-09-07T19:10:13.247+0530: 588.639: [ParNew
Desired survivor size 20112992 bytes, new threshold 8 (max 8)
- age   1:    1100064 bytes,    1100064 total
- age   2:     114176 bytes,    1214240 total
- age   3:      56976 bytes,    1271216 total
- age   4:    2409656 bytes,    3680872 total
- age   5:      86488 bytes,    3767360 total
- age   6:      68272 bytes,    3835632 total
- age   7:     716272 bytes,    4551904 total
- age   8:     549520 bytes,    5101424 total
: 95466K->6797K(109248K), 0.0348934 secs] 130017K->41435K(502464K), 0.0353094 secs] [Times: user=0.05 sys=0.00, real=0.03 secs] 
Heap after GC invocations=44 (full 2):
 par new generation   total 109248K, used 6797K [0x00000000e0000000, 0x00000000e8000000, 0x00000000e8000000)
  eden space 87424K,   0% used [0x00000000e0000000, 0x00000000e0000000, 0x00000000e5560000)
  from space 21824K,  31% used [0x00000000e5560000, 0x00000000e5c03598, 0x00000000e6ab0000)
  to   space 21824K,   0% used [0x00000000e6ab0000, 0x00000000e6ab0000, 0x00000000e8000000)
 concurrent mark-sweep generation total 393216K, used 34637K [0x00000000e8000000, 0x0000000100000000, 0x0000000100000000)
 Metaspace       used 48861K, capacity 51062K, committed 51272K, reserved 1093632K
  class space    used 5879K, capacity 6364K, committed 6472K, reserved 1048576K
}
2018-09-07T19:10:13.282+0530: 588.674: Total time for which application threads were stopped: 0.0358923 seconds, Stopping threads took: 0.0000423 seconds
{Heap before GC invocations=44 (full 2):
 par new generation   total 109248K, used 94221K [0x00000000e0000000, 0x00000000e8000000, 0x00000000e8000000)
  eden space 87424K, 100% used [0x00000000e0000000, 0x00000000e5560000, 0x00000000e5560000)
  from space 21824K,  31% used [0x00000000e5560000, 0x00000000e5c03598, 0x00000000e6ab0000)
  to   space 21824K,   0% used [0x00000000e6ab0000, 0x00000000e6ab0000, 0x00000000e8000000)
 concurrent mark-sweep generation total 393216K, used 34637K [0x00000000e8000000, 0x0000000100000000, 0x0000000100000000)
 Metaspace       used 48868K, capacity 51062K, committed 51272K, reserved 1093632K
  class space    used 5879K, capacity 6364K, committed 6472K, reserved 1048576K
2018-09-07T19:10:13.518+0530: 588.911: [GC (Allocation Failure) 2018-09-07T19:10:13.518+0530: 588.911: [ParNew
Desired survivor size 20112992 bytes, new threshold 8 (max 8)
- age   1:    2059232 bytes,    2059232 total
- age   2:    1075240 bytes,    3134472 total
- age   3:     114176 bytes,    3248648 total
- age   4:      56168 bytes,    3304816 total
- age   5:    1369992 bytes,    4674808 total
- age   6:      86488 bytes,    4761296 total
- age   7:      68272 bytes,    4829568 total
- age   8:     716208 bytes,    5545776 total
: 94221K->6215K(109248K), 0.0436756 secs] 128859K->41391K(502464K), 0.0440224 secs] [Times: user=0.09 sys=0.00, real=0.04 secs] 
Heap after GC invocations=45 (full 2):
 par new generation   total 109248K, used 6215K [0x00000000e0000000, 0x00000000e8000000, 0x00000000e8000000)
  eden space 87424K,   0% used [0x00000000e0000000, 0x00000000e0000000, 0x00000000e5560000)
  from space 21824K,  28% used [0x00000000e6ab0000, 0x00000000e70c1d40, 0x00000000e8000000)
  to   space 21824K,   0% used [0x00000000e5560000, 0x00000000e5560000, 0x00000000e6ab0000)
 concurrent mark-sweep generation total 393216K, used 35175K [0x00000000e8000000, 0x0000000100000000, 0x0000000100000000)
 Metaspace       used 48868K, capacity 51062K, committed 51272K, reserved 1093632K
  class space    used 5879K, capacity 6364K, committed 6472K, reserved 1048576K
}
2018-09-07T19:10:13.562+0530: 588.955: Total time for which application threads were stopped: 0.0446958 seconds, Stopping threads took: 0.0001239 seconds
{Heap before GC invocations=45 (full 2):
 par new generation   total 109248K, used 93639K [0x00000000e0000000, 0x00000000e8000000, 0x00000000e8000000)
  eden space 87424K, 100% used [0x00000000e0000000, 0x00000000e5560000, 0x00000000e5560000)
  from space 21824K,  28% used [0x00000000e6ab0000, 0x00000000e70c1d40, 0x00000000e8000000)
  to   space 21824K,   0% used [0x00000000e5560000, 0x00000000e5560000, 0x00000000e6ab0000)
 concurrent mark-sweep generation total 393216K, used 35175K [0x00000000e8000000, 0x0000000100000000, 0x0000000100000000)
 Metaspace       used 48868K, capacity 51062K, committed 51272K, reserved 1093632K
  class space    used 5879K, capacity 6364K, committed 6472K, reserved 1048576K
2018-09-07T19:10:13.596+0530: 588.989: [GC (Allocation Failure) 2018-09-07T19:10:13.643+0530: 589.035: [ParNew
Desired survivor size 20112992 bytes, new threshold 8 (max 8)
- age   1:     449744 bytes,     449744 total
- age   2:    1909296 bytes,    2359040 total
- age   3:    1075240 bytes,    3434280 total
- age   4:     114176 bytes,    3548456 total
- age   5:      56168 bytes,    3604624 total
- age   6:    1369992 bytes,    4974616 total
- age   7:      86488 bytes,    5061104 total
- age   8:      68272 bytes,    5129376 total
: 93639K->7025K(109248K), 0.0229005 secs] 128815K->42907K(502464K), 0.0692257 secs] [Times: user=0.09 sys=0.00, real=0.07 secs] 
Heap after GC invocations=46 (full 2):
 par new generation   total 109248K, used 7025K [0x00000000e0000000, 0x00000000e8000000, 0x00000000e8000000)
  eden space 87424K,   0% used [0x00000000e0000000, 0x00000000e0000000, 0x00000000e5560000)
  from space 21824K,  32% used [0x00000000e5560000, 0x00000000e5c3c470, 0x00000000e6ab0000)
  to   space 21824K,   0% used [0x00000000e6ab0000, 0x00000000e6ab0000, 0x00000000e8000000)
 concurrent mark-sweep generation total 393216K, used 35882K [0x00000000e8000000, 0x0000000100000000, 0x0000000100000000)
 Metaspace       used 48868K, capacity 51062K, committed 51272K, reserved 1093632K
  class space    used 5879K, capacity 6364K, committed 6472K, reserved 1048576K
}
2018-09-07T19:10:13.666+0530: 589.058: Total time for which application threads were stopped: 0.0709531 seconds, Stopping threads took: 0.0010528 seconds
{Heap before GC invocations=46 (full 2):
 par new generation   total 109248K, used 94449K [0x00000000e0000000, 0x00000000e8000000, 0x00000000e8000000)
  eden space 87424K, 100% used [0x00000000e0000000, 0x00000000e5560000, 0x00000000e5560000)
  from space 21824K,  32% used [0x00000000e5560000, 0x00000000e5c3c470, 0x00000000e6ab0000)
  to   space 21824K,   0% used [0x00000000e6ab0000, 0x00000000e6ab0000, 0x00000000e8000000)
 concurrent mark-sweep generation total 393216K, used 35882K [0x00000000e8000000, 0x0000000100000000, 0x0000000100000000)
 Metaspace       used 48876K, capacity 51062K, committed 51272K, reserved 1093632K
  class space    used 5879K, capacity 6364K, committed 6472K, reserved 1048576K
2018-09-07T19:10:13.792+0530: 589.184: [GC (Allocation Failure) 2018-09-07T19:10:13.792+0530: 589.185: [ParNew
Desired survivor size 20112992 bytes, new threshold 8 (max 8)
- age   1:     300496 bytes,     300496 total
- age   2:     135256 bytes,     435752 total
- age   3:    1908584 bytes,    2344336 total
- age   4:    1075240 bytes,    3419576 total
- age   5:     114176 bytes,    3533752 total
- age   6:      56168 bytes,    3589920 total
- age   7:    1369968 bytes,    4959888 total
- age   8:      86488 bytes,    5046376 total
: 94449K->6098K(109248K), 0.0322926 secs] 130331K->42049K(502464K), 0.0326795 secs] [Times: user=0.04 sys=0.00, real=0.04 secs] 
Heap after GC invocations=47 (full 2):
 par new generation   total 109248K, used 6098K [0x00000000e0000000, 0x00000000e8000000, 0x00000000e8000000)
  eden space 87424K,   0% used [0x00000000e0000000, 0x00000000e0000000, 0x00000000e5560000)
  from space 21824K,  27% used [0x00000000e6ab0000, 0x00000000e70a4a40, 0x00000000e8000000)
  to   space 21824K,   0% used [0x00000000e5560000, 0x00000000e5560000, 0x00000000e6ab0000)
 concurrent mark-sweep generation total 393216K, used 35950K [0x00000000e8000000, 0x0000000100000000, 0x0000000100000000)
 Metaspace       used 48876K, capacity 51062K, committed 51272K, reserved 1093632K
  class space    used 5879K, capacity 6364K, committed 6472K, reserved 1048576K
}
2018-09-07T19:10:13.825+0530: 589.217: Total time for which application threads were stopped: 0.0332308 seconds, Stopping threads took: 0.0000555 seconds
{Heap before GC invocations=47 (full 2):
 par new generation   total 109248K, used 93522K [0x00000000e0000000, 0x00000000e8000000, 0x00000000e8000000)
  eden space 87424K, 100% used [0x00000000e0000000, 0x00000000e5560000, 0x00000000e5560000)
  from space 21824K,  27% used [0x00000000e6ab0000, 0x00000000e70a4a40, 0x00000000e8000000)
  to   space 21824K,   0% used [0x00000000e5560000, 0x00000000e5560000, 0x00000000e6ab0000)
 concurrent mark-sweep generation total 393216K, used 35950K [0x00000000e8000000, 0x0000000100000000, 0x0000000100000000)
 Metaspace       used 48946K, capacity 51126K, committed 51272K, reserved 1093632K
  class space    used 5879K, capacity 6364K, committed 6472K, reserved 1048576K
2018-09-07T19:10:14.577+0530: 589.970: [GC (Allocation Failure) 2018-09-07T19:10:14.578+0530: 589.970: [ParNew
Desired survivor size 20112992 bytes, new threshold 8 (max 8)
- age   1:    3507112 bytes,    3507112 total
- age   2:     137512 bytes,    3644624 total
- age   3:     134848 bytes,    3779472 total
- age   4:     254648 bytes,    4034120 total
- age   5:       4992 bytes,    4039112 total
- age   7:       2328 bytes,    4041440 total
- age   8:    1237512 bytes,    5278952 total
: 93522K->7802K(109248K), 0.0460241 secs] 129473K->43838K(502464K), 0.0466497 secs] [Times: user=0.10 sys=0.01, real=0.04 secs] 
Heap after GC invocations=48 (full 2):
 par new generation   total 109248K, used 7802K [0x00000000e0000000, 0x00000000e8000000, 0x00000000e8000000)
  eden space 87424K,   0% used [0x00000000e0000000, 0x00000000e0000000, 0x00000000e5560000)
  from space 21824K,  35% used [0x00000000e5560000, 0x00000000e5cfe910, 0x00000000e6ab0000)
  to   space 21824K,   0% used [0x00000000e6ab0000, 0x00000000e6ab0000, 0x00000000e8000000)
 concurrent mark-sweep generation total 393216K, used 36036K [0x00000000e8000000, 0x0000000100000000, 0x0000000100000000)
 Metaspace       used 48946K, capacity 51126K, committed 51272K, reserved 1093632K
  class space    used 5879K, capacity 6364K, committed 6472K, reserved 1048576K
}
2018-09-07T19:10:14.624+0530: 590.016: Total time for which application threads were stopped: 0.0582565 seconds, Stopping threads took: 0.0104349 seconds
{Heap before GC invocations=48 (full 2):
 par new generation   total 109248K, used 95226K [0x00000000e0000000, 0x00000000e8000000, 0x00000000e8000000)
  eden space 87424K, 100% used [0x00000000e0000000, 0x00000000e5560000, 0x00000000e5560000)
  from space 21824K,  35% used [0x00000000e5560000, 0x00000000e5cfe910, 0x00000000e6ab0000)
  to   space 21824K,   0% used [0x00000000e6ab0000, 0x00000000e6ab0000, 0x00000000e8000000)
 concurrent mark-sweep generation total 393216K, used 36036K [0x00000000e8000000, 0x0000000100000000, 0x0000000100000000)
 Metaspace       used 48952K, capacity 51126K, committed 51272K, reserved 1093632K
  class space    used 5879K, capacity 6364K, committed 6472K, reserved 1048576K
2018-09-07T19:10:14.701+0530: 590.093: [GC (Allocation Failure) 2018-09-07T19:10:14.772+0530: 590.164: [ParNew
Desired survivor size 20112992 bytes, new threshold 8 (max 8)
- age   1:     441744 bytes,     441744 total
- age   2:    3078384 bytes,    3520128 total
- age   3:     137440 bytes,    3657568 total
- age   4:     134848 bytes,    3792416 total
- age   5:     254648 bytes,    4047064 total
- age   6:       4992 bytes,    4052056 total
- age   8:       2328 bytes,    4054384 total
: 95226K->6008K(109248K), 0.0647230 secs] 131262K->43257K(502464K), 0.1364430 secs] [Times: user=0.11 sys=0.00, real=0.14 secs] 
Heap after GC invocations=49 (full 2):
 par new generation   total 109248K, used 6008K [0x00000000e0000000, 0x00000000e8000000, 0x00000000e8000000)
  eden space 87424K,   0% used [0x00000000e0000000, 0x00000000e0000000, 0x00000000e5560000)
  from space 21824K,  27% used [0x00000000e6ab0000, 0x00000000e708e210, 0x00000000e8000000)
  to   space 21824K,   0% used [0x00000000e5560000, 0x00000000e5560000, 0x00000000e6ab0000)
 concurrent mark-sweep generation total 393216K, used 37248K [0x00000000e8000000, 0x0000000100000000, 0x0000000100000000)
 Metaspace       used 48952K, capacity 51126K, committed 51272K, reserved 1093632K
  class space    used 5879K, capacity 6364K, committed 6472K, reserved 1048576K
}
2018-09-07T19:10:14.838+0530: 590.230: Total time for which application threads were stopped: 0.1372398 seconds, Stopping threads took: 0.0000613 seconds
{Heap before GC invocations=49 (full 2):
 par new generation   total 109248K, used 93432K [0x00000000e0000000, 0x00000000e8000000, 0x00000000e8000000)
  eden space 87424K, 100% used [0x00000000e0000000, 0x00000000e5560000, 0x00000000e5560000)
  from space 21824K,  27% used [0x00000000e6ab0000, 0x00000000e708e210, 0x00000000e8000000)
  to   space 21824K,   0% used [0x00000000e5560000, 0x00000000e5560000, 0x00000000e6ab0000)
 concurrent mark-sweep generation total 393216K, used 37248K [0x00000000e8000000, 0x0000000100000000, 0x0000000100000000)
 Metaspace       used 48960K, capacity 51126K, committed 51272K, reserved 1093632K
  class space    used 5879K, capacity 6364K, committed 6472K, reserved 1048576K
2018-09-07T19:10:15.227+0530: 590.619: [GC (Allocation Failure) 2018-09-07T19:10:15.227+0530: 590.620: [ParNew
Desired survivor size 20112992 bytes, new threshold 8 (max 8)
- age   1:    1820520 bytes,    1820520 total
- age   2:     114856 bytes,    1935376 total
- age   3:    2714904 bytes,    4650280 total
- age   4:     137440 bytes,    4787720 total
- age   5:     134848 bytes,    4922568 total
- age   6:     254616 bytes,    5177184 total
- age   7:       4928 bytes,    5182112 total
: 93432K->6362K(109248K), 0.0487552 secs] 130681K->43613K(502464K), 0.0494463 secs] [Times: user=0.09 sys=0.00, real=0.05 secs] 
Heap after GC invocations=50 (full 2):
 par new generation   total 109248K, used 6362K [0x00000000e0000000, 0x00000000e8000000, 0x00000000e8000000)
  eden space 87424K,   0% used [0x00000000e0000000, 0x00000000e0000000, 0x00000000e5560000)
  from space 21824K,  29% used [0x00000000e5560000, 0x00000000e5b96b00, 0x00000000e6ab0000)
  to   space 21824K,   0% used [0x00000000e6ab0000, 0x00000000e6ab0000, 0x00000000e8000000)
 concurrent mark-sweep generation total 393216K, used 37250K [0x00000000e8000000, 0x0000000100000000, 0x0000000100000000)
 Metaspace       used 48960K, capacity 51126K, committed 51272K, reserved 1093632K
  class space    used 5879K, capacity 6364K, committed 6472K, reserved 1048576K
}
2018-09-07T19:10:15.276+0530: 590.669: Total time for which application threads were stopped: 0.0507356 seconds, Stopping threads took: 0.0000976 seconds
{Heap before GC invocations=50 (full 2):
 par new generation   total 109248K, used 93786K [0x00000000e0000000, 0x00000000e8000000, 0x00000000e8000000)
  eden space 87424K, 100% used [0x00000000e0000000, 0x00000000e5560000, 0x00000000e5560000)
  from space 21824K,  29% used [0x00000000e5560000, 0x00000000e5b96b00, 0x00000000e6ab0000)
  to   space 21824K,   0% used [0x00000000e6ab0000, 0x00000000e6ab0000, 0x00000000e8000000)
 concurrent mark-sweep generation total 393216K, used 37250K [0x00000000e8000000, 0x0000000100000000, 0x0000000100000000)
 Metaspace       used 48962K, capacity 51126K, committed 51272K, reserved 1093632K
  class space    used 5879K, capacity 6364K, committed 6472K, reserved 1048576K
2018-09-07T19:10:15.345+0530: 590.737: [GC (Allocation Failure) 2018-09-07T19:10:15.345+0530: 590.737: [ParNew
Desired survivor size 20112992 bytes, new threshold 8 (max 8)
- age   1:    1026344 bytes,    1026344 total
- age   2:    1735128 bytes,    2761472 total
- age   3:     114856 bytes,    2876328 total
- age   4:    2139552 bytes,    5015880 total
- age   5:     137440 bytes,    5153320 total
- age   6:     134848 bytes,    5288168 total
- age   7:     254616 bytes,    5542784 total
- age   8:       4928 bytes,    5547712 total
: 93786K->8386K(109248K), 0.0401069 secs] 131037K->45637K(502464K), 0.0404701 secs] [Times: user=0.06 sys=0.00, real=0.04 secs] 
Heap after GC invocations=51 (full 2):
 par new generation   total 109248K, used 8386K [0x00000000e0000000, 0x00000000e8000000, 0x00000000e8000000)
  eden space 87424K,   0% used [0x00000000e0000000, 0x00000000e0000000, 0x00000000e5560000)
  from space 21824K,  38% used [0x00000000e6ab0000, 0x00000000e72e0980, 0x00000000e8000000)
  to   space 21824K,   0% used [0x00000000e5560000, 0x00000000e5560000, 0x00000000e6ab0000)
 concurrent mark-sweep generation total 393216K, used 37250K [0x00000000e8000000, 0x0000000100000000, 0x0000000100000000)
 Metaspace       used 48962K, capacity 51126K, committed 51272K, reserved 1093632K
  class space    used 5879K, capacity 6364K, committed 6472K, reserved 1048576K
}
2018-09-07T19:10:15.385+0530: 590.777: Total time for which application threads were stopped: 0.0410086 seconds, Stopping threads took: 0.0000673 seconds
2018-09-07T19:10:15.398+0530: 590.790: Total time for which application threads were stopped: 0.0034652 seconds, Stopping threads took: 0.0032228 seconds
2018-09-07T19:10:15.421+0530: 590.813: Total time for which application threads were stopped: 0.0032715 seconds, Stopping threads took: 0.0029454 seconds
2018-09-07T19:10:15.437+0530: 590.829: Total time for which application threads were stopped: 0.0008024 seconds, Stopping threads took: 0.0005066 seconds
{Heap before GC invocations=51 (full 2):
 par new generation   total 109248K, used 95810K [0x00000000e0000000, 0x00000000e8000000, 0x00000000e8000000)
  eden space 87424K, 100% used [0x00000000e0000000, 0x00000000e5560000, 0x00000000e5560000)
  from space 21824K,  38% used [0x00000000e6ab0000, 0x00000000e72e0980, 0x00000000e8000000)
  to   space 21824K,   0% used [0x00000000e5560000, 0x00000000e5560000, 0x00000000e6ab0000)
 concurrent mark-sweep generation total 393216K, used 37250K [0x00000000e8000000, 0x0000000100000000, 0x0000000100000000)
 Metaspace       used 48968K, capacity 51190K, committed 51528K, reserved 1093632K
  class space    used 5879K, capacity 6364K, committed 6472K, reserved 1048576K
2018-09-07T19:10:15.444+0530: 590.837: [GC (Allocation Failure) 2018-09-07T19:10:15.445+0530: 590.837: [ParNew
Desired survivor size 20112992 bytes, new threshold 8 (max 8)
- age   1:     485688 bytes,     485688 total
- age   2:     834488 bytes,    1320176 total
- age   3:    1676088 bytes,    2996264 total
- age   4:     114856 bytes,    3111120 total
- age   5:    2080944 bytes,    5192064 total
- age   6:     137440 bytes,    5329504 total
- age   7:     134848 bytes,    5464352 total
- age   8:     254616 bytes,    5718968 total
: 95810K->6006K(109248K), 0.0106165 secs] 133061K->43262K(502464K), 0.0109459 secs] [Times: user=0.04 sys=0.00, real=0.00 secs] 
Heap after GC invocations=52 (full 2):
 par new generation   total 109248K, used 6006K [0x00000000e0000000, 0x00000000e8000000, 0x00000000e8000000)
  eden space 87424K,   0% used [0x00000000e0000000, 0x00000000e0000000, 0x00000000e5560000)
  from space 21824K,  27% used [0x00000000e5560000, 0x00000000e5b3db30, 0x00000000e6ab0000)
  to   space 21824K,   0% used [0x00000000e6ab0000, 0x00000000e6ab0000, 0x00000000e8000000)
 concurrent mark-sweep generation total 393216K, used 37255K [0x00000000e8000000, 0x0000000100000000, 0x0000000100000000)
 Metaspace       used 48968K, capacity 51190K, committed 51528K, reserved 1093632K
  class space    used 5879K, capacity 6364K, committed 6472K, reserved 1048576K
}
2018-09-07T19:10:15.456+0530: 590.848: Total time for which application threads were stopped: 0.0125865 seconds, Stopping threads took: 0.0012227 seconds
2018-09-07T19:10:15.476+0530: 590.869: Total time for which application threads were stopped: 0.0042192 seconds, Stopping threads took: 0.0039317 seconds
2018-09-07T19:10:15.477+0530: 590.869: Total time for which application threads were stopped: 0.0002520 seconds, Stopping threads took: 0.0000424 seconds
2018-09-07T19:10:15.479+0530: 590.871: Total time for which application threads were stopped: 0.0003256 seconds, Stopping threads took: 0.0000610 seconds
2018-09-07T19:10:15.480+0530: 590.873: Total time for which application threads were stopped: 0.0006418 seconds, Stopping threads took: 0.0003036 seconds
{Heap before GC invocations=52 (full 2):
 par new generation   total 109248K, used 93430K [0x00000000e0000000, 0x00000000e8000000, 0x00000000e8000000)
  eden space 87424K, 100% used [0x00000000e0000000, 0x00000000e5560000, 0x00000000e5560000)
  from space 21824K,  27% used [0x00000000e5560000, 0x00000000e5b3db30, 0x00000000e6ab0000)
  to   space 21824K,   0% used [0x00000000e6ab0000, 0x00000000e6ab0000, 0x00000000e8000000)
 concurrent mark-sweep generation total 393216K, used 37255K [0x00000000e8000000, 0x0000000100000000, 0x0000000100000000)
 Metaspace       used 48970K, capacity 51190K, committed 51528K, reserved 1093632K
  class space    used 5880K, capacity 6364K, committed 6472K, reserved 1048576K
2018-09-07T19:10:15.575+0530: 590.967: [GC (Allocation Failure) 2018-09-07T19:10:15.575+0530: 590.967: [ParNew
Desired survivor size 20112992 bytes, new threshold 8 (max 8)
- age   1:     970232 bytes,     970232 total
- age   2:     126408 bytes,    1096640 total
- age   3:     833680 bytes,    1930320 total
- age   4:     957304 bytes,    2887624 total
- age   5:     114856 bytes,    3002480 total
- age   6:    1615360 bytes,    4617840 total
- age   7:      39800 bytes,    4657640 total
- age   8:      77072 bytes,    4734712 total
: 93430K->7184K(109248K), 0.0148134 secs] 130686K->44613K(502464K), 0.0151456 secs] [Times: user=0.04 sys=0.00, real=0.02 secs] 
Heap after GC invocations=53 (full 2):
 par new generation   total 109248K, used 7184K [0x00000000e0000000, 0x00000000e8000000, 0x00000000e8000000)
  eden space 87424K,   0% used [0x00000000e0000000, 0x00000000e0000000, 0x00000000e5560000)
  from space 21824K,  32% used [0x00000000e6ab0000, 0x00000000e71b4010, 0x00000000e8000000)
  to   space 21824K,   0% used [0x00000000e5560000, 0x00000000e5560000, 0x00000000e6ab0000)
 concurrent mark-sweep generation total 393216K, used 37429K [0x00000000e8000000, 0x0000000100000000, 0x0000000100000000)
 Metaspace       used 48970K, capacity 51190K, committed 51528K, reserved 1093632K
  class space    used 5880K, capacity 6364K, committed 6472K, reserved 1048576K
}
2018-09-07T19:10:15.590+0530: 590.982: Total time for which application threads were stopped: 0.0156346 seconds, Stopping threads took: 0.0000738 seconds
{Heap before GC invocations=53 (full 2):
 par new generation   total 109248K, used 94608K [0x00000000e0000000, 0x00000000e8000000, 0x00000000e8000000)
  eden space 87424K, 100% used [0x00000000e0000000, 0x00000000e5560000, 0x00000000e5560000)
  from space 21824K,  32% used [0x00000000e6ab0000, 0x00000000e71b4010, 0x00000000e8000000)
  to   space 21824K,   0% used [0x00000000e5560000, 0x00000000e5560000, 0x00000000e6ab0000)
 concurrent mark-sweep generation total 393216K, used 37429K [0x00000000e8000000, 0x0000000100000000, 0x0000000100000000)
 Metaspace       used 48997K, capacity 51190K, committed 51528K, reserved 1093632K
  class space    used 5880K, capacity 6364K, committed 6472K, reserved 1048576K
2018-09-07T19:10:16.191+0530: 591.583: [GC (Allocation Failure) 2018-09-07T19:10:16.191+0530: 591.583: [ParNew
Desired survivor size 20112992 bytes, new threshold 8 (max 8)
- age   1:    3098272 bytes,    3098272 total
- age   2:     658568 bytes,    3756840 total
- age   3:     125760 bytes,    3882600 total
- age   4:     132448 bytes,    4015048 total
- age   5:     190688 bytes,    4205736 total
- age   6:      33216 bytes,    4238952 total
- age   7:    1079136 bytes,    5318088 total
- age   8:      39800 bytes,    5357888 total
: 94608K->6471K(109248K), 0.0343378 secs] 132037K->43976K(502464K), 0.0348188 secs] [Times: user=0.04 sys=0.00, real=0.04 secs] 
Heap after GC invocations=54 (full 2):
 par new generation   total 109248K, used 6471K [0x00000000e0000000, 0x00000000e8000000, 0x00000000e8000000)
  eden space 87424K,   0% used [0x00000000e0000000, 0x00000000e0000000, 0x00000000e5560000)
  from space 21824K,  29% used [0x00000000e5560000, 0x00000000e5bb1dc0, 0x00000000e6ab0000)
  to   space 21824K,   0% used [0x00000000e6ab0000, 0x00000000e6ab0000, 0x00000000e8000000)
 concurrent mark-sweep generation total 393216K, used 37505K [0x00000000e8000000, 0x0000000100000000, 0x0000000100000000)
 Metaspace       used 48997K, capacity 51190K, committed 51528K, reserved 1093632K
  class space    used 5880K, capacity 6364K, committed 6472K, reserved 1048576K
}
2018-09-07T19:10:16.226+0530: 591.618: Total time for which application threads were stopped: 0.0355901 seconds, Stopping threads took: 0.0000791 seconds
{Heap before GC invocations=54 (full 2):
 par new generation   total 109248K, used 93895K [0x00000000e0000000, 0x00000000e8000000, 0x00000000e8000000)
  eden space 87424K, 100% used [0x00000000e0000000, 0x00000000e5560000, 0x00000000e5560000)
  from space 21824K,  29% used [0x00000000e5560000, 0x00000000e5bb1dc0, 0x00000000e6ab0000)
  to   space 21824K,   0% used [0x00000000e6ab0000, 0x00000000e6ab0000, 0x00000000e8000000)
 concurrent mark-sweep generation total 393216K, used 37505K [0x00000000e8000000, 0x0000000100000000, 0x0000000100000000)
 Metaspace       used 49024K, capacity 51190K, committed 51528K, reserved 1093632K
  class space    used 5880K, capacity 6364K, committed 6472K, reserved 1048576K
2018-09-07T19:10:16.401+0530: 591.793: [GC (Allocation Failure) 2018-09-07T19:10:16.401+0530: 591.793: [ParNew
Desired survivor size 20112992 bytes, new threshold 8 (max 8)
- age   1:    1282144 bytes,    1282144 total
- age   2:    2392624 bytes,    3674768 total
- age   3:     724136 bytes,    4398904 total
- age   4:     125760 bytes,    4524664 total
- age   5:     132448 bytes,    4657112 total
- age   6:     190464 bytes,    4847576 total
- age   7:      33024 bytes,    4880600 total
- age   8:    1072888 bytes,    5953488 total
: 93895K->7897K(109248K), 0.0105672 secs] 131400K->45442K(502464K), 0.0108244 secs] [Times: user=0.04 sys=0.00, real=0.01 secs] 
Heap after GC invocations=55 (full 2):
 par new generation   total 109248K, used 7897K [0x00000000e0000000, 0x00000000e8000000, 0x00000000e8000000)
  eden space 87424K,   0% used [0x00000000e0000000, 0x00000000e0000000, 0x00000000e5560000)
  from space 21824K,  36% used [0x00000000e6ab0000, 0x00000000e7266428, 0x00000000e8000000)
  to   space 21824K,   0% used [0x00000000e5560000, 0x00000000e5560000, 0x00000000e6ab0000)
 concurrent mark-sweep generation total 393216K, used 37545K [0x00000000e8000000, 0x0000000100000000, 0x0000000100000000)
 Metaspace       used 49024K, capacity 51190K, committed 51528K, reserved 1093632K
  class space    used 5880K, capacity 6364K, committed 6472K, reserved 1048576K
}
2018-09-07T19:10:16.412+0530: 591.804: Total time for which application threads were stopped: 0.0123768 seconds, Stopping threads took: 0.0011070 seconds
{Heap before GC invocations=55 (full 2):
 par new generation   total 109248K, used 95321K [0x00000000e0000000, 0x00000000e8000000, 0x00000000e8000000)
  eden space 87424K, 100% used [0x00000000e0000000, 0x00000000e5560000, 0x00000000e5560000)
  from space 21824K,  36% used [0x00000000e6ab0000, 0x00000000e7266428, 0x00000000e8000000)
  to   space 21824K,   0% used [0x00000000e5560000, 0x00000000e5560000, 0x00000000e6ab0000)
 concurrent mark-sweep generation total 393216K, used 37545K [0x00000000e8000000, 0x0000000100000000, 0x0000000100000000)
 Metaspace       used 49034K, capacity 51190K, committed 51528K, reserved 1093632K
  class space    used 5880K, capacity 6364K, committed 6472K, reserved 1048576K
2018-09-07T19:10:16.481+0530: 591.874: [GC (Allocation Failure) 2018-09-07T19:10:16.481+0530: 591.874: [ParNew
Desired survivor size 20112992 bytes, new threshold 8 (max 8)
- age   1:    1071952 bytes,    1071952 total
- age   2:    1251224 bytes,    2323176 total
- age   3:    2392296 bytes,    4715472 total
- age   4:     658568 bytes,    5374040 total
- age   5:     125760 bytes,    5499800 total
- age   6:     132448 bytes,    5632248 total
- age   7:     190464 bytes,    5822712 total
- age   8:      33024 bytes,    5855736 total
: 95321K->7389K(109248K), 0.0084770 secs] 132866K->45989K(502464K), 0.0087503 secs] [Times: user=0.02 sys=0.00, real=0.01 secs] 
Heap after GC invocations=56 (full 2):
 par new generation   total 109248K, used 7389K [0x00000000e0000000, 0x00000000e8000000, 0x00000000e8000000)
  eden space 87424K,   0% used [0x00000000e0000000, 0x00000000e0000000, 0x00000000e5560000)
  from space 21824K,  33% used [0x00000000e5560000, 0x00000000e5c97760, 0x00000000e6ab0000)
  to   space 21824K,   0% used [0x00000000e6ab0000, 0x00000000e6ab0000, 0x00000000e8000000)
 concurrent mark-sweep generation total 393216K, used 38599K [0x00000000e8000000, 0x0000000100000000, 0x0000000100000000)
 Metaspace       used 49034K, capacity 51190K, committed 51528K, reserved 1093632K
  class space    used 5880K, capacity 6364K, committed 6472K, reserved 1048576K
}
2018-09-07T19:10:16.490+0530: 591.882: Total time for which application threads were stopped: 0.0092303 seconds, Stopping threads took: 0.0001255 seconds
{Heap before GC invocations=56 (full 2):
 par new generation   total 109248K, used 94813K [0x00000000e0000000, 0x00000000e8000000, 0x00000000e8000000)
  eden space 87424K, 100% used [0x00000000e0000000, 0x00000000e5560000, 0x00000000e5560000)
  from space 21824K,  33% used [0x00000000e5560000, 0x00000000e5c97760, 0x00000000e6ab0000)
  to   space 21824K,   0% used [0x00000000e6ab0000, 0x00000000e6ab0000, 0x00000000e8000000)
 concurrent mark-sweep generation total 393216K, used 38599K [0x00000000e8000000, 0x0000000100000000, 0x0000000100000000)
 Metaspace       used 49069K, capacity 51254K, committed 51528K, reserved 1093632K
  class space    used 5880K, capacity 6364K, committed 6472K, reserved 1048576K
2018-09-07T19:10:16.936+0530: 592.328: [GC (Allocation Failure) 2018-09-07T19:10:16.936+0530: 592.328: [ParNew
Desired survivor size 20112992 bytes, new threshold 8 (max 8)
- age   1:    2215888 bytes,    2215888 total
- age   2:     656472 bytes,    2872360 total
- age   3:    1250704 bytes,    4123064 total
- age   4:    1330224 bytes,    5453288 total
- age   5:     121512 bytes,    5574800 total
- age   6:      95456 bytes,    5670256 total
- age   7:      77392 bytes,    5747648 total
- age   8:     115440 bytes,    5863088 total
: 94813K->7413K(109248K), 0.0146759 secs] 133413K->46045K(502464K), 0.0148842 secs] [Times: user=0.05 sys=0.00, real=0.02 secs] 
Heap after GC invocations=57 (full 2):
 par new generation   total 109248K, used 7413K [0x00000000e0000000, 0x00000000e8000000, 0x00000000e8000000)
  eden space 87424K,   0% used [0x00000000e0000000, 0x00000000e0000000, 0x00000000e5560000)
  from space 21824K,  33% used [0x00000000e6ab0000, 0x00000000e71ed750, 0x00000000e8000000)
  to   space 21824K,   0% used [0x00000000e5560000, 0x00000000e5560000, 0x00000000e6ab0000)
 concurrent mark-sweep generation total 393216K, used 38631K [0x00000000e8000000, 0x0000000100000000, 0x0000000100000000)
 Metaspace       used 49069K, capacity 51254K, committed 51528K, reserved 1093632K
  class space    used 5880K, capacity 6364K, committed 6472K, reserved 1048576K
}
2018-09-07T19:10:16.951+0530: 592.343: Total time for which application threads were stopped: 0.0153602 seconds, Stopping threads took: 0.0000604 seconds
{Heap before GC invocations=57 (full 2):
 par new generation   total 109248K, used 94837K [0x00000000e0000000, 0x00000000e8000000, 0x00000000e8000000)
  eden space 87424K, 100% used [0x00000000e0000000, 0x00000000e5560000, 0x00000000e5560000)
  from space 21824K,  33% used [0x00000000e6ab0000, 0x00000000e71ed750, 0x00000000e8000000)
  to   space 21824K,   0% used [0x00000000e5560000, 0x00000000e5560000, 0x00000000e6ab0000)
 concurrent mark-sweep generation total 393216K, used 38631K [0x00000000e8000000, 0x0000000100000000, 0x0000000100000000)
 Metaspace       used 49069K, capacity 51254K, committed 51528K, reserved 1093632K
  class space    used 5880K, capacity 6364K, committed 6472K, reserved 1048576K
2018-09-07T19:10:17.000+0530: 592.393: [GC (Allocation Failure) 2018-09-07T19:10:17.001+0530: 592.393: [ParNew
Desired survivor size 20112992 bytes, new threshold 8 (max 8)
- age   1:    1045136 bytes,    1045136 total
- age   2:    1930768 bytes,    2975904 total
- age   3:     461472 bytes,    3437376 total
- age   4:     867880 bytes,    4305256 total
- age   5:    1329104 bytes,    5634360 total
- age   6:     121512 bytes,    5755872 total
- age   7:      95456 bytes,    5851328 total
- age   8:      77392 bytes,    5928720 total
: 94837K->6499K(109248K), 0.0245883 secs] 133469K->45243K(502464K), 0.0249279 secs] [Times: user=0.05 sys=0.00, real=0.03 secs] 
Heap after GC invocations=58 (full 2):
 par new generation   total 109248K, used 6499K [0x00000000e0000000, 0x00000000e8000000, 0x00000000e8000000)
  eden space 87424K,   0% used [0x00000000e0000000, 0x00000000e0000000, 0x00000000e5560000)
  from space 21824K,  29% used [0x00000000e5560000, 0x00000000e5bb8c80, 0x00000000e6ab0000)
  to   space 21824K,   0% used [0x00000000e6ab0000, 0x00000000e6ab0000, 0x00000000e8000000)
 concurrent mark-sweep generation total 393216K, used 38744K [0x00000000e8000000, 0x0000000100000000, 0x0000000100000000)
 Metaspace       used 49069K, capacity 51254K, committed 51528K, reserved 1093632K
  class space    used 5880K, capacity 6364K, committed 6472K, reserved 1048576K
}
2018-09-07T19:10:17.026+0530: 592.418: Total time for which application threads were stopped: 0.0274097 seconds, Stopping threads took: 0.0020597 seconds
{Heap before GC invocations=58 (full 2):
 par new generation   total 109248K, used 93915K [0x00000000e0000000, 0x00000000e8000000, 0x00000000e8000000)
  eden space 87424K,  99% used [0x00000000e0000000, 0x00000000e555e148, 0x00000000e5560000)
  from space 21824K,  29% used [0x00000000e5560000, 0x00000000e5bb8c80, 0x00000000e6ab0000)
  to   space 21824K,   0% used [0x00000000e6ab0000, 0x00000000e6ab0000, 0x00000000e8000000)
 concurrent mark-sweep generation total 393216K, used 38744K [0x00000000e8000000, 0x0000000100000000, 0x0000000100000000)
 Metaspace       used 49069K, capacity 51254K, committed 51528K, reserved 1093632K
  class space    used 5880K, capacity 6364K, committed 6472K, reserved 1048576K
2018-09-07T19:10:17.102+0530: 592.495: [GC (Allocation Failure) 2018-09-07T19:10:17.174+0530: 592.566: [ParNew
Desired survivor size 20112992 bytes, new threshold 8 (max 8)
- age   1:     446400 bytes,     446400 total
- age   2:     779368 bytes,    1225768 total
- age   3:    1930768 bytes,    3156536 total
- age   4:     461472 bytes,    3618008 total
- age   5:     867880 bytes,    4485888 total
- age   6:    1328848 bytes,    5814736 total
- age   7:     121512 bytes,    5936248 total
- age   8:      95456 bytes,    6031704 total
: 93915K->8862K(109248K), 0.0312611 secs] 132659K->47683K(502464K), 0.1034636 secs] [Times: user=0.12 sys=0.00, real=0.11 secs] 
Heap after GC invocations=59 (full 2):
 par new generation   total 109248K, used 8862K [0x00000000e0000000, 0x00000000e8000000, 0x00000000e8000000)
  eden space 87424K,   0% used [0x00000000e0000000, 0x00000000e0000000, 0x00000000e5560000)
  from space 21824K,  40% used [0x00000000e6ab0000, 0x00000000e7357b10, 0x00000000e8000000)
  to   space 21824K,   0% used [0x00000000e5560000, 0x00000000e5560000, 0x00000000e6ab0000)
 concurrent mark-sweep generation total 393216K, used 38820K [0x00000000e8000000, 0x0000000100000000, 0x0000000100000000)
 Metaspace       used 49069K, capacity 51254K, committed 51528K, reserved 1093632K
  class space    used 5880K, capacity 6364K, committed 6472K, reserved 1048576K
}
2018-09-07T19:10:17.206+0530: 592.599: Total time for which application threads were stopped: 0.1046159 seconds, Stopping threads took: 0.0002186 seconds
{Heap before GC invocations=59 (full 2):
 par new generation   total 109248K, used 96286K [0x00000000e0000000, 0x00000000e8000000, 0x00000000e8000000)
  eden space 87424K, 100% used [0x00000000e0000000, 0x00000000e5560000, 0x00000000e5560000)
  from space 21824K,  40% used [0x00000000e6ab0000, 0x00000000e7357b10, 0x00000000e8000000)
  to   space 21824K,   0% used [0x00000000e5560000, 0x00000000e5560000, 0x00000000e6ab0000)
 concurrent mark-sweep generation total 393216K, used 38820K [0x00000000e8000000, 0x0000000100000000, 0x0000000100000000)
 Metaspace       used 49071K, capacity 51254K, committed 51528K, reserved 1093632K
  class space    used 5880K, capacity 6364K, committed 6472K, reserved 1048576K
2018-09-07T19:10:17.341+0530: 592.733: [GC (Allocation Failure) 2018-09-07T19:10:17.341+0530: 592.733: [ParNew
Desired survivor size 20112992 bytes, new threshold 8 (max 8)
- age   1:     532728 bytes,     532728 total
- age   2:     133032 bytes,     665760 total
- age   3:     777824 bytes,    1443584 total
- age   4:    1930424 bytes,    3374008 total
- age   5:     461472 bytes,    3835480 total
- age   6:     867880 bytes,    4703360 total
- age   7:    1328848 bytes,    6032208 total
- age   8:     121512 bytes,    6153720 total
: 96286K->7818K(109248K), 0.0292004 secs] 135107K->46734K(502464K), 0.0294971 secs] [Times: user=0.05 sys=0.00, real=0.03 secs] 
Heap after GC invocations=60 (full 2):
 par new generation   total 109248K, used 7818K [0x00000000e0000000, 0x00000000e8000000, 0x00000000e8000000)
  eden space 87424K,   0% used [0x00000000e0000000, 0x00000000e0000000, 0x00000000e5560000)
  from space 21824K,  35% used [0x00000000e5560000, 0x00000000e5d02b00, 0x00000000e6ab0000)
  to   space 21824K,   0% used [0x00000000e6ab0000, 0x00000000e6ab0000, 0x00000000e8000000)
 concurrent mark-sweep generation total 393216K, used 38915K [0x00000000e8000000, 0x0000000100000000, 0x0000000100000000)
 Metaspace       used 49071K, capacity 51254K, committed 51528K, reserved 1093632K
  class space    used 5880K, capacity 6364K, committed 6472K, reserved 1048576K
}
2018-09-07T19:10:17.370+0530: 592.763: Total time for which application threads were stopped: 0.0300105 seconds, Stopping threads took: 0.0000450 seconds
2018-09-07T19:10:17.635+0530: 593.027: Total time for which application threads were stopped: 0.0016901 seconds, Stopping threads took: 0.0006435 seconds
2018-09-07T19:10:17.684+0530: 593.077: Total time for which application threads were stopped: 0.0013906 seconds, Stopping threads took: 0.0004146 seconds
2018-09-07T19:10:17.711+0530: 593.104: Total time for which application threads were stopped: 0.0101100 seconds, Stopping threads took: 0.0093506 seconds
{Heap before GC invocations=60 (full 2):
 par new generation   total 109248K, used 95242K [0x00000000e0000000, 0x00000000e8000000, 0x00000000e8000000)
  eden space 87424K, 100% used [0x00000000e0000000, 0x00000000e5560000, 0x00000000e5560000)
  from space 21824K,  35% used [0x00000000e5560000, 0x00000000e5d02b00, 0x00000000e6ab0000)
  to   space 21824K,   0% used [0x00000000e6ab0000, 0x00000000e6ab0000, 0x00000000e8000000)
 concurrent mark-sweep generation total 393216K, used 38915K [0x00000000e8000000, 0x0000000100000000, 0x0000000100000000)
 Metaspace       used 49102K, capacity 51318K, committed 51528K, reserved 1093632K
  class space    used 5880K, capacity 6364K, committed 6472K, reserved 1048576K
2018-09-07T19:10:17.740+0530: 593.132: [GC (Allocation Failure) 2018-09-07T19:10:17.740+0530: 593.132: [ParNew
Desired survivor size 20112992 bytes, new threshold 8 (max 8)
- age   1:    2202256 bytes,    2202256 total
- age   2:     529776 bytes,    2732032 total
- age   3:     133032 bytes,    2865064 total
- age   4:     125208 bytes,    2990272 total
- age   5:     254512 bytes,    3244784 total
- age   6:      18968 bytes,    3263752 total
- age   7:     564608 bytes,    3828360 total
- age   8:    1173888 bytes,    5002248 total
: 95242K->7025K(109248K), 0.0306614 secs] 134158K->46060K(502464K), 0.0310531 secs] [Times: user=0.06 sys=0.00, real=0.03 secs] 
Heap after GC invocations=61 (full 2):
 par new generation   total 109248K, used 7025K [0x00000000e0000000, 0x00000000e8000000, 0x00000000e8000000)
  eden space 87424K,   0% used [0x00000000e0000000, 0x00000000e0000000, 0x00000000e5560000)
  from space 21824K,  32% used [0x00000000e6ab0000, 0x00000000e718c488, 0x00000000e8000000)
  to   space 21824K,   0% used [0x00000000e5560000, 0x00000000e5560000, 0x00000000e6ab0000)
 concurrent mark-sweep generation total 393216K, used 39035K [0x00000000e8000000, 0x0000000100000000, 0x0000000100000000)
 Metaspace       used 49102K, capacity 51318K, committed 51528K, reserved 1093632K
  class space    used 5880K, capacity 6364K, committed 6472K, reserved 1048576K
}
2018-09-07T19:10:17.771+0530: 593.163: Total time for which application threads were stopped: 0.0321271 seconds, Stopping threads took: 0.0005894 seconds
{Heap before GC invocations=61 (full 2):
 par new generation   total 109248K, used 94449K [0x00000000e0000000, 0x00000000e8000000, 0x00000000e8000000)
  eden space 87424K, 100% used [0x00000000e0000000, 0x00000000e5560000, 0x00000000e5560000)
  from space 21824K,  32% used [0x00000000e6ab0000, 0x00000000e718c488, 0x00000000e8000000)
  to   space 21824K,   0% used [0x00000000e5560000, 0x00000000e5560000, 0x00000000e6ab0000)
 concurrent mark-sweep generation total 393216K, used 39035K [0x00000000e8000000, 0x0000000100000000, 0x0000000100000000)
 Metaspace       used 49110K, capacity 51322K, committed 51528K, reserved 1093632K
  class space    used 5881K, capacity 6364K, committed 6472K, reserved 1048576K
2018-09-07T19:10:17.858+0530: 593.250: [GC (Allocation Failure) 2018-09-07T19:10:17.858+0530: 593.250: [ParNew
Desired survivor size 20112992 bytes, new threshold 8 (max 8)
- age   1:     806928 bytes,     806928 total
- age   2:    1423768 bytes,    2230696 total
- age   3:     529776 bytes,    2760472 total
- age   4:     133032 bytes,    2893504 total
- age   5:     125208 bytes,    3018712 total
- age   6:     254512 bytes,    3273224 total
- age   7:      18968 bytes,    3292192 total
- age   8:     564608 bytes,    3856800 total
: 94449K->4571K(109248K), 0.0352983 secs] 133484K->44755K(502464K), 0.0356472 secs] [Times: user=0.06 sys=0.00, real=0.03 secs] 
Heap after GC invocations=62 (full 2):
 par new generation   total 109248K, used 4571K [0x00000000e0000000, 0x00000000e8000000, 0x00000000e8000000)
  eden space 87424K,   0% used [0x00000000e0000000, 0x00000000e0000000, 0x00000000e5560000)
  from space 21824K,  20% used [0x00000000e5560000, 0x00000000e59d6f48, 0x00000000e6ab0000)
  to   space 21824K,   0% used [0x00000000e6ab0000, 0x00000000e6ab0000, 0x00000000e8000000)
 concurrent mark-sweep generation total 393216K, used 40183K [0x00000000e8000000, 0x0000000100000000, 0x0000000100000000)
 Metaspace       used 49110K, capacity 51322K, committed 51528K, reserved 1093632K
  class space    used 5881K, capacity 6364K, committed 6472K, reserved 1048576K
}
2018-09-07T19:10:17.894+0530: 593.286: Total time for which application threads were stopped: 0.0361906 seconds, Stopping threads took: 0.0000625 seconds
{Heap before GC invocations=62 (full 2):
 par new generation   total 109248K, used 91995K [0x00000000e0000000, 0x00000000e8000000, 0x00000000e8000000)
  eden space 87424K, 100% used [0x00000000e0000000, 0x00000000e5560000, 0x00000000e5560000)
  from space 21824K,  20% used [0x00000000e5560000, 0x00000000e59d6f48, 0x00000000e6ab0000)
  to   space 21824K,   0% used [0x00000000e6ab0000, 0x00000000e6ab0000, 0x00000000e8000000)
 concurrent mark-sweep generation total 393216K, used 40183K [0x00000000e8000000, 0x0000000100000000, 0x0000000100000000)
 Metaspace       used 49113K, capacity 51326K, committed 51528K, reserved 1093632K
  class space    used 5881K, capacity 6364K, committed 6472K, reserved 1048576K
2018-09-07T19:10:18.125+0530: 593.518: [GC (Allocation Failure) 2018-09-07T19:10:18.125+0530: 593.518: [ParNew
Desired survivor size 20112992 bytes, new threshold 8 (max 8)
- age   1:    1813536 bytes,    1813536 total
- age   2:     155328 bytes,    1968864 total
- age   3:     833800 bytes,    2802664 total
- age   4:     529776 bytes,    3332440 total
- age   5:     132776 bytes,    3465216 total
- age   6:     125176 bytes,    3590392 total
- age   7:     253176 bytes,    3843568 total
- age   8:      18968 bytes,    3862536 total
: 91995K->5216K(109248K), 0.0147844 secs] 132179K->45958K(502464K), 0.0150996 secs] [Times: user=0.06 sys=0.00, real=0.01 secs] 
Heap after GC invocations=63 (full 2):
 par new generation   total 109248K, used 5216K [0x00000000e0000000, 0x00000000e8000000, 0x00000000e8000000)
  eden space 87424K,   0% used [0x00000000e0000000, 0x00000000e0000000, 0x00000000e5560000)
  from space 21824K,  23% used [0x00000000e6ab0000, 0x00000000e6fc8370, 0x00000000e8000000)
  to   space 21824K,   0% used [0x00000000e5560000, 0x00000000e5560000, 0x00000000e6ab0000)
 concurrent mark-sweep generation total 393216K, used 40741K [0x00000000e8000000, 0x0000000100000000, 0x0000000100000000)
 Metaspace       used 49113K, capacity 51326K, committed 51528K, reserved 1093632K
  class space    used 5881K, capacity 6364K, committed 6472K, reserved 1048576K
}
2018-09-07T19:10:18.140+0530: 593.533: Total time for which application threads were stopped: 0.0155994 seconds, Stopping threads took: 0.0000526 seconds
{Heap before GC invocations=63 (full 2):
 par new generation   total 109248K, used 92640K [0x00000000e0000000, 0x00000000e8000000, 0x00000000e8000000)
  eden space 87424K, 100% used [0x00000000e0000000, 0x00000000e5560000, 0x00000000e5560000)
  from space 21824K,  23% used [0x00000000e6ab0000, 0x00000000e6fc8370, 0x00000000e8000000)
  to   space 21824K,   0% used [0x00000000e5560000, 0x00000000e5560000, 0x00000000e6ab0000)
 concurrent mark-sweep generation total 393216K, used 40741K [0x00000000e8000000, 0x0000000100000000, 0x0000000100000000)
 Metaspace       used 49115K, capacity 51326K, committed 51528K, reserved 1093632K
  class space    used 5881K, capacity 6364K, committed 6472K, reserved 1048576K
2018-09-07T19:10:18.252+0530: 593.644: [GC (Allocation Failure) 2018-09-07T19:10:18.252+0530: 593.644: [ParNew
Desired survivor size 20112992 bytes, new threshold 8 (max 8)
- age   1:    1058528 bytes,    1058528 total
- age   2:    1660568 bytes,    2719096 total
- age   3:     153952 bytes,    2873048 total
- age   4:     832488 bytes,    3705536 total
- age   5:     529776 bytes,    4235312 total
- age   6:     132776 bytes,    4368088 total
- age   7:     125176 bytes,    4493264 total
- age   8:     252352 bytes,    4745616 total
: 92640K->6280K(109248K), 0.0113512 secs] 133382K->47040K(502464K), 0.0115680 secs] [Times: user=0.03 sys=0.00, real=0.01 secs] 
Heap after GC invocations=64 (full 2):
 par new generation   total 109248K, used 6280K [0x00000000e0000000, 0x00000000e8000000, 0x00000000e8000000)
  eden space 87424K,   0% used [0x00000000e0000000, 0x00000000e0000000, 0x00000000e5560000)
  from space 21824K,  28% used [0x00000000e5560000, 0x00000000e5b823a8, 0x00000000e6ab0000)
  to   space 21824K,   0% used [0x00000000e6ab0000, 0x00000000e6ab0000, 0x00000000e8000000)
 concurrent mark-sweep generation total 393216K, used 40759K [0x00000000e8000000, 0x0000000100000000, 0x0000000100000000)
 Metaspace       used 49115K, capacity 51326K, committed 51528K, reserved 1093632K
  class space    used 5881K, capacity 6364K, committed 6472K, reserved 1048576K
}
2018-09-07T19:10:18.264+0530: 593.656: Total time for which application threads were stopped: 0.0120893 seconds, Stopping threads took: 0.0000637 seconds
{Heap before GC invocations=64 (full 2):
 par new generation   total 109248K, used 93704K [0x00000000e0000000, 0x00000000e8000000, 0x00000000e8000000)
  eden space 87424K, 100% used [0x00000000e0000000, 0x00000000e5560000, 0x00000000e5560000)
  from space 21824K,  28% used [0x00000000e5560000, 0x00000000e5b823a8, 0x00000000e6ab0000)
  to   space 21824K,   0% used [0x00000000e6ab0000, 0x00000000e6ab0000, 0x00000000e8000000)
 concurrent mark-sweep generation total 393216K, used 40759K [0x00000000e8000000, 0x0000000100000000, 0x0000000100000000)
 Metaspace       used 49115K, capacity 51326K, committed 51528K, reserved 1093632K
  class space    used 5881K, capacity 6364K, committed 6472K, reserved 1048576K
2018-09-07T19:10:18.306+0530: 593.698: [GC (Allocation Failure) 2018-09-07T19:10:18.337+0530: 593.729: [ParNew
Desired survivor size 20112992 bytes, new threshold 8 (max 8)
- age   1:     293168 bytes,     293168 total
- age   2:    1056776 bytes,    1349944 total
- age   3:    1627664 bytes,    2977608 total
- age   4:     153952 bytes,    3131560 total
- age   5:     832488 bytes,    3964048 total
- age   6:     529776 bytes,    4493824 total
- age   7:     132776 bytes,    4626600 total
- age   8:     125176 bytes,    4751776 total
: 93704K->6316K(109248K), 0.0143447 secs] 134464K->47322K(502464K), 0.0456140 secs] [Times: user=0.04 sys=0.00, real=0.04 secs] 
Heap after GC invocations=65 (full 2):
 par new generation   total 109248K, used 6316K [0x00000000e0000000, 0x00000000e8000000, 0x00000000e8000000)
  eden space 87424K,   0% used [0x00000000e0000000, 0x00000000e0000000, 0x00000000e5560000)
  from space 21824K,  28% used [0x00000000e6ab0000, 0x00000000e70db0f0, 0x00000000e8000000)
  to   space 21824K,   0% used [0x00000000e5560000, 0x00000000e5560000, 0x00000000e6ab0000)
 concurrent mark-sweep generation total 393216K, used 41006K [0x00000000e8000000, 0x0000000100000000, 0x0000000100000000)
 Metaspace       used 49115K, capacity 51326K, committed 51528K, reserved 1093632K
  class space    used 5881K, capacity 6364K, committed 6472K, reserved 1048576K
}
2018-09-07T19:10:18.351+0530: 593.744: Total time for which application threads were stopped: 0.0461678 seconds, Stopping threads took: 0.0000510 seconds
2018-09-07T19:10:18.917+0530: 594.310: Total time for which application threads were stopped: 0.0048525 seconds, Stopping threads took: 0.0037676 seconds
{Heap before GC invocations=65 (full 2):
 par new generation   total 109248K, used 93740K [0x00000000e0000000, 0x00000000e8000000, 0x00000000e8000000)
  eden space 87424K, 100% used [0x00000000e0000000, 0x00000000e5560000, 0x00000000e5560000)
  from space 21824K,  28% used [0x00000000e6ab0000, 0x00000000e70db0f0, 0x00000000e8000000)
  to   space 21824K,   0% used [0x00000000e5560000, 0x00000000e5560000, 0x00000000e6ab0000)
 concurrent mark-sweep generation total 393216K, used 41006K [0x00000000e8000000, 0x0000000100000000, 0x0000000100000000)
 Metaspace       used 49128K, capacity 51326K, committed 51528K, reserved 1093632K
  class space    used 5881K, capacity 6364K, committed 6472K, reserved 1048576K
2018-09-07T19:10:18.923+0530: 594.315: [GC (Allocation Failure) 2018-09-07T19:10:18.924+0530: 594.316: [ParNew
Desired survivor size 20112992 bytes, new threshold 8 (max 8)
- age   1:    3078936 bytes,    3078936 total
- age   2:     152736 bytes,    3231672 total
- age   3:     313984 bytes,    3545656 total
- age   4:     206592 bytes,    3752248 total
- age   5:      65432 bytes,    3817680 total
- age   6:     740312 bytes,    4557992 total
- age   7:     529776 bytes,    5087768 total
- age   8:     132776 bytes,    5220544 total
: 93740K->6364K(109248K), 0.0639667 secs] 134746K->47495K(502464K), 0.0648316 secs] [Times: user=0.08 sys=0.00, real=0.07 secs] 
Heap after GC invocations=66 (full 2):
 par new generation   total 109248K, used 6364K [0x00000000e0000000, 0x00000000e8000000, 0x00000000e8000000)
  eden space 87424K,   0% used [0x00000000e0000000, 0x00000000e0000000, 0x00000000e5560000)
  from space 21824K,  29% used [0x00000000e5560000, 0x00000000e5b971c8, 0x00000000e6ab0000)
  to   space 21824K,   0% used [0x00000000e6ab0000, 0x00000000e6ab0000, 0x00000000e8000000)
 concurrent mark-sweep generation total 393216K, used 41131K [0x00000000e8000000, 0x0000000100000000, 0x0000000100000000)
 Metaspace       used 49128K, capacity 51326K, committed 51528K, reserved 1093632K
  class space    used 5881K, capacity 6364K, committed 6472K, reserved 1048576K
}
2018-09-07T19:10:18.988+0530: 594.380: Total time for which application threads were stopped: 0.0660687 seconds, Stopping threads took: 0.0002486 seconds
2018-09-07T19:10:19.004+0530: 594.396: Total time for which application threads were stopped: 0.0058336 seconds, Stopping threads took: 0.0054026 seconds
2018-09-07T19:10:19.013+0530: 594.405: Total time for which application threads were stopped: 0.0079992 seconds, Stopping threads took: 0.0075937 seconds
{Heap before GC invocations=66 (full 2):
 par new generation   total 109248K, used 93788K [0x00000000e0000000, 0x00000000e8000000, 0x00000000e8000000)
  eden space 87424K, 100% used [0x00000000e0000000, 0x00000000e5560000, 0x00000000e5560000)
  from space 21824K,  29% used [0x00000000e5560000, 0x00000000e5b971c8, 0x00000000e6ab0000)
  to   space 21824K,   0% used [0x00000000e6ab0000, 0x00000000e6ab0000, 0x00000000e8000000)
 concurrent mark-sweep generation total 393216K, used 41131K [0x00000000e8000000, 0x0000000100000000, 0x0000000100000000)
 Metaspace       used 49146K, capacity 51390K, committed 51528K, reserved 1093632K
  class space    used 5881K, capacity 6364K, committed 6472K, reserved 1048576K
2018-09-07T19:10:19.057+0530: 594.449: [GC (Allocation Failure) 2018-09-07T19:10:19.134+0530: 594.526: [ParNew
Desired survivor size 20112992 bytes, new threshold 8 (max 8)
- age   1:     986624 bytes,     986624 total
- age   2:    2903512 bytes,    3890136 total
- age   3:     152736 bytes,    4042872 total
- age   4:     313584 bytes,    4356456 total
- age   5:     206592 bytes,    4563048 total
- age   6:      65432 bytes,    4628480 total
- age   7:     740312 bytes,    5368792 total
- age   8:     529776 bytes,    5898568 total
: 93788K->7703K(109248K), 0.0871594 secs] 134919K->48967K(502464K), 0.1644003 secs] [Times: user=0.16 sys=0.01, real=0.16 secs] 
Heap after GC invocations=67 (full 2):
 par new generation   total 109248K, used 7703K [0x00000000e0000000, 0x00000000e8000000, 0x00000000e8000000)
  eden space 87424K,   0% used [0x00000000e0000000, 0x00000000e0000000, 0x00000000e5560000)
  from space 21824K,  35% used [0x00000000e6ab0000, 0x00000000e7235fc0, 0x00000000e8000000)
  to   space 21824K,   0% used [0x00000000e5560000, 0x00000000e5560000, 0x00000000e6ab0000)
 concurrent mark-sweep generation total 393216K, used 41263K [0x00000000e8000000, 0x0000000100000000, 0x0000000100000000)
 Metaspace       used 49146K, capacity 51390K, committed 51528K, reserved 1093632K
  class space    used 5881K, capacity 6364K, committed 6472K, reserved 1048576K
}
2018-09-07T19:10:19.222+0530: 594.614: Total time for which application threads were stopped: 0.1654474 seconds, Stopping threads took: 0.0000815 seconds
{Heap before GC invocations=67 (full 2):
 par new generation   total 109248K, used 95127K [0x00000000e0000000, 0x00000000e8000000, 0x00000000e8000000)
  eden space 87424K, 100% used [0x00000000e0000000, 0x00000000e5560000, 0x00000000e5560000)
  from space 21824K,  35% used [0x00000000e6ab0000, 0x00000000e7235fc0, 0x00000000e8000000)
  to   space 21824K,   0% used [0x00000000e5560000, 0x00000000e5560000, 0x00000000e6ab0000)
 concurrent mark-sweep generation total 393216K, used 41263K [0x00000000e8000000, 0x0000000100000000, 0x0000000100000000)
 Metaspace       used 49216K, capacity 51454K, committed 51784K, reserved 1095680K
  class space    used 5881K, capacity 6364K, committed 6472K, reserved 1048576K
2018-09-07T19:10:19.490+0530: 594.882: [GC (Allocation Failure) 2018-09-07T19:10:19.490+0530: 594.882: [ParNew
Desired survivor size 20112992 bytes, new threshold 8 (max 8)
- age   1:    1053056 bytes,    1053056 total
- age   2:     249200 bytes,    1302256 total
- age   3:    2603520 bytes,    3905776 total
- age   4:     152736 bytes,    4058512 total
- age   5:     307712 bytes,    4366224 total
- age   6:     202752 bytes,    4568976 total
- age   7:      65432 bytes,    4634408 total
- age   8:     738832 bytes,    5373240 total
: 95127K->7336K(109248K), 0.0219800 secs] 136391K->49120K(502464K), 0.0222883 secs] [Times: user=0.05 sys=0.00, real=0.02 secs] 
Heap after GC invocations=68 (full 2):
 par new generation   total 109248K, used 7336K [0x00000000e0000000, 0x00000000e8000000, 0x00000000e8000000)
  eden space 87424K,   0% used [0x00000000e0000000, 0x00000000e0000000, 0x00000000e5560000)
  from space 21824K,  33% used [0x00000000e5560000, 0x00000000e5c8a230, 0x00000000e6ab0000)
  to   space 21824K,   0% used [0x00000000e6ab0000, 0x00000000e6ab0000, 0x00000000e8000000)
 concurrent mark-sweep generation total 393216K, used 41784K [0x00000000e8000000, 0x0000000100000000, 0x0000000100000000)
 Metaspace       used 49216K, capacity 51454K, committed 51784K, reserved 1095680K
  class space    used 5881K, capacity 6364K, committed 6472K, reserved 1048576K
}
2018-09-07T19:10:19.512+0530: 594.905: Total time for which application threads were stopped: 0.0227647 seconds, Stopping threads took: 0.0000469 seconds
{Heap before GC invocations=68 (full 2):
 par new generation   total 109248K, used 94760K [0x00000000e0000000, 0x00000000e8000000, 0x00000000e8000000)
  eden space 87424K, 100% used [0x00000000e0000000, 0x00000000e5560000, 0x00000000e5560000)
  from space 21824K,  33% used [0x00000000e5560000, 0x00000000e5c8a230, 0x00000000e6ab0000)
  to   space 21824K,   0% used [0x00000000e6ab0000, 0x00000000e6ab0000, 0x00000000e8000000)
 concurrent mark-sweep generation total 393216K, used 41784K [0x00000000e8000000, 0x0000000100000000, 0x0000000100000000)
 Metaspace       used 49223K, capacity 51454K, committed 51784K, reserved 1095680K
  class space    used 5881K, capacity 6364K, committed 6472K, reserved 1048576K
2018-09-07T19:10:19.606+0530: 594.999: [GC (Allocation Failure) 2018-09-07T19:10:19.687+0530: 595.079: [ParNew
Desired survivor size 20112992 bytes, new threshold 8 (max 8)
- age   1:    2069960 bytes,    2069960 total
- age   2:     572264 bytes,    2642224 total
- age   3:     249200 bytes,    2891424 total
- age   4:    1985872 bytes,    4877296 total
- age   5:     152736 bytes,    5030032 total
- age   6:     306592 bytes,    5336624 total
- age   7:     202688 bytes,    5539312 total
- age   8:      65432 bytes,    5604744 total
: 94760K->7055K(109248K), 0.0311413 secs] 136544K->49561K(502464K), 0.1115534 secs] [Times: user=0.16 sys=0.00, real=0.11 secs] 
Heap after GC invocations=69 (full 2):
 par new generation   total 109248K, used 7055K [0x00000000e0000000, 0x00000000e8000000, 0x00000000e8000000)
  eden space 87424K,   0% used [0x00000000e0000000, 0x00000000e0000000, 0x00000000e5560000)
  from space 21824K,  32% used [0x00000000e6ab0000, 0x00000000e7193cf0, 0x00000000e8000000)
  to   space 21824K,   0% used [0x00000000e5560000, 0x00000000e5560000, 0x00000000e6ab0000)
 concurrent mark-sweep generation total 393216K, used 42506K [0x00000000e8000000, 0x0000000100000000, 0x0000000100000000)
 Metaspace       used 49223K, capacity 51454K, committed 51784K, reserved 1095680K
  class space    used 5881K, capacity 6364K, committed 6472K, reserved 1048576K
}
2018-09-07T19:10:19.718+0530: 595.110: Total time for which application threads were stopped: 0.1122089 seconds, Stopping threads took: 0.0000649 seconds
{Heap before GC invocations=69 (full 2):
 par new generation   total 109248K, used 94479K [0x00000000e0000000, 0x00000000e8000000, 0x00000000e8000000)
  eden space 87424K, 100% used [0x00000000e0000000, 0x00000000e5560000, 0x00000000e5560000)
  from space 21824K,  32% used [0x00000000e6ab0000, 0x00000000e7193cf0, 0x00000000e8000000)
  to   space 21824K,   0% used [0x00000000e5560000, 0x00000000e5560000, 0x00000000e6ab0000)
 concurrent mark-sweep generation total 393216K, used 42506K [0x00000000e8000000, 0x0000000100000000, 0x0000000100000000)
 Metaspace       used 49227K, capacity 51454K, committed 51784K, reserved 1095680K
  class space    used 5881K, capacity 6364K, committed 6472K, reserved 1048576K
2018-09-07T19:10:19.940+0530: 595.332: [GC (Allocation Failure) 2018-09-07T19:10:19.940+0530: 595.332: [ParNew
Desired survivor size 20112992 bytes, new threshold 8 (max 8)
- age   1:    1848872 bytes,    1848872 total
- age   2:    1202368 bytes,    3051240 total
- age   3:     565728 bytes,    3616968 total
- age   4:     249200 bytes,    3866168 total
- age   5:    1985872 bytes,    5852040 total
- age   6:     152736 bytes,    6004776 total
- age   7:     306560 bytes,    6311336 total
- age   8:     202688 bytes,    6514024 total
: 94479K->9403K(109248K), 0.0168225 secs] 136985K->51974K(502464K), 0.0171492 secs] [Times: user=0.04 sys=0.00, real=0.02 secs] 
Heap after GC invocations=70 (full 2):
 par new generation   total 109248K, used 9403K [0x00000000e0000000, 0x00000000e8000000, 0x00000000e8000000)
  eden space 87424K,   0% used [0x00000000e0000000, 0x00000000e0000000, 0x00000000e5560000)
  from space 21824K,  43% used [0x00000000e5560000, 0x00000000e5e8ee00, 0x00000000e6ab0000)
  to   space 21824K,   0% used [0x00000000e6ab0000, 0x00000000e6ab0000, 0x00000000e8000000)
 concurrent mark-sweep generation total 393216K, used 42571K [0x00000000e8000000, 0x0000000100000000, 0x0000000100000000)
 Metaspace       used 49227K, capacity 51454K, committed 51784K, reserved 1095680K
  class space    used 5881K, capacity 6364K, committed 6472K, reserved 1048576K
}
2018-09-07T19:10:19.957+0530: 595.349: Total time for which application threads were stopped: 0.0178387 seconds, Stopping threads took: 0.0001444 seconds
{Heap before GC invocations=70 (full 2):
 par new generation   total 109248K, used 96827K [0x00000000e0000000, 0x00000000e8000000, 0x00000000e8000000)
  eden space 87424K, 100% used [0x00000000e0000000, 0x00000000e5560000, 0x00000000e5560000)
  from space 21824K,  43% used [0x00000000e5560000, 0x00000000e5e8ee00, 0x00000000e6ab0000)
  to   space 21824K,   0% used [0x00000000e6ab0000, 0x00000000e6ab0000, 0x00000000e8000000)
 concurrent mark-sweep generation total 393216K, used 42571K [0x00000000e8000000, 0x0000000100000000, 0x0000000100000000)
 Metaspace       used 49228K, capacity 51454K, committed 51784K, reserved 1095680K
  class space    used 5881K, capacity 6364K, committed 6472K, reserved 1048576K
2018-09-07T19:10:20.041+0530: 595.433: [GC (Allocation Failure) 2018-09-07T19:10:20.041+0530: 595.433: [ParNew
Desired survivor size 20112992 bytes, new threshold 8 (max 8)
- age   1:     628608 bytes,     628608 total
- age   2:    1464312 bytes,    2092920 total
- age   3:     191552 bytes,    2284472 total
- age   4:     424512 bytes,    2708984 total
- age   5:     178584 bytes,    2887568 total
- age   6:    1919848 bytes,    4807416 total
- age   7:     152736 bytes,    4960152 total
- age   8:     306560 bytes,    5266712 total
: 96827K->6231K(109248K), 0.0135396 secs] 139398K->49002K(502464K), 0.0138042 secs] [Times: user=0.04 sys=0.00, real=0.01 secs] 
Heap after GC invocations=71 (full 2):
 par new generation   total 109248K, used 6231K [0x00000000e0000000, 0x00000000e8000000, 0x00000000e8000000)
  eden space 87424K,   0% used [0x00000000e0000000, 0x00000000e0000000, 0x00000000e5560000)
  from space 21824K,  28% used [0x00000000e6ab0000, 0x00000000e70c5e58, 0x00000000e8000000)
  to   space 21824K,   0% used [0x00000000e5560000, 0x00000000e5560000, 0x00000000e6ab0000)
 concurrent mark-sweep generation total 393216K, used 42770K [0x00000000e8000000, 0x0000000100000000, 0x0000000100000000)
 Metaspace       used 49228K, capacity 51454K, committed 51784K, reserved 1095680K
  class space    used 5881K, capacity 6364K, committed 6472K, reserved 1048576K
}
2018-09-07T19:10:20.055+0530: 595.447: Total time for which application threads were stopped: 0.0143261 seconds, Stopping threads took: 0.0000744 seconds
{Heap before GC invocations=71 (full 2):
 par new generation   total 109248K, used 93655K [0x00000000e0000000, 0x00000000e8000000, 0x00000000e8000000)
  eden space 87424K, 100% used [0x00000000e0000000, 0x00000000e5560000, 0x00000000e5560000)
  from space 21824K,  28% used [0x00000000e6ab0000, 0x00000000e70c5e58, 0x00000000e8000000)
  to   space 21824K,   0% used [0x00000000e5560000, 0x00000000e5560000, 0x00000000e6ab0000)
 concurrent mark-sweep generation total 393216K, used 42770K [0x00000000e8000000, 0x0000000100000000, 0x0000000100000000)
 Metaspace       used 49228K, capacity 51454K, committed 51784K, reserved 1095680K
  class space    used 5881K, capacity 6364K, committed 6472K, reserved 1048576K
2018-09-07T19:10:20.095+0530: 595.487: [GC (Allocation Failure) 2018-09-07T19:10:20.095+0530: 595.487: [ParNew
Desired survivor size 20112992 bytes, new threshold 8 (max 8)
- age   1:     955688 bytes,     955688 total
- age   2:     501352 bytes,    1457040 total
- age   3:    1464136 bytes,    2921176 total
- age   4:     191552 bytes,    3112728 total
- age   5:     424512 bytes,    3537240 total
- age   6:     178584 bytes,    3715824 total
- age   7:    1919848 bytes,    5635672 total
- age   8:     152736 bytes,    5788408 total
: 93655K->9495K(109248K), 0.0132701 secs] 136426K->52568K(502464K), 0.0136252 secs] [Times: user=0.04 sys=0.00, real=0.02 secs] 
Heap after GC invocations=72 (full 2):
 par new generation   total 109248K, used 9495K [0x00000000e0000000, 0x00000000e8000000, 0x00000000e8000000)
  eden space 87424K,   0% used [0x00000000e0000000, 0x00000000e0000000, 0x00000000e5560000)
  from space 21824K,  43% used [0x00000000e5560000, 0x00000000e5ea5d80, 0x00000000e6ab0000)
  to   space 21824K,   0% used [0x00000000e6ab0000, 0x00000000e6ab0000, 0x00000000e8000000)
 concurrent mark-sweep generation total 393216K, used 43073K [0x00000000e8000000, 0x0000000100000000, 0x0000000100000000)
 Metaspace       used 49228K, capacity 51454K, committed 51784K, reserved 1095680K
  class space    used 5881K, capacity 6364K, committed 6472K, reserved 1048576K
}
2018-09-07T19:10:20.108+0530: 595.501: Total time for which application threads were stopped: 0.0141259 seconds, Stopping threads took: 0.0000844 seconds
{Heap before GC invocations=72 (full 2):
 par new generation   total 109248K, used 96919K [0x00000000e0000000, 0x00000000e8000000, 0x00000000e8000000)
  eden space 87424K, 100% used [0x00000000e0000000, 0x00000000e5560000, 0x00000000e5560000)
  from space 21824K,  43% used [0x00000000e5560000, 0x00000000e5ea5d80, 0x00000000e6ab0000)
  to   space 21824K,   0% used [0x00000000e6ab0000, 0x00000000e6ab0000, 0x00000000e8000000)
 concurrent mark-sweep generation total 393216K, used 43073K [0x00000000e8000000, 0x0000000100000000, 0x0000000100000000)
 Metaspace       used 49229K, capacity 51454K, committed 51784K, reserved 1095680K
  class space    used 5881K, capacity 6364K, committed 6472K, reserved 1048576K
2018-09-07T19:10:20.183+0530: 595.576: [GC (Allocation Failure) 2018-09-07T19:10:20.255+0530: 595.647: [ParNew
Desired survivor size 20112992 bytes, new threshold 8 (max 8)
- age   1:     562848 bytes,     562848 total
- age   2:     686272 bytes,    1249120 total
- age   3:     500320 bytes,    1749440 total
- age   4:    1463888 bytes,    3213328 total
- age   5:     191552 bytes,    3404880 total
- age   6:     424512 bytes,    3829392 total
- age   7:     178584 bytes,    4007976 total
- age   8:    1919848 bytes,    5927824 total
: 96919K->6500K(109248K), 0.0403470 secs] 139992K->49724K(502464K), 0.1125739 secs] [Times: user=0.12 sys=0.00, real=0.12 secs] 
Heap after GC invocations=73 (full 2):
 par new generation   total 109248K, used 6500K [0x00000000e0000000, 0x00000000e8000000, 0x00000000e8000000)
  eden space 87424K,   0% used [0x00000000e0000000, 0x00000000e0000000, 0x00000000e5560000)
  from space 21824K,  29% used [0x00000000e6ab0000, 0x00000000e71090f0, 0x00000000e8000000)
  to   space 21824K,   0% used [0x00000000e5560000, 0x00000000e5560000, 0x00000000e6ab0000)
 concurrent mark-sweep generation total 393216K, used 43224K [0x00000000e8000000, 0x0000000100000000, 0x0000000100000000)
 Metaspace       used 49229K, capacity 51454K, committed 51784K, reserved 1095680K
  class space    used 5881K, capacity 6364K, committed 6472K, reserved 1048576K
}
2018-09-07T19:10:20.297+0530: 595.689: Total time for which application threads were stopped: 0.1138286 seconds, Stopping threads took: 0.0000672 seconds
{Heap before GC invocations=73 (full 2):
 par new generation   total 109248K, used 93924K [0x00000000e0000000, 0x00000000e8000000, 0x00000000e8000000)
  eden space 87424K, 100% used [0x00000000e0000000, 0x00000000e5560000, 0x00000000e5560000)
  from space 21824K,  29% used [0x00000000e6ab0000, 0x00000000e71090f0, 0x00000000e8000000)
  to   space 21824K,   0% used [0x00000000e5560000, 0x00000000e5560000, 0x00000000e6ab0000)
 concurrent mark-sweep generation total 393216K, used 43224K [0x00000000e8000000, 0x0000000100000000, 0x0000000100000000)
 Metaspace       used 49268K, capacity 51454K, committed 51784K, reserved 1095680K
  class space    used 5881K, capacity 6364K, committed 6472K, reserved 1048576K
2018-09-07T19:10:20.687+0530: 596.079: [GC (Allocation Failure) 2018-09-07T19:10:20.687+0530: 596.079: [ParNew
Desired survivor size 20112992 bytes, new threshold 8 (max 8)
- age   1:    3501200 bytes,    3501200 total
- age   2:     203456 bytes,    3704656 total
- age   3:     129032 bytes,    3833688 total
- age   4:      75920 bytes,    3909608 total
- age   5:     202640 bytes,    4112248 total
- age   6:      68208 bytes,    4180456 total
- age   7:     419976 bytes,    4600432 total
- age   8:     178584 bytes,    4779016 total
: 93924K->6239K(109248K), 0.0337716 secs] 137148K->50937K(502464K), 0.0341429 secs] [Times: user=0.05 sys=0.00, real=0.03 secs] 
Heap after GC invocations=74 (full 2):
 par new generation   total 109248K, used 6239K [0x00000000e0000000, 0x00000000e8000000, 0x00000000e8000000)
  eden space 87424K,   0% used [0x00000000e0000000, 0x00000000e0000000, 0x00000000e5560000)
  from space 21824K,  28% used [0x00000000e5560000, 0x00000000e5b77e98, 0x00000000e6ab0000)
  to   space 21824K,   0% used [0x00000000e6ab0000, 0x00000000e6ab0000, 0x00000000e8000000)
 concurrent mark-sweep generation total 393216K, used 44697K [0x00000000e8000000, 0x0000000100000000, 0x0000000100000000)
 Metaspace       used 49268K, capacity 51454K, committed 51784K, reserved 1095680K
  class space    used 5881K, capacity 6364K, committed 6472K, reserved 1048576K
}
2018-09-07T19:10:20.721+0530: 596.113: Total time for which application threads were stopped: 0.0354518 seconds, Stopping threads took: 0.0006805 seconds
{Heap before GC invocations=74 (full 2):
 par new generation   total 109248K, used 93663K [0x00000000e0000000, 0x00000000e8000000, 0x00000000e8000000)
  eden space 87424K, 100% used [0x00000000e0000000, 0x00000000e5560000, 0x00000000e5560000)
  from space 21824K,  28% used [0x00000000e5560000, 0x00000000e5b77e98, 0x00000000e6ab0000)
  to   space 21824K,   0% used [0x00000000e6ab0000, 0x00000000e6ab0000, 0x00000000e8000000)
 concurrent mark-sweep generation total 393216K, used 44697K [0x00000000e8000000, 0x0000000100000000, 0x0000000100000000)
 Metaspace       used 49268K, capacity 51454K, committed 51784K, reserved 1095680K
  class space    used 5881K, capacity 6364K, committed 6472K, reserved 1048576K
2018-09-07T19:10:20.757+0530: 596.150: [GC (Allocation Failure) 2018-09-07T19:10:20.810+0530: 596.203: [ParNew
Desired survivor size 20112992 bytes, new threshold 8 (max 8)
- age   1:     555872 bytes,     555872 total
- age   2:    3377280 bytes,    3933152 total
- age   3:     203456 bytes,    4136608 total
- age   4:     129032 bytes,    4265640 total
- age   5:      75920 bytes,    4341560 total
- age   6:     202640 bytes,    4544200 total
- age   7:      68208 bytes,    4612408 total
- age   8:     419784 bytes,    5032192 total
: 93663K->6873K(109248K), 0.1274690 secs] 138361K->51747K(502464K), 0.1806718 secs] [Times: user=0.14 sys=0.00, real=0.18 secs] 
Heap after GC invocations=75 (full 2):
 par new generation   total 109248K, used 6873K [0x00000000e0000000, 0x00000000e8000000, 0x00000000e8000000)
  eden space 87424K,   0% used [0x00000000e0000000, 0x00000000e0000000, 0x00000000e5560000)
  from space 21824K,  31% used [0x00000000e6ab0000, 0x00000000e71666c0, 0x00000000e8000000)
  to   space 21824K,   0% used [0x00000000e5560000, 0x00000000e5560000, 0x00000000e6ab0000)
 concurrent mark-sweep generation total 393216K, used 44873K [0x00000000e8000000, 0x0000000100000000, 0x0000000100000000)
 Metaspace       used 49268K, capacity 51454K, committed 51784K, reserved 1095680K
  class space    used 5881K, capacity 6364K, committed 6472K, reserved 1048576K
}
2018-09-07T19:10:20.938+0530: 596.331: Total time for which application threads were stopped: 0.1812183 seconds, Stopping threads took: 0.0000372 seconds
{Heap before GC invocations=75 (full 2):
 par new generation   total 109248K, used 94297K [0x00000000e0000000, 0x00000000e8000000, 0x00000000e8000000)
  eden space 87424K, 100% used [0x00000000e0000000, 0x00000000e5560000, 0x00000000e5560000)
  from space 21824K,  31% used [0x00000000e6ab0000, 0x00000000e71666c0, 0x00000000e8000000)
  to   space 21824K,   0% used [0x00000000e5560000, 0x00000000e5560000, 0x00000000e6ab0000)
 concurrent mark-sweep generation total 393216K, used 44873K [0x00000000e8000000, 0x0000000100000000, 0x0000000100000000)
 Metaspace       used 49315K, capacity 51518K, committed 51784K, reserved 1095680K
  class space    used 5881K, capacity 6364K, committed 6472K, reserved 1048576K
2018-09-07T19:10:21.096+0530: 596.488: [GC (Allocation Failure) 2018-09-07T19:10:21.181+0530: 596.574: [ParNew
Desired survivor size 20112992 bytes, new threshold 8 (max 8)
- age   1:    2716944 bytes,    2716944 total
- age   2:     192168 bytes,    2909112 total
- age   3:    1592496 bytes,    4501608 total
- age   4:     144280 bytes,    4645888 total
- age   5:      98888 bytes,    4744776 total
- age   6:       3680 bytes,    4748456 total
- age   7:     137064 bytes,    4885520 total
- age   8:      68208 bytes,    4953728 total
: 94297K->6360K(109248K), 0.0419096 secs] 139171K->51644K(502464K), 0.1278299 secs] [Times: user=0.09 sys=0.00, real=0.13 secs] 
Heap after GC invocations=76 (full 2):
 par new generation   total 109248K, used 6360K [0x00000000e0000000, 0x00000000e8000000, 0x00000000e8000000)
  eden space 87424K,   0% used [0x00000000e0000000, 0x00000000e0000000, 0x00000000e5560000)
  from space 21824K,  29% used [0x00000000e5560000, 0x00000000e5b96370, 0x00000000e6ab0000)
  to   space 21824K,   0% used [0x00000000e6ab0000, 0x00000000e6ab0000, 0x00000000e8000000)
 concurrent mark-sweep generation total 393216K, used 45283K [0x00000000e8000000, 0x0000000100000000, 0x0000000100000000)
 Metaspace       used 49315K, capacity 51518K, committed 51784K, reserved 1095680K
  class space    used 5881K, capacity 6364K, committed 6472K, reserved 1048576K
}
2018-09-07T19:10:21.224+0530: 596.616: Total time for which application threads were stopped: 0.1285790 seconds, Stopping threads took: 0.0000829 seconds
{Heap before GC invocations=76 (full 2):
 par new generation   total 109248K, used 93784K [0x00000000e0000000, 0x00000000e8000000, 0x00000000e8000000)
  eden space 87424K, 100% used [0x00000000e0000000, 0x00000000e5560000, 0x00000000e5560000)
  from space 21824K,  29% used [0x00000000e5560000, 0x00000000e5b96370, 0x00000000e6ab0000)
  to   space 21824K,   0% used [0x00000000e6ab0000, 0x00000000e6ab0000, 0x00000000e8000000)
 concurrent mark-sweep generation total 393216K, used 45283K [0x00000000e8000000, 0x0000000100000000, 0x0000000100000000)
 Metaspace       used 49325K, capacity 51518K, committed 51784K, reserved 1095680K
  class space    used 5882K, capacity 6364K, committed 6472K, reserved 1048576K
2018-09-07T19:10:21.347+0530: 596.739: [GC (Allocation Failure) 2018-09-07T19:10:21.347+0530: 596.740: [ParNew
Desired survivor size 20112992 bytes, new threshold 8 (max 8)
- age   1:    1082848 bytes,    1082848 total
- age   2:    2290048 bytes,    3372896 total
- age   3:     192168 bytes,    3565064 total
- age   4:    1584096 bytes,    5149160 total
- age   5:     144280 bytes,    5293440 total
- age   6:      98888 bytes,    5392328 total
- age   7:       2816 bytes,    5395144 total
- age   8:     137032 bytes,    5532176 total
: 93784K->6738K(109248K), 0.0306037 secs] 139068K->52087K(502464K), 0.0310677 secs] [Times: user=0.05 sys=0.00, real=0.03 secs] 
Heap after GC invocations=77 (full 2):
 par new generation   total 109248K, used 6738K [0x00000000e0000000, 0x00000000e8000000, 0x00000000e8000000)
  eden space 87424K,   0% used [0x00000000e0000000, 0x00000000e0000000, 0x00000000e5560000)
  from space 21824K,  30% used [0x00000000e6ab0000, 0x00000000e7144868, 0x00000000e8000000)
  to   space 21824K,   0% used [0x00000000e5560000, 0x00000000e5560000, 0x00000000e6ab0000)
 concurrent mark-sweep generation total 393216K, used 45349K [0x00000000e8000000, 0x0000000100000000, 0x0000000100000000)
 Metaspace       used 49325K, capacity 51518K, committed 51784K, reserved 1095680K
  class space    used 5882K, capacity 6364K, committed 6472K, reserved 1048576K
}
2018-09-07T19:10:21.378+0530: 596.771: Total time for which application threads were stopped: 0.0320075 seconds, Stopping threads took: 0.0002714 seconds
{Heap before GC invocations=77 (full 2):
 par new generation   total 109248K, used 94162K [0x00000000e0000000, 0x00000000e8000000, 0x00000000e8000000)
  eden space 87424K, 100% used [0x00000000e0000000, 0x00000000e5560000, 0x00000000e5560000)
  from space 21824K,  30% used [0x00000000e6ab0000, 0x00000000e7144868, 0x00000000e8000000)
  to   space 21824K,   0% used [0x00000000e5560000, 0x00000000e5560000, 0x00000000e6ab0000)
 concurrent mark-sweep generation total 393216K, used 45349K [0x00000000e8000000, 0x0000000100000000, 0x0000000100000000)
 Metaspace       used 49339K, capacity 51518K, committed 51784K, reserved 1095680K
  class space    used 5882K, capacity 6364K, committed 6472K, reserved 1048576K
2018-09-07T19:10:21.488+0530: 596.881: [GC (Allocation Failure) 2018-09-07T19:10:21.489+0530: 596.881: [ParNew
Desired survivor size 20112992 bytes, new threshold 8 (max 8)
- age   1:     484368 bytes,     484368 total
- age   2:     899928 bytes,    1384296 total
- age   3:    2312144 bytes,    3696440 total
- age   4:     192168 bytes,    3888608 total
- age   5:    1583608 bytes,    5472216 total
- age   6:     144280 bytes,    5616496 total
- age   7:      98888 bytes,    5715384 total
- age   8:       2816 bytes,    5718200 total
: 94162K->8162K(109248K), 0.0149625 secs] 139511K->53646K(502464K), 0.0151689 secs] [Times: user=0.04 sys=0.00, real=0.01 secs] 
Heap after GC invocations=78 (full 2):
 par new generation   total 109248K, used 8162K [0x00000000e0000000, 0x00000000e8000000, 0x00000000e8000000)
  eden space 87424K,   0% used [0x00000000e0000000, 0x00000000e0000000, 0x00000000e5560000)
  from space 21824K,  37% used [0x00000000e5560000, 0x00000000e5d58b48, 0x00000000e6ab0000)
  to   space 21824K,   0% used [0x00000000e6ab0000, 0x00000000e6ab0000, 0x00000000e8000000)
 concurrent mark-sweep generation total 393216K, used 45483K [0x00000000e8000000, 0x0000000100000000, 0x0000000100000000)
 Metaspace       used 49339K, capacity 51518K, committed 51784K, reserved 1095680K
  class space    used 5882K, capacity 6364K, committed 6472K, reserved 1048576K
}
2018-09-07T19:10:21.507+0530: 596.899: Total time for which application threads were stopped: 0.0190814 seconds, Stopping threads took: 0.0001160 seconds
{Heap before GC invocations=78 (full 2):
 par new generation   total 109248K, used 95586K [0x00000000e0000000, 0x00000000e8000000, 0x00000000e8000000)
  eden space 87424K, 100% used [0x00000000e0000000, 0x00000000e5560000, 0x00000000e5560000)
  from space 21824K,  37% used [0x00000000e5560000, 0x00000000e5d58b48, 0x00000000e6ab0000)
  to   space 21824K,   0% used [0x00000000e6ab0000, 0x00000000e6ab0000, 0x00000000e8000000)
 concurrent mark-sweep generation total 393216K, used 45483K [0x00000000e8000000, 0x0000000100000000, 0x0000000100000000)
 Metaspace       used 49339K, capacity 51518K, committed 51784K, reserved 1095680K
  class space    used 5882K, capacity 6364K, committed 6472K, reserved 1048576K
2018-09-07T19:10:21.636+0530: 597.029: [GC (Allocation Failure) 2018-09-07T19:10:21.637+0530: 597.029: [ParNew
Desired survivor size 20112992 bytes, new threshold 8 (max 8)
- age   1:    1654136 bytes,    1654136 total
- age   2:     175912 bytes,    1830048 total
- age   3:     894840 bytes,    2724888 total
- age   4:    1682608 bytes,    4407496 total
- age   5:     192168 bytes,    4599664 total
- age   6:    1582408 bytes,    6182072 total
- age   7:     144280 bytes,    6326352 total
- age   8:      98888 bytes,    6425240 total
: 95586K->7308K(109248K), 0.0322630 secs] 141070K->52794K(502464K), 0.0325748 secs] [Times: user=0.04 sys=0.00, real=0.03 secs] 
Heap after GC invocations=79 (full 2):
 par new generation   total 109248K, used 7308K [0x00000000e0000000, 0x00000000e8000000, 0x00000000e8000000)
  eden space 87424K,   0% used [0x00000000e0000000, 0x00000000e0000000, 0x00000000e5560000)
  from space 21824K,  33% used [0x00000000e6ab0000, 0x00000000e71d31b0, 0x00000000e8000000)
  to   space 21824K,   0% used [0x00000000e5560000, 0x00000000e5560000, 0x00000000e6ab0000)
 concurrent mark-sweep generation total 393216K, used 45486K [0x00000000e8000000, 0x0000000100000000, 0x0000000100000000)
 Metaspace       used 49339K, capacity 51518K, committed 51784K, reserved 1095680K
  class space    used 5882K, capacity 6364K, committed 6472K, reserved 1048576K
}
2018-09-07T19:10:21.669+0530: 597.062: Total time for which application threads were stopped: 0.0349549 seconds, Stopping threads took: 0.0018770 seconds
{Heap before GC invocations=79 (full 2):
 par new generation   total 109248K, used 94732K [0x00000000e0000000, 0x00000000e8000000, 0x00000000e8000000)
  eden space 87424K, 100% used [0x00000000e0000000, 0x00000000e5560000, 0x00000000e5560000)
  from space 21824K,  33% used [0x00000000e6ab0000, 0x00000000e71d31b0, 0x00000000e8000000)
  to   space 21824K,   0% used [0x00000000e5560000, 0x00000000e5560000, 0x00000000e6ab0000)
 concurrent mark-sweep generation total 393216K, used 45486K [0x00000000e8000000, 0x0000000100000000, 0x0000000100000000)
 Metaspace       used 49345K, capacity 51518K, committed 51784K, reserved 1095680K
  class space    used 5882K, capacity 6364K, committed 6472K, reserved 1048576K
2018-09-07T19:10:21.825+0530: 597.217: [GC (Allocation Failure) 2018-09-07T19:10:21.825+0530: 597.217: [ParNew
Desired survivor size 20112992 bytes, new threshold 8 (max 8)
- age   1:    1459296 bytes,    1459296 total
- age   2:    1291296 bytes,    2750592 total
- age   3:     171552 bytes,    2922144 total
- age   4:     297800 bytes,    3219944 total
- age   5:     810688 bytes,    4030632 total
- age   6:      99616 bytes,    4130248 total
- age   7:    1499280 bytes,    5629528 total
- age   8:     144280 bytes,    5773808 total
: 94732K->8277K(109248K), 0.0713472 secs] 140218K->53861K(502464K), 0.0716746 secs] [Times: user=0.10 sys=0.00, real=0.07 secs] 
Heap after GC invocations=80 (full 2):
 par new generation   total 109248K, used 8277K [0x00000000e0000000, 0x00000000e8000000, 0x00000000e8000000)
  eden space 87424K,   0% used [0x00000000e0000000, 0x00000000e0000000, 0x00000000e5560000)
  from space 21824K,  37% used [0x00000000e5560000, 0x00000000e5d75460, 0x00000000e6ab0000)
  to   space 21824K,   0% used [0x00000000e6ab0000, 0x00000000e6ab0000, 0x00000000e8000000)
 concurrent mark-sweep generation total 393216K, used 45584K [0x00000000e8000000, 0x0000000100000000, 0x0000000100000000)
 Metaspace       used 49345K, capacity 51518K, committed 51784K, reserved 1095680K
  class space    used 5882K, capacity 6364K, committed 6472K, reserved 1048576K
}
2018-09-07T19:10:21.896+0530: 597.289: Total time for which application threads were stopped: 0.0723319 seconds, Stopping threads took: 0.0000984 seconds
2018-09-07T19:10:21.913+0530: 597.305: Total time for which application threads were stopped: 0.0015820 seconds, Stopping threads took: 0.0012531 seconds
2018-09-07T19:10:21.945+0530: 597.337: Total time for which application threads were stopped: 0.0170844 seconds, Stopping threads took: 0.0166928 seconds
2018-09-07T19:10:21.962+0530: 597.354: Total time for which application threads were stopped: 0.0032199 seconds, Stopping threads took: 0.0028340 seconds
{Heap before GC invocations=80 (full 2):
 par new generation   total 109248K, used 95701K [0x00000000e0000000, 0x00000000e8000000, 0x00000000e8000000)
  eden space 87424K, 100% used [0x00000000e0000000, 0x00000000e5560000, 0x00000000e5560000)
  from space 21824K,  37% used [0x00000000e5560000, 0x00000000e5d75460, 0x00000000e6ab0000)
  to   space 21824K,   0% used [0x00000000e6ab0000, 0x00000000e6ab0000, 0x00000000e8000000)
 concurrent mark-sweep generation total 393216K, used 45584K [0x00000000e8000000, 0x0000000100000000, 0x0000000100000000)
 Metaspace       used 49383K, capacity 51582K, committed 51784K, reserved 1095680K
  class space    used 5884K, capacity 6364K, committed 6472K, reserved 1048576K
2018-09-07T19:10:22.216+0530: 597.609: [GC (Allocation Failure) 2018-09-07T19:10:22.217+0530: 597.609: [ParNew
Desired survivor size 20112992 bytes, new threshold 8 (max 8)
- age   1:    2664656 bytes,    2664656 total
- age   2:     746248 bytes,    3410904 total
- age   3:    1283088 bytes,    4693992 total
- age   4:     154880 bytes,    4848872 total
- age   5:     221272 bytes,    5070144 total
- age   6:     357528 bytes,    5427672 total
- age   7:      99616 bytes,    5527288 total
- age   8:    1439776 bytes,    6967064 total
: 95701K->8734K(109248K), 0.0172477 secs] 141285K->54461K(502464K), 0.0175492 secs] [Times: user=0.05 sys=0.00, real=0.01 secs] 
Heap after GC invocations=81 (full 2):
 par new generation   total 109248K, used 8734K [0x00000000e0000000, 0x00000000e8000000, 0x00000000e8000000)
  eden space 87424K,   0% used [0x00000000e0000000, 0x00000000e0000000, 0x00000000e5560000)
  from space 21824K,  40% used [0x00000000e6ab0000, 0x00000000e7337b60, 0x00000000e8000000)
  to   space 21824K,   0% used [0x00000000e5560000, 0x00000000e5560000, 0x00000000e6ab0000)
 concurrent mark-sweep generation total 393216K, used 45727K [0x00000000e8000000, 0x0000000100000000, 0x0000000100000000)
 Metaspace       used 49383K, capacity 51582K, committed 51784K, reserved 1095680K
  class space    used 5884K, capacity 6364K, committed 6472K, reserved 1048576K
}
2018-09-07T19:10:22.234+0530: 597.626: Total time for which application threads were stopped: 0.0190977 seconds, Stopping threads took: 0.0010945 seconds
{Heap before GC invocations=81 (full 2):
 par new generation   total 109248K, used 96158K [0x00000000e0000000, 0x00000000e8000000, 0x00000000e8000000)
  eden space 87424K, 100% used [0x00000000e0000000, 0x00000000e5560000, 0x00000000e5560000)
  from space 21824K,  40% used [0x00000000e6ab0000, 0x00000000e7337b60, 0x00000000e8000000)
  to   space 21824K,   0% used [0x00000000e5560000, 0x00000000e5560000, 0x00000000e6ab0000)
 concurrent mark-sweep generation total 393216K, used 45727K [0x00000000e8000000, 0x0000000100000000, 0x0000000100000000)
 Metaspace       used 49383K, capacity 51582K, committed 51784K, reserved 1095680K
  class space    used 5884K, capacity 6364K, committed 6472K, reserved 1048576K
2018-09-07T19:10:22.271+0530: 597.664: [GC (Allocation Failure) 2018-09-07T19:10:22.271+0530: 597.664: [ParNew
Desired survivor size 20112992 bytes, new threshold 8 (max 8)
- age   1:    1041664 bytes,    1041664 total
- age   2:    2609896 bytes,    3651560 total
- age   3:     746248 bytes,    4397808 total
- age   4:     690736 bytes,    5088544 total
- age   5:     154880 bytes,    5243424 total
- age   6:     220152 bytes,    5463576 total
- age   7:     357528 bytes,    5821104 total
- age   8:      99616 bytes,    5920720 total
: 96158K->8964K(109248K), 0.0163549 secs] 141885K->56105K(502464K), 0.0166183 secs] [Times: user=0.04 sys=0.00, real=0.02 secs] 
Heap after GC invocations=82 (full 2):
 par new generation   total 109248K, used 8964K [0x00000000e0000000, 0x00000000e8000000, 0x00000000e8000000)
  eden space 87424K,   0% used [0x00000000e0000000, 0x00000000e0000000, 0x00000000e5560000)
  from space 21824K,  41% used [0x00000000e5560000, 0x00000000e5e21210, 0x00000000e6ab0000)
  to   space 21824K,   0% used [0x00000000e6ab0000, 0x00000000e6ab0000, 0x00000000e8000000)
 concurrent mark-sweep generation total 393216K, used 47140K [0x00000000e8000000, 0x0000000100000000, 0x0000000100000000)
 Metaspace       used 49383K, capacity 51582K, committed 51784K, reserved 1095680K
  class space    used 5884K, capacity 6364K, committed 6472K, reserved 1048576K
}
2018-09-07T19:10:22.288+0530: 597.680: Total time for which application threads were stopped: 0.0171609 seconds, Stopping threads took: 0.0001162 seconds
{Heap before GC invocations=82 (full 2):
 par new generation   total 109248K, used 96388K [0x00000000e0000000, 0x00000000e8000000, 0x00000000e8000000)
  eden space 87424K, 100% used [0x00000000e0000000, 0x00000000e5560000, 0x00000000e5560000)
  from space 21824K,  41% used [0x00000000e5560000, 0x00000000e5e21210, 0x00000000e6ab0000)
  to   space 21824K,   0% used [0x00000000e6ab0000, 0x00000000e6ab0000, 0x00000000e8000000)
 concurrent mark-sweep generation total 393216K, used 47140K [0x00000000e8000000, 0x0000000100000000, 0x0000000100000000)
 Metaspace       used 49387K, capacity 51582K, committed 51784K, reserved 1095680K
  class space    used 5884K, capacity 6364K, committed 6472K, reserved 1048576K
2018-09-07T19:10:22.330+0530: 597.722: [GC (Allocation Failure) 2018-09-07T19:10:22.394+0530: 597.786: [ParNew
Desired survivor size 20112992 bytes, new threshold 8 (max 8)
- age   1:     880592 bytes,     880592 total
- age   2:     997776 bytes,    1878368 total
- age   3:    2511272 bytes,    4389640 total
- age   4:     746248 bytes,    5135888 total
- age   5:     690736 bytes,    5826624 total
- age   6:     154880 bytes,    5981504 total
- age   7:     219832 bytes,    6201336 total
- age   8:     357528 bytes,    6558864 total
: 96388K->8017K(109248K), 0.0385035 secs] 143529K->55255K(502464K), 0.1028255 secs] [Times: user=0.10 sys=0.00, real=0.10 secs] 
Heap after GC invocations=83 (full 2):
 par new generation   total 109248K, used 8017K [0x00000000e0000000, 0x00000000e8000000, 0x00000000e8000000)
  eden space 87424K,   0% used [0x00000000e0000000, 0x00000000e0000000, 0x00000000e5560000)
  from space 21824K,  36% used [0x00000000e6ab0000, 0x00000000e7284730, 0x00000000e8000000)
  to   space 21824K,   0% used [0x00000000e5560000, 0x00000000e5560000, 0x00000000e6ab0000)
 concurrent mark-sweep generation total 393216K, used 47237K [0x00000000e8000000, 0x0000000100000000, 0x0000000100000000)
 Metaspace       used 49387K, capacity 51582K, committed 51784K, reserved 1095680K
  class space    used 5884K, capacity 6364K, committed 6472K, reserved 1048576K
}
2018-09-07T19:10:22.433+0530: 597.825: Total time for which application threads were stopped: 0.1036448 seconds, Stopping threads took: 0.0000835 seconds
2018-09-07T19:10:22.501+0530: 597.893: Total time for which application threads were stopped: 0.0198180 seconds, Stopping threads took: 0.0190797 seconds
2018-09-07T19:10:22.538+0530: 597.930: Total time for which application threads were stopped: 0.0109581 seconds, Stopping threads took: 0.0106208 seconds
2018-09-07T19:10:22.540+0530: 597.933: Total time for which application threads were stopped: 0.0009889 seconds, Stopping threads took: 0.0007044 seconds
{Heap before GC invocations=83 (full 2):
 par new generation   total 109248K, used 95441K [0x00000000e0000000, 0x00000000e8000000, 0x00000000e8000000)
  eden space 87424K, 100% used [0x00000000e0000000, 0x00000000e5560000, 0x00000000e5560000)
  from space 21824K,  36% used [0x00000000e6ab0000, 0x00000000e7284730, 0x00000000e8000000)
  to   space 21824K,   0% used [0x00000000e5560000, 0x00000000e5560000, 0x00000000e6ab0000)
 concurrent mark-sweep generation total 393216K, used 47237K [0x00000000e8000000, 0x0000000100000000, 0x0000000100000000)
 Metaspace       used 49406K, capacity 51582K, committed 51784K, reserved 1095680K
  class space    used 5884K, capacity 6364K, committed 6472K, reserved 1048576K
2018-09-07T19:10:22.925+0530: 598.317: [GC (Allocation Failure) 2018-09-07T19:10:22.931+0530: 598.323: [ParNew
Desired survivor size 20112992 bytes, new threshold 8 (max 8)
- age   1:    1706024 bytes,    1706024 total
- age   2:     122944 bytes,    1828968 total
- age   3:     996640 bytes,    2825608 total
- age   4:    1539392 bytes,    4365000 total
- age   5:     207296 bytes,    4572296 total
- age   6:     656616 bytes,    5228912 total
- age   7:      79224 bytes,    5308136 total
- age   8:     120248 bytes,    5428384 total
: 95441K->8299K(109248K), 0.0402557 secs] 142679K->55815K(502464K), 0.0461934 secs] [Times: user=0.06 sys=0.00, real=0.04 secs] 
Heap after GC invocations=84 (full 2):
 par new generation   total 109248K, used 8299K [0x00000000e0000000, 0x00000000e8000000, 0x00000000e8000000)
  eden space 87424K,   0% used [0x00000000e0000000, 0x00000000e0000000, 0x00000000e5560000)
  from space 21824K,  38% used [0x00000000e5560000, 0x00000000e5d7acb0, 0x00000000e6ab0000)
  to   space 21824K,   0% used [0x00000000e6ab0000, 0x00000000e6ab0000, 0x00000000e8000000)
 concurrent mark-sweep generation total 393216K, used 47516K [0x00000000e8000000, 0x0000000100000000, 0x0000000100000000)
 Metaspace       used 49406K, capacity 51582K, committed 51784K, reserved 1095680K
  class space    used 5884K, capacity 6364K, committed 6472K, reserved 1048576K
}
2018-09-07T19:10:22.971+0530: 598.364: Total time for which application threads were stopped: 0.0615327 seconds, Stopping threads took: 0.0141988 seconds
2018-09-07T19:10:23.270+0530: 598.662: Total time for which application threads were stopped: 0.0012502 seconds, Stopping threads took: 0.0000344 seconds
{Heap before GC invocations=84 (full 2):
 par new generation   total 109248K, used 95723K [0x00000000e0000000, 0x00000000e8000000, 0x00000000e8000000)
  eden space 87424K, 100% used [0x00000000e0000000, 0x00000000e5560000, 0x00000000e5560000)
  from space 21824K,  38% used [0x00000000e5560000, 0x00000000e5d7acb0, 0x00000000e6ab0000)
  to   space 21824K,   0% used [0x00000000e6ab0000, 0x00000000e6ab0000, 0x00000000e8000000)
 concurrent mark-sweep generation total 393216K, used 47516K [0x00000000e8000000, 0x0000000100000000, 0x0000000100000000)
 Metaspace       used 49489K, capacity 51646K, committed 51784K, reserved 1095680K
  class space    used 5895K, capacity 6364K, committed 6472K, reserved 1048576K
2018-09-07T19:10:23.454+0530: 598.847: [GC (Allocation Failure) 2018-09-07T19:10:23.455+0530: 598.847: [ParNew
Desired survivor size 20112992 bytes, new threshold 8 (max 8)
- age   1:    2918808 bytes,    2918808 total
- age   2:    1255936 bytes,    4174744 total
- age   3:     122624 bytes,    4297368 total
- age   4:     147576 bytes,    4444944 total
- age   5:    1145320 bytes,    5590264 total
- age   6:     128272 bytes,    5718536 total
- age   7:     563032 bytes,    6281568 total
- age   8:      79224 bytes,    6360792 total
: 95723K->7448K(109248K), 0.0386580 secs] 143239K->55082K(502464K), 0.0419627 secs] [Times: user=0.10 sys=0.00, real=0.05 secs] 
Heap after GC invocations=85 (full 2):
 par new generation   total 109248K, used 7448K [0x00000000e0000000, 0x00000000e8000000, 0x00000000e8000000)
  eden space 87424K,   0% used [0x00000000e0000000, 0x00000000e0000000, 0x00000000e5560000)
  from space 21824K,  34% used [0x00000000e6ab0000, 0x00000000e71f6128, 0x00000000e8000000)
  to   space 21824K,   0% used [0x00000000e5560000, 0x00000000e5560000, 0x00000000e6ab0000)
 concurrent mark-sweep generation total 393216K, used 47634K [0x00000000e8000000, 0x0000000100000000, 0x0000000100000000)
 Metaspace       used 49489K, capacity 51646K, committed 51784K, reserved 1095680K
  class space    used 5895K, capacity 6364K, committed 6472K, reserved 1048576K
}
2018-09-07T19:10:23.497+0530: 598.889: Total time for which application threads were stopped: 0.0427690 seconds, Stopping threads took: 0.0000889 seconds
{Heap before GC invocations=85 (full 2):
 par new generation   total 109248K, used 94872K [0x00000000e0000000, 0x00000000e8000000, 0x00000000e8000000)
  eden space 87424K, 100% used [0x00000000e0000000, 0x00000000e5560000, 0x00000000e5560000)
  from space 21824K,  34% used [0x00000000e6ab0000, 0x00000000e71f6128, 0x00000000e8000000)
  to   space 21824K,   0% used [0x00000000e5560000, 0x00000000e5560000, 0x00000000e6ab0000)
 concurrent mark-sweep generation total 393216K, used 47634K [0x00000000e8000000, 0x0000000100000000, 0x0000000100000000)
 Metaspace       used 49490K, capacity 51650K, committed 51784K, reserved 1095680K
  class space    used 5895K, capacity 6364K, committed 6472K, reserved 1048576K
2018-09-07T19:10:23.582+0530: 598.974: [GC (Allocation Failure) 2018-09-07T19:10:23.629+0530: 599.021: [ParNew
Desired survivor size 20112992 bytes, new threshold 8 (max 8)
- age   1:    1076760 bytes,    1076760 total
- age   2:    2156576 bytes,    3233336 total
- age   3:    1255936 bytes,    4489272 total
- age   4:     122624 bytes,    4611896 total
- age   5:     147576 bytes,    4759472 total
- age   6:    1145320 bytes,    5904792 total
- age   7:     128240 bytes,    6033032 total
- age   8:     563000 bytes,    6596032 total
: 94872K->9337K(109248K), 0.0103793 secs] 142506K->57050K(502464K), 0.0577132 secs] [Times: user=0.04 sys=0.00, real=0.06 secs] 
Heap after GC invocations=86 (full 2):
 par new generation   total 109248K, used 9337K [0x00000000e0000000, 0x00000000e8000000, 0x00000000e8000000)
  eden space 87424K,   0% used [0x00000000e0000000, 0x00000000e0000000, 0x00000000e5560000)
  from space 21824K,  42% used [0x00000000e5560000, 0x00000000e5e7e758, 0x00000000e6ab0000)
  to   space 21824K,   0% used [0x00000000e6ab0000, 0x00000000e6ab0000, 0x00000000e8000000)
 concurrent mark-sweep generation total 393216K, used 47712K [0x00000000e8000000, 0x0000000100000000, 0x0000000100000000)
 Metaspace       used 49490K, capacity 51650K, committed 51784K, reserved 1095680K
  class space    used 5895K, capacity 6364K, committed 6472K, reserved 1048576K
}
2018-09-07T19:10:23.640+0530: 599.032: Total time for which application threads were stopped: 0.0582041 seconds, Stopping threads took: 0.0000513 seconds
{Heap before GC invocations=86 (full 2):
 par new generation   total 109248K, used 96761K [0x00000000e0000000, 0x00000000e8000000, 0x00000000e8000000)
  eden space 87424K, 100% used [0x00000000e0000000, 0x00000000e5560000, 0x00000000e5560000)
  from space 21824K,  42% used [0x00000000e5560000, 0x00000000e5e7e758, 0x00000000e6ab0000)
  to   space 21824K,   0% used [0x00000000e6ab0000, 0x00000000e6ab0000, 0x00000000e8000000)
 concurrent mark-sweep generation total 393216K, used 47712K [0x00000000e8000000, 0x0000000100000000, 0x0000000100000000)
 Metaspace       used 49491K, capacity 51650K, committed 51784K, reserved 1095680K
  class space    used 5895K, capacity 6364K, committed 6472K, reserved 1048576K
2018-09-07T19:10:23.679+0530: 599.071: [GC (Allocation Failure) 2018-09-07T19:10:23.755+0530: 599.147: [ParNew
Desired survivor size 20112992 bytes, new threshold 8 (max 8)
- age   1:    1190176 bytes,    1190176 total
- age   2:     430120 bytes,    1620296 total
- age   3:    2148128 bytes,    3768424 total
- age   4:    1255936 bytes,    5024360 total
- age   5:     122624 bytes,    5146984 total
- age   6:     147544 bytes,    5294528 total
- age   7:    1143240 bytes,    6437768 total
- age   8:     128240 bytes,    6566008 total
: 96761K->9373K(109248K), 0.0378222 secs] 144474K->57637K(502464K), 0.1136356 secs] [Times: user=0.15 sys=0.00, real=0.11 secs] 
Heap after GC invocations=87 (full 2):
 par new generation   total 109248K, used 9373K [0x00000000e0000000, 0x00000000e8000000, 0x00000000e8000000)
  eden space 87424K,   0% used [0x00000000e0000000, 0x00000000e0000000, 0x00000000e5560000)
  from space 21824K,  42% used [0x00000000e6ab0000, 0x00000000e73d7750, 0x00000000e8000000)
  to   space 21824K,   0% used [0x00000000e5560000, 0x00000000e5560000, 0x00000000e6ab0000)
 concurrent mark-sweep generation total 393216K, used 48263K [0x00000000e8000000, 0x0000000100000000, 0x0000000100000000)
 Metaspace       used 49491K, capacity 51650K, committed 51784K, reserved 1095680K
  class space    used 5895K, capacity 6364K, committed 6472K, reserved 1048576K
}
2018-09-07T19:10:23.793+0530: 599.185: Total time for which application threads were stopped: 0.1141206 seconds, Stopping threads took: 0.0000437 seconds
{Heap before GC invocations=87 (full 2):
 par new generation   total 109248K, used 96797K [0x00000000e0000000, 0x00000000e8000000, 0x00000000e8000000)
  eden space 87424K, 100% used [0x00000000e0000000, 0x00000000e5560000, 0x00000000e5560000)
  from space 21824K,  42% used [0x00000000e6ab0000, 0x00000000e73d7750, 0x00000000e8000000)
  to   space 21824K,   0% used [0x00000000e5560000, 0x00000000e5560000, 0x00000000e6ab0000)
 concurrent mark-sweep generation total 393216K, used 48263K [0x00000000e8000000, 0x0000000100000000, 0x0000000100000000)
 Metaspace       used 49491K, capacity 51650K, committed 51784K, reserved 1095680K
  class space    used 5895K, capacity 6364K, committed 6472K, reserved 1048576K
2018-09-07T19:10:23.857+0530: 599.249: [GC (Allocation Failure) 2018-09-07T19:10:23.857+0530: 599.249: [ParNew
Desired survivor size 20112992 bytes, new threshold 8 (max 8)
- age   1:    1579408 bytes,    1579408 total
- age   2:     875424 bytes,    2454832 total
- age   3:     430120 bytes,    2884952 total
- age   4:    1389728 bytes,    4274680 total
- age   5:     856208 bytes,    5130888 total
- age   6:      57584 bytes,    5188472 total
- age   7:      66888 bytes,    5255360 total
- age   8:    1143240 bytes,    6398600 total
: 96797K->8354K(109248K), 0.0281369 secs] 145061K->56743K(502464K), 0.0284637 secs] [Times: user=0.06 sys=0.00, real=0.03 secs] 
Heap after GC invocations=88 (full 2):
 par new generation   total 109248K, used 8354K [0x00000000e0000000, 0x00000000e8000000, 0x00000000e8000000)
  eden space 87424K,   0% used [0x00000000e0000000, 0x00000000e0000000, 0x00000000e5560000)
  from space 21824K,  38% used [0x00000000e5560000, 0x00000000e5d88b10, 0x00000000e6ab0000)
  to   space 21824K,   0% used [0x00000000e6ab0000, 0x00000000e6ab0000, 0x00000000e8000000)
 concurrent mark-sweep generation total 393216K, used 48388K [0x00000000e8000000, 0x0000000100000000, 0x0000000100000000)
 Metaspace       used 49491K, capacity 51650K, committed 51784K, reserved 1095680K
  class space    used 5895K, capacity 6364K, committed 6472K, reserved 1048576K
}
2018-09-07T19:10:23.886+0530: 599.278: Total time for which application threads were stopped: 0.0289541 seconds, Stopping threads took: 0.0000625 seconds
{Heap before GC invocations=88 (full 2):
 par new generation   total 109248K, used 95778K [0x00000000e0000000, 0x00000000e8000000, 0x00000000e8000000)
  eden space 87424K, 100% used [0x00000000e0000000, 0x00000000e5560000, 0x00000000e5560000)
  from space 21824K,  38% used [0x00000000e5560000, 0x00000000e5d88b10, 0x00000000e6ab0000)
  to   space 21824K,   0% used [0x00000000e6ab0000, 0x00000000e6ab0000, 0x00000000e8000000)
 concurrent mark-sweep generation total 393216K, used 48388K [0x00000000e8000000, 0x0000000100000000, 0x0000000100000000)
 Metaspace       used 49494K, capacity 51650K, committed 51784K, reserved 1095680K
  class space    used 5895K, capacity 6364K, committed 6472K, reserved 1048576K
2018-09-07T19:10:23.965+0530: 599.357: [GC (Allocation Failure) 2018-09-07T19:10:23.965+0530: 599.357: [ParNew
Desired survivor size 20112992 bytes, new threshold 8 (max 8)
- age   1:     671592 bytes,     671592 total
- age   2:    1253008 bytes,    1924600 total
- age   3:     874216 bytes,    2798816 total
- age   4:     430120 bytes,    3228936 total
- age   5:    1389728 bytes,    4618664 total
- age   6:     888992 bytes,    5507656 total
- age   7:      57584 bytes,    5565240 total
- age   8:      66888 bytes,    5632128 total
: 95778K->7152K(109248K), 0.0274405 secs] 144167K->56660K(502464K), 0.0276850 secs] [Times: user=0.06 sys=0.01, real=0.02 secs] 
Heap after GC invocations=89 (full 2):
 par new generation   total 109248K, used 7152K [0x00000000e0000000, 0x00000000e8000000, 0x00000000e8000000)
  eden space 87424K,   0% used [0x00000000e0000000, 0x00000000e0000000, 0x00000000e5560000)
  from space 21824K,  32% used [0x00000000e6ab0000, 0x00000000e71ac030, 0x00000000e8000000)
  to   space 21824K,   0% used [0x00000000e5560000, 0x00000000e5560000, 0x00000000e6ab0000)
 concurrent mark-sweep generation total 393216K, used 49508K [0x00000000e8000000, 0x0000000100000000, 0x0000000100000000)
 Metaspace       used 49494K, capacity 51650K, committed 51784K, reserved 1095680K
  class space    used 5895K, capacity 6364K, committed 6472K, reserved 1048576K
}
2018-09-07T19:10:23.993+0530: 599.385: Total time for which application threads were stopped: 0.0281500 seconds, Stopping threads took: 0.0000394 seconds
{Heap before GC invocations=89 (full 2):
 par new generation   total 109248K, used 94576K [0x00000000e0000000, 0x00000000e8000000, 0x00000000e8000000)
  eden space 87424K, 100% used [0x00000000e0000000, 0x00000000e5560000, 0x00000000e5560000)
  from space 21824K,  32% used [0x00000000e6ab0000, 0x00000000e71ac030, 0x00000000e8000000)
  to   space 21824K,   0% used [0x00000000e5560000, 0x00000000e5560000, 0x00000000e6ab0000)
 concurrent mark-sweep generation total 393216K, used 49508K [0x00000000e8000000, 0x0000000100000000, 0x0000000100000000)
 Metaspace       used 49514K, capacity 51714K, committed 52040K, reserved 1095680K
  class space    used 5895K, capacity 6364K, committed 6472K, reserved 1048576K
2018-09-07T19:10:24.279+0530: 599.671: [GC (Allocation Failure) 2018-09-07T19:10:24.280+0530: 599.672: [ParNew
Desired survivor size 20112992 bytes, new threshold 8 (max 8)
- age   1:    2671704 bytes,    2671704 total
- age   2:     545680 bytes,    3217384 total
- age   3:     193280 bytes,    3410664 total
- age   4:     203440 bytes,    3614104 total
- age   5:      71176 bytes,    3685280 total
- age   6:    1088048 bytes,    4773328 total
- age   7:     856208 bytes,    5629536 total
- age   8:      57584 bytes,    5687120 total
: 94576K->7113K(109248K), 0.0691995 secs] 144084K->56688K(502464K), 0.0699963 secs] [Times: user=0.11 sys=0.01, real=0.07 secs] 
Heap after GC invocations=90 (full 2):
 par new generation   total 109248K, used 7113K [0x00000000e0000000, 0x00000000e8000000, 0x00000000e8000000)
  eden space 87424K,   0% used [0x00000000e0000000, 0x00000000e0000000, 0x00000000e5560000)
  from space 21824K,  32% used [0x00000000e5560000, 0x00000000e5c52430, 0x00000000e6ab0000)
  to   space 21824K,   0% used [0x00000000e6ab0000, 0x00000000e6ab0000, 0x00000000e8000000)
 concurrent mark-sweep generation total 393216K, used 49575K [0x00000000e8000000, 0x0000000100000000, 0x0000000100000000)
 Metaspace       used 49514K, capacity 51714K, committed 52040K, reserved 1095680K
  class space    used 5895K, capacity 6364K, committed 6472K, reserved 1048576K
}
2018-09-07T19:10:24.349+0530: 599.742: Total time for which application threads were stopped: 0.0710442 seconds, Stopping threads took: 0.0001265 seconds
{Heap before GC invocations=90 (full 2):
 par new generation   total 109248K, used 94537K [0x00000000e0000000, 0x00000000e8000000, 0x00000000e8000000)
  eden space 87424K, 100% used [0x00000000e0000000, 0x00000000e5560000, 0x00000000e5560000)
  from space 21824K,  32% used [0x00000000e5560000, 0x00000000e5c52430, 0x00000000e6ab0000)
  to   space 21824K,   0% used [0x00000000e6ab0000, 0x00000000e6ab0000, 0x00000000e8000000)
 concurrent mark-sweep generation total 393216K, used 49575K [0x00000000e8000000, 0x0000000100000000, 0x0000000100000000)
 Metaspace       used 49514K, capacity 51714K, committed 52040K, reserved 1095680K
  class space    used 5895K, capacity 6364K, committed 6472K, reserved 1048576K
2018-09-07T19:10:24.379+0530: 599.772: [GC (Allocation Failure) 2018-09-07T19:10:24.380+0530: 599.772: [ParNew
Desired survivor size 20112992 bytes, new threshold 8 (max 8)
- age   1:     737480 bytes,     737480 total
- age   2:    2584048 bytes,    3321528 total
- age   3:     545752 bytes,    3867280 total
- age   4:     192480 bytes,    4059760 total
- age   5:     203408 bytes,    4263168 total
- age   6:      71176 bytes,    4334344 total
- age   7:    1087760 bytes,    5422104 total
- age   8:     856208 bytes,    6278312 total
: 94537K->9753K(109248K), 0.0328689 secs] 144112K->59385K(502464K), 0.0331355 secs] [Times: user=0.04 sys=0.00, real=0.03 secs] 
Heap after GC invocations=91 (full 2):
 par new generation   total 109248K, used 9753K [0x00000000e0000000, 0x00000000e8000000, 0x00000000e8000000)
  eden space 87424K,   0% used [0x00000000e0000000, 0x00000000e0000000, 0x00000000e5560000)
  from space 21824K,  44% used [0x00000000e6ab0000, 0x00000000e7436580, 0x00000000e8000000)
  to   space 21824K,   0% used [0x00000000e5560000, 0x00000000e5560000, 0x00000000e6ab0000)
 concurrent mark-sweep generation total 393216K, used 49632K [0x00000000e8000000, 0x0000000100000000, 0x0000000100000000)
 Metaspace       used 49514K, capacity 51714K, committed 52040K, reserved 1095680K
  class space    used 5895K, capacity 6364K, committed 6472K, reserved 1048576K
}
2018-09-07T19:10:24.413+0530: 599.805: Total time for which application threads were stopped: 0.0336475 seconds, Stopping threads took: 0.0000795 seconds
{Heap before GC invocations=91 (full 2):
 par new generation   total 109248K, used 97177K [0x00000000e0000000, 0x00000000e8000000, 0x00000000e8000000)
  eden space 87424K, 100% used [0x00000000e0000000, 0x00000000e5560000, 0x00000000e5560000)
  from space 21824K,  44% used [0x00000000e6ab0000, 0x00000000e7436580, 0x00000000e8000000)
  to   space 21824K,   0% used [0x00000000e5560000, 0x00000000e5560000, 0x00000000e6ab0000)
 concurrent mark-sweep generation total 393216K, used 49632K [0x00000000e8000000, 0x0000000100000000, 0x0000000100000000)
 Metaspace       used 49514K, capacity 51714K, committed 52040K, reserved 1095680K
  class space    used 5895K, capacity 6364K, committed 6472K, reserved 1048576K
2018-09-07T19:10:24.454+0530: 599.847: [GC (Allocation Failure) 2018-09-07T19:10:24.455+0530: 599.847: [ParNew
Desired survivor size 20112992 bytes, new threshold 8 (max 8)
- age   1:     584792 bytes,     584792 total
- age   2:      78552 bytes,     663344 total
- age   3:    2584008 bytes,    3247352 total
- age   4:     545680 bytes,    3793032 total
- age   5:     192480 bytes,    3985512 total
- age   6:     203408 bytes,    4188920 total
- age   7:      71176 bytes,    4260096 total
- age   8:    1087760 bytes,    5347856 total
: 97177K->6191K(109248K), 0.0158849 secs] 146809K->56663K(502464K), 0.0162003 secs] [Times: user=0.04 sys=0.01, real=0.02 secs] 
Heap after GC invocations=92 (full 2):
 par new generation   total 109248K, used 6191K [0x00000000e0000000, 0x00000000e8000000, 0x00000000e8000000)
  eden space 87424K,   0% used [0x00000000e0000000, 0x00000000e0000000, 0x00000000e5560000)
  from space 21824K,  28% used [0x00000000e5560000, 0x00000000e5b6bf70, 0x00000000e6ab0000)
  to   space 21824K,   0% used [0x00000000e6ab0000, 0x00000000e6ab0000, 0x00000000e8000000)
 concurrent mark-sweep generation total 393216K, used 50471K [0x00000000e8000000, 0x0000000100000000, 0x0000000100000000)
 Metaspace       used 49514K, capacity 51714K, committed 52040K, reserved 1095680K
  class space    used 5895K, capacity 6364K, committed 6472K, reserved 1048576K
}
2018-09-07T19:10:24.471+0530: 599.863: Total time for which application threads were stopped: 0.0167343 seconds, Stopping threads took: 0.0000687 seconds
2018-09-07T19:10:24.697+0530: 600.089: Total time for which application threads were stopped: 0.0013715 seconds, Stopping threads took: 0.0001149 seconds
2018-09-07T19:10:24.742+0530: 600.134: Total time for which application threads were stopped: 0.0009993 seconds, Stopping threads took: 0.0002067 seconds
2018-09-07T19:10:24.751+0530: 600.144: Total time for which application threads were stopped: 0.0008382 seconds, Stopping threads took: 0.0000919 seconds
2018-09-07T19:10:24.783+0530: 600.175: Total time for which application threads were stopped: 0.0004771 seconds, Stopping threads took: 0.0001000 seconds
2018-09-07T19:10:24.786+0530: 600.178: Total time for which application threads were stopped: 0.0005275 seconds, Stopping threads took: 0.0001024 seconds
2018-09-07T19:10:24.787+0530: 600.179: Total time for which application threads were stopped: 0.0009786 seconds, Stopping threads took: 0.0000900 seconds
2018-09-07T19:10:25.084+0530: 600.477: Total time for which application threads were stopped: 0.0025077 seconds, Stopping threads took: 0.0011392 seconds
2018-09-07T19:10:25.091+0530: 600.484: Total time for which application threads were stopped: 0.0047330 seconds, Stopping threads took: 0.0044247 seconds
{Heap before GC invocations=92 (full 2):
 par new generation   total 109248K, used 93615K [0x00000000e0000000, 0x00000000e8000000, 0x00000000e8000000)
  eden space 87424K, 100% used [0x00000000e0000000, 0x00000000e5560000, 0x00000000e5560000)
  from space 21824K,  28% used [0x00000000e5560000, 0x00000000e5b6bf70, 0x00000000e6ab0000)
  to   space 21824K,   0% used [0x00000000e6ab0000, 0x00000000e6ab0000, 0x00000000e8000000)
 concurrent mark-sweep generation total 393216K, used 50471K [0x00000000e8000000, 0x0000000100000000, 0x0000000100000000)
 Metaspace       used 49531K, capacity 51714K, committed 52040K, reserved 1095680K
  class space    used 5895K, capacity 6364K, committed 6472K, reserved 1048576K
2018-09-07T19:10:25.099+0530: 600.491: [GC (Allocation Failure) 2018-09-07T19:10:25.100+0530: 600.492: [ParNew
Desired survivor size 20112992 bytes, new threshold 8 (max 8)
- age   1:    1498208 bytes,    1498208 total
- age   2:     101728 bytes,    1599936 total
- age   3:      76992 bytes,    1676928 total
- age   4:     744680 bytes,    2421608 total
- age   5:         32 bytes,    2421640 total
- age   6:      62336 bytes,    2483976 total
- age   7:      70688 bytes,    2554664 total
- age   8:      71176 bytes,    2625840 total
: 93615K->5756K(109248K), 0.0295970 secs] 144087K->57209K(502464K), 0.0307408 secs] [Times: user=0.04 sys=0.00, real=0.03 secs] 
Heap after GC invocations=93 (full 2):
 par new generation   total 109248K, used 5756K [0x00000000e0000000, 0x00000000e8000000, 0x00000000e8000000)
  eden space 87424K,   0% used [0x00000000e0000000, 0x00000000e0000000, 0x00000000e5560000)
  from space 21824K,  26% used [0x00000000e6ab0000, 0x00000000e704f088, 0x00000000e8000000)
  to   space 21824K,   0% used [0x00000000e5560000, 0x00000000e5560000, 0x00000000e6ab0000)
 concurrent mark-sweep generation total 393216K, used 51453K [0x00000000e8000000, 0x0000000100000000, 0x0000000100000000)
 Metaspace       used 49531K, capacity 51714K, committed 52040K, reserved 1095680K
  class space    used 5895K, capacity 6364K, committed 6472K, reserved 1048576K
}
2018-09-07T19:10:25.130+0530: 600.522: Total time for which application threads were stopped: 0.0312954 seconds, Stopping threads took: 0.0000446 seconds
2018-09-07T19:10:25.131+0530: 600.523: Total time for which application threads were stopped: 0.0004115 seconds, Stopping threads took: 0.0000519 seconds
2018-09-07T19:10:25.132+0530: 600.525: Total time for which application threads were stopped: 0.0004612 seconds, Stopping threads took: 0.0000714 seconds
2018-09-07T19:10:25.133+0530: 600.526: Total time for which application threads were stopped: 0.0004370 seconds, Stopping threads took: 0.0000779 seconds
2018-09-07T19:10:25.470+0530: 600.862: Total time for which application threads were stopped: 0.0004264 seconds, Stopping threads took: 0.0000723 seconds
2018-09-07T19:10:25.479+0530: 600.872: Total time for which application threads were stopped: 0.0002809 seconds, Stopping threads took: 0.0000474 seconds
2018-09-07T19:10:25.605+0530: 600.998: Total time for which application threads were stopped: 0.0007901 seconds, Stopping threads took: 0.0000916 seconds
2018-09-07T19:10:26.022+0530: 601.415: Total time for which application threads were stopped: 0.0008719 seconds, Stopping threads took: 0.0002161 seconds
2018-09-07T19:10:26.239+0530: 601.631: Total time for which application threads were stopped: 0.0003334 seconds, Stopping threads took: 0.0000610 seconds
2018-09-07T19:10:26.302+0530: 601.694: Total time for which application threads were stopped: 0.0003364 seconds, Stopping threads took: 0.0001079 seconds
2018-09-07T19:10:26.350+0530: 601.742: Total time for which application threads were stopped: 0.0011911 seconds, Stopping threads took: 0.0000567 seconds
2018-09-07T19:10:26.462+0530: 601.855: Total time for which application threads were stopped: 0.0002634 seconds, Stopping threads took: 0.0000526 seconds
2018-09-07T19:10:26.466+0530: 601.858: Total time for which application threads were stopped: 0.0002763 seconds, Stopping threads took: 0.0000567 seconds
2018-09-07T19:10:26.466+0530: 601.858: Total time for which application threads were stopped: 0.0002114 seconds, Stopping threads took: 0.0000345 seconds
2018-09-07T19:10:26.469+0530: 601.862: Total time for which application threads were stopped: 0.0002586 seconds, Stopping threads took: 0.0000524 seconds
2018-09-07T19:10:26.471+0530: 601.863: Total time for which application threads were stopped: 0.0002845 seconds, Stopping threads took: 0.0000514 seconds
2018-09-07T19:10:26.471+0530: 601.864: Total time for which application threads were stopped: 0.0003186 seconds, Stopping threads took: 0.0000241 seconds
2018-09-07T19:10:26.472+0530: 601.864: Total time for which application threads were stopped: 0.0002207 seconds, Stopping threads took: 0.0000243 seconds
2018-09-07T19:10:26.472+0530: 601.864: Total time for which application threads were stopped: 0.0003011 seconds, Stopping threads took: 0.0000737 seconds
2018-09-07T19:10:26.474+0530: 601.867: Total time for which application threads were stopped: 0.0002849 seconds, Stopping threads took: 0.0000686 seconds
2018-09-07T19:10:26.475+0530: 601.867: Total time for which application threads were stopped: 0.0001589 seconds, Stopping threads took: 0.0000285 seconds
2018-09-07T19:10:26.475+0530: 601.867: Total time for which application threads were stopped: 0.0001400 seconds, Stopping threads took: 0.0000298 seconds
2018-09-07T19:10:26.475+0530: 601.868: Total time for which application threads were stopped: 0.0001529 seconds, Stopping threads took: 0.0000303 seconds
2018-09-07T19:10:26.476+0530: 601.868: Total time for which application threads were stopped: 0.0001759 seconds, Stopping threads took: 0.0000282 seconds
2018-09-07T19:10:27.464+0530: 602.856: Total time for which application threads were stopped: 0.0003410 seconds, Stopping threads took: 0.0001271 seconds
2018-09-07T19:10:27.688+0530: 603.080: Total time for which application threads were stopped: 0.0003204 seconds, Stopping threads took: 0.0000497 seconds
2018-09-07T19:10:27.689+0530: 603.081: Total time for which application threads were stopped: 0.0003165 seconds, Stopping threads took: 0.0000518 seconds
2018-09-07T19:10:27.692+0530: 603.084: Total time for which application threads were stopped: 0.0003292 seconds, Stopping threads took: 0.0000598 seconds
2018-09-07T19:10:27.697+0530: 603.089: Total time for which application threads were stopped: 0.0002984 seconds, Stopping threads took: 0.0000497 seconds
2018-09-07T19:10:27.697+0530: 603.090: Total time for which application threads were stopped: 0.0002241 seconds, Stopping threads took: 0.0000399 seconds
2018-09-07T19:10:27.698+0530: 603.090: Total time for which application threads were stopped: 0.0002835 seconds, Stopping threads took: 0.0000562 seconds
2018-09-07T19:10:27.700+0530: 603.092: Total time for which application threads were stopped: 0.0002940 seconds, Stopping threads took: 0.0000440 seconds
2018-09-07T19:10:27.702+0530: 603.094: Total time for which application threads were stopped: 0.0005974 seconds, Stopping threads took: 0.0000345 seconds
2018-09-07T19:10:28.155+0530: 603.547: Total time for which application threads were stopped: 0.0006933 seconds, Stopping threads took: 0.0001481 seconds
2018-09-07T19:10:28.158+0530: 603.550: Total time for which application threads were stopped: 0.0012444 seconds, Stopping threads took: 0.0006327 seconds
2018-09-07T19:10:28.165+0530: 603.557: Total time for which application threads were stopped: 0.0010955 seconds, Stopping threads took: 0.0007271 seconds
2018-09-07T19:10:28.173+0530: 603.565: Total time for which application threads were stopped: 0.0069884 seconds, Stopping threads took: 0.0062511 seconds
2018-09-07T19:10:28.184+0530: 603.577: Total time for which application threads were stopped: 0.0019640 seconds, Stopping threads took: 0.0016366 seconds
2018-09-07T19:10:28.186+0530: 603.578: Total time for which application threads were stopped: 0.0002907 seconds, Stopping threads took: 0.0000398 seconds
2018-09-07T19:10:28.187+0530: 603.579: Total time for which application threads were stopped: 0.0002373 seconds, Stopping threads took: 0.0000293 seconds
2018-09-07T19:10:28.187+0530: 603.579: Total time for which application threads were stopped: 0.0001521 seconds, Stopping threads took: 0.0000120 seconds
2018-09-07T19:10:28.192+0530: 603.585: Total time for which application threads were stopped: 0.0002636 seconds, Stopping threads took: 0.0000536 seconds
2018-09-07T19:10:28.284+0530: 603.676: Total time for which application threads were stopped: 0.0006768 seconds, Stopping threads took: 0.0000710 seconds
2018-09-07T19:10:28.479+0530: 603.871: Total time for which application threads were stopped: 0.0005876 seconds, Stopping threads took: 0.0000745 seconds
2018-09-07T19:10:28.483+0530: 603.875: Total time for which application threads were stopped: 0.0006907 seconds, Stopping threads took: 0.0001275 seconds
2018-09-07T19:10:28.485+0530: 603.877: Total time for which application threads were stopped: 0.0005516 seconds, Stopping threads took: 0.0000627 seconds
2018-09-07T19:10:29.035+0530: 604.427: Total time for which application threads were stopped: 0.0005226 seconds, Stopping threads took: 0.0000771 seconds
2018-09-07T19:10:29.035+0530: 604.428: Total time for which application threads were stopped: 0.0003869 seconds, Stopping threads took: 0.0000415 seconds
2018-09-07T19:10:29.043+0530: 604.436: Total time for which application threads were stopped: 0.0004567 seconds, Stopping threads took: 0.0000595 seconds
2018-09-07T19:10:29.045+0530: 604.437: Total time for which application threads were stopped: 0.0010929 seconds, Stopping threads took: 0.0000424 seconds
2018-09-07T19:10:29.045+0530: 604.438: Total time for which application threads were stopped: 0.0003780 seconds, Stopping threads took: 0.0000452 seconds
2018-09-07T19:10:29.046+0530: 604.438: Total time for which application threads were stopped: 0.0003428 seconds, Stopping threads took: 0.0000401 seconds
2018-09-07T19:10:30.047+0530: 605.439: Total time for which application threads were stopped: 0.0006316 seconds, Stopping threads took: 0.0000853 seconds
2018-09-07T19:10:33.048+0530: 608.440: Total time for which application threads were stopped: 0.0002925 seconds, Stopping threads took: 0.0000303 seconds
2018-09-07T19:10:33.241+0530: 608.633: Total time for which application threads were stopped: 0.0005511 seconds, Stopping threads took: 0.0000681 seconds
2018-09-07T19:10:33.241+0530: 608.634: Total time for which application threads were stopped: 0.0003500 seconds, Stopping threads took: 0.0000265 seconds
2018-09-07T19:10:33.248+0530: 608.641: Total time for which application threads were stopped: 0.0002802 seconds, Stopping threads took: 0.0000358 seconds
2018-09-07T19:10:33.249+0530: 608.641: Total time for which application threads were stopped: 0.0002860 seconds, Stopping threads took: 0.0000368 seconds
2018-09-07T19:10:33.321+0530: 608.713: Total time for which application threads were stopped: 0.0005496 seconds, Stopping threads took: 0.0001234 seconds
2018-09-07T19:10:36.874+0530: 612.267: Total time for which application threads were stopped: 0.0006524 seconds, Stopping threads took: 0.0001113 seconds
2018-09-07T19:10:36.875+0530: 612.268: Total time for which application threads were stopped: 0.0007588 seconds, Stopping threads took: 0.0000904 seconds
2018-09-07T19:10:37.876+0530: 613.269: Total time for which application threads were stopped: 0.0007248 seconds, Stopping threads took: 0.0000864 seconds
2018-09-07T19:10:40.878+0530: 616.270: Total time for which application threads were stopped: 0.0003779 seconds, Stopping threads took: 0.0000515 seconds
2018-09-07T19:11:23.331+0530: 658.723: Total time for which application threads were stopped: 0.0007252 seconds, Stopping threads took: 0.0001240 seconds
2018-09-07T19:11:23.333+0530: 658.726: Total time for which application threads were stopped: 0.0007736 seconds, Stopping threads took: 0.0001109 seconds
2018-09-07T19:11:41.337+0530: 676.729: Total time for which application threads were stopped: 0.0005786 seconds, Stopping threads took: 0.0000829 seconds
2018-09-07T19:12:13.323+0530: 708.715: Total time for which application threads were stopped: 0.0007037 seconds, Stopping threads took: 0.0001595 seconds
2018-09-07T19:12:13.324+0530: 708.716: Total time for which application threads were stopped: 0.0005688 seconds, Stopping threads took: 0.0001567 seconds
2018-09-07T19:12:41.331+0530: 736.723: Total time for which application threads were stopped: 0.0006240 seconds, Stopping threads took: 0.0000836 seconds
2018-09-07T19:13:41.346+0530: 796.738: Total time for which application threads were stopped: 0.0006352 seconds, Stopping threads took: 0.0001289 seconds
2018-09-07T19:15:36.880+0530: 912.272: Total time for which application threads were stopped: 0.0013188 seconds, Stopping threads took: 0.0004262 seconds
2018-09-07T19:15:36.881+0530: 912.274: Total time for which application threads were stopped: 0.0007909 seconds, Stopping threads took: 0.0001790 seconds
2018-09-07T19:15:40.882+0530: 916.275: Total time for which application threads were stopped: 0.0002919 seconds, Stopping threads took: 0.0000406 seconds
2018-09-07T19:15:41.883+0530: 917.275: Total time for which application threads were stopped: 0.0005619 seconds, Stopping threads took: 0.0000768 seconds
2018-09-07T19:16:42.890+0530: 978.283: Total time for which application threads were stopped: 0.0006965 seconds, Stopping threads took: 0.0001970 seconds
2018-09-07T19:17:47.900+053